<html>
<body>
<pre>
<h1>µVision Build Log</h1>
<h2>Tool Versions:</h2>
IDE-Version: µVision V5.29.0.0
Copyright (C) 2019 ARM Ltd and ARM Germany GmbH. All rights reserved.
License Information: Yichen Li, University of Wisconsin-Madison, LIC=MPPMM-XNHIK-017P1-CLE2N-SH4EJ-RL86J
 
Tool Versions:
Toolchain:       MDK-ARM Plus  Version: 5.29.0.0
Toolchain Path:  C:\Keil_v5\ARM\ARMCC\Bin
C Compiler:      Armcc.exe V5.06 update 6 (build 750)
Assembler:       Armasm.exe V5.06 update 6 (build 750)
Linker/Locator:  ArmLink.exe V5.06 update 6 (build 750)
Library Manager: ArmAr.exe V5.06 update 6 (build 750)
Hex Converter:   FromElf.exe V5.06 update 6 (build 750)
CPU DLL:         SARMCM3.DLL V5.29.0.0
Dialog DLL:      DCM.DLL V1.17.3.0
Target DLL:      lmidk-agdi.dll V???
Dialog DLL:      TCM.DLL V1.36.5.0
 
<h2>Project:</h2>
D:\Yichen_Li\ece353\git\ECE353\Project\Project.uvprojx
Project File Date:  05/03/2020

<h2>Output:</h2>
*** Using Compiler 'V5.06 update 6 (build 750)', folder: 'C:\Keil_v5\ARM\ARMCC\Bin'
Rebuild target 'Project-F19'
compiling main.c...
top_row_display.h(10): warning:  #1-D: last line of file ends without a newline
  #endif
game.h(92): warning:  #1295-D: Deprecated declaration check_game_over - give arg types
  uint8_t check_game_over();
breathing_led.h(20): warning:  #1-D: last line of file ends without a newline
  void breathing_led_init(void);
main.c: 3 warnings, 0 errors
compiling project_hardware_init.c...
top_row_display.h(10): warning:  #1-D: last line of file ends without a newline
  #endif
game.h(92): warning:  #1295-D: Deprecated declaration check_game_over - give arg types
  uint8_t check_game_over();
breathing_led.h(20): warning:  #1-D: last line of file ends without a newline
  void breathing_led_init(void);
project_hardware_init.c: 3 warnings, 0 errors
compiling project_interrupts.c...
top_row_display.h(10): warning:  #1-D: last line of file ends without a newline
  #endif
game.h(92): warning:  #1295-D: Deprecated declaration check_game_over - give arg types
  uint8_t check_game_over();
breathing_led.h(20): warning:  #1-D: last line of file ends without a newline
  void breathing_led_init(void);
project_interrupts.c(166): warning:  #177-D: variable "test"  was declared but never referenced
  	bool test;
project_interrupts.c(348): warning:  #177-D: variable "pause"  was declared but never referenced
  		bool pause = false;
project_interrupts.c: 5 warnings, 0 errors
compiling images.c...
compiling staff.c...
top_row_display.h(10): warning:  #1-D: last line of file ends without a newline
  #endif
game.h(92): warning:  #1295-D: Deprecated declaration check_game_over - give arg types
  uint8_t check_game_over();
breathing_led.h(20): warning:  #1-D: last line of file ends without a newline
  void breathing_led_init(void);
staff.c(34): warning:  #188-D: enumerated type mixed with another type
  		new_direction = (curr_direction+1)%4;
staff.c(84): warning:  #111-D: statement is unreachable
  			break;
staff.c(6): warning:  #177-D: variable "MOV_DIR"  was declared but never referenced
  static const PS2_DIR_t  MOV_DIR[] = {PS2_DIR_UP, PS2_DIR_DOWN, PS2_DIR_LEFT, PS2_DIR_RIGHT};
staff.c: 6 warnings, 0 errors
compiling map.c...
map.c(161): warning:  #111-D: statement is unreachable
  			break;
map.c(164): warning:  #111-D: statement is unreachable
  			break;
map.c(167): warning:  #111-D: statement is unreachable
  			break;
map.c(169): warning:  #940-D: missing return statement at end of non-void function "getMap" 
  }
map.c(194): warning:  #1-D: last line of file ends without a newline
  );*/
map.c: 5 warnings, 0 errors
compiling game.c...
top_row_display.h(10): warning:  #1-D: last line of file ends without a newline
  #endif
game.h(92): warning:  #1295-D: Deprecated declaration check_game_over - give arg types
  uint8_t check_game_over();
game.c(293): warning:  #177-D: variable "data"  was declared but never referenced
  	char data[80];
game.c(295): warning:  #177-D: variable "game_over"  was declared but never referenced
  	bool game_over = false;
game.c(32): warning:  #177-D: function "DisableInterrupts"  was declared but never referenced
  static void DisableInterrupts(void)
game.c(41): warning:  #177-D: function "EnableInterrupts"  was declared but never referenced
  static void EnableInterrupts(void)
game.c: 6 warnings, 0 errors
compiling breathing_led.c...
top_row_display.h(10): warning:  #1-D: last line of file ends without a newline
  #endif
game.h(92): warning:  #1295-D: Deprecated declaration check_game_over - give arg types
  uint8_t check_game_over();
breathing_led.h(20): warning:  #1-D: last line of file ends without a newline
  void breathing_led_init(void);
breathing_led.h(20): warning:  #1-D: last line of file ends without a newline
  void breathing_led_init(void);
breathing_led.c(59): warning:  #1-D: last line of file ends without a newline
  }
breathing_led.c: 5 warnings, 0 errors
compiling top_row_display.c...
top_row_display.h(10): warning:  #1-D: last line of file ends without a newline
  #endif
top_row_display.c(333): warning:  #1-D: last line of file ends without a newline
  }
top_row_display.c: 2 warnings, 0 errors
compiling score.c...
compiling transition.c...
transition.c(2684): warning:  #177-D: variable "data"  was declared but never referenced
  	uint8_t data;
transition.c(2730): warning:  #177-D: variable "data"  was declared but never referenced
  	uint8_t data;
transition.c(2767): warning:  #177-D: variable "data"  was declared but never referenced
  	uint8_t data;
transition.c(2799): warning:  #177-D: variable "data"  was declared but never referenced
  	uint8_t data;
transition.c(2832): warning:  #177-D: variable "data"  was declared but never referenced
  	uint8_t data;
transition.c: 5 warnings, 0 errors
compiling tanks.c...
top_row_display.h(10): warning:  #1-D: last line of file ends without a newline
  #endif
game.h(92): warning:  #1295-D: Deprecated declaration check_game_over - give arg types
  uint8_t check_game_over();
tanks.c: 2 warnings, 0 errors
compiling adc.c...
..\drivers\c\adc.c(54): warning:  #188-D: enumerated type mixed with another type
         return ADC0SS0_IRQn + ss_num;
..\drivers\c\adc.c(58): warning:  #188-D: enumerated type mixed with another type
         return ADC1SS0_IRQn + ss_num;
..\drivers\c\adc.c(62): warning:  #188-D: enumerated type mixed with another type
         return 0;
..\drivers\c\adc.c(29): warning:  #177-D: function "verify_base_addr"  was declared but never referenced
  static bool verify_base_addr(uint32_t baseAddr)
..\drivers\c\adc.c: 4 warnings, 0 errors
compiling pc_buffer.c...
compiling gpio_port.c...
..\drivers\c\gpio_port.c(82): warning:  #188-D: enumerated type mixed with another type
         return 0;
..\drivers\c\gpio_port.c: 1 warning, 0 errors
compiling i2c.c...
compiling uart.c...
..\drivers\c\uart.c(184): warning:  #188-D: enumerated type mixed with another type
         return 0;
..\drivers\c\uart.c: 1 warning, 0 errors
compiling timers.c...
..\drivers\c\timers.c(60): warning:  #188-D: enumerated type mixed with another type
         return 0;
..\drivers\c\timers.c: 1 warning, 0 errors
compiling eeprom.c...
compiling launchpad_io.c...
compiling ft6x06.c...
compiling lcd.c...
compiling ps2.c...
compiling serial_debug.c...
assembling startup_TM4C123.s...
compiling system_TM4C123.c...
compiling io_expander.c...
..\peripherals\c\io_expander.c(62): warning:  #550-D: variable "status"  was set but never used
      i2c_status_t status;
..\peripherals\c\io_expander.c(77): warning:  #550-D: variable "status"  was set but never used
      i2c_status_t status;
..\peripherals\c\io_expander.c: 2 warnings, 0 errors
linking...
Program Size: Code=18684 RO-data=79652 RW-data=168 ZI-data=4168  
".\obj\ece353_base_project.axf" - 0 Error(s), 51 Warning(s).

<h2>Software Packages used:</h2>

Package Vendor: ARM
                http://www.keil.com/pack/ARM.CMSIS.5.6.0.pack
                ARM.CMSIS.5.6.0
                CMSIS (Cortex Microcontroller Software Interface Standard)
   * Component: CORE Version: 5.3.0

Package Vendor: Keil
                http://www.keil.com/pack/Keil.TM4C_DFP.1.1.0.pack
                Keil.TM4C_DFP.1.1.0
                Texas Instruments Tiva C Series Device Support and Examples
   * Component: Startup Version: 1.0.1

<h2>Collection of Component include folders:</h2>
  .\RTE\_Project-F19
  C:\Users\Yichen Li\AppData\Local\Arm\Packs\ARM\CMSIS\5.6.0\CMSIS\Core\Include
  C:\Users\Yichen Li\AppData\Local\Arm\Packs\Keil\TM4C_DFP\1.1.0\Device\Include\TM4C123

<h2>Collection of Component Files used:</h2>

   * Component: ARM::CMSIS:CORE:5.3.0

   * Component: Keil::Device:Startup:1.0.1
      Include file:  Device\Include\TM4C123\TM4C123.h
      Source file:   Device\Source\ARM\startup_TM4C123.s
      Source file:   Device\Source\system_TM4C123.c
Build Time Elapsed:  00:00:04
</pre>
</body>
</html>
