Component: ARM Compiler 5.06 update 6 (build 750) Tool: armlink [4d35ed]

==============================================================================

Section Cross References

    main.o(.text) refers to hw2.o(.text) for initialize_serial_debug
    main.o(.text) refers to hw3.o(.text) for hw3_main
    main.o(.text) refers to hw3.o(.data) for STUDENT_NAME
    hw3_staff.o(.text) refers to hw3_staff.o(.data) for lfsr
    hw3_staff.o(.text) refers to hw3_staff.o(.constdata) for MOV_DIR
    hw3.o(.text) refers to lcd.o(.text) for lcd_config_gpio
    hw3.o(.text) refers to ps2-new.o(.text) for ps2_initialize
    hw3.o(.text) refers to timers.o(.text) for gp_timer_config_32
    hw3.o(.text) refers to hw3.o(.data) for ALERT_SPACE_SHIP
    hw3.o(.text) refers to hw3_images.o(.constdata) for space_shipBitmaps
    hw3_interrupts.o(.text) refers to hw3.o(.data) for ALERT_INVADER
    lcd.o(.text) refers to gpio_port.o(.text) for gpio_enable_port
    ps2-new.o(.text) refers to gpio_port.o(.text) for gpio_enable_port
    startup_tm4c123.o(RESET) refers to startup_tm4c123.o(STACK) for __initial_sp
    startup_tm4c123.o(RESET) refers to startup_tm4c123.o(.text) for Reset_Handler
    startup_tm4c123.o(RESET) refers to hw3_interrupts.o(.text) for ADC0SS2_Handler
    startup_tm4c123.o(.text) refers to system_tm4c123.o(.text) for SystemInit
    startup_tm4c123.o(.text) refers to entry.o(.ARM.Collect$$$$00000000) for __main
    system_tm4c123.o(.text) refers to system_tm4c123.o(.data) for SystemCoreClock
    entry.o(.ARM.Collect$$$$00000000) refers (Special) to entry10a.o(.ARM.Collect$$$$0000000D) for __rt_final_cpp
    entry.o(.ARM.Collect$$$$00000000) refers (Special) to entry11a.o(.ARM.Collect$$$$0000000F) for __rt_final_exit
    entry.o(.ARM.Collect$$$$00000000) refers (Special) to entry7b.o(.ARM.Collect$$$$00000008) for _main_clock
    entry.o(.ARM.Collect$$$$00000000) refers (Special) to entry8b.o(.ARM.Collect$$$$0000000A) for _main_cpp_init
    entry.o(.ARM.Collect$$$$00000000) refers (Special) to entry9a.o(.ARM.Collect$$$$0000000B) for _main_init
    entry.o(.ARM.Collect$$$$00000000) refers (Special) to entry5.o(.ARM.Collect$$$$00000004) for _main_scatterload
    entry.o(.ARM.Collect$$$$00000000) refers (Special) to entry2.o(.ARM.Collect$$$$00000001) for _main_stk
    entry2.o(.ARM.Collect$$$$00000001) refers to entry2.o(.ARM.Collect$$$$00002712) for __lit__00000000
    entry2.o(.ARM.Collect$$$$00002712) refers to startup_tm4c123.o(STACK) for __initial_sp
    entry2.o(__vectab_stack_and_reset_area) refers to startup_tm4c123.o(STACK) for __initial_sp
    entry2.o(__vectab_stack_and_reset_area) refers to entry.o(.ARM.Collect$$$$00000000) for __main
    entry5.o(.ARM.Collect$$$$00000004) refers to init.o(.text) for __scatterload
    entry9a.o(.ARM.Collect$$$$0000000B) refers to main.o(.text) for main
    entry9b.o(.ARM.Collect$$$$0000000C) refers to main.o(.text) for main
    init.o(.text) refers to entry5.o(.ARM.Collect$$$$00000004) for __main_after_scatterload


==============================================================================

Removing Unused input sections from the image.

    Removing main.o(.rev16_text), (4 bytes).
    Removing main.o(.revsh_text), (4 bytes).
    Removing main.o(.rrx_text), (6 bytes).
    Removing hw3_staff.o(.rev16_text), (4 bytes).
    Removing hw3_staff.o(.revsh_text), (4 bytes).
    Removing hw3_staff.o(.rrx_text), (6 bytes).
    Removing hw3_staff.o(.text), (124 bytes).
    Removing hw3_staff.o(.constdata), (20 bytes).
    Removing hw3_staff.o(.data), (2 bytes).
    Removing hw3.o(.rev16_text), (4 bytes).
    Removing hw3.o(.revsh_text), (4 bytes).
    Removing hw3.o(.rrx_text), (6 bytes).
    Removing hw3_interrupts.o(.rev16_text), (4 bytes).
    Removing hw3_interrupts.o(.revsh_text), (4 bytes).
    Removing hw3_interrupts.o(.rrx_text), (6 bytes).
    Removing hw3_interrupts.o(.data), (5 bytes).
    Removing gpio_port.o(.rev16_text), (4 bytes).
    Removing gpio_port.o(.revsh_text), (4 bytes).
    Removing gpio_port.o(.rrx_text), (6 bytes).
    Removing timers.o(.rev16_text), (4 bytes).
    Removing timers.o(.revsh_text), (4 bytes).
    Removing timers.o(.rrx_text), (6 bytes).
    Removing adc.o(.rev16_text), (4 bytes).
    Removing adc.o(.revsh_text), (4 bytes).
    Removing adc.o(.rrx_text), (6 bytes).
    Removing adc.o(.text), (296 bytes).
    Removing lcd.o(.rev16_text), (4 bytes).
    Removing lcd.o(.revsh_text), (4 bytes).
    Removing lcd.o(.rrx_text), (6 bytes).
    Removing ps2-new.o(.rev16_text), (4 bytes).
    Removing ps2-new.o(.revsh_text), (4 bytes).
    Removing ps2-new.o(.rrx_text), (6 bytes).
    Removing startup_tm4c123.o(HEAP), (0 bytes).
    Removing system_tm4c123.o(.rev16_text), (4 bytes).
    Removing system_tm4c123.o(.revsh_text), (4 bytes).
    Removing system_tm4c123.o(.rrx_text), (6 bytes).
    Removing hw2.o(.rev16_text), (4 bytes).
    Removing hw2.o(.revsh_text), (4 bytes).
    Removing hw2.o(.rrx_text), (6 bytes).

39 unused section(s) (total 601 bytes) removed from the image.

==============================================================================

Image Symbol Table

    Local Symbols

    Symbol Name                              Value     Ov Type        Size  Object(Section)

    RESET                                    0x00000000   Section      620  startup_tm4c123.o(RESET)
    ../clib/microlib/init/entry.s            0x00000000   Number         0  entry9b.o ABSOLUTE
    ../clib/microlib/init/entry.s            0x00000000   Number         0  entry2.o ABSOLUTE
    ../clib/microlib/init/entry.s            0x00000000   Number         0  entry.o ABSOLUTE
    ../clib/microlib/init/entry.s            0x00000000   Number         0  entry9a.o ABSOLUTE
    ../clib/microlib/init/entry.s            0x00000000   Number         0  entry8b.o ABSOLUTE
    ../clib/microlib/init/entry.s            0x00000000   Number         0  entry8a.o ABSOLUTE
    ../clib/microlib/init/entry.s            0x00000000   Number         0  entry10b.o ABSOLUTE
    ../clib/microlib/init/entry.s            0x00000000   Number         0  entry7b.o ABSOLUTE
    ../clib/microlib/init/entry.s            0x00000000   Number         0  entry7a.o ABSOLUTE
    ../clib/microlib/init/entry.s            0x00000000   Number         0  entry5.o ABSOLUTE
    ../clib/microlib/init/entry.s            0x00000000   Number         0  entry10a.o ABSOLUTE
    ../clib/microlib/init/entry.s            0x00000000   Number         0  entry11a.o ABSOLUTE
    ../clib/microlib/init/entry.s            0x00000000   Number         0  entry11b.o ABSOLUTE
    ..\\drivers\\c\\adc.c                    0x00000000   Number         0  adc.o ABSOLUTE
    ..\\drivers\\c\\gpio_port.c              0x00000000   Number         0  gpio_port.o ABSOLUTE
    ..\\drivers\\c\\timers.c                 0x00000000   Number         0  timers.o ABSOLUTE
    ..\\peripherals\\c\\lcd.c                0x00000000   Number         0  lcd.o ABSOLUTE
    ..\drivers\c\adc.c                       0x00000000   Number         0  adc.o ABSOLUTE
    ..\drivers\c\gpio_port.c                 0x00000000   Number         0  gpio_port.o ABSOLUTE
    ..\drivers\c\timers.c                    0x00000000   Number         0  timers.o ABSOLUTE
    ..\peripherals\c\lcd.c                   0x00000000   Number         0  lcd.o ABSOLUTE
    RTE\Device\TM4C123GH6PM\startup_TM4C123.s 0x00000000   Number         0  startup_tm4c123.o ABSOLUTE
    RTE\Device\TM4C123GH6PM\system_TM4C123.c 0x00000000   Number         0  system_tm4c123.o ABSOLUTE
    RTE\\Device\\TM4C123GH6PM\\system_TM4C123.c 0x00000000   Number         0  system_tm4c123.o ABSOLUTE
    dc.s                                     0x00000000   Number         0  dc.o ABSOLUTE
    handlers.s                               0x00000000   Number         0  handlers.o ABSOLUTE
    hw2.c                                    0x00000000   Number         0  hw2.o ABSOLUTE
    hw2.c                                    0x00000000   Number         0  hw2.o ABSOLUTE
    hw3.c                                    0x00000000   Number         0  hw3.o ABSOLUTE
    hw3.c                                    0x00000000   Number         0  hw3.o ABSOLUTE
    hw3_images.c                             0x00000000   Number         0  hw3_images.o ABSOLUTE
    hw3_interrupts.c                         0x00000000   Number         0  hw3_interrupts.o ABSOLUTE
    hw3_interrupts.c                         0x00000000   Number         0  hw3_interrupts.o ABSOLUTE
    hw3_staff.c                              0x00000000   Number         0  hw3_staff.o ABSOLUTE
    hw3_staff.c                              0x00000000   Number         0  hw3_staff.o ABSOLUTE
    init.s                                   0x00000000   Number         0  init.o ABSOLUTE
    main.c                                   0x00000000   Number         0  main.o ABSOLUTE
    main.c                                   0x00000000   Number         0  main.o ABSOLUTE
    ps2-new.c                                0x00000000   Number         0  ps2-new.o ABSOLUTE
    ps2-new.c                                0x00000000   Number         0  ps2-new.o ABSOLUTE
    .ARM.Collect$$$$00000000                 0x0000026c   Section        0  entry.o(.ARM.Collect$$$$00000000)
    .ARM.Collect$$$$00000001                 0x0000026c   Section        4  entry2.o(.ARM.Collect$$$$00000001)
    .ARM.Collect$$$$00000004                 0x00000270   Section        4  entry5.o(.ARM.Collect$$$$00000004)
    .ARM.Collect$$$$00000008                 0x00000274   Section        0  entry7b.o(.ARM.Collect$$$$00000008)
    .ARM.Collect$$$$0000000A                 0x00000274   Section        0  entry8b.o(.ARM.Collect$$$$0000000A)
    .ARM.Collect$$$$0000000B                 0x00000274   Section        8  entry9a.o(.ARM.Collect$$$$0000000B)
    .ARM.Collect$$$$0000000D                 0x0000027c   Section        0  entry10a.o(.ARM.Collect$$$$0000000D)
    .ARM.Collect$$$$0000000F                 0x0000027c   Section        0  entry11a.o(.ARM.Collect$$$$0000000F)
    .ARM.Collect$$$$00002712                 0x0000027c   Section        4  entry2.o(.ARM.Collect$$$$00002712)
    __lit__00000000                          0x0000027c   Data           4  entry2.o(.ARM.Collect$$$$00002712)
    .text                                    0x00000280   Section        0  main.o(.text)
    .text                                    0x00000314   Section        0  hw3.o(.text)
    .text                                    0x00000478   Section        0  hw3_interrupts.o(.text)
    .text                                    0x000004d8   Section        0  gpio_port.o(.text)
    verify_base_addr                         0x000004d9   Thumb Code    64  gpio_port.o(.text)
    .text                                    0x0000079c   Section        0  timers.o(.text)
    verify_base_addr                         0x0000079d   Thumb Code    64  timers.o(.text)
    get_clock_masks                          0x00000827   Thumb Code   106  timers.o(.text)
    .text                                    0x000009dc   Section        0  lcd.o(.text)
    lcd_write_cmd_u8                         0x000009f7   Thumb Code    40  lcd.o(.text)
    lcd_write_data_u8                        0x00000a1f   Thumb Code    28  lcd.o(.text)
    lcd_write_data_u16                       0x00000a3b   Thumb Code    48  lcd.o(.text)
    .text                                    0x00001524   Section        0  ps2-new.o(.text)
    initialize_adc_gpio_pins                 0x00001525   Thumb Code    34  ps2-new.o(.text)
    ps2_configure_adc                        0x00001547   Thumb Code   110  ps2-new.o(.text)
    .text                                    0x00001634   Section      252  startup_tm4c123.o(.text)
    $v0                                      0x00001634   Number         0  startup_tm4c123.o(.text)
    .text                                    0x00001730   Section        0  system_tm4c123.o(.text)
    getOscClk                                0x00001731   Thumb Code   182  system_tm4c123.o(.text)
    .text                                    0x0000197c   Section        0  hw2.o(.text)
    .text                                    0x00001acc   Section       36  init.o(.text)
    i.__scatterload_copy                     0x00001af0   Section       14  handlers.o(i.__scatterload_copy)
    i.__scatterload_null                     0x00001afe   Section        2  handlers.o(i.__scatterload_null)
    i.__scatterload_zeroinit                 0x00001b00   Section       14  handlers.o(i.__scatterload_zeroinit)
    .constdata                               0x00001b0e   Section      927  hw3_images.o(.constdata)
    .data                                    0x20000000   Section       11  hw3.o(.data)
    .data                                    0x2000000c   Section        4  system_tm4c123.o(.data)
    STACK                                    0x20000010   Section     4096  startup_tm4c123.o(STACK)

    Global Symbols

    Symbol Name                              Value     Ov Type        Size  Object(Section)

    BuildAttributes$$THM_ISAv4$E$P$D$K$B$S$7EM$VFPi3$EXTD16$VFPS$VFMA$PE$A:L22UL41UL21$X:L11$S22US41US21$IEEE1$IW$USESV6$~STKCKD$USESV7$~SHL$OSPACE$EBA8$MICROLIB$REQ8$PRES8$EABIv2 0x00000000   Number         0  anon$$obj.o ABSOLUTE
    __ARM_use_no_argv                        0x00000000   Number         0  main.o ABSOLUTE
    __Vectors                                0x00000000   Data           4  startup_tm4c123.o(RESET)
    __cpp_initialize__aeabi_                  - Undefined Weak Reference
    __cxa_finalize                            - Undefined Weak Reference
    __decompress                              - Undefined Weak Reference
    _clock_init                               - Undefined Weak Reference
    _microlib_exit                            - Undefined Weak Reference
    __Vectors_End                            0x0000026c   Data           0  startup_tm4c123.o(RESET)
    __Vectors_Size                           0x0000026c   Number         0  startup_tm4c123.o ABSOLUTE
    __main                                   0x0000026d   Thumb Code     0  entry.o(.ARM.Collect$$$$00000000)
    _main_stk                                0x0000026d   Thumb Code     0  entry2.o(.ARM.Collect$$$$00000001)
    _main_scatterload                        0x00000271   Thumb Code     0  entry5.o(.ARM.Collect$$$$00000004)
    __main_after_scatterload                 0x00000275   Thumb Code     0  entry5.o(.ARM.Collect$$$$00000004)
    _main_clock                              0x00000275   Thumb Code     0  entry7b.o(.ARM.Collect$$$$00000008)
    _main_cpp_init                           0x00000275   Thumb Code     0  entry8b.o(.ARM.Collect$$$$0000000A)
    _main_init                               0x00000275   Thumb Code     0  entry9a.o(.ARM.Collect$$$$0000000B)
    __rt_final_cpp                           0x0000027d   Thumb Code     0  entry10a.o(.ARM.Collect$$$$0000000D)
    __rt_final_exit                          0x0000027d   Thumb Code     0  entry11a.o(.ARM.Collect$$$$0000000F)
    main                                     0x00000281   Thumb Code    42  main.o(.text)
    contact_edge                             0x00000315   Thumb Code     6  hw3.o(.text)
    move_image                               0x0000031b   Thumb Code     6  hw3.o(.text)
    check_game_over                          0x00000321   Thumb Code     8  hw3.o(.text)
    init_hardware                            0x00000329   Thumb Code    72  hw3.o(.text)
    hw3_main                                 0x00000371   Thumb Code   194  hw3.o(.text)
    ps2_get_direction                        0x00000479   Thumb Code     2  hw3_interrupts.o(.text)
    TIMER2A_Handler                          0x0000047b   Thumb Code    20  hw3_interrupts.o(.text)
    TIMER3A_Handler                          0x0000048f   Thumb Code    20  hw3_interrupts.o(.text)
    TIMER4A_Handler                          0x000004a3   Thumb Code    14  hw3_interrupts.o(.text)
    ADC0SS2_Handler                          0x000004b1   Thumb Code    14  hw3_interrupts.o(.text)
    gpio_get_irq_num                         0x00000519   Thumb Code    74  gpio_port.o(.text)
    gpio_enable_port                         0x00000563   Thumb Code   156  gpio_port.o(.text)
    gpio_config_digital_enable               0x000005ff   Thumb Code    34  gpio_port.o(.text)
    gpio_config_enable_output                0x00000621   Thumb Code    34  gpio_port.o(.text)
    gpio_config_enable_input                 0x00000643   Thumb Code    34  gpio_port.o(.text)
    gpio_config_enable_pullup                0x00000665   Thumb Code    34  gpio_port.o(.text)
    gpio_config_enable_pulldown              0x00000687   Thumb Code    34  gpio_port.o(.text)
    gpio_config_analog_enable                0x000006a9   Thumb Code    34  gpio_port.o(.text)
    gpio_config_alternate_function           0x000006cb   Thumb Code    34  gpio_port.o(.text)
    gpio_config_port_control                 0x000006ed   Thumb Code    54  gpio_port.o(.text)
    gpio_config_open_drain                   0x00000723   Thumb Code    34  gpio_port.o(.text)
    gpio_config_falling_edge_irq             0x00000745   Thumb Code    56  gpio_port.o(.text)
    timer_get_irq_num                        0x000007dd   Thumb Code    74  timers.o(.text)
    gp_timer_wait                            0x00000891   Thumb Code    64  timers.o(.text)
    gp_timer_config_32                       0x000008d1   Thumb Code   244  timers.o(.text)
    delayms                                  0x000009dd   Thumb Code    26  lcd.o(.text)
    lcd_set_pos                              0x00000a6b   Thumb Code    58  lcd.o(.text)
    lcd_clear_screen                         0x00000aa5   Thumb Code    52  lcd.o(.text)
    lcd_draw_box                             0x00000ad9   Thumb Code   138  lcd.o(.text)
    lcd_draw_rectangle                       0x00000b63   Thumb Code    82  lcd.o(.text)
    lcd_draw_rectangle_centered              0x00000bb5   Thumb Code   152  lcd.o(.text)
    lcd_draw_pixel                           0x00000c4d   Thumb Code    28  lcd.o(.text)
    lcd_draw_char                            0x00000c69   Thumb Code   556  lcd.o(.text)
    lcd_draw_image                           0x00000e95   Thumb Code   242  lcd.o(.text)
    lcd_draw_color_image                     0x00000f87   Thumb Code   142  lcd.o(.text)
    lcd_config_gpio                          0x00001015   Thumb Code   190  lcd.o(.text)
    lcd_config_screen                        0x000010d3   Thumb Code   548  lcd.o(.text)
    lcd_draw_line                            0x000012f7   Thumb Code   200  lcd.o(.text)
    lcd_draw_circle                          0x000013bf   Thumb Code   356  lcd.o(.text)
    ps2_initialize_adc                       0x000015b5   Thumb Code    88  ps2-new.o(.text)
    ps2_initialize                           0x0000160d   Thumb Code    12  ps2-new.o(.text)
    ps2_get_x                                0x00001619   Thumb Code     2  ps2-new.o(.text)
    ps2_get_y                                0x0000161b   Thumb Code     2  ps2-new.o(.text)
    Reset_Handler                            0x00001635   Thumb Code     8  startup_tm4c123.o(.text)
    NMI_Handler                              0x0000163d   Thumb Code     2  startup_tm4c123.o(.text)
    HardFault_Handler                        0x0000163f   Thumb Code     2  startup_tm4c123.o(.text)
    MemManage_Handler                        0x00001641   Thumb Code     2  startup_tm4c123.o(.text)
    BusFault_Handler                         0x00001643   Thumb Code     2  startup_tm4c123.o(.text)
    UsageFault_Handler                       0x00001645   Thumb Code     2  startup_tm4c123.o(.text)
    SVC_Handler                              0x00001647   Thumb Code     2  startup_tm4c123.o(.text)
    DebugMon_Handler                         0x00001649   Thumb Code     2  startup_tm4c123.o(.text)
    PendSV_Handler                           0x0000164b   Thumb Code     2  startup_tm4c123.o(.text)
    SysTick_Handler                          0x0000164d   Thumb Code     2  startup_tm4c123.o(.text)
    GPIOA_Handler                            0x0000164f   Thumb Code     2  startup_tm4c123.o(.text)
    GPIOB_Handler                            0x00001651   Thumb Code     2  startup_tm4c123.o(.text)
    GPIOC_Handler                            0x00001653   Thumb Code     2  startup_tm4c123.o(.text)
    GPIOD_Handler                            0x00001655   Thumb Code     2  startup_tm4c123.o(.text)
    GPIOE_Handler                            0x00001657   Thumb Code     2  startup_tm4c123.o(.text)
    UART0_Handler                            0x00001659   Thumb Code     2  startup_tm4c123.o(.text)
    UART1_Handler                            0x0000165b   Thumb Code     2  startup_tm4c123.o(.text)
    SSI0_Handler                             0x0000165d   Thumb Code     2  startup_tm4c123.o(.text)
    I2C0_Handler                             0x0000165f   Thumb Code     2  startup_tm4c123.o(.text)
    PMW0_FAULT_Handler                       0x00001661   Thumb Code     2  startup_tm4c123.o(.text)
    PWM0_0_Handler                           0x00001663   Thumb Code     2  startup_tm4c123.o(.text)
    PWM0_1_Handler                           0x00001665   Thumb Code     2  startup_tm4c123.o(.text)
    PWM0_2_Handler                           0x00001667   Thumb Code     2  startup_tm4c123.o(.text)
    QEI0_Handler                             0x00001669   Thumb Code     2  startup_tm4c123.o(.text)
    ADC0SS0_Handler                          0x0000166b   Thumb Code     2  startup_tm4c123.o(.text)
    ADC0SS1_Handler                          0x0000166d   Thumb Code     2  startup_tm4c123.o(.text)
    ADC0SS3_Handler                          0x00001671   Thumb Code     2  startup_tm4c123.o(.text)
    WDT0_Handler                             0x00001673   Thumb Code     2  startup_tm4c123.o(.text)
    TIMER0A_Handler                          0x00001675   Thumb Code     2  startup_tm4c123.o(.text)
    TIMER0B_Handler                          0x00001677   Thumb Code     2  startup_tm4c123.o(.text)
    TIMER1A_Handler                          0x00001679   Thumb Code     2  startup_tm4c123.o(.text)
    TIMER1B_Handler                          0x0000167b   Thumb Code     2  startup_tm4c123.o(.text)
    TIMER2B_Handler                          0x0000167f   Thumb Code     2  startup_tm4c123.o(.text)
    COMP0_Handler                            0x00001681   Thumb Code     2  startup_tm4c123.o(.text)
    COMP1_Handler                            0x00001683   Thumb Code     2  startup_tm4c123.o(.text)
    COMP2_Handler                            0x00001685   Thumb Code     2  startup_tm4c123.o(.text)
    SYSCTL_Handler                           0x00001687   Thumb Code     2  startup_tm4c123.o(.text)
    FLASH_Handler                            0x00001689   Thumb Code     2  startup_tm4c123.o(.text)
    GPIOF_Handler                            0x0000168b   Thumb Code     2  startup_tm4c123.o(.text)
    GPIOG_Handler                            0x0000168d   Thumb Code     2  startup_tm4c123.o(.text)
    GPIOH_Handler                            0x0000168f   Thumb Code     2  startup_tm4c123.o(.text)
    UART2_Handler                            0x00001691   Thumb Code     2  startup_tm4c123.o(.text)
    SSI1_Handler                             0x00001693   Thumb Code     2  startup_tm4c123.o(.text)
    TIMER3B_Handler                          0x00001697   Thumb Code     2  startup_tm4c123.o(.text)
    I2C1_Handler                             0x00001699   Thumb Code     2  startup_tm4c123.o(.text)
    QEI1_Handler                             0x0000169b   Thumb Code     2  startup_tm4c123.o(.text)
    CAN0_Handler                             0x0000169d   Thumb Code     2  startup_tm4c123.o(.text)
    CAN1_Handler                             0x0000169f   Thumb Code     2  startup_tm4c123.o(.text)
    CAN2_Handler                             0x000016a1   Thumb Code     2  startup_tm4c123.o(.text)
    HIB_Handler                              0x000016a3   Thumb Code     2  startup_tm4c123.o(.text)
    USB0_Handler                             0x000016a5   Thumb Code     2  startup_tm4c123.o(.text)
    PWM0_3_Handler                           0x000016a7   Thumb Code     2  startup_tm4c123.o(.text)
    UDMA_Handler                             0x000016a9   Thumb Code     2  startup_tm4c123.o(.text)
    UDMAERR_Handler                          0x000016ab   Thumb Code     2  startup_tm4c123.o(.text)
    ADC1SS0_Handler                          0x000016ad   Thumb Code     2  startup_tm4c123.o(.text)
    ADC1SS1_Handler                          0x000016af   Thumb Code     2  startup_tm4c123.o(.text)
    ADC1SS2_Handler                          0x000016b1   Thumb Code     2  startup_tm4c123.o(.text)
    ADC1SS3_Handler                          0x000016b3   Thumb Code     2  startup_tm4c123.o(.text)
    GPIOJ_Handler                            0x000016b5   Thumb Code     2  startup_tm4c123.o(.text)
    GPIOK_Handler                            0x000016b7   Thumb Code     2  startup_tm4c123.o(.text)
    GPIOL_Handler                            0x000016b9   Thumb Code     2  startup_tm4c123.o(.text)
    SSI2_Handler                             0x000016bb   Thumb Code     2  startup_tm4c123.o(.text)
    SSI3_Handler                             0x000016bd   Thumb Code     2  startup_tm4c123.o(.text)
    UART3_Handler                            0x000016bf   Thumb Code     2  startup_tm4c123.o(.text)
    UART4_Handler                            0x000016c1   Thumb Code     2  startup_tm4c123.o(.text)
    UART5_Handler                            0x000016c3   Thumb Code     2  startup_tm4c123.o(.text)
    UART6_Handler                            0x000016c5   Thumb Code     2  startup_tm4c123.o(.text)
    UART7_Handler                            0x000016c7   Thumb Code     2  startup_tm4c123.o(.text)
    I2C2_Handler                             0x000016c9   Thumb Code     2  startup_tm4c123.o(.text)
    I2C3_Handler                             0x000016cb   Thumb Code     2  startup_tm4c123.o(.text)
    TIMER4B_Handler                          0x000016cf   Thumb Code     2  startup_tm4c123.o(.text)
    TIMER5A_Handler                          0x000016d1   Thumb Code     2  startup_tm4c123.o(.text)
    TIMER5B_Handler                          0x000016d3   Thumb Code     2  startup_tm4c123.o(.text)
    WTIMER0A_Handler                         0x000016d5   Thumb Code     2  startup_tm4c123.o(.text)
    WTIMER0B_Handler                         0x000016d7   Thumb Code     2  startup_tm4c123.o(.text)
    WTIMER1A_Handler                         0x000016d9   Thumb Code     2  startup_tm4c123.o(.text)
    WTIMER1B_Handler                         0x000016db   Thumb Code     2  startup_tm4c123.o(.text)
    WTIMER2A_Handler                         0x000016dd   Thumb Code     2  startup_tm4c123.o(.text)
    WTIMER2B_Handler                         0x000016df   Thumb Code     2  startup_tm4c123.o(.text)
    WTIMER3A_Handler                         0x000016e1   Thumb Code     2  startup_tm4c123.o(.text)
    WTIMER3B_Handler                         0x000016e3   Thumb Code     2  startup_tm4c123.o(.text)
    WTIMER4A_Handler                         0x000016e5   Thumb Code     2  startup_tm4c123.o(.text)
    WTIMER4B_Handler                         0x000016e7   Thumb Code     2  startup_tm4c123.o(.text)
    WTIMER5A_Handler                         0x000016e9   Thumb Code     2  startup_tm4c123.o(.text)
    WTIMER5B_Handler                         0x000016eb   Thumb Code     2  startup_tm4c123.o(.text)
    FPU_Handler                              0x000016ed   Thumb Code     2  startup_tm4c123.o(.text)
    I2C4_Handler                             0x000016ef   Thumb Code     2  startup_tm4c123.o(.text)
    I2C5_Handler                             0x000016f1   Thumb Code     2  startup_tm4c123.o(.text)
    GPIOM_Handler                            0x000016f3   Thumb Code     2  startup_tm4c123.o(.text)
    GPION_Handler                            0x000016f5   Thumb Code     2  startup_tm4c123.o(.text)
    QEI2_Handler                             0x000016f7   Thumb Code     2  startup_tm4c123.o(.text)
    GPIOP0_Handler                           0x000016f9   Thumb Code     2  startup_tm4c123.o(.text)
    GPIOP1_Handler                           0x000016fb   Thumb Code     2  startup_tm4c123.o(.text)
    GPIOP2_Handler                           0x000016fd   Thumb Code     2  startup_tm4c123.o(.text)
    GPIOP3_Handler                           0x000016ff   Thumb Code     2  startup_tm4c123.o(.text)
    GPIOP4_Handler                           0x00001701   Thumb Code     2  startup_tm4c123.o(.text)
    GPIOP5_Handler                           0x00001703   Thumb Code     2  startup_tm4c123.o(.text)
    GPIOP6_Handler                           0x00001705   Thumb Code     2  startup_tm4c123.o(.text)
    GPIOP7_Handler                           0x00001707   Thumb Code     2  startup_tm4c123.o(.text)
    GPIOQ0_Handler                           0x00001709   Thumb Code     2  startup_tm4c123.o(.text)
    GPIOQ1_Handler                           0x0000170b   Thumb Code     2  startup_tm4c123.o(.text)
    GPIOQ2_Handler                           0x0000170d   Thumb Code     2  startup_tm4c123.o(.text)
    GPIOQ3_Handler                           0x0000170f   Thumb Code     2  startup_tm4c123.o(.text)
    GPIOQ4_Handler                           0x00001711   Thumb Code     2  startup_tm4c123.o(.text)
    GPIOQ5_Handler                           0x00001713   Thumb Code     2  startup_tm4c123.o(.text)
    GPIOQ6_Handler                           0x00001715   Thumb Code     2  startup_tm4c123.o(.text)
    GPIOQ7_Handler                           0x00001717   Thumb Code     2  startup_tm4c123.o(.text)
    GPIOR_Handler                            0x00001719   Thumb Code     2  startup_tm4c123.o(.text)
    GPIOS_Handler                            0x0000171b   Thumb Code     2  startup_tm4c123.o(.text)
    PMW1_0_Handler                           0x0000171d   Thumb Code     2  startup_tm4c123.o(.text)
    PWM1_1_Handler                           0x0000171f   Thumb Code     2  startup_tm4c123.o(.text)
    PWM1_2_Handler                           0x00001721   Thumb Code     2  startup_tm4c123.o(.text)
    PWM1_3_Handler                           0x00001723   Thumb Code     2  startup_tm4c123.o(.text)
    PWM1_FAULT_Handler                       0x00001725   Thumb Code     2  startup_tm4c123.o(.text)
    SystemCoreClockUpdate                    0x000017e7   Thumb Code   184  system_tm4c123.o(.text)
    SystemInit                               0x0000189f   Thumb Code   112  system_tm4c123.o(.text)
    staff_uart_config_gpio                   0x0000197d   Thumb Code    82  hw2.o(.text)
    staff_uart_config_polling                0x000019cf   Thumb Code    68  hw2.o(.text)
    put_string                               0x00001a13   Thumb Code    34  hw2.o(.text)
    put_char                                 0x00001a35   Thumb Code    20  hw2.o(.text)
    get_char                                 0x00001a49   Thumb Code    62  hw2.o(.text)
    get_string                               0x00001a87   Thumb Code    40  hw2.o(.text)
    initialize_serial_debug                  0x00001aaf   Thumb Code    12  hw2.o(.text)
    __scatterload                            0x00001acd   Thumb Code    28  init.o(.text)
    __scatterload_rt2                        0x00001acd   Thumb Code     0  init.o(.text)
    __scatterload_copy                       0x00001af1   Thumb Code    14  handlers.o(i.__scatterload_copy)
    __scatterload_null                       0x00001aff   Thumb Code     2  handlers.o(i.__scatterload_null)
    __scatterload_zeroinit                   0x00001b01   Thumb Code    14  handlers.o(i.__scatterload_zeroinit)
    space_shipBitmaps                        0x00001b0e   Data         252  hw3_images.o(.constdata)
    space_shipWidthPixels                    0x00001c0a   Data           1  hw3_images.o(.constdata)
    space_shipHeightPixels                   0x00001c0b   Data           1  hw3_images.o(.constdata)
    invaderBitmaps                           0x00001c0c   Data         671  hw3_images.o(.constdata)
    invaderWidthPixels                       0x00001eab   Data           1  hw3_images.o(.constdata)
    invaderHeightPixels                      0x00001eac   Data           1  hw3_images.o(.constdata)
    Region$$Table$$Base                      0x00001eb0   Number         0  anon$$obj.o(Region$$Table)
    Region$$Table$$Limit                     0x00001ed0   Number         0  anon$$obj.o(Region$$Table)
    SHIP_X_COORD                             0x20000000   Data           2  hw3.o(.data)
    SHIP_Y_COORD                             0x20000002   Data           2  hw3.o(.data)
    INVADER_X_COORD                          0x20000004   Data           2  hw3.o(.data)
    INVADER_Y_COORD                          0x20000006   Data           2  hw3.o(.data)
    ALERT_SPACE_SHIP                         0x20000008   Data           1  hw3.o(.data)
    ALERT_INVADER                            0x20000009   Data           1  hw3.o(.data)
    STUDENT_NAME                             0x2000000a   Data           1  hw3.o(.data)
    SystemCoreClock                          0x2000000c   Data           4  system_tm4c123.o(.data)
    __initial_sp                             0x20001010   Data           0  startup_tm4c123.o(STACK)



==============================================================================

Memory Map of the image

  Image Entry point : 0x00001635

  Load Region LR_1 (Base: 0x00000000, Size: 0x00001ee0, Max: 0xffffffff, ABSOLUTE)

    Execution Region ER_RO (Exec base: 0x00000000, Load base: 0x00000000, Size: 0x00001ed0, Max: 0xffffffff, ABSOLUTE)

    Exec Addr    Load Addr    Size         Type   Attr      Idx    E Section Name        Object

    0x00000000   0x00000000   0x0000026c   Data   RO          332    RESET               startup_tm4c123.o
    0x0000026c   0x0000026c   0x00000000   Code   RO          423  * .ARM.Collect$$$$00000000  mc_w.l(entry.o)
    0x0000026c   0x0000026c   0x00000004   Code   RO          426    .ARM.Collect$$$$00000001  mc_w.l(entry2.o)
    0x00000270   0x00000270   0x00000004   Code   RO          429    .ARM.Collect$$$$00000004  mc_w.l(entry5.o)
    0x00000274   0x00000274   0x00000000   Code   RO          431    .ARM.Collect$$$$00000008  mc_w.l(entry7b.o)
    0x00000274   0x00000274   0x00000000   Code   RO          433    .ARM.Collect$$$$0000000A  mc_w.l(entry8b.o)
    0x00000274   0x00000274   0x00000008   Code   RO          434    .ARM.Collect$$$$0000000B  mc_w.l(entry9a.o)
    0x0000027c   0x0000027c   0x00000000   Code   RO          436    .ARM.Collect$$$$0000000D  mc_w.l(entry10a.o)
    0x0000027c   0x0000027c   0x00000000   Code   RO          438    .ARM.Collect$$$$0000000F  mc_w.l(entry11a.o)
    0x0000027c   0x0000027c   0x00000004   Code   RO          427    .ARM.Collect$$$$00002712  mc_w.l(entry2.o)
    0x00000280   0x00000280   0x00000094   Code   RO            4    .text               main.o
    0x00000314   0x00000314   0x00000164   Code   RO          141    .text               hw3.o
    0x00000478   0x00000478   0x00000060   Code   RO          171    .text               hw3_interrupts.o
    0x000004d8   0x000004d8   0x000002c4   Code   RO          209    .text               gpio_port.o
    0x0000079c   0x0000079c   0x00000240   Code   RO          233    .text               timers.o
    0x000009dc   0x000009dc   0x00000b46   Code   RO          285    .text               lcd.o
    0x00001522   0x00001522   0x00000002   PAD
    0x00001524   0x00001524   0x00000110   Code   RO          309    .text               ps2-new.o
    0x00001634   0x00001634   0x000000fc   Code   RO          333  * .text               startup_tm4c123.o
    0x00001730   0x00001730   0x0000024c   Code   RO          340    .text               system_tm4c123.o
    0x0000197c   0x0000197c   0x00000150   Code   RO          370    .text               hw3_f18.lib(hw2.o)
    0x00001acc   0x00001acc   0x00000024   Code   RO          440    .text               mc_w.l(init.o)
    0x00001af0   0x00001af0   0x0000000e   Code   RO          444    i.__scatterload_copy  mc_w.l(handlers.o)
    0x00001afe   0x00001afe   0x00000002   Code   RO          445    i.__scatterload_null  mc_w.l(handlers.o)
    0x00001b00   0x00001b00   0x0000000e   Code   RO          446    i.__scatterload_zeroinit  mc_w.l(handlers.o)
    0x00001b0e   0x00001b0e   0x0000039f   Data   RO          194    .constdata          hw3_images.o
    0x00001ead   0x00001ead   0x00000003   PAD
    0x00001eb0   0x00001eb0   0x00000020   Data   RO          442    Region$$Table       anon$$obj.o


    Execution Region ER_RW (Exec base: 0x20000000, Load base: 0x00001ed0, Size: 0x00000010, Max: 0xffffffff, ABSOLUTE)

    Exec Addr    Load Addr    Size         Type   Attr      Idx    E Section Name        Object

    0x20000000   0x00001ed0   0x0000000b   Data   RW          142    .data               hw3.o
    0x2000000b   0x00001edb   0x00000001   PAD
    0x2000000c   0x00001edc   0x00000004   Data   RW          341    .data               system_tm4c123.o


    Execution Region ER_ZI (Exec base: 0x20000010, Load base: 0x00001ee0, Size: 0x00001000, Max: 0xffffffff, ABSOLUTE)

    Exec Addr    Load Addr    Size         Type   Attr      Idx    E Section Name        Object

    0x20000010        -       0x00001000   Zero   RW          330    STACK               startup_tm4c123.o


==============================================================================

Image component sizes


      Code (inc. data)   RO Data    RW Data    ZI Data      Debug   Object Name

       708         32          0          0          0       5106   gpio_port.o
       356         70          0         11          0       3137   hw3.o
         0          0        927          0          0        731   hw3_images.o
        96         26          0          0          0        976   hw3_interrupts.o
      2886         28          0          0          0       8176   lcd.o
       148        106          0          0          0      28035   main.o
       272         24          0          0          0       1488   ps2-new.o
       252         10        620          0       4096       5416   startup_tm4c123.o
       588        134          0          4          0       1501   system_tm4c123.o
       576         24          0          0          0      32860   timers.o

    ----------------------------------------------------------------------
      5884        454       1582         16       4096      87426   Object Totals
         0          0         32          0          0          0   (incl. Generated)
         2          0          3          1          0          0   (incl. Padding)

    ----------------------------------------------------------------------

      Code (inc. data)   RO Data    RW Data    ZI Data      Debug   Library Member Name

       336         18          0          0          0       1619   hw2.o
         0          0          0          0          0          0   entry.o
         0          0          0          0          0          0   entry10a.o
         0          0          0          0          0          0   entry11a.o
         8          4          0          0          0          0   entry2.o
         4          0          0          0          0          0   entry5.o
         0          0          0          0          0          0   entry7b.o
         0          0          0          0          0          0   entry8b.o
         8          4          0          0          0          0   entry9a.o
        30          0          0          0          0          0   handlers.o
        36          8          0          0          0         68   init.o

    ----------------------------------------------------------------------
       422         34          0          0          0       1687   Library Totals
         0          0          0          0          0          0   (incl. Padding)

    ----------------------------------------------------------------------

      Code (inc. data)   RO Data    RW Data    ZI Data      Debug   Library Name

       336         18          0          0          0       1619   hw3_f18.lib
        86         16          0          0          0         68   mc_w.l

    ----------------------------------------------------------------------
       422         34          0          0          0       1687   Library Totals

    ----------------------------------------------------------------------

==============================================================================


      Code (inc. data)   RO Data    RW Data    ZI Data      Debug   

      6306        488       1582         16       4096      88117   Grand Totals
      6306        488       1582         16       4096      88117   ELF Image Totals
      6306        488       1582         16          0          0   ROM Totals

==============================================================================

    Total RO  Size (Code + RO Data)                 7888 (   7.70kB)
    Total RW  Size (RW Data + ZI Data)              4112 (   4.02kB)
    Total ROM Size (Code + RO Data + RW Data)       7904 (   7.72kB)

==============================================================================

