<html>
<body>
<pre>
<h1>µVision Build Log</h1>
<h2>Tool Versions:</h2>
IDE-Version: µVision V5.26.2.0
Copyright (C) 2018 ARM Ltd and ARM Germany GmbH. All rights reserved.
License Information: Kyuin Lee, UW-Madison, LIC=----
 
Tool Versions:
Toolchain:       MDK-Lite  Version: 5.26.2.0
Toolchain Path:  C:\Keil_v5\ARM\ARMCC\Bin
C Compiler:      Armcc.exe V5.06 update 6 (build 750)
Assembler:       Armasm.exe V5.06 update 6 (build 750)
Linker/Locator:  ArmLink.exe V5.06 update 6 (build 750)
Library Manager: ArmAr.exe V5.06 update 6 (build 750)
Hex Converter:   FromElf.exe V5.06 update 6 (build 750)
CPU DLL:         SARMCM3.DLL V5.26.2.0
Dialog DLL:      DCM.DLL V1.17.2.0
Target DLL:      lmidk-agdi.dll V???
Dialog DLL:      TCM.DLL V1.36.1.0
 
<h2>Project:</h2>
C:\Users\leeky\Desktop\HW3\HW3\HW3.uvprojx
Project File Date:  04/04/2020

<h2>Output:</h2>
*** Using Compiler 'V5.06 update 6 (build 750)', folder: 'C:\Keil_v5\ARM\ARMCC\Bin'
Rebuild target 'HW3'
compiling hw3.c...
hw3.h(89): warning:  #1-D: last line of file ends without a newline
          
hw3.c(32): warning:  #940-D: missing return statement at end of non-void function "contact_edge" 
  }
hw3.c(70): warning:  #940-D: missing return statement at end of non-void function "check_game_over" 
  }
hw3.c: 3 warnings, 0 errors
compiling hw3_staff.c...
hw3.h(89): warning:  #1-D: last line of file ends without a newline
          
hw3_staff.c: 1 warning, 0 errors
compiling main.c...
hw3.h(89): warning:  #1-D: last line of file ends without a newline
          
main.c: 1 warning, 0 errors
compiling hw3_images.c...
compiling hw3_interrupts.c...
hw3.h(89): warning:  #1-D: last line of file ends without a newline
          
hw3_interrupts.c(14): warning:  #940-D: missing return statement at end of non-void function "ps2_get_direction" 
  }
hw3_interrupts.c: 2 warnings, 0 errors
compiling gpio_port.c...
..\drivers\c\gpio_port.c(82): warning:  #188-D: enumerated type mixed with another type
         return 0;
..\drivers\c\gpio_port.c: 1 warning, 0 errors
compiling timers.c...
..\drivers\c\timers.c(60): warning:  #188-D: enumerated type mixed with another type
         return 0;
..\drivers\c\timers.c: 1 warning, 0 errors
compiling adc.c...
..\drivers\c\adc.c(54): warning:  #188-D: enumerated type mixed with another type
         return ADC0SS0_IRQn + ss_num;
..\drivers\c\adc.c(58): warning:  #188-D: enumerated type mixed with another type
         return ADC1SS0_IRQn + ss_num;
..\drivers\c\adc.c(62): warning:  #188-D: enumerated type mixed with another type
         return 0;
..\drivers\c\adc.c(29): warning:  #177-D: function "verify_base_addr"  was declared but never referenced
  static bool verify_base_addr(uint32_t baseAddr)
..\drivers\c\adc.c: 4 warnings, 0 errors
compiling lcd.c...
assembling startup_TM4C123.s...
compiling ps2-new.c...
compiling system_TM4C123.c...
linking...
Program Size: Code=6306 RO-data=1582 RW-data=16 ZI-data=4096  
".\obj\ece353_base_project.axf" - 0 Error(s), 13 Warning(s).

<h2>Software Packages used:</h2>

Package Vendor: ARM
                http://www.keil.com/pack/ARM.CMSIS.5.4.0.pack
                ARM.CMSIS.5.4.0
                CMSIS (Cortex Microcontroller Software Interface Standard)
   * Component: CORE Version: 5.1.2

Package Vendor: Keil
                http://www.keil.com/pack/Keil.TM4C_DFP.1.1.0.pack
                Keil.TM4C_DFP.1.1.0
                Texas Instruments Tiva C Series Device Support and Examples
   * Component: Startup Version: 1.0.1

<h2>Collection of Component include folders:</h2>
  .\RTE\_HW3
  C:\Keil_v5\ARM\PACK\ARM\CMSIS\5.4.0\CMSIS\Core\Include
  C:\Keil_v5\ARM\PACK\Keil\TM4C_DFP\1.1.0\Device\Include\TM4C123

<h2>Collection of Component Files used:</h2>

   * Component: ARM::CMSIS:CORE:5.1.2

   * Component: Keil::Device:Startup:1.0.1
      Source file:   Device\Source\system_TM4C123.c
      Include file:  Device\Include\TM4C123\TM4C123.h
      Source file:   Device\Source\ARM\startup_TM4C123.s
Build Time Elapsed:  00:00:01
</pre>
</body>
</html>
