Component: ARM Compiler 5.06 update 6 (build 750) Tool: armlink [4d35ed]

==============================================================================

Section Cross References

    main.o(.text) refers to hw2.o(.text) for initialize_serial_debug
    main.o(.text) refers to hw3.o(.text) for hw3_main
    main.o(.text) refers to hw3.o(.data) for STUDENT_NAME
    hw3_staff.o(.text) refers to dflti.o(.text) for __aeabi_i2d
    hw3_staff.o(.text) refers to fabs.o(i.__hardfp_fabs) for __hardfp_fabs
    hw3_staff.o(.text) refers to cdrcmple.o(.text) for __aeabi_cdrcmple
    hw3_staff.o(.text) refers to hw3_staff.o(.data) for lfsr
    hw3_staff.o(.text) refers to hw3.o(.data) for enermy
    hw3_staff.o(.text) refers to hw3_staff.o(.constdata) for MOVE_AMOUNT
    hw3.o(.text) refers to hw3_images.o(.constdata) for easytank_upBitmaps
    hw3.o(.text) refers to hw3.o(.data) for player
    hw3.o(.text) refers to lcd.o(.text) for lcd_config_gpio
    hw3.o(.text) refers to ps2-new.o(.text) for ps2_initialize
    hw3.o(.text) refers to timers.o(.text) for gp_timer_config_32
    hw3.o(.text) refers to malloc.o(i.malloc) for malloc
    hw3.o(.text) refers to hw3.o(.bss) for ALERT_SPACE_SHIP
    hw3_interrupts.o(.text) refers to dfltui.o(.text) for __aeabi_ui2d
    hw3_interrupts.o(.text) refers to cdrcmple.o(.text) for __aeabi_cdrcmple
    hw3_interrupts.o(.text) refers to hw3.o(.text) for set_dir
    hw3_interrupts.o(.text) refers to cdcmple.o(.text) for __aeabi_cdcmple
    hw3_interrupts.o(.text) refers to hw3_staff.o(.text) for get_new_move_count
    hw3_interrupts.o(.text) refers to printf1.o(i.__0sprintf$1) for __2sprintf
    hw3_interrupts.o(.text) refers to hw2.o(.text) for put_string
    hw3_interrupts.o(.text) refers to hw3_interrupts.o(.data) for PS2_X_DATA
    hw3_interrupts.o(.text) refers to hw3.o(.data) for player
    hw3_interrupts.o(.text) refers to hw3_interrupts.o(.bss) for bump
    hw3_interrupts.o(.text) refers to hw3.o(.bss) for ALERT_SPACE_SHIP
    lcd.o(.text) refers to gpio_port.o(.text) for gpio_enable_port
    ps2-new.o(.text) refers to gpio_port.o(.text) for gpio_enable_port
    startup_tm4c123.o(RESET) refers to startup_tm4c123.o(STACK) for __initial_sp
    startup_tm4c123.o(RESET) refers to startup_tm4c123.o(.text) for Reset_Handler
    startup_tm4c123.o(RESET) refers to hw3_interrupts.o(.text) for ADC0SS2_Handler
    startup_tm4c123.o(.text) refers to system_tm4c123.o(.text) for SystemInit
    startup_tm4c123.o(.text) refers to entry.o(.ARM.Collect$$$$00000000) for __main
    system_tm4c123.o(.text) refers to system_tm4c123.o(.data) for SystemCoreClock
    fabs.o(i.__hardfp_fabs) refers (Special) to iusefp.o(.text) for __I$use$fp
    fabs.o(i.__softfp_fabs) refers (Special) to iusefp.o(.text) for __I$use$fp
    fabs.o(i.fabs) refers (Special) to iusefp.o(.text) for __I$use$fp
    entry.o(.ARM.Collect$$$$00000000) refers (Special) to entry10a.o(.ARM.Collect$$$$0000000D) for __rt_final_cpp
    entry.o(.ARM.Collect$$$$00000000) refers (Special) to entry11a.o(.ARM.Collect$$$$0000000F) for __rt_final_exit
    entry.o(.ARM.Collect$$$$00000000) refers (Special) to entry7b.o(.ARM.Collect$$$$00000008) for _main_clock
    entry.o(.ARM.Collect$$$$00000000) refers (Special) to entry8b.o(.ARM.Collect$$$$0000000A) for _main_cpp_init
    entry.o(.ARM.Collect$$$$00000000) refers (Special) to entry9a.o(.ARM.Collect$$$$0000000B) for _main_init
    entry.o(.ARM.Collect$$$$00000000) refers (Special) to entry5.o(.ARM.Collect$$$$00000004) for _main_scatterload
    entry.o(.ARM.Collect$$$$00000000) refers (Special) to entry2.o(.ARM.Collect$$$$00000001) for _main_stk
    printfb.o(i.__0fprintf$bare) refers to printfb.o(i._printf_core) for _printf_core
    printfb.o(i.__0fprintf$bare) refers to fputc.o(i.fputc) for fputc
    printfb.o(i.__0printf$bare) refers to printfb.o(i._printf_core) for _printf_core
    printfb.o(i.__0printf$bare) refers to fputc.o(i.fputc) for fputc
    printfb.o(i.__0printf$bare) refers to stdout.o(.data) for __stdout
    printfb.o(i.__0snprintf$bare) refers to printfb.o(i._printf_core) for _printf_core
    printfb.o(i.__0snprintf$bare) refers to printfb.o(i._snputc) for _snputc
    printfb.o(i.__0sprintf$bare) refers to printfb.o(i._printf_core) for _printf_core
    printfb.o(i.__0sprintf$bare) refers to printfb.o(i._sputc) for _sputc
    printfb.o(i.__0vfprintf$bare) refers to printfb.o(i._printf_core) for _printf_core
    printfb.o(i.__0vfprintf$bare) refers to fputc.o(i.fputc) for fputc
    printfb.o(i.__0vprintf$bare) refers to printfb.o(i._printf_core) for _printf_core
    printfb.o(i.__0vprintf$bare) refers to fputc.o(i.fputc) for fputc
    printfb.o(i.__0vprintf$bare) refers to stdout.o(.data) for __stdout
    printfb.o(i.__0vsnprintf$bare) refers to printfb.o(i._printf_core) for _printf_core
    printfb.o(i.__0vsnprintf$bare) refers to printfb.o(i._snputc) for _snputc
    printfb.o(i.__0vsprintf$bare) refers to printfb.o(i._printf_core) for _printf_core
    printfb.o(i.__0vsprintf$bare) refers to printfb.o(i._sputc) for _sputc
    printf0.o(i.__0fprintf$0) refers to printf0.o(i._printf_core) for _printf_core
    printf0.o(i.__0fprintf$0) refers to fputc.o(i.fputc) for fputc
    printf0.o(i.__0printf$0) refers to printf0.o(i._printf_core) for _printf_core
    printf0.o(i.__0printf$0) refers to fputc.o(i.fputc) for fputc
    printf0.o(i.__0printf$0) refers to stdout.o(.data) for __stdout
    printf0.o(i.__0snprintf$0) refers to printf0.o(i._printf_core) for _printf_core
    printf0.o(i.__0snprintf$0) refers to printf0.o(i._snputc) for _snputc
    printf0.o(i.__0sprintf$0) refers to printf0.o(i._printf_core) for _printf_core
    printf0.o(i.__0sprintf$0) refers to printf0.o(i._sputc) for _sputc
    printf0.o(i.__0vfprintf$0) refers to printf0.o(i._printf_core) for _printf_core
    printf0.o(i.__0vfprintf$0) refers to fputc.o(i.fputc) for fputc
    printf0.o(i.__0vprintf$0) refers to printf0.o(i._printf_core) for _printf_core
    printf0.o(i.__0vprintf$0) refers to fputc.o(i.fputc) for fputc
    printf0.o(i.__0vprintf$0) refers to stdout.o(.data) for __stdout
    printf0.o(i.__0vsnprintf$0) refers to printf0.o(i._printf_core) for _printf_core
    printf0.o(i.__0vsnprintf$0) refers to printf0.o(i._snputc) for _snputc
    printf0.o(i.__0vsprintf$0) refers to printf0.o(i._printf_core) for _printf_core
    printf0.o(i.__0vsprintf$0) refers to printf0.o(i._sputc) for _sputc
    printf1.o(i.__0fprintf$1) refers to printf1.o(i._printf_core) for _printf_core
    printf1.o(i.__0fprintf$1) refers to fputc.o(i.fputc) for fputc
    printf1.o(i.__0printf$1) refers to printf1.o(i._printf_core) for _printf_core
    printf1.o(i.__0printf$1) refers to fputc.o(i.fputc) for fputc
    printf1.o(i.__0printf$1) refers to stdout.o(.data) for __stdout
    printf1.o(i.__0snprintf$1) refers to printf1.o(i._printf_core) for _printf_core
    printf1.o(i.__0snprintf$1) refers to printf1.o(i._snputc) for _snputc
    printf1.o(i.__0sprintf$1) refers to printf1.o(i._printf_core) for _printf_core
    printf1.o(i.__0sprintf$1) refers to printf1.o(i._sputc) for _sputc
    printf1.o(i.__0vfprintf$1) refers to printf1.o(i._printf_core) for _printf_core
    printf1.o(i.__0vfprintf$1) refers to fputc.o(i.fputc) for fputc
    printf1.o(i.__0vprintf$1) refers to printf1.o(i._printf_core) for _printf_core
    printf1.o(i.__0vprintf$1) refers to fputc.o(i.fputc) for fputc
    printf1.o(i.__0vprintf$1) refers to stdout.o(.data) for __stdout
    printf1.o(i.__0vsnprintf$1) refers to printf1.o(i._printf_core) for _printf_core
    printf1.o(i.__0vsnprintf$1) refers to printf1.o(i._snputc) for _snputc
    printf1.o(i.__0vsprintf$1) refers to printf1.o(i._printf_core) for _printf_core
    printf1.o(i.__0vsprintf$1) refers to printf1.o(i._sputc) for _sputc
    printf1.o(i._printf_core) refers to uidiv.o(.text) for __aeabi_uidivmod
    printf2.o(i.__0fprintf$2) refers to printf2.o(i._printf_core) for _printf_core
    printf2.o(i.__0fprintf$2) refers to fputc.o(i.fputc) for fputc
    printf2.o(i.__0printf$2) refers to printf2.o(i._printf_core) for _printf_core
    printf2.o(i.__0printf$2) refers to fputc.o(i.fputc) for fputc
    printf2.o(i.__0printf$2) refers to stdout.o(.data) for __stdout
    printf2.o(i.__0snprintf$2) refers to printf2.o(i._printf_core) for _printf_core
    printf2.o(i.__0snprintf$2) refers to printf2.o(i._snputc) for _snputc
    printf2.o(i.__0sprintf$2) refers to printf2.o(i._printf_core) for _printf_core
    printf2.o(i.__0sprintf$2) refers to printf2.o(i._sputc) for _sputc
    printf2.o(i.__0vfprintf$2) refers to printf2.o(i._printf_core) for _printf_core
    printf2.o(i.__0vfprintf$2) refers to fputc.o(i.fputc) for fputc
    printf2.o(i.__0vprintf$2) refers to printf2.o(i._printf_core) for _printf_core
    printf2.o(i.__0vprintf$2) refers to fputc.o(i.fputc) for fputc
    printf2.o(i.__0vprintf$2) refers to stdout.o(.data) for __stdout
    printf2.o(i.__0vsnprintf$2) refers to printf2.o(i._printf_core) for _printf_core
    printf2.o(i.__0vsnprintf$2) refers to printf2.o(i._snputc) for _snputc
    printf2.o(i.__0vsprintf$2) refers to printf2.o(i._printf_core) for _printf_core
    printf2.o(i.__0vsprintf$2) refers to printf2.o(i._sputc) for _sputc
    printf3.o(i.__0fprintf$3) refers to printf3.o(i._printf_core) for _printf_core
    printf3.o(i.__0fprintf$3) refers to fputc.o(i.fputc) for fputc
    printf3.o(i.__0printf$3) refers to printf3.o(i._printf_core) for _printf_core
    printf3.o(i.__0printf$3) refers to fputc.o(i.fputc) for fputc
    printf3.o(i.__0printf$3) refers to stdout.o(.data) for __stdout
    printf3.o(i.__0snprintf$3) refers to printf3.o(i._printf_core) for _printf_core
    printf3.o(i.__0snprintf$3) refers to printf3.o(i._snputc) for _snputc
    printf3.o(i.__0sprintf$3) refers to printf3.o(i._printf_core) for _printf_core
    printf3.o(i.__0sprintf$3) refers to printf3.o(i._sputc) for _sputc
    printf3.o(i.__0vfprintf$3) refers to printf3.o(i._printf_core) for _printf_core
    printf3.o(i.__0vfprintf$3) refers to fputc.o(i.fputc) for fputc
    printf3.o(i.__0vprintf$3) refers to printf3.o(i._printf_core) for _printf_core
    printf3.o(i.__0vprintf$3) refers to fputc.o(i.fputc) for fputc
    printf3.o(i.__0vprintf$3) refers to stdout.o(.data) for __stdout
    printf3.o(i.__0vsnprintf$3) refers to printf3.o(i._printf_core) for _printf_core
    printf3.o(i.__0vsnprintf$3) refers to printf3.o(i._snputc) for _snputc
    printf3.o(i.__0vsprintf$3) refers to printf3.o(i._printf_core) for _printf_core
    printf3.o(i.__0vsprintf$3) refers to printf3.o(i._sputc) for _sputc
    printf3.o(i._printf_core) refers to uidiv.o(.text) for __aeabi_uidivmod
    printf4.o(i.__0fprintf$4) refers to printf4.o(i._printf_core) for _printf_core
    printf4.o(i.__0fprintf$4) refers to fputc.o(i.fputc) for fputc
    printf4.o(i.__0printf$4) refers to printf4.o(i._printf_core) for _printf_core
    printf4.o(i.__0printf$4) refers to fputc.o(i.fputc) for fputc
    printf4.o(i.__0printf$4) refers to stdout.o(.data) for __stdout
    printf4.o(i.__0snprintf$4) refers to printf4.o(i._printf_core) for _printf_core
    printf4.o(i.__0snprintf$4) refers to printf4.o(i._snputc) for _snputc
    printf4.o(i.__0sprintf$4) refers to printf4.o(i._printf_core) for _printf_core
    printf4.o(i.__0sprintf$4) refers to printf4.o(i._sputc) for _sputc
    printf4.o(i.__0vfprintf$4) refers to printf4.o(i._printf_core) for _printf_core
    printf4.o(i.__0vfprintf$4) refers to fputc.o(i.fputc) for fputc
    printf4.o(i.__0vprintf$4) refers to printf4.o(i._printf_core) for _printf_core
    printf4.o(i.__0vprintf$4) refers to fputc.o(i.fputc) for fputc
    printf4.o(i.__0vprintf$4) refers to stdout.o(.data) for __stdout
    printf4.o(i.__0vsnprintf$4) refers to printf4.o(i._printf_core) for _printf_core
    printf4.o(i.__0vsnprintf$4) refers to printf4.o(i._snputc) for _snputc
    printf4.o(i.__0vsprintf$4) refers to printf4.o(i._printf_core) for _printf_core
    printf4.o(i.__0vsprintf$4) refers to printf4.o(i._sputc) for _sputc
    printf4.o(i._printf_core) refers to uldiv.o(.text) for __aeabi_uldivmod
    printf5.o(i.__0fprintf$5) refers to printf5.o(i._printf_core) for _printf_core
    printf5.o(i.__0fprintf$5) refers to fputc.o(i.fputc) for fputc
    printf5.o(i.__0printf$5) refers to printf5.o(i._printf_core) for _printf_core
    printf5.o(i.__0printf$5) refers to fputc.o(i.fputc) for fputc
    printf5.o(i.__0printf$5) refers to stdout.o(.data) for __stdout
    printf5.o(i.__0snprintf$5) refers to printf5.o(i._printf_core) for _printf_core
    printf5.o(i.__0snprintf$5) refers to printf5.o(i._snputc) for _snputc
    printf5.o(i.__0sprintf$5) refers to printf5.o(i._printf_core) for _printf_core
    printf5.o(i.__0sprintf$5) refers to printf5.o(i._sputc) for _sputc
    printf5.o(i.__0vfprintf$5) refers to printf5.o(i._printf_core) for _printf_core
    printf5.o(i.__0vfprintf$5) refers to fputc.o(i.fputc) for fputc
    printf5.o(i.__0vprintf$5) refers to printf5.o(i._printf_core) for _printf_core
    printf5.o(i.__0vprintf$5) refers to fputc.o(i.fputc) for fputc
    printf5.o(i.__0vprintf$5) refers to stdout.o(.data) for __stdout
    printf5.o(i.__0vsnprintf$5) refers to printf5.o(i._printf_core) for _printf_core
    printf5.o(i.__0vsnprintf$5) refers to printf5.o(i._snputc) for _snputc
    printf5.o(i.__0vsprintf$5) refers to printf5.o(i._printf_core) for _printf_core
    printf5.o(i.__0vsprintf$5) refers to printf5.o(i._sputc) for _sputc
    printf5.o(i._printf_core) refers to uldiv.o(.text) for __aeabi_uldivmod
    printf6.o(i.__0fprintf$6) refers to printf6.o(i._printf_core) for _printf_core
    printf6.o(i.__0fprintf$6) refers to fputc.o(i.fputc) for fputc
    printf6.o(i.__0printf$6) refers to printf6.o(i._printf_core) for _printf_core
    printf6.o(i.__0printf$6) refers to fputc.o(i.fputc) for fputc
    printf6.o(i.__0printf$6) refers to stdout.o(.data) for __stdout
    printf6.o(i.__0snprintf$6) refers to printf6.o(i._printf_core) for _printf_core
    printf6.o(i.__0snprintf$6) refers to printf6.o(i._snputc) for _snputc
    printf6.o(i.__0sprintf$6) refers to printf6.o(i._printf_core) for _printf_core
    printf6.o(i.__0sprintf$6) refers to printf6.o(i._sputc) for _sputc
    printf6.o(i.__0vfprintf$6) refers to printf6.o(i._printf_core) for _printf_core
    printf6.o(i.__0vfprintf$6) refers to fputc.o(i.fputc) for fputc
    printf6.o(i.__0vprintf$6) refers to printf6.o(i._printf_core) for _printf_core
    printf6.o(i.__0vprintf$6) refers to fputc.o(i.fputc) for fputc
    printf6.o(i.__0vprintf$6) refers to stdout.o(.data) for __stdout
    printf6.o(i.__0vsnprintf$6) refers to printf6.o(i._printf_core) for _printf_core
    printf6.o(i.__0vsnprintf$6) refers to printf6.o(i._snputc) for _snputc
    printf6.o(i.__0vsprintf$6) refers to printf6.o(i._printf_core) for _printf_core
    printf6.o(i.__0vsprintf$6) refers to printf6.o(i._sputc) for _sputc
    printf6.o(i._printf_core) refers to printf6.o(i._printf_pre_padding) for _printf_pre_padding
    printf6.o(i._printf_core) refers to uidiv.o(.text) for __aeabi_uidivmod
    printf6.o(i._printf_core) refers to printf6.o(i._printf_post_padding) for _printf_post_padding
    printf7.o(i.__0fprintf$7) refers to printf7.o(i._printf_core) for _printf_core
    printf7.o(i.__0fprintf$7) refers to fputc.o(i.fputc) for fputc
    printf7.o(i.__0printf$7) refers to printf7.o(i._printf_core) for _printf_core
    printf7.o(i.__0printf$7) refers to fputc.o(i.fputc) for fputc
    printf7.o(i.__0printf$7) refers to stdout.o(.data) for __stdout
    printf7.o(i.__0snprintf$7) refers to printf7.o(i._printf_core) for _printf_core
    printf7.o(i.__0snprintf$7) refers to printf7.o(i._snputc) for _snputc
    printf7.o(i.__0sprintf$7) refers to printf7.o(i._printf_core) for _printf_core
    printf7.o(i.__0sprintf$7) refers to printf7.o(i._sputc) for _sputc
    printf7.o(i.__0vfprintf$7) refers to printf7.o(i._printf_core) for _printf_core
    printf7.o(i.__0vfprintf$7) refers to fputc.o(i.fputc) for fputc
    printf7.o(i.__0vprintf$7) refers to printf7.o(i._printf_core) for _printf_core
    printf7.o(i.__0vprintf$7) refers to fputc.o(i.fputc) for fputc
    printf7.o(i.__0vprintf$7) refers to stdout.o(.data) for __stdout
    printf7.o(i.__0vsnprintf$7) refers to printf7.o(i._printf_core) for _printf_core
    printf7.o(i.__0vsnprintf$7) refers to printf7.o(i._snputc) for _snputc
    printf7.o(i.__0vsprintf$7) refers to printf7.o(i._printf_core) for _printf_core
    printf7.o(i.__0vsprintf$7) refers to printf7.o(i._sputc) for _sputc
    printf7.o(i._printf_core) refers to printf7.o(i._printf_pre_padding) for _printf_pre_padding
    printf7.o(i._printf_core) refers to uldiv.o(.text) for __aeabi_uldivmod
    printf7.o(i._printf_core) refers to printf7.o(i._printf_post_padding) for _printf_post_padding
    printf8.o(i.__0fprintf$8) refers to printf8.o(i._printf_core) for _printf_core
    printf8.o(i.__0fprintf$8) refers to fputc.o(i.fputc) for fputc
    printf8.o(i.__0printf$8) refers to printf8.o(i._printf_core) for _printf_core
    printf8.o(i.__0printf$8) refers to fputc.o(i.fputc) for fputc
    printf8.o(i.__0printf$8) refers to stdout.o(.data) for __stdout
    printf8.o(i.__0snprintf$8) refers to printf8.o(i._printf_core) for _printf_core
    printf8.o(i.__0snprintf$8) refers to printf8.o(i._snputc) for _snputc
    printf8.o(i.__0sprintf$8) refers to printf8.o(i._printf_core) for _printf_core
    printf8.o(i.__0sprintf$8) refers to printf8.o(i._sputc) for _sputc
    printf8.o(i.__0vfprintf$8) refers to printf8.o(i._printf_core) for _printf_core
    printf8.o(i.__0vfprintf$8) refers to fputc.o(i.fputc) for fputc
    printf8.o(i.__0vprintf$8) refers to printf8.o(i._printf_core) for _printf_core
    printf8.o(i.__0vprintf$8) refers to fputc.o(i.fputc) for fputc
    printf8.o(i.__0vprintf$8) refers to stdout.o(.data) for __stdout
    printf8.o(i.__0vsnprintf$8) refers to printf8.o(i._printf_core) for _printf_core
    printf8.o(i.__0vsnprintf$8) refers to printf8.o(i._snputc) for _snputc
    printf8.o(i.__0vsprintf$8) refers to printf8.o(i._printf_core) for _printf_core
    printf8.o(i.__0vsprintf$8) refers to printf8.o(i._sputc) for _sputc
    printf8.o(i._printf_core) refers to printf8.o(i._printf_pre_padding) for _printf_pre_padding
    printf8.o(i._printf_core) refers to uldiv.o(.text) for __aeabi_uldivmod
    printf8.o(i._printf_core) refers to printf8.o(i._printf_post_padding) for _printf_post_padding
    printfa.o(i.__0fprintf) refers (Special) to iusefp.o(.text) for __I$use$fp
    printfa.o(i.__0fprintf) refers to printfa.o(i._printf_core) for _printf_core
    printfa.o(i.__0fprintf) refers to fputc.o(i.fputc) for fputc
    printfa.o(i.__0printf) refers (Special) to iusefp.o(.text) for __I$use$fp
    printfa.o(i.__0printf) refers to printfa.o(i._printf_core) for _printf_core
    printfa.o(i.__0printf) refers to fputc.o(i.fputc) for fputc
    printfa.o(i.__0printf) refers to stdout.o(.data) for __stdout
    printfa.o(i.__0snprintf) refers (Special) to iusefp.o(.text) for __I$use$fp
    printfa.o(i.__0snprintf) refers to printfa.o(i._printf_core) for _printf_core
    printfa.o(i.__0snprintf) refers to printfa.o(i._snputc) for _snputc
    printfa.o(i.__0sprintf) refers (Special) to iusefp.o(.text) for __I$use$fp
    printfa.o(i.__0sprintf) refers to printfa.o(i._printf_core) for _printf_core
    printfa.o(i.__0sprintf) refers to printfa.o(i._sputc) for _sputc
    printfa.o(i.__0vfprintf) refers (Special) to iusefp.o(.text) for __I$use$fp
    printfa.o(i.__0vfprintf) refers to printfa.o(i._printf_core) for _printf_core
    printfa.o(i.__0vfprintf) refers to fputc.o(i.fputc) for fputc
    printfa.o(i.__0vprintf) refers (Special) to iusefp.o(.text) for __I$use$fp
    printfa.o(i.__0vprintf) refers to printfa.o(i._printf_core) for _printf_core
    printfa.o(i.__0vprintf) refers to fputc.o(i.fputc) for fputc
    printfa.o(i.__0vprintf) refers to stdout.o(.data) for __stdout
    printfa.o(i.__0vsnprintf) refers (Special) to iusefp.o(.text) for __I$use$fp
    printfa.o(i.__0vsnprintf) refers to printfa.o(i._printf_core) for _printf_core
    printfa.o(i.__0vsnprintf) refers to printfa.o(i._snputc) for _snputc
    printfa.o(i.__0vsprintf) refers (Special) to iusefp.o(.text) for __I$use$fp
    printfa.o(i.__0vsprintf) refers to printfa.o(i._printf_core) for _printf_core
    printfa.o(i.__0vsprintf) refers to printfa.o(i._sputc) for _sputc
    printfa.o(i._fp_digits) refers (Special) to iusefp.o(.text) for __I$use$fp
    printfa.o(i._fp_digits) refers to dmul.o(.text) for __aeabi_dmul
    printfa.o(i._fp_digits) refers to ddiv.o(.text) for __aeabi_ddiv
    printfa.o(i._fp_digits) refers to cdrcmple.o(.text) for __aeabi_cdrcmple
    printfa.o(i._fp_digits) refers to dadd.o(.text) for __aeabi_dadd
    printfa.o(i._fp_digits) refers to dfixul.o(.text) for __aeabi_d2ulz
    printfa.o(i._fp_digits) refers to uldiv.o(.text) for __aeabi_uldivmod
    printfa.o(i._printf_core) refers (Special) to iusefp.o(.text) for __I$use$fp
    printfa.o(i._printf_core) refers to printfa.o(i._printf_pre_padding) for _printf_pre_padding
    printfa.o(i._printf_core) refers to uldiv.o(.text) for __aeabi_uldivmod
    printfa.o(i._printf_core) refers to printfa.o(i._printf_post_padding) for _printf_post_padding
    printfa.o(i._printf_core) refers to printfa.o(i._fp_digits) for _fp_digits
    printfa.o(i._printf_core) refers to uidiv.o(.text) for __aeabi_uidivmod
    printfa.o(i._printf_post_padding) refers (Special) to iusefp.o(.text) for __I$use$fp
    printfa.o(i._printf_pre_padding) refers (Special) to iusefp.o(.text) for __I$use$fp
    printfa.o(i._snputc) refers (Special) to iusefp.o(.text) for __I$use$fp
    printfa.o(i._sputc) refers (Special) to iusefp.o(.text) for __I$use$fp
    malloc.o(i.free) refers to mvars.o(.data) for __microlib_freelist
    malloc.o(i.malloc) refers to mvars.o(.data) for __microlib_freelist_initialised
    malloc.o(i.malloc) refers to mvars.o(.data) for __microlib_freelist
    malloc.o(i.malloc) refers to startup_tm4c123.o(HEAP) for __heap_base
    mallocr.o(i.__free$realloc) refers to mvars.o(.data) for __microlib_freelist
    mallocr.o(i.__malloc$realloc) refers to mallocr.o(i.internal_alloc) for internal_alloc
    mallocr.o(i.__malloc$realloc) refers to mvars.o(.data) for __microlib_freelist_initialised
    mallocr.o(i.__malloc$realloc) refers to startup_tm4c123.o(HEAP) for __heap_base
    mallocr.o(i.__malloc$realloc) refers to mvars.o(.data) for __microlib_freelist
    mallocr.o(i.internal_alloc) refers to memcpya.o(.text) for __aeabi_memcpy
    mallocr.o(i.internal_alloc) refers to mvars.o(.data) for __microlib_freelist
    mallocr.o(i.realloc) refers to mallocr.o(i.__free$realloc) for __free$realloc
    mallocr.o(i.realloc) refers to mallocr.o(i.internal_alloc) for internal_alloc
    mallocr.o(i.realloc) refers to mallocr.o(i.__malloc$realloc) for __malloc$realloc
    mallocr.o(i.realloc) refers to mvars.o(.data) for __microlib_freelist
    malloca.o(i.__aligned_malloc) refers to mvars.o(.data) for __microlib_freelist_initialised
    malloca.o(i.__aligned_malloc) refers to mvars.o(.data) for __microlib_freelist
    malloca.o(i.__aligned_malloc) refers to startup_tm4c123.o(HEAP) for __heap_base
    malloca.o(i.__free$memalign) refers to mvars.o(.data) for __microlib_freelist
    malloca.o(i.__malloc$memalign) refers to malloca.o(i.__aligned_malloc) for __aligned_malloc
    mallocra.o(i.__aligned_malloc$realloc) refers to mallocra.o(i.internal_alloc) for internal_alloc
    mallocra.o(i.__aligned_malloc$realloc) refers to mvars.o(.data) for __microlib_freelist_initialised
    mallocra.o(i.__aligned_malloc$realloc) refers to startup_tm4c123.o(HEAP) for __heap_base
    mallocra.o(i.__aligned_malloc$realloc) refers to mvars.o(.data) for __microlib_freelist
    mallocra.o(i.__free$realloc$memalign) refers to mvars.o(.data) for __microlib_freelist
    mallocra.o(i.__malloc$realloc$memalign) refers to mallocra.o(i.__aligned_malloc$realloc) for __aligned_malloc$realloc
    mallocra.o(i.__realloc$memalign) refers to mallocra.o(i.__free$realloc$memalign) for __free$realloc$memalign
    mallocra.o(i.__realloc$memalign) refers to mallocra.o(i.internal_alloc) for internal_alloc
    mallocra.o(i.__realloc$memalign) refers to mallocra.o(i.__malloc$realloc$memalign) for __malloc$realloc$memalign
    mallocra.o(i.__realloc$memalign) refers to mvars.o(.data) for __microlib_freelist
    mallocra.o(i.internal_alloc) refers to memcpya.o(.text) for __aeabi_memcpy
    mallocra.o(i.internal_alloc) refers to mvars.o(.data) for __microlib_freelist
    dflti.o(.text) refers (Special) to iusefp.o(.text) for __I$use$fp
    dflti.o(.text) refers to depilogue.o(.text) for _double_epilogue
    dfltui.o(.text) refers (Special) to iusefp.o(.text) for __I$use$fp
    dfltui.o(.text) refers to depilogue.o(.text) for _double_epilogue
    cdcmple.o(.text) refers (Special) to iusefp.o(.text) for __I$use$fp
    cdrcmple.o(.text) refers (Special) to iusefp.o(.text) for __I$use$fp
    entry2.o(.ARM.Collect$$$$00000001) refers to entry2.o(.ARM.Collect$$$$00002712) for __lit__00000000
    entry2.o(.ARM.Collect$$$$00002712) refers to startup_tm4c123.o(STACK) for __initial_sp
    entry2.o(__vectab_stack_and_reset_area) refers to startup_tm4c123.o(STACK) for __initial_sp
    entry2.o(__vectab_stack_and_reset_area) refers to entry.o(.ARM.Collect$$$$00000000) for __main
    entry5.o(.ARM.Collect$$$$00000004) refers to init.o(.text) for __scatterload
    entry9a.o(.ARM.Collect$$$$0000000B) refers to main.o(.text) for main
    entry9b.o(.ARM.Collect$$$$0000000C) refers to main.o(.text) for main
    fputc.o(i.fputc) refers (Special) to iusesemip.o(.text) for __I$use$semihosting$fputc
    fputc.o(i.fputc) refers (Special) to semi.o(.text) for __semihosting_library_function
    uldiv.o(.text) refers to llushr.o(.text) for __aeabi_llsr
    uldiv.o(.text) refers to llshl.o(.text) for __aeabi_llsl
    depilogue.o(.text) refers to llshl.o(.text) for __aeabi_llsl
    depilogue.o(.text) refers to llushr.o(.text) for __aeabi_llsr
    dadd.o(.text) refers to llshl.o(.text) for __aeabi_llsl
    dadd.o(.text) refers to llsshr.o(.text) for __aeabi_lasr
    dadd.o(.text) refers to depilogue.o(.text) for _double_epilogue
    dmul.o(.text) refers to depilogue.o(.text) for _double_epilogue
    ddiv.o(.text) refers to depilogue.o(.text) for _double_round
    dfixul.o(.text) refers to llushr.o(.text) for __aeabi_llsr
    dfixul.o(.text) refers to llshl.o(.text) for __aeabi_llsl
    init.o(.text) refers to entry5.o(.ARM.Collect$$$$00000004) for __main_after_scatterload


==============================================================================

Removing Unused input sections from the image.

    Removing main.o(.rev16_text), (4 bytes).
    Removing main.o(.revsh_text), (4 bytes).
    Removing main.o(.rrx_text), (6 bytes).
    Removing hw3_staff.o(.rev16_text), (4 bytes).
    Removing hw3_staff.o(.revsh_text), (4 bytes).
    Removing hw3_staff.o(.rrx_text), (6 bytes).
    Removing hw3.o(.rev16_text), (4 bytes).
    Removing hw3.o(.revsh_text), (4 bytes).
    Removing hw3.o(.rrx_text), (6 bytes).
    Removing hw3_interrupts.o(.rev16_text), (4 bytes).
    Removing hw3_interrupts.o(.revsh_text), (4 bytes).
    Removing hw3_interrupts.o(.rrx_text), (6 bytes).
    Removing gpio_port.o(.rev16_text), (4 bytes).
    Removing gpio_port.o(.revsh_text), (4 bytes).
    Removing gpio_port.o(.rrx_text), (6 bytes).
    Removing timers.o(.rev16_text), (4 bytes).
    Removing timers.o(.revsh_text), (4 bytes).
    Removing timers.o(.rrx_text), (6 bytes).
    Removing adc.o(.rev16_text), (4 bytes).
    Removing adc.o(.revsh_text), (4 bytes).
    Removing adc.o(.rrx_text), (6 bytes).
    Removing adc.o(.text), (296 bytes).
    Removing lcd.o(.rev16_text), (4 bytes).
    Removing lcd.o(.revsh_text), (4 bytes).
    Removing lcd.o(.rrx_text), (6 bytes).
    Removing ps2-new.o(.rev16_text), (4 bytes).
    Removing ps2-new.o(.revsh_text), (4 bytes).
    Removing ps2-new.o(.rrx_text), (6 bytes).
    Removing system_tm4c123.o(.rev16_text), (4 bytes).
    Removing system_tm4c123.o(.revsh_text), (4 bytes).
    Removing system_tm4c123.o(.rrx_text), (6 bytes).
    Removing hw2.o(.rev16_text), (4 bytes).
    Removing hw2.o(.revsh_text), (4 bytes).
    Removing hw2.o(.rrx_text), (6 bytes).
    Removing dadd.o(.text), (334 bytes).
    Removing dmul.o(.text), (228 bytes).
    Removing ddiv.o(.text), (222 bytes).
    Removing dfixul.o(.text), (48 bytes).

38 unused section(s) (total 1282 bytes) removed from the image.

==============================================================================

Image Symbol Table

    Local Symbols

    Symbol Name                              Value     Ov Type        Size  Object(Section)

    RESET                                    0x00000000   Section      620  startup_tm4c123.o(RESET)
    ../clib/microlib/division.c              0x00000000   Number         0  uidiv.o ABSOLUTE
    ../clib/microlib/division.c              0x00000000   Number         0  uldiv.o ABSOLUTE
    ../clib/microlib/init/entry.s            0x00000000   Number         0  entry8b.o ABSOLUTE
    ../clib/microlib/init/entry.s            0x00000000   Number         0  entry9a.o ABSOLUTE
    ../clib/microlib/init/entry.s            0x00000000   Number         0  entry7a.o ABSOLUTE
    ../clib/microlib/init/entry.s            0x00000000   Number         0  entry9b.o ABSOLUTE
    ../clib/microlib/init/entry.s            0x00000000   Number         0  entry.o ABSOLUTE
    ../clib/microlib/init/entry.s            0x00000000   Number         0  entry5.o ABSOLUTE
    ../clib/microlib/init/entry.s            0x00000000   Number         0  entry10a.o ABSOLUTE
    ../clib/microlib/init/entry.s            0x00000000   Number         0  entry10b.o ABSOLUTE
    ../clib/microlib/init/entry.s            0x00000000   Number         0  entry11a.o ABSOLUTE
    ../clib/microlib/init/entry.s            0x00000000   Number         0  entry11b.o ABSOLUTE
    ../clib/microlib/init/entry.s            0x00000000   Number         0  entry7b.o ABSOLUTE
    ../clib/microlib/init/entry.s            0x00000000   Number         0  entry8a.o ABSOLUTE
    ../clib/microlib/init/entry.s            0x00000000   Number         0  entry2.o ABSOLUTE
    ../clib/microlib/longlong.c              0x00000000   Number         0  llsshr.o ABSOLUTE
    ../clib/microlib/longlong.c              0x00000000   Number         0  llushr.o ABSOLUTE
    ../clib/microlib/longlong.c              0x00000000   Number         0  llshl.o ABSOLUTE
    ../clib/microlib/malloc/malloc.c         0x00000000   Number         0  malloc.o ABSOLUTE
    ../clib/microlib/malloc/malloc.c         0x00000000   Number         0  mallocra.o ABSOLUTE
    ../clib/microlib/malloc/malloc.c         0x00000000   Number         0  malloca.o ABSOLUTE
    ../clib/microlib/malloc/malloc.c         0x00000000   Number         0  mallocr.o ABSOLUTE
    ../clib/microlib/malloc/mvars.c          0x00000000   Number         0  mvars.o ABSOLUTE
    ../clib/microlib/printf/printf.c         0x00000000   Number         0  printfb.o ABSOLUTE
    ../clib/microlib/printf/printf.c         0x00000000   Number         0  printf0.o ABSOLUTE
    ../clib/microlib/printf/printf.c         0x00000000   Number         0  printf1.o ABSOLUTE
    ../clib/microlib/printf/printf.c         0x00000000   Number         0  printf4.o ABSOLUTE
    ../clib/microlib/printf/printf.c         0x00000000   Number         0  printf3.o ABSOLUTE
    ../clib/microlib/printf/printf.c         0x00000000   Number         0  printf2.o ABSOLUTE
    ../clib/microlib/printf/printf.c         0x00000000   Number         0  printf6.o ABSOLUTE
    ../clib/microlib/printf/printf.c         0x00000000   Number         0  printfa.o ABSOLUTE
    ../clib/microlib/printf/printf.c         0x00000000   Number         0  printf8.o ABSOLUTE
    ../clib/microlib/printf/printf.c         0x00000000   Number         0  printf7.o ABSOLUTE
    ../clib/microlib/printf/printf.c         0x00000000   Number         0  printf5.o ABSOLUTE
    ../clib/microlib/printf/stubs.s          0x00000000   Number         0  stubs.o ABSOLUTE
    ../clib/microlib/stdio/fputc.c           0x00000000   Number         0  fputc.o ABSOLUTE
    ../clib/microlib/stdio/semi.s            0x00000000   Number         0  semi.o ABSOLUTE
    ../clib/microlib/stdio/streams.c         0x00000000   Number         0  stdout.o ABSOLUTE
    ../clib/microlib/string/memcpy.c         0x00000000   Number         0  memcpyb.o ABSOLUTE
    ../clib/microlib/string/memcpy.c         0x00000000   Number         0  memcpya.o ABSOLUTE
    ../clib/microlib/stubs.s                 0x00000000   Number         0  iusefp.o ABSOLUTE
    ../clib/microlib/stubs.s                 0x00000000   Number         0  iusesemip.o ABSOLUTE
    ../fplib/microlib/fpadd.c                0x00000000   Number         0  dadd.o ABSOLUTE
    ../fplib/microlib/fpdiv.c                0x00000000   Number         0  ddiv.o ABSOLUTE
    ../fplib/microlib/fpepilogue.c           0x00000000   Number         0  depilogue.o ABSOLUTE
    ../fplib/microlib/fpfix.c                0x00000000   Number         0  dfixul.o ABSOLUTE
    ../fplib/microlib/fpflt.c                0x00000000   Number         0  dflti.o ABSOLUTE
    ../fplib/microlib/fpflt.c                0x00000000   Number         0  dfltui.o ABSOLUTE
    ../fplib/microlib/fpmul.c                0x00000000   Number         0  dmul.o ABSOLUTE
    ../mathlib/fabs.c                        0x00000000   Number         0  fabs.o ABSOLUTE
    ..\\drivers\\c\\adc.c                    0x00000000   Number         0  adc.o ABSOLUTE
    ..\\drivers\\c\\gpio_port.c              0x00000000   Number         0  gpio_port.o ABSOLUTE
    ..\\drivers\\c\\timers.c                 0x00000000   Number         0  timers.o ABSOLUTE
    ..\\peripherals\\c\\lcd.c                0x00000000   Number         0  lcd.o ABSOLUTE
    ..\drivers\c\adc.c                       0x00000000   Number         0  adc.o ABSOLUTE
    ..\drivers\c\gpio_port.c                 0x00000000   Number         0  gpio_port.o ABSOLUTE
    ..\drivers\c\timers.c                    0x00000000   Number         0  timers.o ABSOLUTE
    ..\peripherals\c\lcd.c                   0x00000000   Number         0  lcd.o ABSOLUTE
    RTE\Device\TM4C123GH6PM\startup_TM4C123.s 0x00000000   Number         0  startup_tm4c123.o ABSOLUTE
    RTE\Device\TM4C123GH6PM\system_TM4C123.c 0x00000000   Number         0  system_tm4c123.o ABSOLUTE
    RTE\\Device\\TM4C123GH6PM\\system_TM4C123.c 0x00000000   Number         0  system_tm4c123.o ABSOLUTE
    cdcmple.s                                0x00000000   Number         0  cdcmple.o ABSOLUTE
    cdrcmple.s                               0x00000000   Number         0  cdrcmple.o ABSOLUTE
    dc.s                                     0x00000000   Number         0  dc.o ABSOLUTE
    handlers.s                               0x00000000   Number         0  handlers.o ABSOLUTE
    hw2.c                                    0x00000000   Number         0  hw2.o ABSOLUTE
    hw2.c                                    0x00000000   Number         0  hw2.o ABSOLUTE
    hw3.c                                    0x00000000   Number         0  hw3.o ABSOLUTE
    hw3.c                                    0x00000000   Number         0  hw3.o ABSOLUTE
    hw3_images.c                             0x00000000   Number         0  hw3_images.o ABSOLUTE
    hw3_interrupts.c                         0x00000000   Number         0  hw3_interrupts.o ABSOLUTE
    hw3_interrupts.c                         0x00000000   Number         0  hw3_interrupts.o ABSOLUTE
    hw3_staff.c                              0x00000000   Number         0  hw3_staff.o ABSOLUTE
    hw3_staff.c                              0x00000000   Number         0  hw3_staff.o ABSOLUTE
    init.s                                   0x00000000   Number         0  init.o ABSOLUTE
    main.c                                   0x00000000   Number         0  main.o ABSOLUTE
    main.c                                   0x00000000   Number         0  main.o ABSOLUTE
    ps2-new.c                                0x00000000   Number         0  ps2-new.o ABSOLUTE
    ps2-new.c                                0x00000000   Number         0  ps2-new.o ABSOLUTE
    .ARM.Collect$$$$00000000                 0x0000026c   Section        0  entry.o(.ARM.Collect$$$$00000000)
    .ARM.Collect$$$$00000001                 0x0000026c   Section        4  entry2.o(.ARM.Collect$$$$00000001)
    .ARM.Collect$$$$00000004                 0x00000270   Section        4  entry5.o(.ARM.Collect$$$$00000004)
    .ARM.Collect$$$$00000008                 0x00000274   Section        0  entry7b.o(.ARM.Collect$$$$00000008)
    .ARM.Collect$$$$0000000A                 0x00000274   Section        0  entry8b.o(.ARM.Collect$$$$0000000A)
    .ARM.Collect$$$$0000000B                 0x00000274   Section        8  entry9a.o(.ARM.Collect$$$$0000000B)
    .ARM.Collect$$$$0000000D                 0x0000027c   Section        0  entry10a.o(.ARM.Collect$$$$0000000D)
    .ARM.Collect$$$$0000000F                 0x0000027c   Section        0  entry11a.o(.ARM.Collect$$$$0000000F)
    .ARM.Collect$$$$00002712                 0x0000027c   Section        4  entry2.o(.ARM.Collect$$$$00002712)
    __lit__00000000                          0x0000027c   Data           4  entry2.o(.ARM.Collect$$$$00002712)
    .text                                    0x00000280   Section        0  main.o(.text)
    .text                                    0x00000328   Section        0  hw3_staff.o(.text)
    .text                                    0x00000458   Section        0  hw3.o(.text)
    .text                                    0x00000ab8   Section        0  hw3_interrupts.o(.text)
    .text                                    0x00000ef8   Section        0  gpio_port.o(.text)
    verify_base_addr                         0x00000ef9   Thumb Code    64  gpio_port.o(.text)
    .text                                    0x000011bc   Section        0  timers.o(.text)
    verify_base_addr                         0x000011bd   Thumb Code    64  timers.o(.text)
    get_clock_masks                          0x00001247   Thumb Code   106  timers.o(.text)
    .text                                    0x00001404   Section        0  lcd.o(.text)
    lcd_write_cmd_u8                         0x0000141f   Thumb Code    40  lcd.o(.text)
    lcd_write_data_u8                        0x00001447   Thumb Code    28  lcd.o(.text)
    lcd_write_data_u16                       0x00001463   Thumb Code    48  lcd.o(.text)
    .text                                    0x00001f4c   Section        0  ps2-new.o(.text)
    initialize_adc_gpio_pins                 0x00001f4d   Thumb Code    34  ps2-new.o(.text)
    ps2_configure_adc                        0x00001f6f   Thumb Code   118  ps2-new.o(.text)
    .text                                    0x00002064   Section      252  startup_tm4c123.o(.text)
    $v0                                      0x00002064   Number         0  startup_tm4c123.o(.text)
    .text                                    0x00002160   Section        0  system_tm4c123.o(.text)
    getOscClk                                0x00002161   Thumb Code   182  system_tm4c123.o(.text)
    .text                                    0x000023ac   Section        0  hw2.o(.text)
    .text                                    0x000024fc   Section        0  dflti.o(.text)
    .text                                    0x0000251e   Section        0  dfltui.o(.text)
    .text                                    0x00002538   Section       48  cdcmple.o(.text)
    .text                                    0x00002568   Section       48  cdrcmple.o(.text)
    .text                                    0x00002598   Section        0  uidiv.o(.text)
    .text                                    0x000025c4   Section        0  depilogue.o(.text)
    .text                                    0x000025c4   Section        0  iusefp.o(.text)
    .text                                    0x00002680   Section       36  init.o(.text)
    .text                                    0x000026a4   Section        0  llshl.o(.text)
    .text                                    0x000026c2   Section        0  llushr.o(.text)
    i.__0sprintf$1                           0x000026e4   Section        0  printf1.o(i.__0sprintf$1)
    i.__hardfp_fabs                          0x0000270c   Section        0  fabs.o(i.__hardfp_fabs)
    i.__scatterload_copy                     0x00002720   Section       14  handlers.o(i.__scatterload_copy)
    i.__scatterload_null                     0x0000272e   Section        2  handlers.o(i.__scatterload_null)
    i.__scatterload_zeroinit                 0x00002730   Section       14  handlers.o(i.__scatterload_zeroinit)
    i._printf_core                           0x00002740   Section        0  printf1.o(i._printf_core)
    _printf_core                             0x00002741   Thumb Code   336  printf1.o(i._printf_core)
    i._sputc                                 0x00002894   Section        0  printf1.o(i._sputc)
    _sputc                                   0x00002895   Thumb Code    10  printf1.o(i._sputc)
    i.malloc                                 0x000028a0   Section        0  malloc.o(i.malloc)
    .constdata                               0x0000290c   Section       20  hw3_staff.o(.constdata)
    MOVE_AMOUNT                              0x0000290c   Data          16  hw3_staff.o(.constdata)
    MOV_DIR                                  0x0000291c   Data           4  hw3_staff.o(.constdata)
    .constdata                               0x00002920   Section     1138  hw3_images.o(.constdata)
    .data                                    0x20000000   Section        2  hw3_staff.o(.data)
    lfsr                                     0x20000000   Data           2  hw3_staff.o(.data)
    .data                                    0x20000004   Section       49  hw3.o(.data)
    .data                                    0x20000036   Section        5  hw3_interrupts.o(.data)
    PS2_X_DATA                               0x20000036   Data           2  hw3_interrupts.o(.data)
    PS2_Y_DATA                               0x20000038   Data           2  hw3_interrupts.o(.data)
    SHIP_DIRECTION                           0x2000003a   Data           1  hw3_interrupts.o(.data)
    .data                                    0x2000003c   Section        4  system_tm4c123.o(.data)
    .data                                    0x20000040   Section        4  mvars.o(.data)
    .data                                    0x20000044   Section        4  mvars.o(.data)
    .bss                                     0x20000048   Section       10  hw3.o(.bss)
    .bss                                     0x20000052   Section       30  hw3_interrupts.o(.bss)
    MOVE_COUNT                               0x20000052   Data          20  hw3_interrupts.o(.bss)
    bump                                     0x20000066   Data          10  hw3_interrupts.o(.bss)
    HEAP                                     0x20000070   Section        0  startup_tm4c123.o(HEAP)
    STACK                                    0x20000070   Section     4096  startup_tm4c123.o(STACK)

    Global Symbols

    Symbol Name                              Value     Ov Type        Size  Object(Section)

    BuildAttributes$$THM_ISAv4$E$P$D$K$B$S$7EM$VFPi3$EXTD16$VFPS$VFMA$PE$A:L22UL41UL21$X:L11$S22US41US21$IEEE1$IW$USESV6$~STKCKD$USESV7$~SHL$OTIME$ROPI$IEEEJ$EBA8$MICROLIB$REQ8$PRES8$EABIv2 0x00000000   Number         0  anon$$obj.o ABSOLUTE
    __ARM_use_no_argv                        0x00000000   Number         0  main.o ABSOLUTE
    __Vectors                                0x00000000   Data           4  startup_tm4c123.o(RESET)
    _printf_a                                0x00000000   Number         0  stubs.o ABSOLUTE
    _printf_c                                0x00000000   Number         0  stubs.o ABSOLUTE
    _printf_charcount                        0x00000000   Number         0  stubs.o ABSOLUTE
    _printf_d                                0x00000000   Number         0  stubs.o ABSOLUTE
    _printf_e                                0x00000000   Number         0  stubs.o ABSOLUTE
    _printf_f                                0x00000000   Number         0  stubs.o ABSOLUTE
    _printf_flags                            0x00000000   Number         0  stubs.o ABSOLUTE
    _printf_fp_dec                           0x00000000   Number         0  stubs.o ABSOLUTE
    _printf_fp_hex                           0x00000000   Number         0  stubs.o ABSOLUTE
    _printf_g                                0x00000000   Number         0  stubs.o ABSOLUTE
    _printf_i                                0x00000000   Number         0  stubs.o ABSOLUTE
    _printf_int_dec                          0x00000000   Number         0  stubs.o ABSOLUTE
    _printf_l                                0x00000000   Number         0  stubs.o ABSOLUTE
    _printf_lc                               0x00000000   Number         0  stubs.o ABSOLUTE
    _printf_ll                               0x00000000   Number         0  stubs.o ABSOLUTE
    _printf_lld                              0x00000000   Number         0  stubs.o ABSOLUTE
    _printf_lli                              0x00000000   Number         0  stubs.o ABSOLUTE
    _printf_llo                              0x00000000   Number         0  stubs.o ABSOLUTE
    _printf_llu                              0x00000000   Number         0  stubs.o ABSOLUTE
    _printf_llx                              0x00000000   Number         0  stubs.o ABSOLUTE
    _printf_longlong_dec                     0x00000000   Number         0  stubs.o ABSOLUTE
    _printf_longlong_hex                     0x00000000   Number         0  stubs.o ABSOLUTE
    _printf_longlong_oct                     0x00000000   Number         0  stubs.o ABSOLUTE
    _printf_ls                               0x00000000   Number         0  stubs.o ABSOLUTE
    _printf_mbtowc                           0x00000000   Number         0  stubs.o ABSOLUTE
    _printf_n                                0x00000000   Number         0  stubs.o ABSOLUTE
    _printf_o                                0x00000000   Number         0  stubs.o ABSOLUTE
    _printf_p                                0x00000000   Number         0  stubs.o ABSOLUTE
    _printf_percent                          0x00000000   Number         0  stubs.o ABSOLUTE
    _printf_pre_padding                      0x00000000   Number         0  stubs.o ABSOLUTE
    _printf_return_value                     0x00000000   Number         0  stubs.o ABSOLUTE
    _printf_s                                0x00000000   Number         0  stubs.o ABSOLUTE
    _printf_sizespec                         0x00000000   Number         0  stubs.o ABSOLUTE
    _printf_str                              0x00000000   Number         0  stubs.o ABSOLUTE
    _printf_truncate_signed                  0x00000000   Number         0  stubs.o ABSOLUTE
    _printf_truncate_unsigned                0x00000000   Number         0  stubs.o ABSOLUTE
    _printf_u                                0x00000000   Number         0  stubs.o ABSOLUTE
    _printf_wc                               0x00000000   Number         0  stubs.o ABSOLUTE
    _printf_wctomb                           0x00000000   Number         0  stubs.o ABSOLUTE
    _printf_widthprec                        0x00000000   Number         0  stubs.o ABSOLUTE
    _printf_x                                0x00000000   Number         0  stubs.o ABSOLUTE
    __cpp_initialize__aeabi_                  - Undefined Weak Reference
    __cxa_finalize                            - Undefined Weak Reference
    __decompress                              - Undefined Weak Reference
    _clock_init                               - Undefined Weak Reference
    _microlib_exit                            - Undefined Weak Reference
    __Vectors_End                            0x0000026c   Data           0  startup_tm4c123.o(RESET)
    __Vectors_Size                           0x0000026c   Number         0  startup_tm4c123.o ABSOLUTE
    __main                                   0x0000026d   Thumb Code     0  entry.o(.ARM.Collect$$$$00000000)
    _main_stk                                0x0000026d   Thumb Code     0  entry2.o(.ARM.Collect$$$$00000001)
    _main_scatterload                        0x00000271   Thumb Code     0  entry5.o(.ARM.Collect$$$$00000004)
    __main_after_scatterload                 0x00000275   Thumb Code     0  entry5.o(.ARM.Collect$$$$00000004)
    _main_clock                              0x00000275   Thumb Code     0  entry7b.o(.ARM.Collect$$$$00000008)
    _main_cpp_init                           0x00000275   Thumb Code     0  entry8b.o(.ARM.Collect$$$$0000000A)
    _main_init                               0x00000275   Thumb Code     0  entry9a.o(.ARM.Collect$$$$0000000B)
    __rt_final_cpp                           0x0000027d   Thumb Code     0  entry10a.o(.ARM.Collect$$$$0000000D)
    __rt_final_exit                          0x0000027d   Thumb Code     0  entry11a.o(.ARM.Collect$$$$0000000F)
    main                                     0x00000281   Thumb Code    48  main.o(.text)
    generate_random_number                   0x00000329   Thumb Code    48  hw3_staff.o(.text)
    get_new_direction                        0x00000359   Thumb Code   212  hw3_staff.o(.text)
    get_new_move_count                       0x0000042d   Thumb Code    28  hw3_staff.o(.text)
    set_image                                0x00000459   Thumb Code    98  hw3.o(.text)
    set_dir                                  0x000004bb   Thumb Code    16  hw3.o(.text)
    set_x                                    0x000004cb   Thumb Code     8  hw3.o(.text)
    set_y                                    0x000004d3   Thumb Code     8  hw3.o(.text)
    contact_edge                             0x000004db   Thumb Code   134  hw3.o(.text)
    move_image                               0x00000561   Thumb Code    62  hw3.o(.text)
    check_game_over                          0x0000059f   Thumb Code   350  hw3.o(.text)
    check_bump                               0x000006fd   Thumb Code   448  hw3.o(.text)
    check_shot_on_target                     0x000008bd   Thumb Code     2  hw3.o(.text)
    init_hardware                            0x000008bf   Thumb Code    72  hw3.o(.text)
    hw3_main                                 0x00000907   Thumb Code   382  hw3.o(.text)
    ps2_get_direction                        0x00000ab9   Thumb Code   176  hw3_interrupts.o(.text)
    TIMER2A_Handler                          0x00000b69   Thumb Code    94  hw3_interrupts.o(.text)
    TIMER3A_Handler                          0x00000bc7   Thumb Code   650  hw3_interrupts.o(.text)
    TIMER4A_Handler                          0x00000e51   Thumb Code    26  hw3_interrupts.o(.text)
    ADC0SS2_Handler                          0x00000e6b   Thumb Code    40  hw3_interrupts.o(.text)
    gpio_get_irq_num                         0x00000f39   Thumb Code    74  gpio_port.o(.text)
    gpio_enable_port                         0x00000f83   Thumb Code   156  gpio_port.o(.text)
    gpio_config_digital_enable               0x0000101f   Thumb Code    34  gpio_port.o(.text)
    gpio_config_enable_output                0x00001041   Thumb Code    34  gpio_port.o(.text)
    gpio_config_enable_input                 0x00001063   Thumb Code    34  gpio_port.o(.text)
    gpio_config_enable_pullup                0x00001085   Thumb Code    34  gpio_port.o(.text)
    gpio_config_enable_pulldown              0x000010a7   Thumb Code    34  gpio_port.o(.text)
    gpio_config_analog_enable                0x000010c9   Thumb Code    34  gpio_port.o(.text)
    gpio_config_alternate_function           0x000010eb   Thumb Code    34  gpio_port.o(.text)
    gpio_config_port_control                 0x0000110d   Thumb Code    54  gpio_port.o(.text)
    gpio_config_open_drain                   0x00001143   Thumb Code    34  gpio_port.o(.text)
    gpio_config_falling_edge_irq             0x00001165   Thumb Code    56  gpio_port.o(.text)
    timer_get_irq_num                        0x000011fd   Thumb Code    74  timers.o(.text)
    gp_timer_wait                            0x000012b1   Thumb Code    64  timers.o(.text)
    gp_timer_config_32                       0x000012f1   Thumb Code   252  timers.o(.text)
    delayms                                  0x00001405   Thumb Code    26  lcd.o(.text)
    lcd_set_pos                              0x00001493   Thumb Code    58  lcd.o(.text)
    lcd_clear_screen                         0x000014cd   Thumb Code    52  lcd.o(.text)
    lcd_draw_box                             0x00001501   Thumb Code   138  lcd.o(.text)
    lcd_draw_rectangle                       0x0000158b   Thumb Code    82  lcd.o(.text)
    lcd_draw_rectangle_centered              0x000015dd   Thumb Code   152  lcd.o(.text)
    lcd_draw_pixel                           0x00001675   Thumb Code    28  lcd.o(.text)
    lcd_draw_char                            0x00001691   Thumb Code   556  lcd.o(.text)
    lcd_draw_image                           0x000018bd   Thumb Code   242  lcd.o(.text)
    lcd_draw_color_image                     0x000019af   Thumb Code   142  lcd.o(.text)
    lcd_config_gpio                          0x00001a3d   Thumb Code   190  lcd.o(.text)
    lcd_config_screen                        0x00001afb   Thumb Code   548  lcd.o(.text)
    lcd_draw_line                            0x00001d1f   Thumb Code   200  lcd.o(.text)
    lcd_draw_circle                          0x00001de7   Thumb Code   356  lcd.o(.text)
    ps2_initialize_adc                       0x00001fe5   Thumb Code    88  ps2-new.o(.text)
    ps2_initialize                           0x0000203d   Thumb Code    12  ps2-new.o(.text)
    ps2_get_x                                0x00002049   Thumb Code     2  ps2-new.o(.text)
    ps2_get_y                                0x0000204b   Thumb Code     2  ps2-new.o(.text)
    Reset_Handler                            0x00002065   Thumb Code     8  startup_tm4c123.o(.text)
    NMI_Handler                              0x0000206d   Thumb Code     2  startup_tm4c123.o(.text)
    HardFault_Handler                        0x0000206f   Thumb Code     2  startup_tm4c123.o(.text)
    MemManage_Handler                        0x00002071   Thumb Code     2  startup_tm4c123.o(.text)
    BusFault_Handler                         0x00002073   Thumb Code     2  startup_tm4c123.o(.text)
    UsageFault_Handler                       0x00002075   Thumb Code     2  startup_tm4c123.o(.text)
    SVC_Handler                              0x00002077   Thumb Code     2  startup_tm4c123.o(.text)
    DebugMon_Handler                         0x00002079   Thumb Code     2  startup_tm4c123.o(.text)
    PendSV_Handler                           0x0000207b   Thumb Code     2  startup_tm4c123.o(.text)
    SysTick_Handler                          0x0000207d   Thumb Code     2  startup_tm4c123.o(.text)
    GPIOA_Handler                            0x0000207f   Thumb Code     2  startup_tm4c123.o(.text)
    GPIOB_Handler                            0x00002081   Thumb Code     2  startup_tm4c123.o(.text)
    GPIOC_Handler                            0x00002083   Thumb Code     2  startup_tm4c123.o(.text)
    GPIOD_Handler                            0x00002085   Thumb Code     2  startup_tm4c123.o(.text)
    GPIOE_Handler                            0x00002087   Thumb Code     2  startup_tm4c123.o(.text)
    UART0_Handler                            0x00002089   Thumb Code     2  startup_tm4c123.o(.text)
    UART1_Handler                            0x0000208b   Thumb Code     2  startup_tm4c123.o(.text)
    SSI0_Handler                             0x0000208d   Thumb Code     2  startup_tm4c123.o(.text)
    I2C0_Handler                             0x0000208f   Thumb Code     2  startup_tm4c123.o(.text)
    PMW0_FAULT_Handler                       0x00002091   Thumb Code     2  startup_tm4c123.o(.text)
    PWM0_0_Handler                           0x00002093   Thumb Code     2  startup_tm4c123.o(.text)
    PWM0_1_Handler                           0x00002095   Thumb Code     2  startup_tm4c123.o(.text)
    PWM0_2_Handler                           0x00002097   Thumb Code     2  startup_tm4c123.o(.text)
    QEI0_Handler                             0x00002099   Thumb Code     2  startup_tm4c123.o(.text)
    ADC0SS0_Handler                          0x0000209b   Thumb Code     2  startup_tm4c123.o(.text)
    ADC0SS1_Handler                          0x0000209d   Thumb Code     2  startup_tm4c123.o(.text)
    ADC0SS3_Handler                          0x000020a1   Thumb Code     2  startup_tm4c123.o(.text)
    WDT0_Handler                             0x000020a3   Thumb Code     2  startup_tm4c123.o(.text)
    TIMER0A_Handler                          0x000020a5   Thumb Code     2  startup_tm4c123.o(.text)
    TIMER0B_Handler                          0x000020a7   Thumb Code     2  startup_tm4c123.o(.text)
    TIMER1A_Handler                          0x000020a9   Thumb Code     2  startup_tm4c123.o(.text)
    TIMER1B_Handler                          0x000020ab   Thumb Code     2  startup_tm4c123.o(.text)
    TIMER2B_Handler                          0x000020af   Thumb Code     2  startup_tm4c123.o(.text)
    COMP0_Handler                            0x000020b1   Thumb Code     2  startup_tm4c123.o(.text)
    COMP1_Handler                            0x000020b3   Thumb Code     2  startup_tm4c123.o(.text)
    COMP2_Handler                            0x000020b5   Thumb Code     2  startup_tm4c123.o(.text)
    SYSCTL_Handler                           0x000020b7   Thumb Code     2  startup_tm4c123.o(.text)
    FLASH_Handler                            0x000020b9   Thumb Code     2  startup_tm4c123.o(.text)
    GPIOF_Handler                            0x000020bb   Thumb Code     2  startup_tm4c123.o(.text)
    GPIOG_Handler                            0x000020bd   Thumb Code     2  startup_tm4c123.o(.text)
    GPIOH_Handler                            0x000020bf   Thumb Code     2  startup_tm4c123.o(.text)
    UART2_Handler                            0x000020c1   Thumb Code     2  startup_tm4c123.o(.text)
    SSI1_Handler                             0x000020c3   Thumb Code     2  startup_tm4c123.o(.text)
    TIMER3B_Handler                          0x000020c7   Thumb Code     2  startup_tm4c123.o(.text)
    I2C1_Handler                             0x000020c9   Thumb Code     2  startup_tm4c123.o(.text)
    QEI1_Handler                             0x000020cb   Thumb Code     2  startup_tm4c123.o(.text)
    CAN0_Handler                             0x000020cd   Thumb Code     2  startup_tm4c123.o(.text)
    CAN1_Handler                             0x000020cf   Thumb Code     2  startup_tm4c123.o(.text)
    CAN2_Handler                             0x000020d1   Thumb Code     2  startup_tm4c123.o(.text)
    HIB_Handler                              0x000020d3   Thumb Code     2  startup_tm4c123.o(.text)
    USB0_Handler                             0x000020d5   Thumb Code     2  startup_tm4c123.o(.text)
    PWM0_3_Handler                           0x000020d7   Thumb Code     2  startup_tm4c123.o(.text)
    UDMA_Handler                             0x000020d9   Thumb Code     2  startup_tm4c123.o(.text)
    UDMAERR_Handler                          0x000020db   Thumb Code     2  startup_tm4c123.o(.text)
    ADC1SS0_Handler                          0x000020dd   Thumb Code     2  startup_tm4c123.o(.text)
    ADC1SS1_Handler                          0x000020df   Thumb Code     2  startup_tm4c123.o(.text)
    ADC1SS2_Handler                          0x000020e1   Thumb Code     2  startup_tm4c123.o(.text)
    ADC1SS3_Handler                          0x000020e3   Thumb Code     2  startup_tm4c123.o(.text)
    GPIOJ_Handler                            0x000020e5   Thumb Code     2  startup_tm4c123.o(.text)
    GPIOK_Handler                            0x000020e7   Thumb Code     2  startup_tm4c123.o(.text)
    GPIOL_Handler                            0x000020e9   Thumb Code     2  startup_tm4c123.o(.text)
    SSI2_Handler                             0x000020eb   Thumb Code     2  startup_tm4c123.o(.text)
    SSI3_Handler                             0x000020ed   Thumb Code     2  startup_tm4c123.o(.text)
    UART3_Handler                            0x000020ef   Thumb Code     2  startup_tm4c123.o(.text)
    UART4_Handler                            0x000020f1   Thumb Code     2  startup_tm4c123.o(.text)
    UART5_Handler                            0x000020f3   Thumb Code     2  startup_tm4c123.o(.text)
    UART6_Handler                            0x000020f5   Thumb Code     2  startup_tm4c123.o(.text)
    UART7_Handler                            0x000020f7   Thumb Code     2  startup_tm4c123.o(.text)
    I2C2_Handler                             0x000020f9   Thumb Code     2  startup_tm4c123.o(.text)
    I2C3_Handler                             0x000020fb   Thumb Code     2  startup_tm4c123.o(.text)
    TIMER4B_Handler                          0x000020ff   Thumb Code     2  startup_tm4c123.o(.text)
    TIMER5A_Handler                          0x00002101   Thumb Code     2  startup_tm4c123.o(.text)
    TIMER5B_Handler                          0x00002103   Thumb Code     2  startup_tm4c123.o(.text)
    WTIMER0A_Handler                         0x00002105   Thumb Code     2  startup_tm4c123.o(.text)
    WTIMER0B_Handler                         0x00002107   Thumb Code     2  startup_tm4c123.o(.text)
    WTIMER1A_Handler                         0x00002109   Thumb Code     2  startup_tm4c123.o(.text)
    WTIMER1B_Handler                         0x0000210b   Thumb Code     2  startup_tm4c123.o(.text)
    WTIMER2A_Handler                         0x0000210d   Thumb Code     2  startup_tm4c123.o(.text)
    WTIMER2B_Handler                         0x0000210f   Thumb Code     2  startup_tm4c123.o(.text)
    WTIMER3A_Handler                         0x00002111   Thumb Code     2  startup_tm4c123.o(.text)
    WTIMER3B_Handler                         0x00002113   Thumb Code     2  startup_tm4c123.o(.text)
    WTIMER4A_Handler                         0x00002115   Thumb Code     2  startup_tm4c123.o(.text)
    WTIMER4B_Handler                         0x00002117   Thumb Code     2  startup_tm4c123.o(.text)
    WTIMER5A_Handler                         0x00002119   Thumb Code     2  startup_tm4c123.o(.text)
    WTIMER5B_Handler                         0x0000211b   Thumb Code     2  startup_tm4c123.o(.text)
    FPU_Handler                              0x0000211d   Thumb Code     2  startup_tm4c123.o(.text)
    I2C4_Handler                             0x0000211f   Thumb Code     2  startup_tm4c123.o(.text)
    I2C5_Handler                             0x00002121   Thumb Code     2  startup_tm4c123.o(.text)
    GPIOM_Handler                            0x00002123   Thumb Code     2  startup_tm4c123.o(.text)
    GPION_Handler                            0x00002125   Thumb Code     2  startup_tm4c123.o(.text)
    QEI2_Handler                             0x00002127   Thumb Code     2  startup_tm4c123.o(.text)
    GPIOP0_Handler                           0x00002129   Thumb Code     2  startup_tm4c123.o(.text)
    GPIOP1_Handler                           0x0000212b   Thumb Code     2  startup_tm4c123.o(.text)
    GPIOP2_Handler                           0x0000212d   Thumb Code     2  startup_tm4c123.o(.text)
    GPIOP3_Handler                           0x0000212f   Thumb Code     2  startup_tm4c123.o(.text)
    GPIOP4_Handler                           0x00002131   Thumb Code     2  startup_tm4c123.o(.text)
    GPIOP5_Handler                           0x00002133   Thumb Code     2  startup_tm4c123.o(.text)
    GPIOP6_Handler                           0x00002135   Thumb Code     2  startup_tm4c123.o(.text)
    GPIOP7_Handler                           0x00002137   Thumb Code     2  startup_tm4c123.o(.text)
    GPIOQ0_Handler                           0x00002139   Thumb Code     2  startup_tm4c123.o(.text)
    GPIOQ1_Handler                           0x0000213b   Thumb Code     2  startup_tm4c123.o(.text)
    GPIOQ2_Handler                           0x0000213d   Thumb Code     2  startup_tm4c123.o(.text)
    GPIOQ3_Handler                           0x0000213f   Thumb Code     2  startup_tm4c123.o(.text)
    GPIOQ4_Handler                           0x00002141   Thumb Code     2  startup_tm4c123.o(.text)
    GPIOQ5_Handler                           0x00002143   Thumb Code     2  startup_tm4c123.o(.text)
    GPIOQ6_Handler                           0x00002145   Thumb Code     2  startup_tm4c123.o(.text)
    GPIOQ7_Handler                           0x00002147   Thumb Code     2  startup_tm4c123.o(.text)
    GPIOR_Handler                            0x00002149   Thumb Code     2  startup_tm4c123.o(.text)
    GPIOS_Handler                            0x0000214b   Thumb Code     2  startup_tm4c123.o(.text)
    PMW1_0_Handler                           0x0000214d   Thumb Code     2  startup_tm4c123.o(.text)
    PWM1_1_Handler                           0x0000214f   Thumb Code     2  startup_tm4c123.o(.text)
    PWM1_2_Handler                           0x00002151   Thumb Code     2  startup_tm4c123.o(.text)
    PWM1_3_Handler                           0x00002153   Thumb Code     2  startup_tm4c123.o(.text)
    PWM1_FAULT_Handler                       0x00002155   Thumb Code     2  startup_tm4c123.o(.text)
    SystemCoreClockUpdate                    0x00002217   Thumb Code   184  system_tm4c123.o(.text)
    SystemInit                               0x000022cf   Thumb Code   112  system_tm4c123.o(.text)
    staff_uart_config_gpio                   0x000023ad   Thumb Code    82  hw2.o(.text)
    staff_uart_config_polling                0x000023ff   Thumb Code    68  hw2.o(.text)
    put_string                               0x00002443   Thumb Code    34  hw2.o(.text)
    put_char                                 0x00002465   Thumb Code    20  hw2.o(.text)
    get_char                                 0x00002479   Thumb Code    62  hw2.o(.text)
    get_string                               0x000024b7   Thumb Code    40  hw2.o(.text)
    initialize_serial_debug                  0x000024df   Thumb Code    12  hw2.o(.text)
    __aeabi_i2d                              0x000024fd   Thumb Code    34  dflti.o(.text)
    __aeabi_ui2d                             0x0000251f   Thumb Code    26  dfltui.o(.text)
    __aeabi_cdcmpeq                          0x00002539   Thumb Code     0  cdcmple.o(.text)
    __aeabi_cdcmple                          0x00002539   Thumb Code    48  cdcmple.o(.text)
    __aeabi_cdrcmple                         0x00002569   Thumb Code    48  cdrcmple.o(.text)
    __aeabi_uidiv                            0x00002599   Thumb Code     0  uidiv.o(.text)
    __aeabi_uidivmod                         0x00002599   Thumb Code    44  uidiv.o(.text)
    __I$use$fp                               0x000025c5   Thumb Code     0  iusefp.o(.text)
    _double_round                            0x000025c5   Thumb Code    30  depilogue.o(.text)
    _double_epilogue                         0x000025e3   Thumb Code   156  depilogue.o(.text)
    __scatterload                            0x00002681   Thumb Code    28  init.o(.text)
    __scatterload_rt2                        0x00002681   Thumb Code     0  init.o(.text)
    __aeabi_llsl                             0x000026a5   Thumb Code    30  llshl.o(.text)
    _ll_shift_l                              0x000026a5   Thumb Code     0  llshl.o(.text)
    __aeabi_llsr                             0x000026c3   Thumb Code    32  llushr.o(.text)
    _ll_ushift_r                             0x000026c3   Thumb Code     0  llushr.o(.text)
    __0sprintf$1                             0x000026e5   Thumb Code    34  printf1.o(i.__0sprintf$1)
    __1sprintf$1                             0x000026e5   Thumb Code     0  printf1.o(i.__0sprintf$1)
    __2sprintf                               0x000026e5   Thumb Code     0  printf1.o(i.__0sprintf$1)
    __hardfp_fabs                            0x0000270d   Thumb Code    20  fabs.o(i.__hardfp_fabs)
    __scatterload_copy                       0x00002721   Thumb Code    14  handlers.o(i.__scatterload_copy)
    __scatterload_null                       0x0000272f   Thumb Code     2  handlers.o(i.__scatterload_null)
    __scatterload_zeroinit                   0x00002731   Thumb Code    14  handlers.o(i.__scatterload_zeroinit)
    malloc                                   0x000028a1   Thumb Code    92  malloc.o(i.malloc)
    space_shipBitmaps                        0x00002920   Data         252  hw3_images.o(.constdata)
    space_shipWidthPixels                    0x00002a1c   Data           1  hw3_images.o(.constdata)
    space_shipHeightPixels                   0x00002a1d   Data           1  hw3_images.o(.constdata)
    easytank_upBitmaps                       0x00002a1e   Data         210  hw3_images.o(.constdata)
    easytank_upWidthPixels                   0x00002af0   Data           1  hw3_images.o(.constdata)
    easytank_upHeightPixels                  0x00002af1   Data           1  hw3_images.o(.constdata)
    easytank_downBitmaps                     0x00002af2   Data         210  hw3_images.o(.constdata)
    easytank_downWidthPixels                 0x00002bc4   Data           1  hw3_images.o(.constdata)
    easytank_downHeightPixels                0x00002bc5   Data           1  hw3_images.o(.constdata)
    easytank_rightBitmaps                    0x00002bc6   Data         228  hw3_images.o(.constdata)
    easytank_rightWidthPixels                0x00002caa   Data           1  hw3_images.o(.constdata)
    easytank_rightHeightPixels               0x00002cab   Data           1  hw3_images.o(.constdata)
    easytank_leftBitmaps                     0x00002cac   Data         228  hw3_images.o(.constdata)
    easytank_leftWidthPixels                 0x00002d90   Data           1  hw3_images.o(.constdata)
    easytank_leftHeightPixels                0x00002d91   Data           1  hw3_images.o(.constdata)
    Region$$Table$$Base                      0x00002d94   Number         0  anon$$obj.o(Region$$Table)
    Region$$Table$$Limit                     0x00002db4   Number         0  anon$$obj.o(Region$$Table)
    SHIP_X_COORD                             0x20000004   Data           2  hw3.o(.data)
    SHIP_Y_COORD                             0x20000006   Data           2  hw3.o(.data)
    INVADER_X_COORD                          0x20000008   Data           2  hw3.o(.data)
    INVADER_Y_COORD                          0x2000000a   Data           2  hw3.o(.data)
    ALERT_INVADER                            0x2000000c   Data           1  hw3.o(.data)
    STUDENT_NAME                             0x2000000d   Data          27  hw3.o(.data)
    i                                        0x20000028   Data           4  hw3.o(.data)
    player                                   0x2000002c   Data           4  hw3.o(.data)
    enermy                                   0x20000030   Data           4  hw3.o(.data)
    enermy_size                              0x20000034   Data           1  hw3.o(.data)
    SystemCoreClock                          0x2000003c   Data           4  system_tm4c123.o(.data)
    __microlib_freelist                      0x20000040   Data           4  mvars.o(.data)
    __microlib_freelist_initialised          0x20000044   Data           4  mvars.o(.data)
    ALERT_SPACE_SHIP                         0x20000048   Data          10  hw3.o(.bss)
    __heap_base                              0x20000070   Data           0  startup_tm4c123.o(HEAP)
    __heap_limit                             0x20000070   Data           0  startup_tm4c123.o(HEAP)
    __initial_sp                             0x20001070   Data           0  startup_tm4c123.o(STACK)



==============================================================================

Memory Map of the image

  Image Entry point : 0x00002065

  Load Region LR_1 (Base: 0x00000000, Size: 0x00002dfc, Max: 0xffffffff, ABSOLUTE)

    Execution Region ER_RO (Exec base: 0x00000000, Load base: 0x00000000, Size: 0x00002db4, Max: 0xffffffff, ABSOLUTE)

    Exec Addr    Load Addr    Size         Type   Attr      Idx    E Section Name        Object

    0x00000000   0x00000000   0x0000026c   Data   RO          338    RESET               startup_tm4c123.o
    0x0000026c   0x0000026c   0x00000000   Code   RO          439  * .ARM.Collect$$$$00000000  mc_w.l(entry.o)
    0x0000026c   0x0000026c   0x00000004   Code   RO          739    .ARM.Collect$$$$00000001  mc_w.l(entry2.o)
    0x00000270   0x00000270   0x00000004   Code   RO          742    .ARM.Collect$$$$00000004  mc_w.l(entry5.o)
    0x00000274   0x00000274   0x00000000   Code   RO          744    .ARM.Collect$$$$00000008  mc_w.l(entry7b.o)
    0x00000274   0x00000274   0x00000000   Code   RO          746    .ARM.Collect$$$$0000000A  mc_w.l(entry8b.o)
    0x00000274   0x00000274   0x00000008   Code   RO          747    .ARM.Collect$$$$0000000B  mc_w.l(entry9a.o)
    0x0000027c   0x0000027c   0x00000000   Code   RO          749    .ARM.Collect$$$$0000000D  mc_w.l(entry10a.o)
    0x0000027c   0x0000027c   0x00000000   Code   RO          751    .ARM.Collect$$$$0000000F  mc_w.l(entry11a.o)
    0x0000027c   0x0000027c   0x00000004   Code   RO          740    .ARM.Collect$$$$00002712  mc_w.l(entry2.o)
    0x00000280   0x00000280   0x000000a8   Code   RO            4    .text               main.o
    0x00000328   0x00000328   0x00000130   Code   RO          118    .text               hw3_staff.o
    0x00000458   0x00000458   0x00000660   Code   RO          145    .text               hw3.o
    0x00000ab8   0x00000ab8   0x00000440   Code   RO          176    .text               hw3_interrupts.o
    0x00000ef8   0x00000ef8   0x000002c4   Code   RO          215    .text               gpio_port.o
    0x000011bc   0x000011bc   0x00000248   Code   RO          239    .text               timers.o
    0x00001404   0x00001404   0x00000b46   Code   RO          291    .text               lcd.o
    0x00001f4a   0x00001f4a   0x00000002   PAD
    0x00001f4c   0x00001f4c   0x00000118   Code   RO          315    .text               ps2-new.o
    0x00002064   0x00002064   0x000000fc   Code   RO          339  * .text               startup_tm4c123.o
    0x00002160   0x00002160   0x0000024c   Code   RO          346    .text               system_tm4c123.o
    0x000023ac   0x000023ac   0x00000150   Code   RO          376    .text               hw3_f18.lib(hw2.o)
    0x000024fc   0x000024fc   0x00000022   Code   RO          731    .text               mf_w.l(dflti.o)
    0x0000251e   0x0000251e   0x0000001a   Code   RO          733    .text               mf_w.l(dfltui.o)
    0x00002538   0x00002538   0x00000030   Code   RO          735    .text               mf_w.l(cdcmple.o)
    0x00002568   0x00002568   0x00000030   Code   RO          737    .text               mf_w.l(cdrcmple.o)
    0x00002598   0x00002598   0x0000002c   Code   RO          756    .text               mc_w.l(uidiv.o)
    0x000025c4   0x000025c4   0x00000000   Code   RO          766    .text               mc_w.l(iusefp.o)
    0x000025c4   0x000025c4   0x000000ba   Code   RO          767    .text               mf_w.l(depilogue.o)
    0x0000267e   0x0000267e   0x00000002   PAD
    0x00002680   0x00002680   0x00000024   Code   RO          777    .text               mc_w.l(init.o)
    0x000026a4   0x000026a4   0x0000001e   Code   RO          780    .text               mc_w.l(llshl.o)
    0x000026c2   0x000026c2   0x00000020   Code   RO          782    .text               mc_w.l(llushr.o)
    0x000026e2   0x000026e2   0x00000002   PAD
    0x000026e4   0x000026e4   0x00000028   Code   RO          489    i.__0sprintf$1      mc_w.l(printf1.o)
    0x0000270c   0x0000270c   0x00000014   Code   RO          433    i.__hardfp_fabs     m_wm.l(fabs.o)
    0x00002720   0x00002720   0x0000000e   Code   RO          789    i.__scatterload_copy  mc_w.l(handlers.o)
    0x0000272e   0x0000272e   0x00000002   Code   RO          790    i.__scatterload_null  mc_w.l(handlers.o)
    0x00002730   0x00002730   0x0000000e   Code   RO          791    i.__scatterload_zeroinit  mc_w.l(handlers.o)
    0x0000273e   0x0000273e   0x00000002   PAD
    0x00002740   0x00002740   0x00000154   Code   RO          494    i._printf_core      mc_w.l(printf1.o)
    0x00002894   0x00002894   0x0000000a   Code   RO          496    i._sputc            mc_w.l(printf1.o)
    0x0000289e   0x0000289e   0x00000002   PAD
    0x000028a0   0x000028a0   0x0000006c   Code   RO          704    i.malloc            mc_w.l(malloc.o)
    0x0000290c   0x0000290c   0x00000014   Data   RO          119    .constdata          hw3_staff.o
    0x00002920   0x00002920   0x00000472   Data   RO          200    .constdata          hw3_images.o
    0x00002d92   0x00002d92   0x00000002   PAD
    0x00002d94   0x00002d94   0x00000020   Data   RO          787    Region$$Table       anon$$obj.o


    Execution Region ER_RW (Exec base: 0x20000000, Load base: 0x00002db4, Size: 0x00000048, Max: 0xffffffff, ABSOLUTE)

    Exec Addr    Load Addr    Size         Type   Attr      Idx    E Section Name        Object

    0x20000000   0x00002db4   0x00000002   Data   RW          120    .data               hw3_staff.o
    0x20000002   0x00002db6   0x00000002   PAD
    0x20000004   0x00002db8   0x00000031   Data   RW          147    .data               hw3.o
    0x20000035   0x00002de9   0x00000001   PAD
    0x20000036   0x00002dea   0x00000005   Data   RW          178    .data               hw3_interrupts.o
    0x2000003b   0x00002def   0x00000001   PAD
    0x2000003c   0x00002df0   0x00000004   Data   RW          347    .data               system_tm4c123.o
    0x20000040   0x00002df4   0x00000004   Data   RW          764    .data               mc_w.l(mvars.o)
    0x20000044   0x00002df8   0x00000004   Data   RW          765    .data               mc_w.l(mvars.o)


    Execution Region ER_ZI (Exec base: 0x20000048, Load base: 0x00002dfc, Size: 0x00001028, Max: 0xffffffff, ABSOLUTE)

    Exec Addr    Load Addr    Size         Type   Attr      Idx    E Section Name        Object

    0x20000048        -       0x0000000a   Zero   RW          146    .bss                hw3.o
    0x20000052        -       0x0000001e   Zero   RW          177    .bss                hw3_interrupts.o
    0x20000070        -       0x00000000   Zero   RW          337    HEAP                startup_tm4c123.o
    0x20000070        -       0x00001000   Zero   RW          336    STACK               startup_tm4c123.o


==============================================================================

Image component sizes


      Code (inc. data)   RO Data    RW Data    ZI Data      Debug   Object Name

       708         32          0          0          0       5126   gpio_port.o
      1632        106          0         49         10       5647   hw3.o
         0          0       1138          0          0       1390   hw3_images.o
      1088        102          0          5         30       2008   hw3_interrupts.o
       304         16         20          2          0       2002   hw3_staff.o
      2886         28          0          0          0       8196   lcd.o
       168        120          0          0          0      28369   main.o
       280         24          0          0          0       1528   ps2-new.o
       252         10        620          0       4096       5424   startup_tm4c123.o
       588        134          0          4          0       1521   system_tm4c123.o
       584         24          0          0          0      32844   timers.o

    ----------------------------------------------------------------------
      8492        596       1812         64       4136      94055   Object Totals
         0          0         32          0          0          0   (incl. Generated)
         2          0          2          4          0          0   (incl. Padding)

    ----------------------------------------------------------------------

      Code (inc. data)   RO Data    RW Data    ZI Data      Debug   Library Member Name

       336         18          0          0          0       1619   hw2.o
        20          0          0          0          0        124   fabs.o
         0          0          0          0          0          0   entry.o
         0          0          0          0          0          0   entry10a.o
         0          0          0          0          0          0   entry11a.o
         8          4          0          0          0          0   entry2.o
         4          0          0          0          0          0   entry5.o
         0          0          0          0          0          0   entry7b.o
         0          0          0          0          0          0   entry8b.o
         8          4          0          0          0          0   entry9a.o
        30          0          0          0          0          0   handlers.o
        36          8          0          0          0         68   init.o
         0          0          0          0          0          0   iusefp.o
        30          0          0          0          0         68   llshl.o
        32          0          0          0          0         68   llushr.o
       108         16          0          0          0         84   malloc.o
         0          0          0          8          0          0   mvars.o
       390         10          0          0          0        252   printf1.o
        44          0          0          0          0         80   uidiv.o
        48          0          0          0          0         68   cdcmple.o
        48          0          0          0          0         68   cdrcmple.o
       186          0          0          0          0        176   depilogue.o
        34          0          0          0          0         76   dflti.o
        26          0          0          0          0         76   dfltui.o

    ----------------------------------------------------------------------
      1396         60          0          8          0       2827   Library Totals
         8          0          0          0          0          0   (incl. Padding)

    ----------------------------------------------------------------------

      Code (inc. data)   RO Data    RW Data    ZI Data      Debug   Library Name

       336         18          0          0          0       1619   hw3_f18.lib
        20          0          0          0          0        124   m_wm.l
       690         42          0          8          0        620   mc_w.l
       342          0          0          0          0        464   mf_w.l

    ----------------------------------------------------------------------
      1396         60          0          8          0       2827   Library Totals

    ----------------------------------------------------------------------

==============================================================================


      Code (inc. data)   RO Data    RW Data    ZI Data      Debug   

      9888        656       1812         72       4136      94714   Grand Totals
      9888        656       1812         72       4136      94714   ELF Image Totals
      9888        656       1812         72          0          0   ROM Totals

==============================================================================

    Total RO  Size (Code + RO Data)                11700 (  11.43kB)
    Total RW  Size (RW Data + ZI Data)              4208 (   4.11kB)
    Total ROM Size (Code + RO Data + RW Data)      11772 (  11.50kB)

==============================================================================

