Component: ARM Compiler 5.06 update 6 (build 750) Tool: armlink [4d35ed]

==============================================================================

Section Cross References

    main.o(.text) refers to malloc.o(i.malloc) for malloc
    main.o(.text) refers to project_hardware_init.o(.text) for hardwareInit
    main.o(.text) refers to printf1.o(i.__0printf$1) for __2printf
    main.o(.text) refers to game.o(.text) for game
    main.o(.text) refers to main.o(.data) for RESTART
    main.o(.text) refers to main.o(.conststring) for .conststring
    project_hardware_init.o(.text) refers to main.o(.text) for DisableInterrupts
    project_hardware_init.o(.text) refers to serial_debug.o(.text) for init_serial_debug
    project_hardware_init.o(.text) refers to lcd.o(.text) for lcd_config_gpio
    project_hardware_init.o(.text) refers to ps2.o(.text) for ps2_initialize
    project_hardware_init.o(.text) refers to io_expander.o(.text) for io_expander_init
    project_hardware_init.o(.text) refers to timers.o(.text) for gp_timer_config_32
    project_interrupts.o(.text) refers to dfltui.o(.text) for __aeabi_ui2d
    project_interrupts.o(.text) refers to cdrcmple.o(.text) for __aeabi_cdrcmple
    project_interrupts.o(.text) refers to game.o(.text) for set_dir
    project_interrupts.o(.text) refers to cdcmple.o(.text) for __aeabi_cdcmple
    project_interrupts.o(.text) refers to staff.o(.text) for get_new_direction
    project_interrupts.o(.text) refers to printf1.o(i.__0printf$1) for __2printf
    project_interrupts.o(.text) refers to project_interrupts.o(.data) for PS2_X_DATA
    project_interrupts.o(.text) refers to game.o(.data) for player
    project_interrupts.o(.text) refers to project_interrupts.o(.bss) for bump
    project_interrupts.o(.text) refers to game.o(.bss) for ALERT_SPACE_SHIP
    project_interrupts.o(.text) refers to io_expander.o(.text) for io_expander_read_reg
    game.o(.text) refers to map.o(.text) for get_pos
    game.o(.text) refers to printf1.o(i.__0printf$1) for __2printf
    game.o(.text) refers to lcd.o(.text) for lcd_draw_image
    game.o(.text) refers to images.o(.constdata) for easytank_upBitmaps
    game.o(.text) refers to game.o(.data) for player
    game.o(.text) refers to map.o(.constdata) for Sevastopol
    game.o(.text) refers to malloc.o(i.malloc) for malloc
    game.o(.text) refers to top_row_display.o(.text) for drawHP
    game.o(.text) refers to game.o(.bss) for ALERT_SPACE_SHIP
    game.o(.text) refers to project_interrupts.o(.data) for button
    staff.o(.text) refers to dflti.o(.text) for __aeabi_i2d
    staff.o(.text) refers to fabs.o(i.__hardfp_fabs) for __hardfp_fabs
    staff.o(.text) refers to cdrcmple.o(.text) for __aeabi_cdrcmple
    staff.o(.text) refers to staff.o(.data) for lfsr
    staff.o(.text) refers to game.o(.data) for enermy
    staff.o(.text) refers to staff.o(.constdata) for MOVE_AMOUNT
    map.o(.text) refers to lcd.o(.text) for lcd_draw_image
    map.o(.text) refers to map.o(.constdata) for wall_tileBitmaps
    top_row_display.o(.text) refers to lcd.o(.text) for lcd_draw_image
    top_row_display.o(.text) refers to top_row_display.o(.constdata) for H
    breathing_led.o(.text) refers to launchpad_io.o(.text) for lp_io_init
    pc_buffer.o(.text) refers to malloc.o(i.malloc) for malloc
    eeprom.o(.text) refers to i2c.o(.text) for i2cVerifyBaseAddr
    eeprom.o(.text) refers to gpio_port.o(.text) for gpio_enable_port
    ft6x06.o(.text) refers to i2c.o(.text) for I2CMasterBusy
    ft6x06.o(.text) refers to gpio_port.o(.text) for gpio_enable_port
    lcd.o(.text) refers to gpio_port.o(.text) for gpio_enable_port
    ps2.o(.text) refers to gpio_port.o(.text) for gpio_enable_port
    serial_debug.o(.text) refers to pc_buffer.o(.text) for pc_buffer_empty
    serial_debug.o(.text) refers to main.o(.text) for DisableInterrupts
    serial_debug.o(.text) refers to uart.o(.text) for uart_tx_poll
    serial_debug.o(.text) refers to gpio_port.o(.text) for gpio_enable_port
    serial_debug.o(.text) refers to serial_debug.o(.data) for Tx_Interrupts_Enabled
    serial_debug.o(.text) refers to serial_debug.o(.bss) for UART0_Tx_Buffer
    serial_debug.o(.text) refers to stdout.o(.data) for __stdout
    io_expander.o(.text) refers to i2c.o(.text) for I2CMasterBusy
    io_expander.o(.text) refers to gpio_port.o(.text) for gpio_enable_port
    startup_tm4c123.o(RESET) refers to startup_tm4c123.o(STACK) for __initial_sp
    startup_tm4c123.o(RESET) refers to startup_tm4c123.o(.text) for Reset_Handler
    startup_tm4c123.o(RESET) refers to serial_debug.o(.text) for UART0_Handler
    startup_tm4c123.o(RESET) refers to project_interrupts.o(.text) for ADC0SS2_Handler
    startup_tm4c123.o(.text) refers to system_tm4c123.o(.text) for SystemInit
    startup_tm4c123.o(.text) refers to entry.o(.ARM.Collect$$$$00000000) for __main
    system_tm4c123.o(.text) refers to system_tm4c123.o(.data) for SystemCoreClock
[...]
    printf0.o(i.__0vsprintf$0) refers to printf0.o(i._printf_core) for _printf_core
    printf0.o(i.__0vsprintf$0) refers to printf0.o(i._sputc) for _sputc
    printf1.o(i.__0fprintf$1) refers to printf1.o(i._printf_core) for _printf_core
    printf1.o(i.__0fprintf$1) refers to serial_debug.o(.text) for fputc
    printf1.o(i.__0printf$1) refers to printf1.o(i._printf_core) for _printf_core
    printf1.o(i.__0printf$1) refers to serial_debug.o(.text) for fputc
    printf1.o(i.__0printf$1) refers to stdout.o(.data) for __stdout
    printf1.o(i.__0snprintf$1) refers to printf1.o(i._printf_core) for _printf_core
    printf1.o(i.__0snprintf$1) refers to printf1.o(i._snputc) for _snputc
    printf1.o(i.__0sprintf$1) refers to printf1.o(i._printf_core) for _printf_core
    printf1.o(i.__0sprintf$1) refers to printf1.o(i._sputc) for _sputc
    printf1.o(i.__0vfprintf$1) refers to printf1.o(i._printf_core) for _printf_core
    printf1.o(i.__0vfprintf$1) refers to serial_debug.o(.text) for fputc
    printf1.o(i.__0vprintf$1) refers to printf1.o(i._printf_core) for _printf_core
    printf1.o(i.__0vprintf$1) refers to serial_debug.o(.text) for fputc
    printf1.o(i.__0vprintf$1) refers to stdout.o(.data) for __stdout
    printf1.o(i.__0vsnprintf$1) refers to printf1.o(i._printf_core) for _printf_core
    printf1.o(i.__0vsnprintf$1) refers to printf1.o(i._snputc) for _snputc
    printf1.o(i.__0vsprintf$1) refers to printf1.o(i._printf_core) for _printf_core
    printf1.o(i.__0vsprintf$1) refers to printf1.o(i._sputc) for _sputc
    printf1.o(i._printf_core) refers to uidiv.o(.text) for __aeabi_uidivmod
    printf2.o(i.__0fprintf$2) refers to printf2.o(i._printf_core) for _printf_core
    printf2.o(i.__0fprintf$2) refers to serial_debug.o(.text) for fputc
    printf2.o(i.__0printf$2) refers to printf2.o(i._printf_core) for _printf_core
    printf2.o(i.__0printf$2) refers to serial_debug.o(.text) for fputc
    printf2.o(i.__0printf$2) refers to stdout.o(.data) for __stdout
    printf2.o(i.__0snprintf$2) refers to printf2.o(i._printf_core) for _printf_core
    printf2.o(i.__0snprintf$2) refers to printf2.o(i._snputc) for _snputc
    printf2.o(i.__0sprintf$2) refers to printf2.o(i._printf_core) for _printf_core
    printf2.o(i.__0sprintf$2) refers to printf2.o(i._sputc) for _sputc
    printf2.o(i.__0vfprintf$2) refers to printf2.o(i._printf_core) for _printf_core
    printf2.o(i.__0vfprintf$2) refers to serial_debug.o(.text) for fputc
    printf2.o(i.__0vprintf$2) refers to printf2.o(i._printf_core) for _printf_core
    printf2.o(i.__0vprintf$2) refers to serial_debug.o(.text) for fputc
    printf2.o(i.__0vprintf$2) refers to stdout.o(.data) for __stdout
    printf2.o(i.__0vsnprintf$2) refers to printf2.o(i._printf_core) for _printf_core
    printf2.o(i.__0vsnprintf$2) refers to printf2.o(i._snputc) for _snputc
    printf2.o(i.__0vsprintf$2) refers to printf2.o(i._printf_core) for _printf_core
    printf2.o(i.__0vsprintf$2) refers to printf2.o(i._sputc) for _sputc
    printf3.o(i.__0fprintf$3) refers to printf3.o(i._printf_core) for _printf_core
    printf3.o(i.__0fprintf$3) refers to serial_debug.o(.text) for fputc
    printf3.o(i.__0printf$3) refers to printf3.o(i._printf_core) for _printf_core
    printf3.o(i.__0printf$3) refers to serial_debug.o(.text) for fputc
    printf3.o(i.__0printf$3) refers to stdout.o(.data) for __stdout
    printf3.o(i.__0snprintf$3) refers to printf3.o(i._printf_core) for _printf_core
    printf3.o(i.__0snprintf$3) refers to printf3.o(i._snputc) for _snputc
    printf3.o(i.__0sprintf$3) refers to printf3.o(i._printf_core) for _printf_core
    printf3.o(i.__0sprintf$3) refers to printf3.o(i._sputc) for _sputc
    printf3.o(i.__0vfprintf$3) refers to printf3.o(i._printf_core) for _printf_core
    printf3.o(i.__0vfprintf$3) refers to serial_debug.o(.text) for fputc
    printf3.o(i.__0vprintf$3) refers to printf3.o(i._printf_core) for _printf_core
    printf3.o(i.__0vprintf$3) refers to serial_debug.o(.text) for fputc
    printf3.o(i.__0vprintf$3) refers to stdout.o(.data) for __stdout
    printf3.o(i.__0vsnprintf$3) refers to printf3.o(i._printf_core) for _printf_core
    printf3.o(i.__0vsnprintf$3) refers to printf3.o(i._snputc) for _snputc
    printf3.o(i.__0vsprintf$3) refers to printf3.o(i._printf_core) for _printf_core
    printf3.o(i.__0vsprintf$3) refers to printf3.o(i._sputc) for _sputc
    printf3.o(i._printf_core) refers to uidiv.o(.text) for __aeabi_uidivmod
    printf4.o(i.__0fprintf$4) refers to printf4.o(i._printf_core) for _printf_core
    printf4.o(i.__0fprintf$4) refers to serial_debug.o(.text) for fputc
    printf4.o(i.__0printf$4) refers to printf4.o(i._printf_core) for _printf_core
    printf4.o(i.__0printf$4) refers to serial_debug.o(.text) for fputc
    printf4.o(i.__0printf$4) refers to stdout.o(.data) for __stdout
    printf4.o(i.__0snprintf$4) refers to printf4.o(i._printf_core) for _printf_core
    printf4.o(i.__0snprintf$4) refers to printf4.o(i._snputc) for _snputc
    printf4.o(i.__0sprintf$4) refers to printf4.o(i._printf_core) for _printf_core
    printf4.o(i.__0sprintf$4) refers to printf4.o(i._sputc) for _sputc
    printf4.o(i.__0vfprintf$4) refers to printf4.o(i._printf_core) for _printf_core
    printf4.o(i.__0vfprintf$4) refers to serial_debug.o(.text) for fputc
    printf4.o(i.__0vprintf$4) refers to printf4.o(i._printf_core) for _printf_core
    printf4.o(i.__0vprintf$4) refers to serial_debug.o(.text) for fputc
    printf4.o(i.__0vprintf$4) refers to stdout.o(.data) for __stdout
    printf4.o(i.__0vsnprintf$4) refers to printf4.o(i._printf_core) for _printf_core
    printf4.o(i.__0vsnprintf$4) refers to printf4.o(i._snputc) for _snputc
    printf4.o(i.__0vsprintf$4) refers to printf4.o(i._printf_core) for _printf_core
    printf4.o(i.__0vsprintf$4) refers to printf4.o(i._sputc) for _sputc
    printf4.o(i._printf_core) refers to uldiv.o(.text) for __aeabi_uldivmod
    printf5.o(i.__0fprintf$5) refers to printf5.o(i._printf_core) for _printf_core
    printf5.o(i.__0fprintf$5) refers to serial_debug.o(.text) for fputc
    printf5.o(i.__0printf$5) refers to printf5.o(i._printf_core) for _printf_core
    printf5.o(i.__0printf$5) refers to serial_debug.o(.text) for fputc
    printf5.o(i.__0printf$5) refers to stdout.o(.data) for __stdout
    printf5.o(i.__0snprintf$5) refers to printf5.o(i._printf_core) for _printf_core
    printf5.o(i.__0snprintf$5) refers to printf5.o(i._snputc) for _snputc
    printf5.o(i.__0sprintf$5) refers to printf5.o(i._printf_core) for _printf_core
    printf5.o(i.__0sprintf$5) refers to printf5.o(i._sputc) for _sputc
    printf5.o(i.__0vfprintf$5) refers to printf5.o(i._printf_core) for _printf_core
    printf5.o(i.__0vfprintf$5) refers to serial_debug.o(.text) for fputc
    printf5.o(i.__0vprintf$5) refers to printf5.o(i._printf_core) for _printf_core
    printf5.o(i.__0vprintf$5) refers to serial_debug.o(.text) for fputc
    printf5.o(i.__0vprintf$5) refers to stdout.o(.data) for __stdout
    printf5.o(i.__0vsnprintf$5) refers to printf5.o(i._printf_core) for _printf_core
    printf5.o(i.__0vsnprintf$5) refers to printf5.o(i._snputc) for _snputc
    printf5.o(i.__0vsprintf$5) refers to printf5.o(i._printf_core) for _printf_core
    printf5.o(i.__0vsprintf$5) refers to printf5.o(i._sputc) for _sputc
    printf5.o(i._printf_core) refers to uldiv.o(.text) for __aeabi_uldivmod
    printf6.o(i.__0fprintf$6) refers to printf6.o(i._printf_core) for _printf_core
    printf6.o(i.__0fprintf$6) refers to serial_debug.o(.text) for fputc
    printf6.o(i.__0printf$6) refers to printf6.o(i._printf_core) for _printf_core
    printf6.o(i.__0printf$6) refers to serial_debug.o(.text) for fputc
    printf6.o(i.__0printf$6) refers to stdout.o(.data) for __stdout
    printf6.o(i.__0snprintf$6) refers to printf6.o(i._printf_core) for _printf_core
    printf6.o(i.__0snprintf$6) refers to printf6.o(i._snputc) for _snputc
    printf6.o(i.__0sprintf$6) refers to printf6.o(i._printf_core) for _printf_core
    printf6.o(i.__0sprintf$6) refers to printf6.o(i._sputc) for _sputc
    printf6.o(i.__0vfprintf$6) refers to printf6.o(i._printf_core) for _printf_core
    printf6.o(i.__0vfprintf$6) refers to serial_debug.o(.text) for fputc
    printf6.o(i.__0vprintf$6) refers to printf6.o(i._printf_core) for _printf_core
    printf6.o(i.__0vprintf$6) refers to serial_debug.o(.text) for fputc
    printf6.o(i.__0vprintf$6) refers to stdout.o(.data) for __stdout
    printf6.o(i.__0vsnprintf$6) refers to printf6.o(i._printf_core) for _printf_core
    printf6.o(i.__0vsnprintf$6) refers to printf6.o(i._snputc) for _snputc
    printf6.o(i.__0vsprintf$6) refers to printf6.o(i._printf_core) for _printf_core
    printf6.o(i.__0vsprintf$6) refers to printf6.o(i._sputc) for _sputc
    printf6.o(i._printf_core) refers to printf6.o(i._printf_pre_padding) for _printf_pre_padding
    printf6.o(i._printf_core) refers to uidiv.o(.text) for __aeabi_uidivmod
    printf6.o(i._printf_core) refers to printf6.o(i._printf_post_padding) for _printf_post_padding
    printf7.o(i.__0fprintf$7) refers to printf7.o(i._printf_core) for _printf_core
    printf7.o(i.__0fprintf$7) refers to serial_debug.o(.text) for fputc
    printf7.o(i.__0printf$7) refers to printf7.o(i._printf_core) for _printf_core
    printf7.o(i.__0printf$7) refers to serial_debug.o(.text) for fputc
    printf7.o(i.__0printf$7) refers to stdout.o(.data) for __stdout
    printf7.o(i.__0snprintf$7) refers to printf7.o(i._printf_core) for _printf_core
    printf7.o(i.__0snprintf$7) refers to printf7.o(i._snputc) for _snputc
    printf7.o(i.__0sprintf$7) refers to printf7.o(i._printf_core) for _printf_core
    printf7.o(i.__0sprintf$7) refers to printf7.o(i._sputc) for _sputc
    printf7.o(i.__0vfprintf$7) refers to printf7.o(i._printf_core) for _printf_core
    printf7.o(i.__0vfprintf$7) refers to serial_debug.o(.text) for fputc
    printf7.o(i.__0vprintf$7) refers to printf7.o(i._printf_core) for _printf_core
    printf7.o(i.__0vprintf$7) refers to serial_debug.o(.text) for fputc
    printf7.o(i.__0vprintf$7) refers to stdout.o(.data) for __stdout
    printf7.o(i.__0vsnprintf$7) refers to printf7.o(i._printf_core) for _printf_core
    printf7.o(i.__0vsnprintf$7) refers to printf7.o(i._snputc) for _snputc
    printf7.o(i.__0vsprintf$7) refers to printf7.o(i._printf_core) for _printf_core
    printf7.o(i.__0vsprintf$7) refers to printf7.o(i._sputc) for _sputc
    printf7.o(i._printf_core) refers to printf7.o(i._printf_pre_padding) for _printf_pre_padding
    printf7.o(i._printf_core) refers to uldiv.o(.text) for __aeabi_uldivmod
    printf7.o(i._printf_core) refers to printf7.o(i._printf_post_padding) for _printf_post_padding
    printf8.o(i.__0fprintf$8) refers to printf8.o(i._printf_core) for _printf_core
    printf8.o(i.__0fprintf$8) refers to serial_debug.o(.text) for fputc
    printf8.o(i.__0printf$8) refers to printf8.o(i._printf_core) for _printf_core
    printf8.o(i.__0printf$8) refers to serial_debug.o(.text) for fputc
    printf8.o(i.__0printf$8) refers to stdout.o(.data) for __stdout
    printf8.o(i.__0snprintf$8) refers to printf8.o(i._printf_core) for _printf_core
    printf8.o(i.__0snprintf$8) refers to printf8.o(i._snputc) for _snputc
    printf8.o(i.__0sprintf$8) refers to printf8.o(i._printf_core) for _printf_core
    printf8.o(i.__0sprintf$8) refers to printf8.o(i._sputc) for _sputc
    printf8.o(i.__0vfprintf$8) refers to printf8.o(i._printf_core) for _printf_core
    printf8.o(i.__0vfprintf$8) refers to serial_debug.o(.text) for fputc
    printf8.o(i.__0vprintf$8) refers to printf8.o(i._printf_core) for _printf_core
    printf8.o(i.__0vprintf$8) refers to serial_debug.o(.text) for fputc
    printf8.o(i.__0vprintf$8) refers to stdout.o(.data) for __stdout
    printf8.o(i.__0vsnprintf$8) refers to printf8.o(i._printf_core) for _printf_core
    printf8.o(i.__0vsnprintf$8) refers to printf8.o(i._snputc) for _snputc
    printf8.o(i.__0vsprintf$8) refers to printf8.o(i._printf_core) for _printf_core
    printf8.o(i.__0vsprintf$8) refers to printf8.o(i._sputc) for _sputc
    printf8.o(i._printf_core) refers to printf8.o(i._printf_pre_padding) for _printf_pre_padding
    printf8.o(i._printf_core) refers to uldiv.o(.text) for __aeabi_uldivmod
    printf8.o(i._printf_core) refers to printf8.o(i._printf_post_padding) for _printf_post_padding
    printfa.o(i.__0fprintf) refers (Special) to iusefp.o(.text) for __I$use$fp
    printfa.o(i.__0fprintf) refers to printfa.o(i._printf_core) for _printf_core
    printfa.o(i.__0fprintf) refers to serial_debug.o(.text) for fputc
    printfa.o(i.__0printf) refers (Special) to iusefp.o(.text) for __I$use$fp
    printfa.o(i.__0printf) refers to printfa.o(i._printf_core) for _printf_core
    printfa.o(i.__0printf) refers to serial_debug.o(.text) for fputc
    printfa.o(i.__0printf) refers to stdout.o(.data) for __stdout
    printfa.o(i.__0snprintf) refers (Special) to iusefp.o(.text) for __I$use$fp
    printfa.o(i.__0snprintf) refers to printfa.o(i._printf_core) for _printf_core
    printfa.o(i.__0snprintf) refers to printfa.o(i._snputc) for _snputc
    printfa.o(i.__0sprintf) refers (Special) to iusefp.o(.text) for __I$use$fp
    printfa.o(i.__0sprintf) refers to printfa.o(i._printf_core) for _printf_core
    printfa.o(i.__0sprintf) refers to printfa.o(i._sputc) for _sputc
    printfa.o(i.__0vfprintf) refers (Special) to iusefp.o(.text) for __I$use$fp
    printfa.o(i.__0vfprintf) refers to printfa.o(i._printf_core) for _printf_core
    printfa.o(i.__0vfprintf) refers to serial_debug.o(.text) for fputc
    printfa.o(i.__0vprintf) refers (Special) to iusefp.o(.text) for __I$use$fp
    printfa.o(i.__0vprintf) refers to printfa.o(i._printf_core) for _printf_core
    printfa.o(i.__0vprintf) refers to serial_debug.o(.text) for fputc
    printfa.o(i.__0vprintf) refers to stdout.o(.data) for __stdout
    printfa.o(i.__0vsnprintf) refers (Special) to iusefp.o(.text) for __I$use$fp
    printfa.o(i.__0vsnprintf) refers to printfa.o(i._printf_core) for _printf_core
    printfa.o(i.__0vsnprintf) refers to printfa.o(i._snputc) for _snputc
    printfa.o(i.__0vsprintf) refers (Special) to iusefp.o(.text) for __I$use$fp
    printfa.o(i.__0vsprintf) refers to printfa.o(i._printf_core) for _printf_core
    printfa.o(i.__0vsprintf) refers to printfa.o(i._sputc) for _sputc
    printfa.o(i._fp_digits) refers (Special) to iusefp.o(.text) for __I$use$fp
    printfa.o(i._fp_digits) refers to dmul.o(.text) for __aeabi_dmul
    printfa.o(i._fp_digits) refers to ddiv.o(.text) for __aeabi_ddiv
    printfa.o(i._fp_digits) refers to cdrcmple.o(.text) for __aeabi_cdrcmple
    printfa.o(i._fp_digits) refers to dadd.o(.text) for __aeabi_dadd
    printfa.o(i._fp_digits) refers to dfixul.o(.text) for __aeabi_d2ulz
    printfa.o(i._fp_digits) refers to uldiv.o(.text) for __aeabi_uldivmod
    printfa.o(i._printf_core) refers (Special) to iusefp.o(.text) for __I$use$fp
    printfa.o(i._printf_core) refers to printfa.o(i._printf_pre_padding) for _printf_pre_padding
    printfa.o(i._printf_core) refers to uldiv.o(.text) for __aeabi_uldivmod
    printfa.o(i._printf_core) refers to printfa.o(i._printf_post_padding) for _printf_post_padding
    printfa.o(i._printf_core) refers to printfa.o(i._fp_digits) for _fp_digits
    printfa.o(i._printf_core) refers to uidiv.o(.text) for __aeabi_uidivmod
    printfa.o(i._printf_post_padding) refers (Special) to iusefp.o(.text) for __I$use$fp
    printfa.o(i._printf_pre_padding) refers (Special) to iusefp.o(.text) for __I$use$fp
    printfa.o(i._snputc) refers (Special) to iusefp.o(.text) for __I$use$fp
    printfa.o(i._sputc) refers (Special) to iusefp.o(.text) for __I$use$fp
    malloc.o(i.free) refers to mvars.o(.data) for __microlib_freelist
    malloc.o(i.malloc) refers to mvars.o(.data) for __microlib_freelist_initialised
    malloc.o(i.malloc) refers to mvars.o(.data) for __microlib_freelist
    malloc.o(i.malloc) refers to startup_tm4c123.o(HEAP) for __heap_base
    mallocr.o(i.__free$realloc) refers to mvars.o(.data) for __microlib_freelist
    mallocr.o(i.__malloc$realloc) refers to mallocr.o(i.internal_alloc) for internal_alloc
    mallocr.o(i.__malloc$realloc) refers to mvars.o(.data) for __microlib_freelist_initialised
    mallocr.o(i.__malloc$realloc) refers to startup_tm4c123.o(HEAP) for __heap_base
    mallocr.o(i.__malloc$realloc) refers to mvars.o(.data) for __microlib_freelist
    mallocr.o(i.internal_alloc) refers to memcpya.o(.text) for __aeabi_memcpy
    mallocr.o(i.internal_alloc) refers to mvars.o(.data) for __microlib_freelist
    mallocr.o(i.realloc) refers to mallocr.o(i.__free$realloc) for __free$realloc
    mallocr.o(i.realloc) refers to mallocr.o(i.internal_alloc) for internal_alloc
    mallocr.o(i.realloc) refers to mallocr.o(i.__malloc$realloc) for __malloc$realloc
    mallocr.o(i.realloc) refers to mvars.o(.data) for __microlib_freelist
    malloca.o(i.__aligned_malloc) refers to mvars.o(.data) for __microlib_freelist_initialised
    malloca.o(i.__aligned_malloc) refers to mvars.o(.data) for __microlib_freelist
    malloca.o(i.__aligned_malloc) refers to startup_tm4c123.o(HEAP) for __heap_base
    malloca.o(i.__free$memalign) refers to mvars.o(.data) for __microlib_freelist
    malloca.o(i.__malloc$memalign) refers to malloca.o(i.__aligned_malloc) for __aligned_malloc
    mallocra.o(i.__aligned_malloc$realloc) refers to mallocra.o(i.internal_alloc) for internal_alloc
    mallocra.o(i.__aligned_malloc$realloc) refers to mvars.o(.data) for __microlib_freelist_initialised
    mallocra.o(i.__aligned_malloc$realloc) refers to startup_tm4c123.o(HEAP) for __heap_base
    mallocra.o(i.__aligned_malloc$realloc) refers to mvars.o(.data) for __microlib_freelist
    mallocra.o(i.__free$realloc$memalign) refers to mvars.o(.data) for __microlib_freelist
    mallocra.o(i.__malloc$realloc$memalign) refers to mallocra.o(i.__aligned_malloc$realloc) for __aligned_malloc$realloc
    mallocra.o(i.__realloc$memalign) refers to mallocra.o(i.__free$realloc$memalign) for __free$realloc$memalign
    mallocra.o(i.__realloc$memalign) refers to mallocra.o(i.internal_alloc) for internal_alloc
    mallocra.o(i.__realloc$memalign) refers to mallocra.o(i.__malloc$realloc$memalign) for __malloc$realloc$memalign
    mallocra.o(i.__realloc$memalign) refers to mvars.o(.data) for __microlib_freelist
    mallocra.o(i.internal_alloc) refers to memcpya.o(.text) for __aeabi_memcpy
    mallocra.o(i.internal_alloc) refers to mvars.o(.data) for __microlib_freelist
    dflti.o(.text) refers (Special) to iusefp.o(.text) for __I$use$fp
    dflti.o(.text) refers to depilogue.o(.text) for _double_epilogue
    dfltui.o(.text) refers (Special) to iusefp.o(.text) for __I$use$fp
    dfltui.o(.text) refers to depilogue.o(.text) for _double_epilogue
    cdcmple.o(.text) refers (Special) to iusefp.o(.text) for __I$use$fp
    cdrcmple.o(.text) refers (Special) to iusefp.o(.text) for __I$use$fp
    entry2.o(.ARM.Collect$$$$00000001) refers to entry2.o(.ARM.Collect$$$$00002712) for __lit__00000000
    entry2.o(.ARM.Collect$$$$00002712) refers to startup_tm4c123.o(STACK) for __initial_sp
    entry2.o(__vectab_stack_and_reset_area) refers to startup_tm4c123.o(STACK) for __initial_sp
    entry2.o(__vectab_stack_and_reset_area) refers to entry.o(.ARM.Collect$$$$00000000) for __main
    entry5.o(.ARM.Collect$$$$00000004) refers to init.o(.text) for __scatterload
    entry9a.o(.ARM.Collect$$$$0000000B) refers to main.o(.text) for main
    entry9b.o(.ARM.Collect$$$$0000000C) refers to main.o(.text) for main
    uldiv.o(.text) refers to llushr.o(.text) for __aeabi_llsr
    uldiv.o(.text) refers to llshl.o(.text) for __aeabi_llsl
    depilogue.o(.text) refers to llshl.o(.text) for __aeabi_llsl
    depilogue.o(.text) refers to llushr.o(.text) for __aeabi_llsr
    dadd.o(.text) refers to llshl.o(.text) for __aeabi_llsl
    dadd.o(.text) refers to llsshr.o(.text) for __aeabi_lasr
    dadd.o(.text) refers to depilogue.o(.text) for _double_epilogue
    dmul.o(.text) refers to depilogue.o(.text) for _double_epilogue
    ddiv.o(.text) refers to depilogue.o(.text) for _double_round
    dfixul.o(.text) refers to llushr.o(.text) for __aeabi_llsr
    dfixul.o(.text) refers to llshl.o(.text) for __aeabi_llsl
    init.o(.text) refers to entry5.o(.ARM.Collect$$$$00000004) for __main_after_scatterload


==============================================================================

Removing Unused input sections from the image.

    Removing main.o(.rev16_text), (4 bytes).
    Removing main.o(.revsh_text), (4 bytes).
    Removing main.o(.rrx_text), (6 bytes).
    Removing project_hardware_init.o(.rev16_text), (4 bytes).
    Removing project_hardware_init.o(.revsh_text), (4 bytes).
    Removing project_hardware_init.o(.rrx_text), (6 bytes).
    Removing project_interrupts.o(.rev16_text), (4 bytes).
    Removing project_interrupts.o(.revsh_text), (4 bytes).
    Removing project_interrupts.o(.rrx_text), (6 bytes).
    Removing game.o(.rev16_text), (4 bytes).
    Removing game.o(.revsh_text), (4 bytes).
    Removing game.o(.rrx_text), (6 bytes).
    Removing staff.o(.rev16_text), (4 bytes).
    Removing staff.o(.revsh_text), (4 bytes).
    Removing staff.o(.rrx_text), (6 bytes).
    Removing map.o(.rev16_text), (4 bytes).
    Removing map.o(.revsh_text), (4 bytes).
    Removing map.o(.rrx_text), (6 bytes).
    Removing top_row_display.o(.rev16_text), (4 bytes).
    Removing top_row_display.o(.revsh_text), (4 bytes).
    Removing top_row_display.o(.rrx_text), (6 bytes).
    Removing breathing_led.o(.rev16_text), (4 bytes).
    Removing breathing_led.o(.revsh_text), (4 bytes).
    Removing breathing_led.o(.rrx_text), (6 bytes).
    Removing breathing_led.o(.text), (88 bytes).
    Removing breathing_led.o(.data), (3 bytes).
    Removing adc.o(.rev16_text), (4 bytes).
    Removing adc.o(.revsh_text), (4 bytes).
    Removing adc.o(.rrx_text), (6 bytes).
    Removing adc.o(.text), (296 bytes).
    Removing gpio_port.o(.rev16_text), (4 bytes).
    Removing gpio_port.o(.revsh_text), (4 bytes).
    Removing gpio_port.o(.rrx_text), (6 bytes).
    Removing i2c.o(.rev16_text), (4 bytes).
    Removing i2c.o(.revsh_text), (4 bytes).
    Removing i2c.o(.rrx_text), (6 bytes).
    Removing timers.o(.rev16_text), (4 bytes).
    Removing timers.o(.revsh_text), (4 bytes).
    Removing timers.o(.rrx_text), (6 bytes).
    Removing uart.o(.rev16_text), (4 bytes).
    Removing uart.o(.revsh_text), (4 bytes).
    Removing uart.o(.rrx_text), (6 bytes).
    Removing eeprom.o(.rev16_text), (4 bytes).
    Removing eeprom.o(.revsh_text), (4 bytes).
    Removing eeprom.o(.rrx_text), (6 bytes).
    Removing eeprom.o(.text), (420 bytes).
    Removing ft6x06.o(.rev16_text), (4 bytes).
    Removing ft6x06.o(.revsh_text), (4 bytes).
    Removing ft6x06.o(.rrx_text), (6 bytes).
    Removing ft6x06.o(.text), (432 bytes).
    Removing launchpad_io.o(.rev16_text), (4 bytes).
    Removing launchpad_io.o(.revsh_text), (4 bytes).
    Removing launchpad_io.o(.rrx_text), (6 bytes).
    Removing launchpad_io.o(.text), (440 bytes).
    Removing lcd.o(.rev16_text), (4 bytes).
    Removing lcd.o(.revsh_text), (4 bytes).
    Removing lcd.o(.rrx_text), (6 bytes).
    Removing ps2.o(.rev16_text), (4 bytes).
    Removing ps2.o(.revsh_text), (4 bytes).
    Removing ps2.o(.rrx_text), (6 bytes).
    Removing serial_debug.o(.rev16_text), (4 bytes).
    Removing serial_debug.o(.revsh_text), (4 bytes).
    Removing serial_debug.o(.rrx_text), (6 bytes).
    Removing io_expander.o(.rev16_text), (4 bytes).
    Removing io_expander.o(.revsh_text), (4 bytes).
    Removing io_expander.o(.rrx_text), (6 bytes).
    Removing system_tm4c123.o(.rev16_text), (4 bytes).
    Removing system_tm4c123.o(.revsh_text), (4 bytes).
    Removing system_tm4c123.o(.rrx_text), (6 bytes).
    Removing dadd.o(.text), (334 bytes).
    Removing dmul.o(.text), (228 bytes).
    Removing ddiv.o(.text), (222 bytes).
    Removing dfixul.o(.text), (48 bytes).

73 unused section(s) (total 2805 bytes) removed from the image.

==============================================================================

Image Symbol Table

    Local Symbols

    Symbol Name                              Value     Ov Type        Size  Object(Section)

    RESET                                    0x00000000   Section      620  startup_tm4c123.o(RESET)
    ../clib/microlib/division.c              0x00000000   Number         0  uidiv.o ABSOLUTE
    ../clib/microlib/division.c              0x00000000   Number         0  uldiv.o ABSOLUTE
    ../clib/microlib/init/entry.s            0x00000000   Number         0  entry.o ABSOLUTE
    ../clib/microlib/init/entry.s            0x00000000   Number         0  entry9b.o ABSOLUTE
    ../clib/microlib/init/entry.s            0x00000000   Number         0  entry10a.o ABSOLUTE
    ../clib/microlib/init/entry.s            0x00000000   Number         0  entry10b.o ABSOLUTE
    ../clib/microlib/init/entry.s            0x00000000   Number         0  entry11a.o ABSOLUTE
    ../clib/microlib/init/entry.s            0x00000000   Number         0  entry11b.o ABSOLUTE
    ../clib/microlib/init/entry.s            0x00000000   Number         0  entry2.o ABSOLUTE
    ../clib/microlib/init/entry.s            0x00000000   Number         0  entry7b.o ABSOLUTE
    ../clib/microlib/init/entry.s            0x00000000   Number         0  entry8a.o ABSOLUTE
    ../clib/microlib/init/entry.s            0x00000000   Number         0  entry9a.o ABSOLUTE
    ../clib/microlib/init/entry.s            0x00000000   Number         0  entry8b.o ABSOLUTE
    ../clib/microlib/init/entry.s            0x00000000   Number         0  entry5.o ABSOLUTE
    ../clib/microlib/init/entry.s            0x00000000   Number         0  entry7a.o ABSOLUTE
    ../clib/microlib/longlong.c              0x00000000   Number         0  llushr.o ABSOLUTE
    ../clib/microlib/longlong.c              0x00000000   Number         0  llshl.o ABSOLUTE
    ../clib/microlib/longlong.c              0x00000000   Number         0  llsshr.o ABSOLUTE
    ../clib/microlib/malloc/malloc.c         0x00000000   Number         0  malloca.o ABSOLUTE
    ../clib/microlib/malloc/malloc.c         0x00000000   Number         0  mallocra.o ABSOLUTE
    ../clib/microlib/malloc/malloc.c         0x00000000   Number         0  mallocr.o ABSOLUTE
    ../clib/microlib/malloc/malloc.c         0x00000000   Number         0  malloc.o ABSOLUTE
    ../clib/microlib/malloc/mvars.c          0x00000000   Number         0  mvars.o ABSOLUTE
    ../clib/microlib/printf/printf.c         0x00000000   Number         0  printf2.o ABSOLUTE
    ../clib/microlib/printf/printf.c         0x00000000   Number         0  printfa.o ABSOLUTE
    ../clib/microlib/printf/printf.c         0x00000000   Number         0  printf8.o ABSOLUTE
    ../clib/microlib/printf/printf.c         0x00000000   Number         0  printf6.o ABSOLUTE
    ../clib/microlib/printf/printf.c         0x00000000   Number         0  printf7.o ABSOLUTE
    ../clib/microlib/printf/printf.c         0x00000000   Number         0  printf5.o ABSOLUTE
    ../clib/microlib/printf/printf.c         0x00000000   Number         0  printf4.o ABSOLUTE
    ../clib/microlib/printf/printf.c         0x00000000   Number         0  printf3.o ABSOLUTE
    ../clib/microlib/printf/printf.c         0x00000000   Number         0  printf1.o ABSOLUTE
    ../clib/microlib/printf/printf.c         0x00000000   Number         0  printf0.o ABSOLUTE
    ../clib/microlib/printf/printf.c         0x00000000   Number         0  printfb.o ABSOLUTE
    ../clib/microlib/printf/stubs.s          0x00000000   Number         0  stubs.o ABSOLUTE
    ../clib/microlib/stdio/streams.c         0x00000000   Number         0  stdout.o ABSOLUTE
    ../clib/microlib/string/memcpy.c         0x00000000   Number         0  memcpyb.o ABSOLUTE
    ../clib/microlib/string/memcpy.c         0x00000000   Number         0  memcpya.o ABSOLUTE
    ../clib/microlib/stubs.s                 0x00000000   Number         0  iusefp.o ABSOLUTE
    ../fplib/microlib/fpadd.c                0x00000000   Number         0  dadd.o ABSOLUTE
    ../fplib/microlib/fpdiv.c                0x00000000   Number         0  ddiv.o ABSOLUTE
    ../fplib/microlib/fpepilogue.c           0x00000000   Number         0  depilogue.o ABSOLUTE
    ../fplib/microlib/fpfix.c                0x00000000   Number         0  dfixul.o ABSOLUTE
    ../fplib/microlib/fpflt.c                0x00000000   Number         0  dfltui.o ABSOLUTE
    ../fplib/microlib/fpflt.c                0x00000000   Number         0  dflti.o ABSOLUTE
    ../fplib/microlib/fpmul.c                0x00000000   Number         0  dmul.o ABSOLUTE
    ../mathlib/fabs.c                        0x00000000   Number         0  fabs.o ABSOLUTE
    ..\\drivers\\c\\adc.c                    0x00000000   Number         0  adc.o ABSOLUTE
    ..\\drivers\\c\\gpio_port.c              0x00000000   Number         0  gpio_port.o ABSOLUTE
    ..\\drivers\\c\\i2c.c                    0x00000000   Number         0  i2c.o ABSOLUTE
    ..\\drivers\\c\\timers.c                 0x00000000   Number         0  timers.o ABSOLUTE
    ..\\drivers\\c\\uart.c                   0x00000000   Number         0  uart.o ABSOLUTE
    ..\\peripherals\\c\\eeprom.c             0x00000000   Number         0  eeprom.o ABSOLUTE
    ..\\peripherals\\c\\ft6x06.c             0x00000000   Number         0  ft6x06.o ABSOLUTE
    ..\\peripherals\\c\\io_expander.c        0x00000000   Number         0  io_expander.o ABSOLUTE
    ..\\peripherals\\c\\launchpad_io.c       0x00000000   Number         0  launchpad_io.o ABSOLUTE
    ..\\peripherals\\c\\lcd.c                0x00000000   Number         0  lcd.o ABSOLUTE
    ..\\peripherals\\c\\ps2.c                0x00000000   Number         0  ps2.o ABSOLUTE
    ..\\peripherals\\c\\serial_debug.c       0x00000000   Number         0  serial_debug.o ABSOLUTE
    ..\drivers\c\adc.c                       0x00000000   Number         0  adc.o ABSOLUTE
    ..\drivers\c\gpio_port.c                 0x00000000   Number         0  gpio_port.o ABSOLUTE
    ..\drivers\c\i2c.c                       0x00000000   Number         0  i2c.o ABSOLUTE
    ..\drivers\c\pc_buffer.c                 0x00000000   Number         0  pc_buffer.o ABSOLUTE
    ..\drivers\c\timers.c                    0x00000000   Number         0  timers.o ABSOLUTE
    ..\drivers\c\uart.c                      0x00000000   Number         0  uart.o ABSOLUTE
    ..\peripherals\c\eeprom.c                0x00000000   Number         0  eeprom.o ABSOLUTE
    ..\peripherals\c\ft6x06.c                0x00000000   Number         0  ft6x06.o ABSOLUTE
    ..\peripherals\c\io_expander.c           0x00000000   Number         0  io_expander.o ABSOLUTE
    ..\peripherals\c\launchpad_io.c          0x00000000   Number         0  launchpad_io.o ABSOLUTE
    ..\peripherals\c\lcd.c                   0x00000000   Number         0  lcd.o ABSOLUTE
    ..\peripherals\c\ps2.c                   0x00000000   Number         0  ps2.o ABSOLUTE
    ..\peripherals\c\serial_debug.c          0x00000000   Number         0  serial_debug.o ABSOLUTE
    RTE\Device\TM4C123GH6PM\startup_TM4C123.s 0x00000000   Number         0  startup_tm4c123.o ABSOLUTE
    RTE\Device\TM4C123GH6PM\system_TM4C123.c 0x00000000   Number         0  system_tm4c123.o ABSOLUTE
    RTE\\Device\\TM4C123GH6PM\\system_TM4C123.c 0x00000000   Number         0  system_tm4c123.o ABSOLUTE
    breathing_led.c                          0x00000000   Number         0  breathing_led.o ABSOLUTE
    breathing_led.c                          0x00000000   Number         0  breathing_led.o ABSOLUTE
    cdcmple.s                                0x00000000   Number         0  cdcmple.o ABSOLUTE
    cdrcmple.s                               0x00000000   Number         0  cdrcmple.o ABSOLUTE
    dc.s                                     0x00000000   Number         0  dc.o ABSOLUTE
    game.c                                   0x00000000   Number         0  game.o ABSOLUTE
    game.c                                   0x00000000   Number         0  game.o ABSOLUTE
    handlers.s                               0x00000000   Number         0  handlers.o ABSOLUTE
    images.c                                 0x00000000   Number         0  images.o ABSOLUTE
    init.s                                   0x00000000   Number         0  init.o ABSOLUTE
    main.c                                   0x00000000   Number         0  main.o ABSOLUTE
    main.c                                   0x00000000   Number         0  main.o ABSOLUTE
    map.c                                    0x00000000   Number         0  map.o ABSOLUTE
    map.c                                    0x00000000   Number         0  map.o ABSOLUTE
    project_hardware_init.c                  0x00000000   Number         0  project_hardware_init.o ABSOLUTE
    project_hardware_init.c                  0x00000000   Number         0  project_hardware_init.o ABSOLUTE
    project_interrupts.c                     0x00000000   Number         0  project_interrupts.o ABSOLUTE
    project_interrupts.c                     0x00000000   Number         0  project_interrupts.o ABSOLUTE
    staff.c                                  0x00000000   Number         0  staff.o ABSOLUTE
    staff.c                                  0x00000000   Number         0  staff.o ABSOLUTE
    top_row_display.c                        0x00000000   Number         0  top_row_display.o ABSOLUTE
    top_row_display.c                        0x00000000   Number         0  top_row_display.o ABSOLUTE
    .ARM.Collect$$$$00000000                 0x0000026c   Section        0  entry.o(.ARM.Collect$$$$00000000)
    .ARM.Collect$$$$00000001                 0x0000026c   Section        4  entry2.o(.ARM.Collect$$$$00000001)
    .ARM.Collect$$$$00000004                 0x00000270   Section        4  entry5.o(.ARM.Collect$$$$00000004)
    .ARM.Collect$$$$00000008                 0x00000274   Section        0  entry7b.o(.ARM.Collect$$$$00000008)
    .ARM.Collect$$$$0000000A                 0x00000274   Section        0  entry8b.o(.ARM.Collect$$$$0000000A)
    .ARM.Collect$$$$0000000B                 0x00000274   Section        8  entry9a.o(.ARM.Collect$$$$0000000B)
    .ARM.Collect$$$$0000000D                 0x0000027c   Section        0  entry10a.o(.ARM.Collect$$$$0000000D)
    .ARM.Collect$$$$0000000F                 0x0000027c   Section        0  entry11a.o(.ARM.Collect$$$$0000000F)
    .ARM.Collect$$$$00002712                 0x0000027c   Section        4  entry2.o(.ARM.Collect$$$$00002712)
    __lit__00000000                          0x0000027c   Data           4  entry2.o(.ARM.Collect$$$$00002712)
    .text                                    0x00000280   Section        0  main.o(.text)
    .text                                    0x000002d0   Section        0  project_hardware_init.o(.text)
    .text                                    0x00000354   Section        0  project_interrupts.o(.text)
    .text                                    0x00000868   Section        0  game.o(.text)
    .text                                    0x0000102c   Section        0  staff.o(.text)
    .text                                    0x0000115c   Section        0  map.o(.text)
    .text                                    0x00001238   Section        0  top_row_display.o(.text)
    .text                                    0x000014a4   Section        0  gpio_port.o(.text)
    verify_base_addr                         0x000014a5   Thumb Code    64  gpio_port.o(.text)
    .text                                    0x000017a8   Section        0  i2c.o(.text)
    .text                                    0x000019b0   Section        0  pc_buffer.o(.text)
    .text                                    0x00001a2c   Section        0  timers.o(.text)
    verify_base_addr                         0x00001a2d   Thumb Code    64  timers.o(.text)
    get_clock_masks                          0x00001ab7   Thumb Code   106  timers.o(.text)
    .text                                    0x00001c74   Section        0  uart.o(.text)
    .text                                    0x00001f04   Section        0  lcd.o(.text)
    lcd_write_cmd_u8                         0x00001f1f   Thumb Code    40  lcd.o(.text)
    lcd_write_data_u8                        0x00001f47   Thumb Code    28  lcd.o(.text)
    lcd_write_data_u16                       0x00001f63   Thumb Code    48  lcd.o(.text)
    .text                                    0x00002a4c   Section        0  ps2.o(.text)
    initialize_adc_gpio_pins                 0x00002a4d   Thumb Code    34  ps2.o(.text)
    ps2_configure_adc                        0x00002a6f   Thumb Code   118  ps2.o(.text)
    .text                                    0x00002b64   Section        0  serial_debug.o(.text)
    .text                                    0x00002d80   Section        0  io_expander.o(.text)
    .text                                    0x00002ec4   Section      252  startup_tm4c123.o(.text)
    $v0                                      0x00002ec4   Number         0  startup_tm4c123.o(.text)
    .text                                    0x00002fc0   Section        0  system_tm4c123.o(.text)
    getOscClk                                0x00002fc1   Thumb Code   182  system_tm4c123.o(.text)
    .text                                    0x00003210   Section        0  dflti.o(.text)
    .text                                    0x00003232   Section        0  dfltui.o(.text)
    .text                                    0x0000324c   Section       48  cdcmple.o(.text)
    .text                                    0x0000327c   Section       48  cdrcmple.o(.text)
    .text                                    0x000032ac   Section        0  uidiv.o(.text)
    .text                                    0x000032d8   Section        0  iusefp.o(.text)
    .text                                    0x000032d8   Section        0  depilogue.o(.text)
    .text                                    0x00003394   Section       36  init.o(.text)
    .text                                    0x000033b8   Section        0  llshl.o(.text)
    .text                                    0x000033d6   Section        0  llushr.o(.text)
    i.__0printf$1                            0x000033f8   Section        0  printf1.o(i.__0printf$1)
    i.__hardfp_fabs                          0x00003418   Section        0  fabs.o(i.__hardfp_fabs)
    i.__scatterload_copy                     0x0000342c   Section       14  handlers.o(i.__scatterload_copy)
    i.__scatterload_null                     0x0000343a   Section        2  handlers.o(i.__scatterload_null)
    i.__scatterload_zeroinit                 0x0000343c   Section       14  handlers.o(i.__scatterload_zeroinit)
    i._printf_core                           0x0000344c   Section        0  printf1.o(i._printf_core)
    _printf_core                             0x0000344d   Thumb Code   336  printf1.o(i._printf_core)
    i.malloc                                 0x000035a0   Section        0  malloc.o(i.malloc)
    .constdata                               0x0000360c   Section     1060  images.o(.constdata)
    .constdata                               0x00003a30   Section       20  staff.o(.constdata)
    MOVE_AMOUNT                              0x00003a30   Data          16  staff.o(.constdata)
    MOV_DIR                                  0x00003a40   Data           4  staff.o(.constdata)
    .constdata                               0x00003a44   Section      304  map.o(.constdata)
    .constdata                               0x00003b74   Section      262  top_row_display.o(.constdata)
    .conststring                             0x00003c7c   Section       67  main.o(.conststring)
    .data                                    0x20000000   Section        1  main.o(.data)
    .data                                    0x20000002   Section        7  project_interrupts.o(.data)
    PS2_X_DATA                               0x20000002   Data           2  project_interrupts.o(.data)
    PS2_Y_DATA                               0x20000004   Data           2  project_interrupts.o(.data)
    SHIP_DIRECTION                           0x20000006   Data           1  project_interrupts.o(.data)
    .data                                    0x2000000c   Section       58  game.o(.data)
    .data                                    0x20000046   Section        2  staff.o(.data)
    lfsr                                     0x20000046   Data           2  staff.o(.data)
    .data                                    0x20000048   Section        2  serial_debug.o(.data)
    Rx_Interrupts_Enabled                    0x20000048   Data           1  serial_debug.o(.data)
    Tx_Interrupts_Enabled                    0x20000049   Data           1  serial_debug.o(.data)
    .data                                    0x2000004c   Section        4  system_tm4c123.o(.data)
    .data                                    0x20000050   Section        4  stdout.o(.data)
    .data                                    0x20000054   Section        4  mvars.o(.data)
    .data                                    0x20000058   Section        4  mvars.o(.data)
    .bss                                     0x2000005c   Section       30  project_interrupts.o(.bss)
    MOVE_COUNT                               0x2000005c   Data          20  project_interrupts.o(.bss)
    bump                                     0x20000070   Data          10  project_interrupts.o(.bss)
    .bss                                     0x2000007a   Section       10  game.o(.bss)
    .bss                                     0x20000084   Section       28  serial_debug.o(.bss)
    HEAP                                     0x200000a0   Section        0  startup_tm4c123.o(HEAP)
    STACK                                    0x200000a0   Section     4096  startup_tm4c123.o(STACK)

    Global Symbols

    Symbol Name                              Value     Ov Type        Size  Object(Section)

    BuildAttributes$$THM_ISAv4$E$P$D$K$B$S$7EM$VFPi3$EXTD16$VFPS$VFMA$PE$A:L22UL41UL21$X:L11$S22US41US21$IEEE1$IW$USESV6$~STKCKD$USESV7$~SHL$OTIME$ROPI$IEEEJ$EBA8$MICROLIB$REQ8$PRES8$EABIv2 0x00000000   Number         0  anon$$obj.o ABSOLUTE
    __ARM_use_no_argv                        0x00000000   Number         0  main.o ABSOLUTE
    __Vectors                                0x00000000   Data           4  startup_tm4c123.o(RESET)
    _printf_a                                0x00000000   Number         0  stubs.o ABSOLUTE
    _printf_c                                0x00000000   Number         0  stubs.o ABSOLUTE
    _printf_charcount                        0x00000000   Number         0  stubs.o ABSOLUTE
    _printf_d                                0x00000000   Number         0  stubs.o ABSOLUTE
    _printf_e                                0x00000000   Number         0  stubs.o ABSOLUTE
    _printf_f                                0x00000000   Number         0  stubs.o ABSOLUTE
    _printf_flags                            0x00000000   Number         0  stubs.o ABSOLUTE
    _printf_fp_dec                           0x00000000   Number         0  stubs.o ABSOLUTE
    _printf_fp_hex                           0x00000000   Number         0  stubs.o ABSOLUTE
    _printf_g                                0x00000000   Number         0  stubs.o ABSOLUTE
    _printf_i                                0x00000000   Number         0  stubs.o ABSOLUTE
    _printf_int_dec                          0x00000000   Number         0  stubs.o ABSOLUTE
    _printf_l                                0x00000000   Number         0  stubs.o ABSOLUTE
    _printf_lc                               0x00000000   Number         0  stubs.o ABSOLUTE
    _printf_ll                               0x00000000   Number         0  stubs.o ABSOLUTE
    _printf_lld                              0x00000000   Number         0  stubs.o ABSOLUTE
    _printf_lli                              0x00000000   Number         0  stubs.o ABSOLUTE
    _printf_llo                              0x00000000   Number         0  stubs.o ABSOLUTE
    _printf_llu                              0x00000000   Number         0  stubs.o ABSOLUTE
    _printf_llx                              0x00000000   Number         0  stubs.o ABSOLUTE
    _printf_longlong_dec                     0x00000000   Number         0  stubs.o ABSOLUTE
    _printf_longlong_hex                     0x00000000   Number         0  stubs.o ABSOLUTE
    _printf_longlong_oct                     0x00000000   Number         0  stubs.o ABSOLUTE
    _printf_ls                               0x00000000   Number         0  stubs.o ABSOLUTE
    _printf_mbtowc                           0x00000000   Number         0  stubs.o ABSOLUTE
    _printf_n                                0x00000000   Number         0  stubs.o ABSOLUTE
    _printf_o                                0x00000000   Number         0  stubs.o ABSOLUTE
    _printf_p                                0x00000000   Number         0  stubs.o ABSOLUTE
    _printf_percent                          0x00000000   Number         0  stubs.o ABSOLUTE
    _printf_pre_padding                      0x00000000   Number         0  stubs.o ABSOLUTE
    _printf_return_value                     0x00000000   Number         0  stubs.o ABSOLUTE
    _printf_s                                0x00000000   Number         0  stubs.o ABSOLUTE
    _printf_sizespec                         0x00000000   Number         0  stubs.o ABSOLUTE
    _printf_str                              0x00000000   Number         0  stubs.o ABSOLUTE
    _printf_truncate_signed                  0x00000000   Number         0  stubs.o ABSOLUTE
    _printf_truncate_unsigned                0x00000000   Number         0  stubs.o ABSOLUTE
    _printf_u                                0x00000000   Number         0  stubs.o ABSOLUTE
    _printf_wc                               0x00000000   Number         0  stubs.o ABSOLUTE
    _printf_wctomb                           0x00000000   Number         0  stubs.o ABSOLUTE
    _printf_widthprec                        0x00000000   Number         0  stubs.o ABSOLUTE
    _printf_x                                0x00000000   Number         0  stubs.o ABSOLUTE
    __cpp_initialize__aeabi_                  - Undefined Weak Reference
    __cxa_finalize                            - Undefined Weak Reference
    __decompress                              - Undefined Weak Reference
    _clock_init                               - Undefined Weak Reference
    _microlib_exit                            - Undefined Weak Reference
    __Vectors_End                            0x0000026c   Data           0  startup_tm4c123.o(RESET)
    __Vectors_Size                           0x0000026c   Number         0  startup_tm4c123.o ABSOLUTE
    __main                                   0x0000026d   Thumb Code     0  entry.o(.ARM.Collect$$$$00000000)
    _main_stk                                0x0000026d   Thumb Code     0  entry2.o(.ARM.Collect$$$$00000001)
    _main_scatterload                        0x00000271   Thumb Code     0  entry5.o(.ARM.Collect$$$$00000004)
    __main_after_scatterload                 0x00000275   Thumb Code     0  entry5.o(.ARM.Collect$$$$00000004)
    _main_clock                              0x00000275   Thumb Code     0  entry7b.o(.ARM.Collect$$$$00000008)
    _main_cpp_init                           0x00000275   Thumb Code     0  entry8b.o(.ARM.Collect$$$$0000000A)
    _main_init                               0x00000275   Thumb Code     0  entry9a.o(.ARM.Collect$$$$0000000B)
    __rt_final_cpp                           0x0000027d   Thumb Code     0  entry10a.o(.ARM.Collect$$$$0000000D)
    __rt_final_exit                          0x0000027d   Thumb Code     0  entry11a.o(.ARM.Collect$$$$0000000F)
    DisableInterrupts                        0x00000281   Thumb Code     4  main.o(.text)
    EnableInterrupts                         0x00000285   Thumb Code     4  main.o(.text)
    delay                                    0x00000289   Thumb Code    20  main.o(.text)
    main                                     0x0000029d   Thumb Code    42  main.o(.text)
    hardwareInit                             0x000002d1   Thumb Code   108  project_hardware_init.o(.text)
    ps2_get_direction                        0x00000355   Thumb Code   176  project_interrupts.o(.text)
    TIMER1A_Handler                          0x00000405   Thumb Code    14  project_interrupts.o(.text)
    TIMER2A_Handler                          0x00000413   Thumb Code   210  project_interrupts.o(.text)
    TIMER3A_Handler                          0x000004e5   Thumb Code   708  project_interrupts.o(.text)
    TIMER4A_Handler                          0x000007a9   Thumb Code   122  project_interrupts.o(.text)
    ADC0SS2_Handler                          0x00000823   Thumb Code    40  project_interrupts.o(.text)
    set_image                                0x00000869   Thumb Code    98  game.o(.text)
    set_dir                                  0x000008cb   Thumb Code    16  game.o(.text)
    set_x                                    0x000008db   Thumb Code     8  game.o(.text)
    set_y                                    0x000008e3   Thumb Code     8  game.o(.text)
    contact_edge                             0x000008eb   Thumb Code   134  game.o(.text)
    check_moveable                           0x00000971   Thumb Code   232  game.o(.text)
    clear_image                              0x00000a59   Thumb Code    30  game.o(.text)
    move_image                               0x00000a77   Thumb Code    80  game.o(.text)
    check_game_over                          0x00000ac7   Thumb Code   350  game.o(.text)
    check_bump                               0x00000c25   Thumb Code   266  game.o(.text)
    check_shot_on_target                     0x00000d2f   Thumb Code     2  game.o(.text)
    fire                                     0x00000d31   Thumb Code    74  game.o(.text)
    initialize_obj                           0x00000d7b   Thumb Code   246  game.o(.text)
    game                                     0x00000e71   Thumb Code   358  game.o(.text)
    generate_random_number                   0x0000102d   Thumb Code    48  staff.o(.text)
    get_new_direction                        0x0000105d   Thumb Code   212  staff.o(.text)
    get_new_move_count                       0x00001131   Thumb Code    28  staff.o(.text)
    drawMap                                  0x0000115d   Thumb Code    90  map.o(.text)
    get_pos                                  0x000011b7   Thumb Code    32  map.o(.text)
    set_pos                                  0x000011d7   Thumb Code    44  map.o(.text)
    get_x                                    0x00001203   Thumb Code    26  map.o(.text)
    get_y                                    0x0000121d   Thumb Code    22  map.o(.text)
    drawHP                                   0x00001239   Thumb Code   566  top_row_display.o(.text)
    gpio_get_irq_num                         0x000014e5   Thumb Code    74  gpio_port.o(.text)
    gpio_enable_port                         0x0000152f   Thumb Code   156  gpio_port.o(.text)
    gpio_config_digital_enable               0x000015cb   Thumb Code    34  gpio_port.o(.text)
    gpio_config_enable_output                0x000015ed   Thumb Code    34  gpio_port.o(.text)
    gpio_config_enable_input                 0x0000160f   Thumb Code    34  gpio_port.o(.text)
    gpio_config_enable_pullup                0x00001631   Thumb Code    34  gpio_port.o(.text)
    gpio_config_enable_pulldown              0x00001653   Thumb Code    34  gpio_port.o(.text)
    gpio_config_analog_enable                0x00001675   Thumb Code    34  gpio_port.o(.text)
    gpio_config_alternate_function           0x00001697   Thumb Code    34  gpio_port.o(.text)
    gpio_config_port_control                 0x000016b9   Thumb Code    54  gpio_port.o(.text)
    gpio_config_open_drain                   0x000016ef   Thumb Code    34  gpio_port.o(.text)
    gpio_config_falling_edge_irq             0x00001711   Thumb Code    56  gpio_port.o(.text)
    gpio_config_rising_edge_irq              0x00001749   Thumb Code    62  gpio_port.o(.text)
    initializeI2CMaster                      0x000017a9   Thumb Code   160  i2c.o(.text)
    i2cVerifyBaseAddr                        0x00001849   Thumb Code    36  i2c.o(.text)
    i2cSetSlaveAddr                          0x0000186d   Thumb Code    30  i2c.o(.text)
    i2cStop                                  0x0000188b   Thumb Code    26  i2c.o(.text)
    I2CMasterBusy                            0x000018a5   Thumb Code    34  i2c.o(.text)
    I2CMasterAdrAck                          0x000018c7   Thumb Code    34  i2c.o(.text)
    I2CMasterDatAck                          0x000018e9   Thumb Code    34  i2c.o(.text)
    i2cSendByte                              0x0000190b   Thumb Code    82  i2c.o(.text)
    i2cGetByte                               0x0000195d   Thumb Code    60  i2c.o(.text)
    pc_buffer_init                           0x000019b1   Thumb Code    26  pc_buffer.o(.text)
    pc_buffer_add                            0x000019cb   Thumb Code    28  pc_buffer.o(.text)
    pc_buffer_remove                         0x000019e7   Thumb Code    30  pc_buffer.o(.text)
    pc_buffer_empty                          0x00001a05   Thumb Code    18  pc_buffer.o(.text)
    pc_buffer_full                           0x00001a17   Thumb Code    22  pc_buffer.o(.text)
    timer_get_irq_num                        0x00001a6d   Thumb Code    74  timers.o(.text)
    gp_timer_wait                            0x00001b21   Thumb Code    64  timers.o(.text)
    gp_timer_config_32                       0x00001b61   Thumb Code   252  timers.o(.text)
    verify_uart_base                         0x00001c75   Thumb Code    54  uart.o(.text)
    uart_get_rcgc_mask                       0x00001cab   Thumb Code    68  uart.o(.text)
    uart_get_pr_mask                         0x00001cef   Thumb Code    68  uart.o(.text)
    uart_get_irq_num                         0x00001d33   Thumb Code    68  uart.o(.text)
    uart_tx_poll                             0x00001d77   Thumb Code    38  uart.o(.text)
    uart_tx_poll_string                      0x00001d9d   Thumb Code    50  uart.o(.text)
    uart_rx_poll                             0x00001dcf   Thumb Code    70  uart.o(.text)
    uart_init                                0x00001e15   Thumb Code   218  uart.o(.text)
    delayms                                  0x00001f05   Thumb Code    26  lcd.o(.text)
    lcd_set_pos                              0x00001f93   Thumb Code    58  lcd.o(.text)
    lcd_clear_screen                         0x00001fcd   Thumb Code    52  lcd.o(.text)
    lcd_draw_box                             0x00002001   Thumb Code   138  lcd.o(.text)
    lcd_draw_rectangle                       0x0000208b   Thumb Code    82  lcd.o(.text)
    lcd_draw_rectangle_centered              0x000020dd   Thumb Code   152  lcd.o(.text)
    lcd_draw_pixel                           0x00002175   Thumb Code    28  lcd.o(.text)
    lcd_draw_char                            0x00002191   Thumb Code   556  lcd.o(.text)
    lcd_draw_image                           0x000023bd   Thumb Code   242  lcd.o(.text)
    lcd_draw_color_image                     0x000024af   Thumb Code   142  lcd.o(.text)
    lcd_config_gpio                          0x0000253d   Thumb Code   190  lcd.o(.text)
    lcd_config_screen                        0x000025fb   Thumb Code   548  lcd.o(.text)
    lcd_draw_line                            0x0000281f   Thumb Code   200  lcd.o(.text)
    lcd_draw_circle                          0x000028e7   Thumb Code   356  lcd.o(.text)
    ps2_initialize_adc                       0x00002ae5   Thumb Code    88  ps2.o(.text)
    ps2_initialize                           0x00002b3d   Thumb Code    12  ps2.o(.text)
    ps2_get_x                                0x00002b49   Thumb Code     2  ps2.o(.text)
    ps2_get_y                                0x00002b4b   Thumb Code     2  ps2.o(.text)
    serial_debug_rx                          0x00002b65   Thumb Code    46  serial_debug.o(.text)
    serial_debug_tx                          0x00002b93   Thumb Code    72  serial_debug.o(.text)
    fputc                                    0x00002bdb   Thumb Code    66  serial_debug.o(.text)
    fgetc                                    0x00002c1d   Thumb Code    50  serial_debug.o(.text)
    init_serial_debug                        0x00002c4f   Thumb Code   144  serial_debug.o(.text)
    UART0_Handler                            0x00002cdf   Thumb Code   136  serial_debug.o(.text)
    io_expander_write_reg                    0x00002d81   Thumb Code    56  io_expander.o(.text)
    set_io_expander_GPIO                     0x00002db9   Thumb Code    60  io_expander.o(.text)
    io_expander_init                         0x00002df5   Thumb Code   124  io_expander.o(.text)
    io_expander_read_reg                     0x00002e71   Thumb Code    70  io_expander.o(.text)
    Reset_Handler                            0x00002ec5   Thumb Code     8  startup_tm4c123.o(.text)
    NMI_Handler                              0x00002ecd   Thumb Code     2  startup_tm4c123.o(.text)
    HardFault_Handler                        0x00002ecf   Thumb Code     2  startup_tm4c123.o(.text)
    MemManage_Handler                        0x00002ed1   Thumb Code     2  startup_tm4c123.o(.text)
    BusFault_Handler                         0x00002ed3   Thumb Code     2  startup_tm4c123.o(.text)
    UsageFault_Handler                       0x00002ed5   Thumb Code     2  startup_tm4c123.o(.text)
    SVC_Handler                              0x00002ed7   Thumb Code     2  startup_tm4c123.o(.text)
    DebugMon_Handler                         0x00002ed9   Thumb Code     2  startup_tm4c123.o(.text)
    PendSV_Handler                           0x00002edb   Thumb Code     2  startup_tm4c123.o(.text)
    SysTick_Handler                          0x00002edd   Thumb Code     2  startup_tm4c123.o(.text)
    GPIOA_Handler                            0x00002edf   Thumb Code     2  startup_tm4c123.o(.text)
    GPIOB_Handler                            0x00002ee1   Thumb Code     2  startup_tm4c123.o(.text)
    GPIOC_Handler                            0x00002ee3   Thumb Code     2  startup_tm4c123.o(.text)
    GPIOD_Handler                            0x00002ee5   Thumb Code     2  startup_tm4c123.o(.text)
    GPIOE_Handler                            0x00002ee7   Thumb Code     2  startup_tm4c123.o(.text)
    UART1_Handler                            0x00002eeb   Thumb Code     2  startup_tm4c123.o(.text)
    SSI0_Handler                             0x00002eed   Thumb Code     2  startup_tm4c123.o(.text)
    I2C0_Handler                             0x00002eef   Thumb Code     2  startup_tm4c123.o(.text)
    PMW0_FAULT_Handler                       0x00002ef1   Thumb Code     2  startup_tm4c123.o(.text)
    PWM0_0_Handler                           0x00002ef3   Thumb Code     2  startup_tm4c123.o(.text)
    PWM0_1_Handler                           0x00002ef5   Thumb Code     2  startup_tm4c123.o(.text)
    PWM0_2_Handler                           0x00002ef7   Thumb Code     2  startup_tm4c123.o(.text)
    QEI0_Handler                             0x00002ef9   Thumb Code     2  startup_tm4c123.o(.text)
    ADC0SS0_Handler                          0x00002efb   Thumb Code     2  startup_tm4c123.o(.text)
    ADC0SS1_Handler                          0x00002efd   Thumb Code     2  startup_tm4c123.o(.text)
    ADC0SS3_Handler                          0x00002f01   Thumb Code     2  startup_tm4c123.o(.text)
    WDT0_Handler                             0x00002f03   Thumb Code     2  startup_tm4c123.o(.text)
    TIMER0A_Handler                          0x00002f05   Thumb Code     2  startup_tm4c123.o(.text)
    TIMER0B_Handler                          0x00002f07   Thumb Code     2  startup_tm4c123.o(.text)
    TIMER1B_Handler                          0x00002f0b   Thumb Code     2  startup_tm4c123.o(.text)
    TIMER2B_Handler                          0x00002f0f   Thumb Code     2  startup_tm4c123.o(.text)
    COMP0_Handler                            0x00002f11   Thumb Code     2  startup_tm4c123.o(.text)
    COMP1_Handler                            0x00002f13   Thumb Code     2  startup_tm4c123.o(.text)
    COMP2_Handler                            0x00002f15   Thumb Code     2  startup_tm4c123.o(.text)
    SYSCTL_Handler                           0x00002f17   Thumb Code     2  startup_tm4c123.o(.text)
    FLASH_Handler                            0x00002f19   Thumb Code     2  startup_tm4c123.o(.text)
    GPIOF_Handler                            0x00002f1b   Thumb Code     2  startup_tm4c123.o(.text)
    GPIOG_Handler                            0x00002f1d   Thumb Code     2  startup_tm4c123.o(.text)
    GPIOH_Handler                            0x00002f1f   Thumb Code     2  startup_tm4c123.o(.text)
    UART2_Handler                            0x00002f21   Thumb Code     2  startup_tm4c123.o(.text)
    SSI1_Handler                             0x00002f23   Thumb Code     2  startup_tm4c123.o(.text)
    TIMER3B_Handler                          0x00002f27   Thumb Code     2  startup_tm4c123.o(.text)
    I2C1_Handler                             0x00002f29   Thumb Code     2  startup_tm4c123.o(.text)
    QEI1_Handler                             0x00002f2b   Thumb Code     2  startup_tm4c123.o(.text)
    CAN0_Handler                             0x00002f2d   Thumb Code     2  startup_tm4c123.o(.text)
    CAN1_Handler                             0x00002f2f   Thumb Code     2  startup_tm4c123.o(.text)
    CAN2_Handler                             0x00002f31   Thumb Code     2  startup_tm4c123.o(.text)
    HIB_Handler                              0x00002f33   Thumb Code     2  startup_tm4c123.o(.text)
    USB0_Handler                             0x00002f35   Thumb Code     2  startup_tm4c123.o(.text)
    PWM0_3_Handler                           0x00002f37   Thumb Code     2  startup_tm4c123.o(.text)
    UDMA_Handler                             0x00002f39   Thumb Code     2  startup_tm4c123.o(.text)
    UDMAERR_Handler                          0x00002f3b   Thumb Code     2  startup_tm4c123.o(.text)
    ADC1SS0_Handler                          0x00002f3d   Thumb Code     2  startup_tm4c123.o(.text)
    ADC1SS1_Handler                          0x00002f3f   Thumb Code     2  startup_tm4c123.o(.text)
    ADC1SS2_Handler                          0x00002f41   Thumb Code     2  startup_tm4c123.o(.text)
    ADC1SS3_Handler                          0x00002f43   Thumb Code     2  startup_tm4c123.o(.text)
    GPIOJ_Handler                            0x00002f45   Thumb Code     2  startup_tm4c123.o(.text)
    GPIOK_Handler                            0x00002f47   Thumb Code     2  startup_tm4c123.o(.text)
    GPIOL_Handler                            0x00002f49   Thumb Code     2  startup_tm4c123.o(.text)
    SSI2_Handler                             0x00002f4b   Thumb Code     2  startup_tm4c123.o(.text)
    SSI3_Handler                             0x00002f4d   Thumb Code     2  startup_tm4c123.o(.text)
    UART3_Handler                            0x00002f4f   Thumb Code     2  startup_tm4c123.o(.text)
    UART4_Handler                            0x00002f51   Thumb Code     2  startup_tm4c123.o(.text)
    UART5_Handler                            0x00002f53   Thumb Code     2  startup_tm4c123.o(.text)
    UART6_Handler                            0x00002f55   Thumb Code     2  startup_tm4c123.o(.text)
    UART7_Handler                            0x00002f57   Thumb Code     2  startup_tm4c123.o(.text)
    I2C2_Handler                             0x00002f59   Thumb Code     2  startup_tm4c123.o(.text)
    I2C3_Handler                             0x00002f5b   Thumb Code     2  startup_tm4c123.o(.text)
    TIMER4B_Handler                          0x00002f5f   Thumb Code     2  startup_tm4c123.o(.text)
    TIMER5A_Handler                          0x00002f61   Thumb Code     2  startup_tm4c123.o(.text)
    TIMER5B_Handler                          0x00002f63   Thumb Code     2  startup_tm4c123.o(.text)
    WTIMER0A_Handler                         0x00002f65   Thumb Code     2  startup_tm4c123.o(.text)
    WTIMER0B_Handler                         0x00002f67   Thumb Code     2  startup_tm4c123.o(.text)
    WTIMER1A_Handler                         0x00002f69   Thumb Code     2  startup_tm4c123.o(.text)
    WTIMER1B_Handler                         0x00002f6b   Thumb Code     2  startup_tm4c123.o(.text)
    WTIMER2A_Handler                         0x00002f6d   Thumb Code     2  startup_tm4c123.o(.text)
    WTIMER2B_Handler                         0x00002f6f   Thumb Code     2  startup_tm4c123.o(.text)
    WTIMER3A_Handler                         0x00002f71   Thumb Code     2  startup_tm4c123.o(.text)
    WTIMER3B_Handler                         0x00002f73   Thumb Code     2  startup_tm4c123.o(.text)
    WTIMER4A_Handler                         0x00002f75   Thumb Code     2  startup_tm4c123.o(.text)
    WTIMER4B_Handler                         0x00002f77   Thumb Code     2  startup_tm4c123.o(.text)
    WTIMER5A_Handler                         0x00002f79   Thumb Code     2  startup_tm4c123.o(.text)
    WTIMER5B_Handler                         0x00002f7b   Thumb Code     2  startup_tm4c123.o(.text)
    FPU_Handler                              0x00002f7d   Thumb Code     2  startup_tm4c123.o(.text)
    I2C4_Handler                             0x00002f7f   Thumb Code     2  startup_tm4c123.o(.text)
    I2C5_Handler                             0x00002f81   Thumb Code     2  startup_tm4c123.o(.text)
    GPIOM_Handler                            0x00002f83   Thumb Code     2  startup_tm4c123.o(.text)
    GPION_Handler                            0x00002f85   Thumb Code     2  startup_tm4c123.o(.text)
    QEI2_Handler                             0x00002f87   Thumb Code     2  startup_tm4c123.o(.text)
    GPIOP0_Handler                           0x00002f89   Thumb Code     2  startup_tm4c123.o(.text)
    GPIOP1_Handler                           0x00002f8b   Thumb Code     2  startup_tm4c123.o(.text)
    GPIOP2_Handler                           0x00002f8d   Thumb Code     2  startup_tm4c123.o(.text)
    GPIOP3_Handler                           0x00002f8f   Thumb Code     2  startup_tm4c123.o(.text)
    GPIOP4_Handler                           0x00002f91   Thumb Code     2  startup_tm4c123.o(.text)
    GPIOP5_Handler                           0x00002f93   Thumb Code     2  startup_tm4c123.o(.text)
    GPIOP6_Handler                           0x00002f95   Thumb Code     2  startup_tm4c123.o(.text)
    GPIOP7_Handler                           0x00002f97   Thumb Code     2  startup_tm4c123.o(.text)
    GPIOQ0_Handler                           0x00002f99   Thumb Code     2  startup_tm4c123.o(.text)
    GPIOQ1_Handler                           0x00002f9b   Thumb Code     2  startup_tm4c123.o(.text)
    GPIOQ2_Handler                           0x00002f9d   Thumb Code     2  startup_tm4c123.o(.text)
    GPIOQ3_Handler                           0x00002f9f   Thumb Code     2  startup_tm4c123.o(.text)
    GPIOQ4_Handler                           0x00002fa1   Thumb Code     2  startup_tm4c123.o(.text)
    GPIOQ5_Handler                           0x00002fa3   Thumb Code     2  startup_tm4c123.o(.text)
    GPIOQ6_Handler                           0x00002fa5   Thumb Code     2  startup_tm4c123.o(.text)
    GPIOQ7_Handler                           0x00002fa7   Thumb Code     2  startup_tm4c123.o(.text)
    GPIOR_Handler                            0x00002fa9   Thumb Code     2  startup_tm4c123.o(.text)
    GPIOS_Handler                            0x00002fab   Thumb Code     2  startup_tm4c123.o(.text)
    PMW1_0_Handler                           0x00002fad   Thumb Code     2  startup_tm4c123.o(.text)
    PWM1_1_Handler                           0x00002faf   Thumb Code     2  startup_tm4c123.o(.text)
    PWM1_2_Handler                           0x00002fb1   Thumb Code     2  startup_tm4c123.o(.text)
    PWM1_3_Handler                           0x00002fb3   Thumb Code     2  startup_tm4c123.o(.text)
    PWM1_FAULT_Handler                       0x00002fb5   Thumb Code     2  startup_tm4c123.o(.text)
    SystemCoreClockUpdate                    0x00003077   Thumb Code   184  system_tm4c123.o(.text)
    SystemInit                               0x0000312f   Thumb Code   112  system_tm4c123.o(.text)
    __aeabi_i2d                              0x00003211   Thumb Code    34  dflti.o(.text)
    __aeabi_ui2d                             0x00003233   Thumb Code    26  dfltui.o(.text)
    __aeabi_cdcmpeq                          0x0000324d   Thumb Code     0  cdcmple.o(.text)
    __aeabi_cdcmple                          0x0000324d   Thumb Code    48  cdcmple.o(.text)
    __aeabi_cdrcmple                         0x0000327d   Thumb Code    48  cdrcmple.o(.text)
    __aeabi_uidiv                            0x000032ad   Thumb Code     0  uidiv.o(.text)
    __aeabi_uidivmod                         0x000032ad   Thumb Code    44  uidiv.o(.text)
    __I$use$fp                               0x000032d9   Thumb Code     0  iusefp.o(.text)
    _double_round                            0x000032d9   Thumb Code    30  depilogue.o(.text)
    _double_epilogue                         0x000032f7   Thumb Code   156  depilogue.o(.text)
    __scatterload                            0x00003395   Thumb Code    28  init.o(.text)
    __scatterload_rt2                        0x00003395   Thumb Code     0  init.o(.text)
    __aeabi_llsl                             0x000033b9   Thumb Code    30  llshl.o(.text)
    _ll_shift_l                              0x000033b9   Thumb Code     0  llshl.o(.text)
    __aeabi_llsr                             0x000033d7   Thumb Code    32  llushr.o(.text)
    _ll_ushift_r                             0x000033d7   Thumb Code     0  llushr.o(.text)
    __0printf$1                              0x000033f9   Thumb Code    22  printf1.o(i.__0printf$1)
    __1printf$1                              0x000033f9   Thumb Code     0  printf1.o(i.__0printf$1)
    __2printf                                0x000033f9   Thumb Code     0  printf1.o(i.__0printf$1)
    __hardfp_fabs                            0x00003419   Thumb Code    20  fabs.o(i.__hardfp_fabs)
    __scatterload_copy                       0x0000342d   Thumb Code    14  handlers.o(i.__scatterload_copy)
    __scatterload_null                       0x0000343b   Thumb Code     2  handlers.o(i.__scatterload_null)
    __scatterload_zeroinit                   0x0000343d   Thumb Code    14  handlers.o(i.__scatterload_zeroinit)
    malloc                                   0x000035a1   Thumb Code    92  malloc.o(i.malloc)
    easytank_upBitmaps                       0x0000360c   Data          60  images.o(.constdata)
    easytank_upWidthPixels                   0x00003648   Data           1  images.o(.constdata)
    easytank_upHeightPixels                  0x00003649   Data           1  images.o(.constdata)
    easytank_downBitmaps                     0x0000364a   Data          60  images.o(.constdata)
    easytank_downWidthPixels                 0x00003686   Data           1  images.o(.constdata)
    easytank_downHeightPixels                0x00003687   Data           1  images.o(.constdata)
    easytank_rightBitmaps                    0x00003688   Data          60  images.o(.constdata)
    easytank_rightWidthPixels                0x000036c4   Data           1  images.o(.constdata)
    easytank_rightHeightPixels               0x000036c5   Data           1  images.o(.constdata)
    easytank_leftBitmaps                     0x000036c6   Data          60  images.o(.constdata)
    easytank_leftWidthPixels                 0x00003702   Data           1  images.o(.constdata)
    easytank_leftHeightPixels                0x00003703   Data           1  images.o(.constdata)
    panzer_II_upBitmaps                      0x00003704   Data          60  images.o(.constdata)
    panzer_II_upWidthPixels                  0x00003740   Data           1  images.o(.constdata)
    panzer_II_upHeightPixels                 0x00003741   Data           1  images.o(.constdata)
    panzer_II_downBitmaps                    0x00003742   Data          60  images.o(.constdata)
    panzer_II_downWidthPixels                0x0000377e   Data           1  images.o(.constdata)
    panzer_II_downHeightPixels               0x0000377f   Data           1  images.o(.constdata)
    panzer_II_rightBitmaps                   0x00003780   Data          60  images.o(.constdata)
    panzer_II_rightWidthPixels               0x000037bc   Data           1  images.o(.constdata)
    panzer_II_rightHeightPixels              0x000037bd   Data           1  images.o(.constdata)
    panzer_II_leftBitmaps                    0x000037be   Data          60  images.o(.constdata)
    panzer_II_leftWidthPixels                0x000037fa   Data           1  images.o(.constdata)
    panzer_II_leftHeightPixels               0x000037fb   Data           1  images.o(.constdata)
    panzer_IV_upBitmaps                      0x000037fc   Data          60  images.o(.constdata)
    panzer_IV_upWidthPixels                  0x00003838   Data           1  images.o(.constdata)
    panzer_IV_upHeightPixels                 0x00003839   Data           1  images.o(.constdata)
    panzer_IV_rightBitmaps                   0x0000383a   Data          60  images.o(.constdata)
    panzer_IV_rightWidthPixels               0x00003876   Data           1  images.o(.constdata)
    panzer_IV_rightHeightPixels              0x00003877   Data           1  images.o(.constdata)
    panzer_IV_downBitmaps                    0x00003878   Data          60  images.o(.constdata)
    panzer_IV_downWidthPixels                0x000038b4   Data           1  images.o(.constdata)
    panzer_IV_downHeightPixels               0x000038b5   Data           1  images.o(.constdata)
    panzer_IV_leftBitmaps                    0x000038b6   Data          60  images.o(.constdata)
    panzer_IV_leftWidthPixels                0x000038f2   Data           1  images.o(.constdata)
    panzer_IV_leftHeightPixels               0x000038f3   Data           1  images.o(.constdata)
    panzer_VI_upBitmaps                      0x000038f4   Data          60  images.o(.constdata)
    panzer_VI_upWidthPixels                  0x00003930   Data           1  images.o(.constdata)
    panzer_VI_upHeightPixels                 0x00003931   Data           1  images.o(.constdata)
    panzer_VI_rightBitmaps                   0x00003932   Data          60  images.o(.constdata)
    panzer_VI_rightWidthPixels               0x0000396e   Data           1  images.o(.constdata)
    panzer_VI_rightHeightPixels              0x0000396f   Data           1  images.o(.constdata)
    panzer_VI_downBitmaps                    0x00003970   Data          60  images.o(.constdata)
    panzer_VI_downWidthPixels                0x000039ac   Data           1  images.o(.constdata)
    panzer_VI_downHeightPixels               0x000039ad   Data           1  images.o(.constdata)
    panzer_VI_leftBitmaps                    0x000039ae   Data          60  images.o(.constdata)
    panzer_VI_leftWidthPixels                0x000039ea   Data           1  images.o(.constdata)
    panzer_VI_leftHeightPixels               0x000039eb   Data           1  images.o(.constdata)
    blank_tileBitmaps                        0x000039ec   Data          60  images.o(.constdata)
    blank_tileWidthPixels                    0x00003a28   Data           1  images.o(.constdata)
    blank_tileHeightPixels                   0x00003a29   Data           1  images.o(.constdata)
    shell_objBitmaps                         0x00003a2a   Data           4  images.o(.constdata)
    shell_objWidthPixels                     0x00003a2e   Data           1  images.o(.constdata)
    shell_objHeightPixels                    0x00003a2f   Data           1  images.o(.constdata)
    wall_tileBitmaps                         0x00003a44   Data          60  map.o(.constdata)
    wall_tileWidthPixels                     0x00003a80   Data           1  map.o(.constdata)
    wall_tileHeightPixels                    0x00003a81   Data           1  map.o(.constdata)
    water_tileBitmaps                        0x00003a82   Data          60  map.o(.constdata)
    water_tileWidthPixels                    0x00003abe   Data           1  map.o(.constdata)
    water_tileHeightPixels                   0x00003abf   Data           1  map.o(.constdata)
    Sevastopol                               0x00003ac0   Data         180  map.o(.constdata)
    colon                                    0x00003b74   Data          20  top_row_display.o(.constdata)
    H                                        0x00003b88   Data          20  top_row_display.o(.constdata)
    P                                        0x00003b9c   Data          20  top_row_display.o(.constdata)
    zero                                     0x00003bb0   Data          20  top_row_display.o(.constdata)
    one                                      0x00003bc4   Data          20  top_row_display.o(.constdata)
    two                                      0x00003bd8   Data          20  top_row_display.o(.constdata)
    three                                    0x00003bec   Data          20  top_row_display.o(.constdata)
    four                                     0x00003c00   Data          20  top_row_display.o(.constdata)
    five                                     0x00003c14   Data          20  top_row_display.o(.constdata)
    six                                      0x00003c28   Data          20  top_row_display.o(.constdata)
    seven                                    0x00003c3c   Data          20  top_row_display.o(.constdata)
    eight                                    0x00003c50   Data          20  top_row_display.o(.constdata)
    nine                                     0x00003c64   Data          20  top_row_display.o(.constdata)
    font_width                               0x00003c78   Data           1  top_row_display.o(.constdata)
    font_height                              0x00003c79   Data           1  top_row_display.o(.constdata)
    Region$$Table$$Base                      0x00003cc0   Number         0  anon$$obj.o(Region$$Table)
    Region$$Table$$Limit                     0x00003ce0   Number         0  anon$$obj.o(Region$$Table)
    RESTART                                  0x20000000   Data           1  main.o(.data)
    button                                   0x20000007   Data           1  project_interrupts.o(.data)
    data                                     0x20000008   Data           1  project_interrupts.o(.data)
    SHIP_X_COORD                             0x2000000c   Data           2  game.o(.data)
    SHIP_Y_COORD                             0x2000000e   Data           2  game.o(.data)
    INVADER_X_COORD                          0x20000010   Data           2  game.o(.data)
    INVADER_Y_COORD                          0x20000012   Data           2  game.o(.data)
    ALERT_INVADER                            0x20000014   Data           1  game.o(.data)
    BUTTON_PRESSED                           0x20000015   Data           1  game.o(.data)
    STUDENT_NAME                             0x20000016   Data          27  game.o(.data)
    i                                        0x20000034   Data           4  game.o(.data)
    player                                   0x20000038   Data           4  game.o(.data)
    enermy                                   0x2000003c   Data           4  game.o(.data)
    shells                                   0x20000040   Data           4  game.o(.data)
    shell_size                               0x20000044   Data           1  game.o(.data)
    enermy_size                              0x20000045   Data           1  game.o(.data)
    SystemCoreClock                          0x2000004c   Data           4  system_tm4c123.o(.data)
    __stdout                                 0x20000050   Data           4  stdout.o(.data)
    __microlib_freelist                      0x20000054   Data           4  mvars.o(.data)
    __microlib_freelist_initialised          0x20000058   Data           4  mvars.o(.data)
    ALERT_SPACE_SHIP                         0x2000007a   Data          10  game.o(.bss)
    UART0_Tx_Buffer                          0x20000084   Data          14  serial_debug.o(.bss)
    UART0_Rx_Buffer                          0x20000092   Data          14  serial_debug.o(.bss)
    __heap_base                              0x200000a0   Data           0  startup_tm4c123.o(HEAP)
    __heap_limit                             0x200000a0   Data           0  startup_tm4c123.o(HEAP)
    __initial_sp                             0x200010a0   Data           0  startup_tm4c123.o(STACK)



==============================================================================

Memory Map of the image

  Image Entry point : 0x00002ec5

  Load Region LR_1 (Base: 0x00000000, Size: 0x00003d3c, Max: 0xffffffff, ABSOLUTE)

    Execution Region ER_RO (Exec base: 0x00000000, Load base: 0x00000000, Size: 0x00003ce0, Max: 0xffffffff, ABSOLUTE)

    Exec Addr    Load Addr    Size         Type   Attr      Idx    E Section Name        Object

    0x00000000   0x00000000   0x0000026c   Data   RO          710    RESET               startup_tm4c123.o
    0x0000026c   0x0000026c   0x00000000   Code   RO          751  * .ARM.Collect$$$$00000000  mc_w.l(entry.o)
    0x0000026c   0x0000026c   0x00000004   Code   RO         1052    .ARM.Collect$$$$00000001  mc_w.l(entry2.o)
    0x00000270   0x00000270   0x00000004   Code   RO         1055    .ARM.Collect$$$$00000004  mc_w.l(entry5.o)
    0x00000274   0x00000274   0x00000000   Code   RO         1057    .ARM.Collect$$$$00000008  mc_w.l(entry7b.o)
    0x00000274   0x00000274   0x00000000   Code   RO         1059    .ARM.Collect$$$$0000000A  mc_w.l(entry8b.o)
    0x00000274   0x00000274   0x00000008   Code   RO         1060    .ARM.Collect$$$$0000000B  mc_w.l(entry9a.o)
    0x0000027c   0x0000027c   0x00000000   Code   RO         1062    .ARM.Collect$$$$0000000D  mc_w.l(entry10a.o)
    0x0000027c   0x0000027c   0x00000000   Code   RO         1064    .ARM.Collect$$$$0000000F  mc_w.l(entry11a.o)
    0x0000027c   0x0000027c   0x00000004   Code   RO         1053    .ARM.Collect$$$$00002712  mc_w.l(entry2.o)
    0x00000280   0x00000280   0x00000050   Code   RO            4    .text               main.o
    0x000002d0   0x000002d0   0x00000084   Code   RO          155    .text               project_hardware_init.o
    0x00000354   0x00000354   0x00000514   Code   RO          183    .text               project_interrupts.o
    0x00000868   0x00000868   0x000007c4   Code   RO          215    .text               game.o
    0x0000102c   0x0000102c   0x00000130   Code   RO          264    .text               staff.o
    0x0000115c   0x0000115c   0x000000dc   Code   RO          291    .text               map.o
    0x00001238   0x00001238   0x0000026c   Code   RO          322    .text               top_row_display.o
    0x000014a4   0x000014a4   0x00000304   Code   RO          407    .text               gpio_port.o
    0x000017a8   0x000017a8   0x00000208   Code   RO          431    .text               i2c.o
    0x000019b0   0x000019b0   0x0000007c   Code   RO          452    .text               pc_buffer.o
    0x00001a2c   0x00001a2c   0x00000248   Code   RO          470    .text               timers.o
    0x00001c74   0x00001c74   0x00000290   Code   RO          494    .text               uart.o
    0x00001f04   0x00001f04   0x00000b46   Code   RO          596    .text               lcd.o
    0x00002a4a   0x00002a4a   0x00000002   PAD
    0x00002a4c   0x00002a4c   0x00000118   Code   RO          620    .text               ps2.o
    0x00002b64   0x00002b64   0x0000021c   Code   RO          644    .text               serial_debug.o
    0x00002d80   0x00002d80   0x00000144   Code   RO          680    .text               io_expander.o
    0x00002ec4   0x00002ec4   0x000000fc   Code   RO          711  * .text               startup_tm4c123.o
    0x00002fc0   0x00002fc0   0x00000250   Code   RO          718    .text               system_tm4c123.o
    0x00003210   0x00003210   0x00000022   Code   RO         1044    .text               mf_w.l(dflti.o)
    0x00003232   0x00003232   0x0000001a   Code   RO         1046    .text               mf_w.l(dfltui.o)
    0x0000324c   0x0000324c   0x00000030   Code   RO         1048    .text               mf_w.l(cdcmple.o)
    0x0000327c   0x0000327c   0x00000030   Code   RO         1050    .text               mf_w.l(cdrcmple.o)
    0x000032ac   0x000032ac   0x0000002c   Code   RO         1066    .text               mc_w.l(uidiv.o)
    0x000032d8   0x000032d8   0x00000000   Code   RO         1076    .text               mc_w.l(iusefp.o)
    0x000032d8   0x000032d8   0x000000ba   Code   RO         1077    .text               mf_w.l(depilogue.o)
    0x00003392   0x00003392   0x00000002   PAD
    0x00003394   0x00003394   0x00000024   Code   RO         1087    .text               mc_w.l(init.o)
    0x000033b8   0x000033b8   0x0000001e   Code   RO         1089    .text               mc_w.l(llshl.o)
    0x000033d6   0x000033d6   0x00000020   Code   RO         1091    .text               mc_w.l(llushr.o)
    0x000033f6   0x000033f6   0x00000002   PAD
    0x000033f8   0x000033f8   0x00000020   Code   RO          800    i.__0printf$1       mc_w.l(printf1.o)
    0x00003418   0x00003418   0x00000014   Code   RO          745    i.__hardfp_fabs     m_wm.l(fabs.o)
    0x0000342c   0x0000342c   0x0000000e   Code   RO         1097    i.__scatterload_copy  mc_w.l(handlers.o)
    0x0000343a   0x0000343a   0x00000002   Code   RO         1098    i.__scatterload_null  mc_w.l(handlers.o)
    0x0000343c   0x0000343c   0x0000000e   Code   RO         1099    i.__scatterload_zeroinit  mc_w.l(handlers.o)
    0x0000344a   0x0000344a   0x00000002   PAD
    0x0000344c   0x0000344c   0x00000154   Code   RO          807    i._printf_core      mc_w.l(printf1.o)
    0x000035a0   0x000035a0   0x0000006c   Code   RO         1017    i.malloc            mc_w.l(malloc.o)
    0x0000360c   0x0000360c   0x00000424   Data   RO          248    .constdata          images.o
    0x00003a30   0x00003a30   0x00000014   Data   RO          265    .constdata          staff.o
    0x00003a44   0x00003a44   0x00000130   Data   RO          292    .constdata          map.o
    0x00003b74   0x00003b74   0x00000106   Data   RO          323    .constdata          top_row_display.o
    0x00003c7a   0x00003c7a   0x00000002   PAD
    0x00003c7c   0x00003c7c   0x00000043   Data   RO            5    .conststring        main.o
    0x00003cbf   0x00003cbf   0x00000001   PAD
    0x00003cc0   0x00003cc0   0x00000020   Data   RO         1095    Region$$Table       anon$$obj.o


    Execution Region ER_RW (Exec base: 0x20000000, Load base: 0x00003ce0, Size: 0x0000005c, Max: 0xffffffff, ABSOLUTE)

    Exec Addr    Load Addr    Size         Type   Attr      Idx    E Section Name        Object

    0x20000000   0x00003ce0   0x00000001   Data   RW            6    .data               main.o
    0x20000001   0x00003ce1   0x00000001   PAD
    0x20000002   0x00003ce2   0x00000007   Data   RW          185    .data               project_interrupts.o
    0x20000009   0x00003ce9   0x00000003   PAD
    0x2000000c   0x00003cec   0x0000003a   Data   RW          217    .data               game.o
    0x20000046   0x00003d26   0x00000002   Data   RW          266    .data               staff.o
    0x20000048   0x00003d28   0x00000002   Data   RW          646    .data               serial_debug.o
    0x2000004a   0x00003d2a   0x00000002   PAD
    0x2000004c   0x00003d2c   0x00000004   Data   RW          719    .data               system_tm4c123.o
    0x20000050   0x00003d30   0x00000004   Data   RW          754    .data               mc_w.l(stdout.o)
    0x20000054   0x00003d34   0x00000004   Data   RW         1074    .data               mc_w.l(mvars.o)
    0x20000058   0x00003d38   0x00000004   Data   RW         1075    .data               mc_w.l(mvars.o)


    Execution Region ER_ZI (Exec base: 0x2000005c, Load base: 0x00003d3c, Size: 0x00001044, Max: 0xffffffff, ABSOLUTE)

    Exec Addr    Load Addr    Size         Type   Attr      Idx    E Section Name        Object

    0x2000005c        -       0x0000001e   Zero   RW          184    .bss                project_interrupts.o
    0x2000007a        -       0x0000000a   Zero   RW          216    .bss                game.o
    0x20000084        -       0x0000001c   Zero   RW          645    .bss                serial_debug.o
    0x200000a0        -       0x00000000   Zero   RW          709    HEAP                startup_tm4c123.o
    0x200000a0        -       0x00001000   Zero   RW          708    STACK               startup_tm4c123.o


==============================================================================

Image component sizes


      Code (inc. data)   RO Data    RW Data    ZI Data      Debug   Object Name

         0          0          0          0          0      30083   breathing_led.o
      1988        224          0         58         10       7242   game.o
       772         34          0          0          0       5490   gpio_port.o
       520         24          0          0          0       3637   i2c.o
         0          0       1060          0          0       4049   images.o
       324         14          0          0          0       1647   io_expander.o
      2886         28          0          0          0       8192   lcd.o
        80         10         67          1          0      30873   main.o
       220          6        304          0          0       2410   map.o
       124          0          0          0          0       1903   pc_buffer.o
       132         24          0          0          0        515   project_hardware_init.o
      1300        124          0          7         30       4090   project_interrupts.o
       280         24          0          0          0       1552   ps2.o
       540         26          0          2         28       5473   serial_debug.o
       304         16         20          2          0       1978   staff.o
       252         10        620          0       4096       5424   startup_tm4c123.o
       592        138          0          4          0       1517   system_tm4c123.o
       584         24          0          0          0       2757   timers.o
       620         64        262          0          0       1686   top_row_display.o
       656         54          0          0          0       3448   uart.o

    ----------------------------------------------------------------------
     12176        844       2368         80       4164     123966   Object Totals
         0          0         32          0          0          0   (incl. Generated)
         2          0          3          6          0          0   (incl. Padding)

    ----------------------------------------------------------------------

      Code (inc. data)   RO Data    RW Data    ZI Data      Debug   Library Member Name

        20          0          0          0          0        124   fabs.o
         0          0          0          0          0          0   entry.o
         0          0          0          0          0          0   entry10a.o
         0          0          0          0          0          0   entry11a.o
         8          4          0          0          0          0   entry2.o
         4          0          0          0          0          0   entry5.o
         0          0          0          0          0          0   entry7b.o
         0          0          0          0          0          0   entry8b.o
         8          4          0          0          0          0   entry9a.o
        30          0          0          0          0          0   handlers.o
        36          8          0          0          0         68   init.o
         0          0          0          0          0          0   iusefp.o
        30          0          0          0          0         68   llshl.o
        32          0          0          0          0         68   llushr.o
       108         16          0          0          0         84   malloc.o
         0          0          0          8          0          0   mvars.o
       372         14          0          0          0        184   printf1.o
         0          0          0          4          0          0   stdout.o
        44          0          0          0          0         80   uidiv.o
        48          0          0          0          0         68   cdcmple.o
        48          0          0          0          0         68   cdrcmple.o
       186          0          0          0          0        176   depilogue.o
        34          0          0          0          0         76   dflti.o
        26          0          0          0          0         76   dfltui.o

    ----------------------------------------------------------------------
      1040         46          0         12          0       1140   Library Totals
         6          0          0          0          0          0   (incl. Padding)

    ----------------------------------------------------------------------

      Code (inc. data)   RO Data    RW Data    ZI Data      Debug   Library Name

        20          0          0          0          0        124   m_wm.l
       672         46          0         12          0        552   mc_w.l
       342          0          0          0          0        464   mf_w.l

    ----------------------------------------------------------------------
      1040         46          0         12          0       1140   Library Totals

    ----------------------------------------------------------------------

==============================================================================


      Code (inc. data)   RO Data    RW Data    ZI Data      Debug   

     13216        890       2368         92       4164     121590   Grand Totals
     13216        890       2368         92       4164     121590   ELF Image Totals
     13216        890       2368         92          0          0   ROM Totals

==============================================================================

    Total RO  Size (Code + RO Data)                15584 (  15.22kB)
    Total RW  Size (RW Data + ZI Data)              4256 (   4.16kB)
    Total ROM Size (Code + RO Data + RW Data)      15676 (  15.31kB)

==============================================================================

