Component: ARM Compiler 5.06 update 6 (build 750) Tool: armlink [4d35ed]

==============================================================================

Section Cross References

    main.o(.text) refers to malloc.o(i.malloc) for malloc
    main.o(.text) refers to project_hardware_init.o(.text) for hardwareInit
    main.o(.text) refers to printf5.o(i.__0printf$5) for __2printf
    main.o(.text) refers to eeprom.o(.text) for eeprom_byte_read
    main.o(.text) refers to transition.o(.text) for game_start_page
    main.o(.text) refers to top_row_display.o(.text) for drawSCORE
    main.o(.text) refers to game.o(.text) for game
    main.o(.text) refers to game.o(.data) for RESTART
    main.o(.text) refers to main.o(.conststring) for .conststring
    main.o(.text) refers to map.o(.data) for MAP_SEL
    main.o(.text) refers to score.o(.data) for LAST_SCORE
    project_hardware_init.o(.text) refers to main.o(.text) for DisableInterrupts
    project_hardware_init.o(.text) refers to serial_debug.o(.text) for init_serial_debug
    project_hardware_init.o(.text) refers to lcd.o(.text) for lcd_config_gpio
    project_hardware_init.o(.text) refers to ft6x06.o(.text) for ft6x06_init
    project_hardware_init.o(.text) refers to ps2.o(.text) for ps2_initialize
    project_hardware_init.o(.text) refers to io_expander.o(.text) for io_expander_init
    project_hardware_init.o(.text) refers to timers.o(.text) for gp_timer_config_32
    project_hardware_init.o(.text) refers to eeprom.o(.text) for eeprom_init
    project_interrupts.o(.text) refers to io_expander.o(.text) for io_expander_read_reg
    project_interrupts.o(.text) refers to printf5.o(i.__0printf$5) for __2printf
    project_interrupts.o(.text) refers to dfltui.o(.text) for __aeabi_ui2d
    project_interrupts.o(.text) refers to cdrcmple.o(.text) for __aeabi_cdrcmple
    project_interrupts.o(.text) refers to tanks.o(.text) for set_dir
    project_interrupts.o(.text) refers to cdcmple.o(.text) for __aeabi_cdcmple
    project_interrupts.o(.text) refers to game.o(.text) for check_bump
    project_interrupts.o(.text) refers to staff.o(.text) for get_new_direction
    project_interrupts.o(.text) refers to game.o(.data) for BUTTON_PRESSED
    project_interrupts.o(.text) refers to project_interrupts.o(.data) for data
    project_interrupts.o(.text) refers to tanks.o(.data) for player
    project_interrupts.o(.text) refers to breathing_led.o(.data) for RGB_update
    project_interrupts.o(.text) refers to project_interrupts.o(.bss) for bump
    project_interrupts.o(.text) refers to lcd.o(.text) for lcd_draw_image
    project_interrupts.o(.text) refers to transition.o(.text) for game_transition_fail_page
    project_interrupts.o(.text) refers to map.o(.text) for getMap
    project_interrupts.o(.text) refers to memseta.o(.text) for __aeabi_memclr4
    project_interrupts.o(.text) refers to getc.o(i.getc) for getc
    project_interrupts.o(.text) refers to game.o(.bss) for ALERT_SPACE_SHIP
    project_interrupts.o(.text) refers to score.o(.data) for SCORE
    project_interrupts.o(.text) refers to images.o(.constdata) for shell_objBitmaps
    project_interrupts.o(.text) refers to map.o(.data) for MAP_SEL
    project_interrupts.o(.text) refers to stdin.o(.data) for __stdin
    game.o(.text) refers to map.o(.text) for get_pos
    game.o(.text) refers to lcd.o(.text) for lcd_draw_image
    game.o(.text) refers to printf5.o(i.__0printf$5) for __2printf
    game.o(.text) refers to malloc.o(i.malloc) for malloc
    game.o(.text) refers to tanks.o(.text) for set_image
    game.o(.text) refers to top_row_display.o(.text) for drawHP
    game.o(.text) refers to images.o(.constdata) for blank_tileBitmaps
    game.o(.text) refers to tanks.o(.data) for player
    game.o(.text) refers to map.o(.data) for MAP_SEL
    game.o(.text) refers to game.o(.data) for i
    game.o(.text) refers to game.o(.bss) for ALERT_SPACE_SHIP
    game.o(.text) refers to score.o(.data) for SCORE
    images.o(.data) refers to images.o(.constdata) for easytank_upBitmaps
    staff.o(.text) refers to dflti.o(.text) for __aeabi_i2d
    staff.o(.text) refers to fabs.o(i.__hardfp_fabs) for __hardfp_fabs
    staff.o(.text) refers to cdrcmple.o(.text) for __aeabi_cdrcmple
    staff.o(.text) refers to printf5.o(i.__0printf$5) for __2printf
    staff.o(.text) refers to tanks.o(.text) for fire
    staff.o(.text) refers to staff.o(.data) for lfsr
    staff.o(.text) refers to tanks.o(.data) for enermy
    staff.o(.text) refers to staff.o(.constdata) for MOVE_AMOUNT
    map.o(.text) refers to lcd.o(.text) for lcd_draw_image
    map.o(.text) refers to map.o(.data) for MAP_SEL
    map.o(.text) refers to map.o(.constdata) for wall_tileBitmaps
    top_row_display.o(.text) refers to lcd.o(.text) for lcd_draw_image
    top_row_display.o(.text) refers to top_row_display.o(.constdata) for H
    breathing_led.o(.text) refers to main.o(.text) for delay
    breathing_led.o(.text) refers to launchpad_io.o(.text) for lp_io_init
[...]
    printf8.o(i.__0snprintf$8) refers to printf8.o(i._snputc) for _snputc
    printf8.o(i.__0sprintf$8) refers to printf8.o(i._printf_core) for _printf_core
    printf8.o(i.__0sprintf$8) refers to printf8.o(i._sputc) for _sputc
    printf8.o(i.__0vfprintf$8) refers to printf8.o(i._printf_core) for _printf_core
    printf8.o(i.__0vfprintf$8) refers to serial_debug.o(.text) for fputc
    printf8.o(i.__0vprintf$8) refers to printf8.o(i._printf_core) for _printf_core
    printf8.o(i.__0vprintf$8) refers to serial_debug.o(.text) for fputc
    printf8.o(i.__0vprintf$8) refers to stdout.o(.data) for __stdout
    printf8.o(i.__0vsnprintf$8) refers to printf8.o(i._printf_core) for _printf_core
    printf8.o(i.__0vsnprintf$8) refers to printf8.o(i._snputc) for _snputc
    printf8.o(i.__0vsprintf$8) refers to printf8.o(i._printf_core) for _printf_core
    printf8.o(i.__0vsprintf$8) refers to printf8.o(i._sputc) for _sputc
    printf8.o(i._printf_core) refers to printf8.o(i._printf_pre_padding) for _printf_pre_padding
    printf8.o(i._printf_core) refers to uldiv.o(.text) for __aeabi_uldivmod
    printf8.o(i._printf_core) refers to printf8.o(i._printf_post_padding) for _printf_post_padding
    printfa.o(i.__0fprintf) refers (Special) to iusefp.o(.text) for __I$use$fp
    printfa.o(i.__0fprintf) refers to printfa.o(i._printf_core) for _printf_core
    printfa.o(i.__0fprintf) refers to serial_debug.o(.text) for fputc
    printfa.o(i.__0printf) refers (Special) to iusefp.o(.text) for __I$use$fp
    printfa.o(i.__0printf) refers to printfa.o(i._printf_core) for _printf_core
    printfa.o(i.__0printf) refers to serial_debug.o(.text) for fputc
    printfa.o(i.__0printf) refers to stdout.o(.data) for __stdout
    printfa.o(i.__0snprintf) refers (Special) to iusefp.o(.text) for __I$use$fp
    printfa.o(i.__0snprintf) refers to printfa.o(i._printf_core) for _printf_core
    printfa.o(i.__0snprintf) refers to printfa.o(i._snputc) for _snputc
    printfa.o(i.__0sprintf) refers (Special) to iusefp.o(.text) for __I$use$fp
    printfa.o(i.__0sprintf) refers to printfa.o(i._printf_core) for _printf_core
    printfa.o(i.__0sprintf) refers to printfa.o(i._sputc) for _sputc
    printfa.o(i.__0vfprintf) refers (Special) to iusefp.o(.text) for __I$use$fp
    printfa.o(i.__0vfprintf) refers to printfa.o(i._printf_core) for _printf_core
    printfa.o(i.__0vfprintf) refers to serial_debug.o(.text) for fputc
    printfa.o(i.__0vprintf) refers (Special) to iusefp.o(.text) for __I$use$fp
    printfa.o(i.__0vprintf) refers to printfa.o(i._printf_core) for _printf_core
    printfa.o(i.__0vprintf) refers to serial_debug.o(.text) for fputc
    printfa.o(i.__0vprintf) refers to stdout.o(.data) for __stdout
    printfa.o(i.__0vsnprintf) refers (Special) to iusefp.o(.text) for __I$use$fp
    printfa.o(i.__0vsnprintf) refers to printfa.o(i._printf_core) for _printf_core
    printfa.o(i.__0vsnprintf) refers to printfa.o(i._snputc) for _snputc
    printfa.o(i.__0vsprintf) refers (Special) to iusefp.o(.text) for __I$use$fp
    printfa.o(i.__0vsprintf) refers to printfa.o(i._printf_core) for _printf_core
    printfa.o(i.__0vsprintf) refers to printfa.o(i._sputc) for _sputc
    printfa.o(i._fp_digits) refers (Special) to iusefp.o(.text) for __I$use$fp
    printfa.o(i._fp_digits) refers to dmul.o(.text) for __aeabi_dmul
    printfa.o(i._fp_digits) refers to ddiv.o(.text) for __aeabi_ddiv
    printfa.o(i._fp_digits) refers to cdrcmple.o(.text) for __aeabi_cdrcmple
    printfa.o(i._fp_digits) refers to dadd.o(.text) for __aeabi_dadd
    printfa.o(i._fp_digits) refers to dfixul.o(.text) for __aeabi_d2ulz
    printfa.o(i._fp_digits) refers to uldiv.o(.text) for __aeabi_uldivmod
    printfa.o(i._printf_core) refers (Special) to iusefp.o(.text) for __I$use$fp
    printfa.o(i._printf_core) refers to printfa.o(i._printf_pre_padding) for _printf_pre_padding
    printfa.o(i._printf_core) refers to uldiv.o(.text) for __aeabi_uldivmod
    printfa.o(i._printf_core) refers to printfa.o(i._printf_post_padding) for _printf_post_padding
    printfa.o(i._printf_core) refers to printfa.o(i._fp_digits) for _fp_digits
    printfa.o(i._printf_core) refers to uidiv.o(.text) for __aeabi_uidivmod
    printfa.o(i._printf_post_padding) refers (Special) to iusefp.o(.text) for __I$use$fp
    printfa.o(i._printf_pre_padding) refers (Special) to iusefp.o(.text) for __I$use$fp
    printfa.o(i._snputc) refers (Special) to iusefp.o(.text) for __I$use$fp
    printfa.o(i._sputc) refers (Special) to iusefp.o(.text) for __I$use$fp
    malloc.o(i.free) refers to mvars.o(.data) for __microlib_freelist
    malloc.o(i.malloc) refers to mvars.o(.data) for __microlib_freelist_initialised
    malloc.o(i.malloc) refers to mvars.o(.data) for __microlib_freelist
    malloc.o(i.malloc) refers to startup_tm4c123.o(HEAP) for __heap_base
    mallocr.o(i.__free$realloc) refers to mvars.o(.data) for __microlib_freelist
    mallocr.o(i.__malloc$realloc) refers to mallocr.o(i.internal_alloc) for internal_alloc
    mallocr.o(i.__malloc$realloc) refers to mvars.o(.data) for __microlib_freelist_initialised
    mallocr.o(i.__malloc$realloc) refers to startup_tm4c123.o(HEAP) for __heap_base
    mallocr.o(i.__malloc$realloc) refers to mvars.o(.data) for __microlib_freelist
    mallocr.o(i.internal_alloc) refers to memcpya.o(.text) for __aeabi_memcpy
    mallocr.o(i.internal_alloc) refers to mvars.o(.data) for __microlib_freelist
    mallocr.o(i.realloc) refers to mallocr.o(i.__free$realloc) for __free$realloc
    mallocr.o(i.realloc) refers to mallocr.o(i.internal_alloc) for internal_alloc
    mallocr.o(i.realloc) refers to mallocr.o(i.__malloc$realloc) for __malloc$realloc
    mallocr.o(i.realloc) refers to mvars.o(.data) for __microlib_freelist
    malloca.o(i.__aligned_malloc) refers to mvars.o(.data) for __microlib_freelist_initialised
    malloca.o(i.__aligned_malloc) refers to mvars.o(.data) for __microlib_freelist
    malloca.o(i.__aligned_malloc) refers to startup_tm4c123.o(HEAP) for __heap_base
    malloca.o(i.__free$memalign) refers to mvars.o(.data) for __microlib_freelist
    malloca.o(i.__malloc$memalign) refers to malloca.o(i.__aligned_malloc) for __aligned_malloc
    mallocra.o(i.__aligned_malloc$realloc) refers to mallocra.o(i.internal_alloc) for internal_alloc
    mallocra.o(i.__aligned_malloc$realloc) refers to mvars.o(.data) for __microlib_freelist_initialised
    mallocra.o(i.__aligned_malloc$realloc) refers to startup_tm4c123.o(HEAP) for __heap_base
    mallocra.o(i.__aligned_malloc$realloc) refers to mvars.o(.data) for __microlib_freelist
    mallocra.o(i.__free$realloc$memalign) refers to mvars.o(.data) for __microlib_freelist
    mallocra.o(i.__malloc$realloc$memalign) refers to mallocra.o(i.__aligned_malloc$realloc) for __aligned_malloc$realloc
    mallocra.o(i.__realloc$memalign) refers to mallocra.o(i.__free$realloc$memalign) for __free$realloc$memalign
    mallocra.o(i.__realloc$memalign) refers to mallocra.o(i.internal_alloc) for internal_alloc
    mallocra.o(i.__realloc$memalign) refers to mallocra.o(i.__malloc$realloc$memalign) for __malloc$realloc$memalign
    mallocra.o(i.__realloc$memalign) refers to mvars.o(.data) for __microlib_freelist
    mallocra.o(i.internal_alloc) refers to memcpya.o(.text) for __aeabi_memcpy
    mallocra.o(i.internal_alloc) refers to mvars.o(.data) for __microlib_freelist
    dflti.o(.text) refers (Special) to iusefp.o(.text) for __I$use$fp
    dflti.o(.text) refers to depilogue.o(.text) for _double_epilogue
    dfltui.o(.text) refers (Special) to iusefp.o(.text) for __I$use$fp
    dfltui.o(.text) refers to depilogue.o(.text) for _double_epilogue
    cdcmple.o(.text) refers (Special) to iusefp.o(.text) for __I$use$fp
    cdrcmple.o(.text) refers (Special) to iusefp.o(.text) for __I$use$fp
    entry2.o(.ARM.Collect$$$$00000001) refers to entry2.o(.ARM.Collect$$$$00002712) for __lit__00000000
    entry2.o(.ARM.Collect$$$$00002712) refers to startup_tm4c123.o(STACK) for __initial_sp
    entry2.o(__vectab_stack_and_reset_area) refers to startup_tm4c123.o(STACK) for __initial_sp
    entry2.o(__vectab_stack_and_reset_area) refers to entry.o(.ARM.Collect$$$$00000000) for __main
    entry5.o(.ARM.Collect$$$$00000004) refers to init.o(.text) for __scatterload
    entry9a.o(.ARM.Collect$$$$0000000B) refers to main.o(.text) for main
    entry9b.o(.ARM.Collect$$$$0000000C) refers to main.o(.text) for main
    uldiv.o(.text) refers to llushr.o(.text) for __aeabi_llsr
    uldiv.o(.text) refers to llshl.o(.text) for __aeabi_llsl
    depilogue.o(.text) refers to llshl.o(.text) for __aeabi_llsl
    depilogue.o(.text) refers to llushr.o(.text) for __aeabi_llsr
    dadd.o(.text) refers to llshl.o(.text) for __aeabi_llsl
    dadd.o(.text) refers to llsshr.o(.text) for __aeabi_lasr
    dadd.o(.text) refers to depilogue.o(.text) for _double_epilogue
    dmul.o(.text) refers to depilogue.o(.text) for _double_epilogue
    ddiv.o(.text) refers to depilogue.o(.text) for _double_round
    dfixul.o(.text) refers to llushr.o(.text) for __aeabi_llsr
    dfixul.o(.text) refers to llshl.o(.text) for __aeabi_llsl
    init.o(.text) refers to entry5.o(.ARM.Collect$$$$00000004) for __main_after_scatterload


==============================================================================

Removing Unused input sections from the image.

    Removing main.o(.rev16_text), (4 bytes).
    Removing main.o(.revsh_text), (4 bytes).
    Removing main.o(.rrx_text), (6 bytes).
    Removing project_hardware_init.o(.rev16_text), (4 bytes).
    Removing project_hardware_init.o(.revsh_text), (4 bytes).
    Removing project_hardware_init.o(.rrx_text), (6 bytes).
    Removing project_interrupts.o(.rev16_text), (4 bytes).
    Removing project_interrupts.o(.revsh_text), (4 bytes).
    Removing project_interrupts.o(.rrx_text), (6 bytes).
    Removing game.o(.rev16_text), (4 bytes).
    Removing game.o(.revsh_text), (4 bytes).
    Removing game.o(.rrx_text), (6 bytes).
    Removing staff.o(.rev16_text), (4 bytes).
    Removing staff.o(.revsh_text), (4 bytes).
    Removing staff.o(.rrx_text), (6 bytes).
    Removing map.o(.rev16_text), (4 bytes).
    Removing map.o(.revsh_text), (4 bytes).
    Removing map.o(.rrx_text), (6 bytes).
    Removing top_row_display.o(.rev16_text), (4 bytes).
    Removing top_row_display.o(.revsh_text), (4 bytes).
    Removing top_row_display.o(.rrx_text), (6 bytes).
    Removing breathing_led.o(.rev16_text), (4 bytes).
    Removing breathing_led.o(.revsh_text), (4 bytes).
    Removing breathing_led.o(.rrx_text), (6 bytes).
    Removing breathing_led.o(.text), (260 bytes).
    Removing transition.o(.rev16_text), (4 bytes).
    Removing transition.o(.revsh_text), (4 bytes).
    Removing transition.o(.rrx_text), (6 bytes).
    Removing tanks.o(.rev16_text), (4 bytes).
    Removing tanks.o(.revsh_text), (4 bytes).
    Removing tanks.o(.rrx_text), (6 bytes).
    Removing adc.o(.rev16_text), (4 bytes).
    Removing adc.o(.revsh_text), (4 bytes).
    Removing adc.o(.rrx_text), (6 bytes).
    Removing adc.o(.text), (296 bytes).
    Removing gpio_port.o(.rev16_text), (4 bytes).
    Removing gpio_port.o(.revsh_text), (4 bytes).
    Removing gpio_port.o(.rrx_text), (6 bytes).
    Removing i2c.o(.rev16_text), (4 bytes).
    Removing i2c.o(.revsh_text), (4 bytes).
    Removing i2c.o(.rrx_text), (6 bytes).
    Removing timers.o(.rev16_text), (4 bytes).
    Removing timers.o(.revsh_text), (4 bytes).
    Removing timers.o(.rrx_text), (6 bytes).
    Removing uart.o(.rev16_text), (4 bytes).
    Removing uart.o(.revsh_text), (4 bytes).
    Removing uart.o(.rrx_text), (6 bytes).
    Removing eeprom.o(.rev16_text), (4 bytes).
    Removing eeprom.o(.revsh_text), (4 bytes).
    Removing eeprom.o(.rrx_text), (6 bytes).
    Removing ft6x06.o(.rev16_text), (4 bytes).
    Removing ft6x06.o(.revsh_text), (4 bytes).
    Removing ft6x06.o(.rrx_text), (6 bytes).
    Removing launchpad_io.o(.rev16_text), (4 bytes).
    Removing launchpad_io.o(.revsh_text), (4 bytes).
    Removing launchpad_io.o(.rrx_text), (6 bytes).
    Removing launchpad_io.o(.text), (440 bytes).
    Removing lcd.o(.rev16_text), (4 bytes).
    Removing lcd.o(.revsh_text), (4 bytes).
    Removing lcd.o(.rrx_text), (6 bytes).
    Removing ps2.o(.rev16_text), (4 bytes).
    Removing ps2.o(.revsh_text), (4 bytes).
    Removing ps2.o(.rrx_text), (6 bytes).
    Removing serial_debug.o(.rev16_text), (4 bytes).
    Removing serial_debug.o(.revsh_text), (4 bytes).
    Removing serial_debug.o(.rrx_text), (6 bytes).
    Removing io_expander.o(.rev16_text), (4 bytes).
    Removing io_expander.o(.revsh_text), (4 bytes).
    Removing io_expander.o(.rrx_text), (6 bytes).
    Removing system_tm4c123.o(.rev16_text), (4 bytes).
    Removing system_tm4c123.o(.revsh_text), (4 bytes).
    Removing system_tm4c123.o(.rrx_text), (6 bytes).
    Removing dadd.o(.text), (334 bytes).
    Removing dmul.o(.text), (228 bytes).
    Removing ddiv.o(.text), (222 bytes).
    Removing dfixul.o(.text), (48 bytes).

76 unused section(s) (total 2150 bytes) removed from the image.

==============================================================================

Image Symbol Table

    Local Symbols

    Symbol Name                              Value     Ov Type        Size  Object(Section)

    RESET                                    0x00000000   Section      620  startup_tm4c123.o(RESET)
    ../clib/microlib/division.c              0x00000000   Number         0  uidiv.o ABSOLUTE
    ../clib/microlib/division.c              0x00000000   Number         0  uldiv.o ABSOLUTE
    ../clib/microlib/init/entry.s            0x00000000   Number         0  entry9b.o ABSOLUTE
    ../clib/microlib/init/entry.s            0x00000000   Number         0  entry7b.o ABSOLUTE
    ../clib/microlib/init/entry.s            0x00000000   Number         0  entry2.o ABSOLUTE
    ../clib/microlib/init/entry.s            0x00000000   Number         0  entry8a.o ABSOLUTE
    ../clib/microlib/init/entry.s            0x00000000   Number         0  entry8b.o ABSOLUTE
    ../clib/microlib/init/entry.s            0x00000000   Number         0  entry7a.o ABSOLUTE
    ../clib/microlib/init/entry.s            0x00000000   Number         0  entry9a.o ABSOLUTE
    ../clib/microlib/init/entry.s            0x00000000   Number         0  entry.o ABSOLUTE
    ../clib/microlib/init/entry.s            0x00000000   Number         0  entry5.o ABSOLUTE
    ../clib/microlib/init/entry.s            0x00000000   Number         0  entry11b.o ABSOLUTE
    ../clib/microlib/init/entry.s            0x00000000   Number         0  entry11a.o ABSOLUTE
    ../clib/microlib/init/entry.s            0x00000000   Number         0  entry10b.o ABSOLUTE
    ../clib/microlib/init/entry.s            0x00000000   Number         0  entry10a.o ABSOLUTE
    ../clib/microlib/longlong.c              0x00000000   Number         0  llushr.o ABSOLUTE
    ../clib/microlib/longlong.c              0x00000000   Number         0  llshl.o ABSOLUTE
    ../clib/microlib/longlong.c              0x00000000   Number         0  llsshr.o ABSOLUTE
    ../clib/microlib/malloc/malloc.c         0x00000000   Number         0  malloca.o ABSOLUTE
    ../clib/microlib/malloc/malloc.c         0x00000000   Number         0  mallocr.o ABSOLUTE
    ../clib/microlib/malloc/malloc.c         0x00000000   Number         0  malloc.o ABSOLUTE
    ../clib/microlib/malloc/malloc.c         0x00000000   Number         0  mallocra.o ABSOLUTE
    ../clib/microlib/malloc/mvars.c          0x00000000   Number         0  mvars.o ABSOLUTE
    ../clib/microlib/printf/printf.c         0x00000000   Number         0  printf4.o ABSOLUTE
    ../clib/microlib/printf/printf.c         0x00000000   Number         0  printf3.o ABSOLUTE
    ../clib/microlib/printf/printf.c         0x00000000   Number         0  printf2.o ABSOLUTE
    ../clib/microlib/printf/printf.c         0x00000000   Number         0  printf5.o ABSOLUTE
    ../clib/microlib/printf/printf.c         0x00000000   Number         0  printf0.o ABSOLUTE
    ../clib/microlib/printf/printf.c         0x00000000   Number         0  printfb.o ABSOLUTE
    ../clib/microlib/printf/printf.c         0x00000000   Number         0  printfa.o ABSOLUTE
    ../clib/microlib/printf/printf.c         0x00000000   Number         0  printf8.o ABSOLUTE
    ../clib/microlib/printf/printf.c         0x00000000   Number         0  printf7.o ABSOLUTE
    ../clib/microlib/printf/printf.c         0x00000000   Number         0  printf6.o ABSOLUTE
    ../clib/microlib/printf/printf.c         0x00000000   Number         0  printf1.o ABSOLUTE
    ../clib/microlib/printf/stubs.s          0x00000000   Number         0  stubs.o ABSOLUTE
    ../clib/microlib/stdio/getc.c            0x00000000   Number         0  getc.o ABSOLUTE
    ../clib/microlib/stdio/streams.c         0x00000000   Number         0  stdin.o ABSOLUTE
    ../clib/microlib/stdio/streams.c         0x00000000   Number         0  stdout.o ABSOLUTE
    ../clib/microlib/string/memcpy.c         0x00000000   Number         0  memcpya.o ABSOLUTE
    ../clib/microlib/string/memcpy.c         0x00000000   Number         0  memcpyb.o ABSOLUTE
    ../clib/microlib/string/memset.c         0x00000000   Number         0  memseta.o ABSOLUTE
    ../clib/microlib/stubs.s                 0x00000000   Number         0  iusefp.o ABSOLUTE
    ../fplib/microlib/fpadd.c                0x00000000   Number         0  dadd.o ABSOLUTE
    ../fplib/microlib/fpdiv.c                0x00000000   Number         0  ddiv.o ABSOLUTE
    ../fplib/microlib/fpepilogue.c           0x00000000   Number         0  depilogue.o ABSOLUTE
    ../fplib/microlib/fpfix.c                0x00000000   Number         0  dfixul.o ABSOLUTE
    ../fplib/microlib/fpflt.c                0x00000000   Number         0  dfltui.o ABSOLUTE
    ../fplib/microlib/fpflt.c                0x00000000   Number         0  dflti.o ABSOLUTE
    ../fplib/microlib/fpmul.c                0x00000000   Number         0  dmul.o ABSOLUTE
    ../mathlib/fabs.c                        0x00000000   Number         0  fabs.o ABSOLUTE
    ..\\drivers\\c\\adc.c                    0x00000000   Number         0  adc.o ABSOLUTE
    ..\\drivers\\c\\gpio_port.c              0x00000000   Number         0  gpio_port.o ABSOLUTE
    ..\\drivers\\c\\i2c.c                    0x00000000   Number         0  i2c.o ABSOLUTE
    ..\\drivers\\c\\timers.c                 0x00000000   Number         0  timers.o ABSOLUTE
    ..\\drivers\\c\\uart.c                   0x00000000   Number         0  uart.o ABSOLUTE
    ..\\peripherals\\c\\eeprom.c             0x00000000   Number         0  eeprom.o ABSOLUTE
    ..\\peripherals\\c\\ft6x06.c             0x00000000   Number         0  ft6x06.o ABSOLUTE
    ..\\peripherals\\c\\io_expander.c        0x00000000   Number         0  io_expander.o ABSOLUTE
    ..\\peripherals\\c\\launchpad_io.c       0x00000000   Number         0  launchpad_io.o ABSOLUTE
    ..\\peripherals\\c\\lcd.c                0x00000000   Number         0  lcd.o ABSOLUTE
    ..\\peripherals\\c\\ps2.c                0x00000000   Number         0  ps2.o ABSOLUTE
    ..\\peripherals\\c\\serial_debug.c       0x00000000   Number         0  serial_debug.o ABSOLUTE
    ..\drivers\c\adc.c                       0x00000000   Number         0  adc.o ABSOLUTE
    ..\drivers\c\gpio_port.c                 0x00000000   Number         0  gpio_port.o ABSOLUTE
    ..\drivers\c\i2c.c                       0x00000000   Number         0  i2c.o ABSOLUTE
    ..\drivers\c\pc_buffer.c                 0x00000000   Number         0  pc_buffer.o ABSOLUTE
    ..\drivers\c\timers.c                    0x00000000   Number         0  timers.o ABSOLUTE
    ..\drivers\c\uart.c                      0x00000000   Number         0  uart.o ABSOLUTE
    ..\peripherals\c\eeprom.c                0x00000000   Number         0  eeprom.o ABSOLUTE
    ..\peripherals\c\ft6x06.c                0x00000000   Number         0  ft6x06.o ABSOLUTE
    ..\peripherals\c\io_expander.c           0x00000000   Number         0  io_expander.o ABSOLUTE
    ..\peripherals\c\launchpad_io.c          0x00000000   Number         0  launchpad_io.o ABSOLUTE
    ..\peripherals\c\lcd.c                   0x00000000   Number         0  lcd.o ABSOLUTE
    ..\peripherals\c\ps2.c                   0x00000000   Number         0  ps2.o ABSOLUTE
    ..\peripherals\c\serial_debug.c          0x00000000   Number         0  serial_debug.o ABSOLUTE
    RTE\Device\TM4C123GH6PM\startup_TM4C123.s 0x00000000   Number         0  startup_tm4c123.o ABSOLUTE
    RTE\Device\TM4C123GH6PM\system_TM4C123.c 0x00000000   Number         0  system_tm4c123.o ABSOLUTE
    RTE\\Device\\TM4C123GH6PM\\system_TM4C123.c 0x00000000   Number         0  system_tm4c123.o ABSOLUTE
    breathing_led.c                          0x00000000   Number         0  breathing_led.o ABSOLUTE
    breathing_led.c                          0x00000000   Number         0  breathing_led.o ABSOLUTE
    cdcmple.s                                0x00000000   Number         0  cdcmple.o ABSOLUTE
    cdrcmple.s                               0x00000000   Number         0  cdrcmple.o ABSOLUTE
    dc.s                                     0x00000000   Number         0  dc.o ABSOLUTE
    game.c                                   0x00000000   Number         0  game.o ABSOLUTE
    game.c                                   0x00000000   Number         0  game.o ABSOLUTE
    handlers.s                               0x00000000   Number         0  handlers.o ABSOLUTE
    images.c                                 0x00000000   Number         0  images.o ABSOLUTE
    init.s                                   0x00000000   Number         0  init.o ABSOLUTE
    main.c                                   0x00000000   Number         0  main.o ABSOLUTE
    main.c                                   0x00000000   Number         0  main.o ABSOLUTE
    map.c                                    0x00000000   Number         0  map.o ABSOLUTE
    map.c                                    0x00000000   Number         0  map.o ABSOLUTE
    project_hardware_init.c                  0x00000000   Number         0  project_hardware_init.o ABSOLUTE
    project_hardware_init.c                  0x00000000   Number         0  project_hardware_init.o ABSOLUTE
    project_interrupts.c                     0x00000000   Number         0  project_interrupts.o ABSOLUTE
    project_interrupts.c                     0x00000000   Number         0  project_interrupts.o ABSOLUTE
    score.c                                  0x00000000   Number         0  score.o ABSOLUTE
    staff.c                                  0x00000000   Number         0  staff.o ABSOLUTE
    staff.c                                  0x00000000   Number         0  staff.o ABSOLUTE
    tanks.c                                  0x00000000   Number         0  tanks.o ABSOLUTE
    tanks.c                                  0x00000000   Number         0  tanks.o ABSOLUTE
    top_row_display.c                        0x00000000   Number         0  top_row_display.o ABSOLUTE
    top_row_display.c                        0x00000000   Number         0  top_row_display.o ABSOLUTE
    transition.c                             0x00000000   Number         0  transition.o ABSOLUTE
    transition.c                             0x00000000   Number         0  transition.o ABSOLUTE
    .ARM.Collect$$$$00000000                 0x0000026c   Section        0  entry.o(.ARM.Collect$$$$00000000)
    .ARM.Collect$$$$00000001                 0x0000026c   Section        4  entry2.o(.ARM.Collect$$$$00000001)
    .ARM.Collect$$$$00000004                 0x00000270   Section        4  entry5.o(.ARM.Collect$$$$00000004)
    .ARM.Collect$$$$00000008                 0x00000274   Section        0  entry7b.o(.ARM.Collect$$$$00000008)
    .ARM.Collect$$$$0000000A                 0x00000274   Section        0  entry8b.o(.ARM.Collect$$$$0000000A)
    .ARM.Collect$$$$0000000B                 0x00000274   Section        8  entry9a.o(.ARM.Collect$$$$0000000B)
    .ARM.Collect$$$$0000000D                 0x0000027c   Section        0  entry10a.o(.ARM.Collect$$$$0000000D)
    .ARM.Collect$$$$0000000F                 0x0000027c   Section        0  entry11a.o(.ARM.Collect$$$$0000000F)
    .ARM.Collect$$$$00002712                 0x0000027c   Section        4  entry2.o(.ARM.Collect$$$$00002712)
    __lit__00000000                          0x0000027c   Data           4  entry2.o(.ARM.Collect$$$$00002712)
    .text                                    0x00000280   Section        0  main.o(.text)
    .text                                    0x000003d8   Section        0  project_hardware_init.o(.text)
    .text                                    0x00000468   Section        0  project_interrupts.o(.text)
    .text                                    0x00000d48   Section        0  game.o(.text)
    DisableInterrupts                        0x00000d49   Thumb Code     4  game.o(.text)
    EnableInterrupts                         0x00000d4d   Thumb Code     4  game.o(.text)
    .text                                    0x00001274   Section        0  staff.o(.text)
    .text                                    0x000014e4   Section        0  map.o(.text)
    .text                                    0x0000168c   Section        0  top_row_display.o(.text)
    .text                                    0x00001b3c   Section        0  transition.o(.text)
    DisableInterrupts                        0x00001b3d   Thumb Code     4  transition.o(.text)
    EnableInterrupts                         0x00001b41   Thumb Code     4  transition.o(.text)
    .text                                    0x00001d58   Section        0  tanks.o(.text)
    .text                                    0x000020bc   Section        0  gpio_port.o(.text)
    verify_base_addr                         0x000020bd   Thumb Code    64  gpio_port.o(.text)
    .text                                    0x000023c0   Section        0  i2c.o(.text)
    .text                                    0x000025c8   Section        0  pc_buffer.o(.text)
    .text                                    0x00002644   Section        0  timers.o(.text)
    __NVIC_EnableIRQ                         0x00002645   Thumb Code    34  timers.o(.text)
    __NVIC_SetPriority                       0x00002667   Thumb Code    32  timers.o(.text)
    verify_base_addr                         0x00002687   Thumb Code    64  timers.o(.text)
    get_clock_masks                          0x00002711   Thumb Code   106  timers.o(.text)
    .text                                    0x00002950   Section        0  uart.o(.text)
    .text                                    0x00002be0   Section        0  eeprom.o(.text)
    eeprom_wait_for_write                    0x00002be1   Thumb Code    68  eeprom.o(.text)
    .text                                    0x00002d84   Section        0  ft6x06.o(.text)
    ft6x06_set_addr                          0x00002d85   Thumb Code    50  ft6x06.o(.text)
    ft6x06_read_data                         0x00002db7   Thumb Code    52  ft6x06.o(.text)
    .text                                    0x00002f34   Section        0  lcd.o(.text)
    lcd_write_cmd_u8                         0x00002f4f   Thumb Code    40  lcd.o(.text)
    lcd_write_data_u8                        0x00002f77   Thumb Code    28  lcd.o(.text)
    lcd_write_data_u16                       0x00002f93   Thumb Code    48  lcd.o(.text)
    .text                                    0x00003a7c   Section        0  ps2.o(.text)
    initialize_adc_gpio_pins                 0x00003a7d   Thumb Code    34  ps2.o(.text)
    ps2_configure_adc                        0x00003a9f   Thumb Code   118  ps2.o(.text)
    .text                                    0x00003b94   Section        0  serial_debug.o(.text)
    .text                                    0x00003da4   Section        0  io_expander.o(.text)
    .text                                    0x00003f54   Section      252  startup_tm4c123.o(.text)
    $v0                                      0x00003f54   Number         0  startup_tm4c123.o(.text)
    .text                                    0x00004050   Section        0  system_tm4c123.o(.text)
    getOscClk                                0x00004051   Thumb Code   182  system_tm4c123.o(.text)
    .text                                    0x000042a0   Section        0  memseta.o(.text)
    .text                                    0x000042c4   Section        0  dflti.o(.text)
    .text                                    0x000042e6   Section        0  dfltui.o(.text)
    .text                                    0x00004300   Section       48  cdcmple.o(.text)
    .text                                    0x00004330   Section       48  cdrcmple.o(.text)
    .text                                    0x00004360   Section        0  uldiv.o(.text)
    .text                                    0x000043c2   Section        0  depilogue.o(.text)
    .text                                    0x000043c2   Section        0  iusefp.o(.text)
    .text                                    0x0000447c   Section       36  init.o(.text)
    .text                                    0x000044a0   Section        0  llshl.o(.text)
    .text                                    0x000044be   Section        0  llushr.o(.text)
    i.__0printf$5                            0x000044e0   Section        0  printf5.o(i.__0printf$5)
    i.__hardfp_fabs                          0x00004500   Section        0  fabs.o(i.__hardfp_fabs)
    i.__scatterload_copy                     0x00004514   Section       14  handlers.o(i.__scatterload_copy)
    i.__scatterload_null                     0x00004522   Section        2  handlers.o(i.__scatterload_null)
    i.__scatterload_zeroinit                 0x00004524   Section       14  handlers.o(i.__scatterload_zeroinit)
    i._printf_core                           0x00004534   Section        0  printf5.o(i._printf_core)
    _printf_core                             0x00004535   Thumb Code   658  printf5.o(i._printf_core)
    i.getc                                   0x000047f4   Section        0  getc.o(i.getc)
    i.malloc                                 0x000047f8   Section        0  malloc.o(i.malloc)
    .constdata                               0x00004864   Section     1060  images.o(.constdata)
    .constdata                               0x00004c88   Section       20  staff.o(.constdata)
    MOVE_AMOUNT                              0x00004c88   Data          16  staff.o(.constdata)
    MOV_DIR                                  0x00004c98   Data           4  staff.o(.constdata)
    .constdata                               0x00004c9c   Section      664  map.o(.constdata)
    .constdata                               0x00004f34   Section      282  top_row_display.o(.constdata)
    .constdata                               0x0000504e   Section    76832  transition.o(.constdata)
    .conststring                             0x00017c70   Section       67  main.o(.conststring)
    .data                                    0x20000000   Section        8  project_interrupts.o(.data)
    PS2_X_DATA                               0x20000000   Data           2  project_interrupts.o(.data)
    PS2_Y_DATA                               0x20000002   Data           2  project_interrupts.o(.data)
    SHIP_DIRECTION                           0x20000004   Data           1  project_interrupts.o(.data)
    .data                                    0x20000008   Section       44  game.o(.data)
    .data                                    0x20000034   Section       64  images.o(.data)
    .data                                    0x20000074   Section        2  staff.o(.data)
    lfsr                                     0x20000074   Data           2  staff.o(.data)
    .data                                    0x20000076   Section        1  map.o(.data)
    .data                                    0x20000077   Section        8  breathing_led.o(.data)
    .data                                    0x20000080   Section       14  tanks.o(.data)
    .data                                    0x2000008e   Section        4  score.o(.data)
    .data                                    0x20000092   Section        2  serial_debug.o(.data)
    Rx_Interrupts_Enabled                    0x20000092   Data           1  serial_debug.o(.data)
    Tx_Interrupts_Enabled                    0x20000093   Data           1  serial_debug.o(.data)
    .data                                    0x20000094   Section        4  system_tm4c123.o(.data)
    .data                                    0x20000098   Section        4  stdin.o(.data)
    .data                                    0x2000009c   Section        4  stdout.o(.data)
    .data                                    0x200000a0   Section        4  mvars.o(.data)
    .data                                    0x200000a4   Section        4  mvars.o(.data)
    .bss                                     0x200000a8   Section       30  project_interrupts.o(.bss)
    MOVE_COUNT                               0x200000a8   Data          20  project_interrupts.o(.bss)
    bump                                     0x200000bc   Data          10  project_interrupts.o(.bss)
    .bss                                     0x200000c6   Section       10  game.o(.bss)
    .bss                                     0x200000d0   Section       28  serial_debug.o(.bss)
    HEAP                                     0x200000f0   Section        0  startup_tm4c123.o(HEAP)
    STACK                                    0x200000f0   Section     4096  startup_tm4c123.o(STACK)

    Global Symbols

    Symbol Name                              Value     Ov Type        Size  Object(Section)

    BuildAttributes$$THM_ISAv4$E$P$D$K$B$S$7EM$VFPi3$EXTD16$VFPS$VFMA$PE$A:L22UL41UL21$X:L11$S22US41US21$IEEE1$IW$USESV6$~STKCKD$USESV7$~SHL$OTIME$ROPI$IEEEJ$EBA8$MICROLIB$REQ8$PRES8$EABIv2 0x00000000   Number         0  anon$$obj.o ABSOLUTE
    __ARM_use_no_argv                        0x00000000   Number         0  main.o ABSOLUTE
    __Vectors                                0x00000000   Data           4  startup_tm4c123.o(RESET)
    _printf_a                                0x00000000   Number         0  stubs.o ABSOLUTE
    _printf_c                                0x00000000   Number         0  stubs.o ABSOLUTE
    _printf_charcount                        0x00000000   Number         0  stubs.o ABSOLUTE
    _printf_d                                0x00000000   Number         0  stubs.o ABSOLUTE
    _printf_e                                0x00000000   Number         0  stubs.o ABSOLUTE
    _printf_f                                0x00000000   Number         0  stubs.o ABSOLUTE
    _printf_flags                            0x00000000   Number         0  stubs.o ABSOLUTE
    _printf_fp_dec                           0x00000000   Number         0  stubs.o ABSOLUTE
    _printf_fp_hex                           0x00000000   Number         0  stubs.o ABSOLUTE
    _printf_g                                0x00000000   Number         0  stubs.o ABSOLUTE
    _printf_i                                0x00000000   Number         0  stubs.o ABSOLUTE
    _printf_int_dec                          0x00000000   Number         0  stubs.o ABSOLUTE
    _printf_l                                0x00000000   Number         0  stubs.o ABSOLUTE
    _printf_lc                               0x00000000   Number         0  stubs.o ABSOLUTE
    _printf_ll                               0x00000000   Number         0  stubs.o ABSOLUTE
    _printf_lld                              0x00000000   Number         0  stubs.o ABSOLUTE
    _printf_lli                              0x00000000   Number         0  stubs.o ABSOLUTE
    _printf_llo                              0x00000000   Number         0  stubs.o ABSOLUTE
    _printf_llu                              0x00000000   Number         0  stubs.o ABSOLUTE
    _printf_llx                              0x00000000   Number         0  stubs.o ABSOLUTE
    _printf_longlong_dec                     0x00000000   Number         0  stubs.o ABSOLUTE
    _printf_longlong_hex                     0x00000000   Number         0  stubs.o ABSOLUTE
    _printf_longlong_oct                     0x00000000   Number         0  stubs.o ABSOLUTE
    _printf_ls                               0x00000000   Number         0  stubs.o ABSOLUTE
    _printf_mbtowc                           0x00000000   Number         0  stubs.o ABSOLUTE
    _printf_n                                0x00000000   Number         0  stubs.o ABSOLUTE
    _printf_o                                0x00000000   Number         0  stubs.o ABSOLUTE
    _printf_p                                0x00000000   Number         0  stubs.o ABSOLUTE
    _printf_percent                          0x00000000   Number         0  stubs.o ABSOLUTE
    _printf_pre_padding                      0x00000000   Number         0  stubs.o ABSOLUTE
    _printf_return_value                     0x00000000   Number         0  stubs.o ABSOLUTE
    _printf_s                                0x00000000   Number         0  stubs.o ABSOLUTE
    _printf_sizespec                         0x00000000   Number         0  stubs.o ABSOLUTE
    _printf_str                              0x00000000   Number         0  stubs.o ABSOLUTE
    _printf_truncate_signed                  0x00000000   Number         0  stubs.o ABSOLUTE
    _printf_truncate_unsigned                0x00000000   Number         0  stubs.o ABSOLUTE
    _printf_u                                0x00000000   Number         0  stubs.o ABSOLUTE
    _printf_wc                               0x00000000   Number         0  stubs.o ABSOLUTE
    _printf_wctomb                           0x00000000   Number         0  stubs.o ABSOLUTE
    _printf_widthprec                        0x00000000   Number         0  stubs.o ABSOLUTE
    _printf_x                                0x00000000   Number         0  stubs.o ABSOLUTE
    __cpp_initialize__aeabi_                  - Undefined Weak Reference
    __cxa_finalize                            - Undefined Weak Reference
    __decompress                              - Undefined Weak Reference
    _clock_init                               - Undefined Weak Reference
    _microlib_exit                            - Undefined Weak Reference
    __Vectors_End                            0x0000026c   Data           0  startup_tm4c123.o(RESET)
    __Vectors_Size                           0x0000026c   Number         0  startup_tm4c123.o ABSOLUTE
    __main                                   0x0000026d   Thumb Code     0  entry.o(.ARM.Collect$$$$00000000)
    _main_stk                                0x0000026d   Thumb Code     0  entry2.o(.ARM.Collect$$$$00000001)
    _main_scatterload                        0x00000271   Thumb Code     0  entry5.o(.ARM.Collect$$$$00000004)
    __main_after_scatterload                 0x00000275   Thumb Code     0  entry5.o(.ARM.Collect$$$$00000004)
    _main_clock                              0x00000275   Thumb Code     0  entry7b.o(.ARM.Collect$$$$00000008)
    _main_cpp_init                           0x00000275   Thumb Code     0  entry8b.o(.ARM.Collect$$$$0000000A)
    _main_init                               0x00000275   Thumb Code     0  entry9a.o(.ARM.Collect$$$$0000000B)
    __rt_final_cpp                           0x0000027d   Thumb Code     0  entry10a.o(.ARM.Collect$$$$0000000D)
    __rt_final_exit                          0x0000027d   Thumb Code     0  entry11a.o(.ARM.Collect$$$$0000000F)
    DisableInterrupts                        0x00000281   Thumb Code     4  main.o(.text)
    EnableInterrupts                         0x00000285   Thumb Code     4  main.o(.text)
    delay                                    0x00000289   Thumb Code    20  main.o(.text)
    main                                     0x0000029d   Thumb Code   198  main.o(.text)
    hardwareInit                             0x000003d9   Thumb Code   116  project_hardware_init.o(.text)
    GPIOF_Handler                            0x00000469   Thumb Code   170  project_interrupts.o(.text)
    ps2_get_direction                        0x00000513   Thumb Code   178  project_interrupts.o(.text)
    TIMER5A_Handler                          0x000005c5   Thumb Code   254  project_interrupts.o(.text)
    TIMER2A_Handler                          0x000006c3   Thumb Code  1262  project_interrupts.o(.text)
    TIMER3A_Handler                          0x00000bb1   Thumb Code   172  project_interrupts.o(.text)
    TIMER4A_Handler                          0x00000c5d   Thumb Code    74  project_interrupts.o(.text)
    ADC0SS2_Handler                          0x00000ca7   Thumb Code    40  project_interrupts.o(.text)
    contact_edge                             0x00000d51   Thumb Code   134  game.o(.text)
    check_moveable                           0x00000dd7   Thumb Code   186  game.o(.text)
    clear_image                              0x00000e91   Thumb Code    30  game.o(.text)
    move_image                               0x00000eaf   Thumb Code    80  game.o(.text)
    check_game_over                          0x00000eff   Thumb Code    96  game.o(.text)
    check_bump                               0x00000f5f   Thumb Code   126  game.o(.text)
    initialize_obj                           0x00000fdd   Thumb Code   242  game.o(.text)
    game                                     0x000010cf   Thumb Code   316  game.o(.text)
    generate_random_number                   0x00001275   Thumb Code    48  staff.o(.text)
    get_new_direction                        0x000012a5   Thumb Code   212  staff.o(.text)
    auto_shoot                               0x00001379   Thumb Code   254  staff.o(.text)
    get_new_move_count                       0x00001477   Thumb Code    28  staff.o(.text)
    drawMap                                  0x000014e5   Thumb Code   242  map.o(.text)
    getMap                                   0x000015d7   Thumb Code    34  map.o(.text)
    get_pos                                  0x000015f9   Thumb Code    32  map.o(.text)
    set_pos                                  0x00001619   Thumb Code    44  map.o(.text)
    get_x                                    0x00001645   Thumb Code    26  map.o(.text)
    get_y                                    0x0000165f   Thumb Code    22  map.o(.text)
    drawHP                                   0x0000168d   Thumb Code   566  top_row_display.o(.text)
    drawSCORE                                0x000018c3   Thumb Code   624  top_row_display.o(.text)
    game_start_page                          0x00001b45   Thumb Code   120  transition.o(.text)
    game_story_page                          0x00001bbd   Thumb Code   146  transition.o(.text)
    game_transition_success_page             0x00001c4f   Thumb Code    82  transition.o(.text)
    game_transition_fail_page                0x00001ca1   Thumb Code    72  transition.o(.text)
    game_transition_victory_page             0x00001ce9   Thumb Code    66  transition.o(.text)
    set_image                                0x00001d59   Thumb Code   130  tanks.o(.text)
    set_dir                                  0x00001ddb   Thumb Code    16  tanks.o(.text)
    set_x                                    0x00001deb   Thumb Code     8  tanks.o(.text)
    set_y                                    0x00001df3   Thumb Code     8  tanks.o(.text)
    check_shot_on_target                     0x00001dfb   Thumb Code   348  tanks.o(.text)
    fire                                     0x00001f57   Thumb Code   154  tanks.o(.text)
    gpio_get_irq_num                         0x000020fd   Thumb Code    74  gpio_port.o(.text)
    gpio_enable_port                         0x00002147   Thumb Code   156  gpio_port.o(.text)
    gpio_config_digital_enable               0x000021e3   Thumb Code    34  gpio_port.o(.text)
    gpio_config_enable_output                0x00002205   Thumb Code    34  gpio_port.o(.text)
    gpio_config_enable_input                 0x00002227   Thumb Code    34  gpio_port.o(.text)
    gpio_config_enable_pullup                0x00002249   Thumb Code    34  gpio_port.o(.text)
    gpio_config_enable_pulldown              0x0000226b   Thumb Code    34  gpio_port.o(.text)
    gpio_config_analog_enable                0x0000228d   Thumb Code    34  gpio_port.o(.text)
    gpio_config_alternate_function           0x000022af   Thumb Code    34  gpio_port.o(.text)
    gpio_config_port_control                 0x000022d1   Thumb Code    54  gpio_port.o(.text)
    gpio_config_open_drain                   0x00002307   Thumb Code    34  gpio_port.o(.text)
    gpio_config_falling_edge_irq             0x00002329   Thumb Code    56  gpio_port.o(.text)
    gpio_config_rising_edge_irq              0x00002361   Thumb Code    62  gpio_port.o(.text)
    initializeI2CMaster                      0x000023c1   Thumb Code   160  i2c.o(.text)
    i2cVerifyBaseAddr                        0x00002461   Thumb Code    36  i2c.o(.text)
    i2cSetSlaveAddr                          0x00002485   Thumb Code    30  i2c.o(.text)
    i2cStop                                  0x000024a3   Thumb Code    26  i2c.o(.text)
    I2CMasterBusy                            0x000024bd   Thumb Code    34  i2c.o(.text)
    I2CMasterAdrAck                          0x000024df   Thumb Code    34  i2c.o(.text)
    I2CMasterDatAck                          0x00002501   Thumb Code    34  i2c.o(.text)
    i2cSendByte                              0x00002523   Thumb Code    82  i2c.o(.text)
    i2cGetByte                               0x00002575   Thumb Code    60  i2c.o(.text)
    pc_buffer_init                           0x000025c9   Thumb Code    26  pc_buffer.o(.text)
    pc_buffer_add                            0x000025e3   Thumb Code    28  pc_buffer.o(.text)
    pc_buffer_remove                         0x000025ff   Thumb Code    30  pc_buffer.o(.text)
    pc_buffer_empty                          0x0000261d   Thumb Code    18  pc_buffer.o(.text)
    pc_buffer_full                           0x0000262f   Thumb Code    22  pc_buffer.o(.text)
    timer_get_irq_num                        0x000026c7   Thumb Code    74  timers.o(.text)
    gp_timer_wait                            0x0000277b   Thumb Code    64  timers.o(.text)
    gp_timer_config_32                       0x000027bb   Thumb Code   190  timers.o(.text)
    gp_timer_config_16                       0x00002879   Thumb Code   190  timers.o(.text)
    verify_uart_base                         0x00002951   Thumb Code    54  uart.o(.text)
    uart_get_rcgc_mask                       0x00002987   Thumb Code    68  uart.o(.text)
    uart_get_pr_mask                         0x000029cb   Thumb Code    68  uart.o(.text)
    uart_get_irq_num                         0x00002a0f   Thumb Code    68  uart.o(.text)
    uart_tx_poll                             0x00002a53   Thumb Code    38  uart.o(.text)
    uart_tx_poll_string                      0x00002a79   Thumb Code    50  uart.o(.text)
    uart_rx_poll                             0x00002aab   Thumb Code    70  uart.o(.text)
    uart_init                                0x00002af1   Thumb Code   218  uart.o(.text)
    eeprom_byte_write                        0x00002c25   Thumb Code    82  eeprom.o(.text)
    eeprom_byte_read                         0x00002c77   Thumb Code   108  eeprom.o(.text)
    eeprom_init                              0x00002ce3   Thumb Code   156  eeprom.o(.text)
    ft6x06_read_td_status                    0x00002deb   Thumb Code    46  ft6x06.o(.text)
    ft6x06_read_x                            0x00002e19   Thumb Code    60  ft6x06.o(.text)
    ft6x06_read_y                            0x00002e55   Thumb Code    62  ft6x06.o(.text)
    ft6x06_init                              0x00002e93   Thumb Code   156  ft6x06.o(.text)
    delayms                                  0x00002f35   Thumb Code    26  lcd.o(.text)
    lcd_set_pos                              0x00002fc3   Thumb Code    58  lcd.o(.text)
    lcd_clear_screen                         0x00002ffd   Thumb Code    52  lcd.o(.text)
    lcd_draw_box                             0x00003031   Thumb Code   138  lcd.o(.text)
    lcd_draw_rectangle                       0x000030bb   Thumb Code    82  lcd.o(.text)
    lcd_draw_rectangle_centered              0x0000310d   Thumb Code   152  lcd.o(.text)
    lcd_draw_pixel                           0x000031a5   Thumb Code    28  lcd.o(.text)
    lcd_draw_char                            0x000031c1   Thumb Code   556  lcd.o(.text)
    lcd_draw_image                           0x000033ed   Thumb Code   242  lcd.o(.text)
    lcd_draw_color_image                     0x000034df   Thumb Code   142  lcd.o(.text)
    lcd_config_gpio                          0x0000356d   Thumb Code   190  lcd.o(.text)
    lcd_config_screen                        0x0000362b   Thumb Code   548  lcd.o(.text)
    lcd_draw_line                            0x0000384f   Thumb Code   200  lcd.o(.text)
    lcd_draw_circle                          0x00003917   Thumb Code   356  lcd.o(.text)
    ps2_initialize_adc                       0x00003b15   Thumb Code    88  ps2.o(.text)
    ps2_initialize                           0x00003b6d   Thumb Code    12  ps2.o(.text)
    ps2_get_x                                0x00003b79   Thumb Code     2  ps2.o(.text)
    ps2_get_y                                0x00003b7b   Thumb Code     2  ps2.o(.text)
    serial_debug_rx                          0x00003b95   Thumb Code    46  serial_debug.o(.text)
    serial_debug_tx                          0x00003bc3   Thumb Code    72  serial_debug.o(.text)
    fgetc                                    0x00003c0b   Thumb Code    42  serial_debug.o(.text)
    fputc                                    0x00003c35   Thumb Code    66  serial_debug.o(.text)
    init_serial_debug                        0x00003c77   Thumb Code   144  serial_debug.o(.text)
    UART0_Handler                            0x00003d07   Thumb Code   136  serial_debug.o(.text)
    io_expander_write_reg                    0x00003da5   Thumb Code    56  io_expander.o(.text)
    set_io_expander_GPIO                     0x00003ddd   Thumb Code    60  io_expander.o(.text)
    io_expander_init                         0x00003e19   Thumb Code   226  io_expander.o(.text)
    io_expander_read_reg                     0x00003efb   Thumb Code    70  io_expander.o(.text)
    Reset_Handler                            0x00003f55   Thumb Code     8  startup_tm4c123.o(.text)
    NMI_Handler                              0x00003f5d   Thumb Code     2  startup_tm4c123.o(.text)
    HardFault_Handler                        0x00003f5f   Thumb Code     2  startup_tm4c123.o(.text)
    MemManage_Handler                        0x00003f61   Thumb Code     2  startup_tm4c123.o(.text)
    BusFault_Handler                         0x00003f63   Thumb Code     2  startup_tm4c123.o(.text)
    UsageFault_Handler                       0x00003f65   Thumb Code     2  startup_tm4c123.o(.text)
    SVC_Handler                              0x00003f67   Thumb Code     2  startup_tm4c123.o(.text)
    DebugMon_Handler                         0x00003f69   Thumb Code     2  startup_tm4c123.o(.text)
    PendSV_Handler                           0x00003f6b   Thumb Code     2  startup_tm4c123.o(.text)
    SysTick_Handler                          0x00003f6d   Thumb Code     2  startup_tm4c123.o(.text)
    GPIOA_Handler                            0x00003f6f   Thumb Code     2  startup_tm4c123.o(.text)
    GPIOB_Handler                            0x00003f71   Thumb Code     2  startup_tm4c123.o(.text)
    GPIOC_Handler                            0x00003f73   Thumb Code     2  startup_tm4c123.o(.text)
    GPIOD_Handler                            0x00003f75   Thumb Code     2  startup_tm4c123.o(.text)
    GPIOE_Handler                            0x00003f77   Thumb Code     2  startup_tm4c123.o(.text)
    UART1_Handler                            0x00003f7b   Thumb Code     2  startup_tm4c123.o(.text)
    SSI0_Handler                             0x00003f7d   Thumb Code     2  startup_tm4c123.o(.text)
    I2C0_Handler                             0x00003f7f   Thumb Code     2  startup_tm4c123.o(.text)
    PMW0_FAULT_Handler                       0x00003f81   Thumb Code     2  startup_tm4c123.o(.text)
    PWM0_0_Handler                           0x00003f83   Thumb Code     2  startup_tm4c123.o(.text)
    PWM0_1_Handler                           0x00003f85   Thumb Code     2  startup_tm4c123.o(.text)
    PWM0_2_Handler                           0x00003f87   Thumb Code     2  startup_tm4c123.o(.text)
    QEI0_Handler                             0x00003f89   Thumb Code     2  startup_tm4c123.o(.text)
    ADC0SS0_Handler                          0x00003f8b   Thumb Code     2  startup_tm4c123.o(.text)
    ADC0SS1_Handler                          0x00003f8d   Thumb Code     2  startup_tm4c123.o(.text)
    ADC0SS3_Handler                          0x00003f91   Thumb Code     2  startup_tm4c123.o(.text)
    WDT0_Handler                             0x00003f93   Thumb Code     2  startup_tm4c123.o(.text)
    TIMER0A_Handler                          0x00003f95   Thumb Code     2  startup_tm4c123.o(.text)
    TIMER0B_Handler                          0x00003f97   Thumb Code     2  startup_tm4c123.o(.text)
    TIMER1A_Handler                          0x00003f99   Thumb Code     2  startup_tm4c123.o(.text)
    TIMER1B_Handler                          0x00003f9b   Thumb Code     2  startup_tm4c123.o(.text)
    TIMER2B_Handler                          0x00003f9f   Thumb Code     2  startup_tm4c123.o(.text)
    COMP0_Handler                            0x00003fa1   Thumb Code     2  startup_tm4c123.o(.text)
    COMP1_Handler                            0x00003fa3   Thumb Code     2  startup_tm4c123.o(.text)
    COMP2_Handler                            0x00003fa5   Thumb Code     2  startup_tm4c123.o(.text)
    SYSCTL_Handler                           0x00003fa7   Thumb Code     2  startup_tm4c123.o(.text)
    FLASH_Handler                            0x00003fa9   Thumb Code     2  startup_tm4c123.o(.text)
    GPIOG_Handler                            0x00003fad   Thumb Code     2  startup_tm4c123.o(.text)
    GPIOH_Handler                            0x00003faf   Thumb Code     2  startup_tm4c123.o(.text)
    UART2_Handler                            0x00003fb1   Thumb Code     2  startup_tm4c123.o(.text)
    SSI1_Handler                             0x00003fb3   Thumb Code     2  startup_tm4c123.o(.text)
    TIMER3B_Handler                          0x00003fb7   Thumb Code     2  startup_tm4c123.o(.text)
    I2C1_Handler                             0x00003fb9   Thumb Code     2  startup_tm4c123.o(.text)
    QEI1_Handler                             0x00003fbb   Thumb Code     2  startup_tm4c123.o(.text)
    CAN0_Handler                             0x00003fbd   Thumb Code     2  startup_tm4c123.o(.text)
    CAN1_Handler                             0x00003fbf   Thumb Code     2  startup_tm4c123.o(.text)
    CAN2_Handler                             0x00003fc1   Thumb Code     2  startup_tm4c123.o(.text)
    HIB_Handler                              0x00003fc3   Thumb Code     2  startup_tm4c123.o(.text)
    USB0_Handler                             0x00003fc5   Thumb Code     2  startup_tm4c123.o(.text)
    PWM0_3_Handler                           0x00003fc7   Thumb Code     2  startup_tm4c123.o(.text)
    UDMA_Handler                             0x00003fc9   Thumb Code     2  startup_tm4c123.o(.text)
    UDMAERR_Handler                          0x00003fcb   Thumb Code     2  startup_tm4c123.o(.text)
    ADC1SS0_Handler                          0x00003fcd   Thumb Code     2  startup_tm4c123.o(.text)
    ADC1SS1_Handler                          0x00003fcf   Thumb Code     2  startup_tm4c123.o(.text)
    ADC1SS2_Handler                          0x00003fd1   Thumb Code     2  startup_tm4c123.o(.text)
    ADC1SS3_Handler                          0x00003fd3   Thumb Code     2  startup_tm4c123.o(.text)
    GPIOJ_Handler                            0x00003fd5   Thumb Code     2  startup_tm4c123.o(.text)
    GPIOK_Handler                            0x00003fd7   Thumb Code     2  startup_tm4c123.o(.text)
    GPIOL_Handler                            0x00003fd9   Thumb Code     2  startup_tm4c123.o(.text)
    SSI2_Handler                             0x00003fdb   Thumb Code     2  startup_tm4c123.o(.text)
    SSI3_Handler                             0x00003fdd   Thumb Code     2  startup_tm4c123.o(.text)
    UART3_Handler                            0x00003fdf   Thumb Code     2  startup_tm4c123.o(.text)
    UART4_Handler                            0x00003fe1   Thumb Code     2  startup_tm4c123.o(.text)
    UART5_Handler                            0x00003fe3   Thumb Code     2  startup_tm4c123.o(.text)
    UART6_Handler                            0x00003fe5   Thumb Code     2  startup_tm4c123.o(.text)
    UART7_Handler                            0x00003fe7   Thumb Code     2  startup_tm4c123.o(.text)
    I2C2_Handler                             0x00003fe9   Thumb Code     2  startup_tm4c123.o(.text)
    I2C3_Handler                             0x00003feb   Thumb Code     2  startup_tm4c123.o(.text)
    TIMER4B_Handler                          0x00003fef   Thumb Code     2  startup_tm4c123.o(.text)
    TIMER5B_Handler                          0x00003ff3   Thumb Code     2  startup_tm4c123.o(.text)
    WTIMER0A_Handler                         0x00003ff5   Thumb Code     2  startup_tm4c123.o(.text)
    WTIMER0B_Handler                         0x00003ff7   Thumb Code     2  startup_tm4c123.o(.text)
    WTIMER1A_Handler                         0x00003ff9   Thumb Code     2  startup_tm4c123.o(.text)
    WTIMER1B_Handler                         0x00003ffb   Thumb Code     2  startup_tm4c123.o(.text)
    WTIMER2A_Handler                         0x00003ffd   Thumb Code     2  startup_tm4c123.o(.text)
    WTIMER2B_Handler                         0x00003fff   Thumb Code     2  startup_tm4c123.o(.text)
    WTIMER3A_Handler                         0x00004001   Thumb Code     2  startup_tm4c123.o(.text)
    WTIMER3B_Handler                         0x00004003   Thumb Code     2  startup_tm4c123.o(.text)
    WTIMER4A_Handler                         0x00004005   Thumb Code     2  startup_tm4c123.o(.text)
    WTIMER4B_Handler                         0x00004007   Thumb Code     2  startup_tm4c123.o(.text)
    WTIMER5A_Handler                         0x00004009   Thumb Code     2  startup_tm4c123.o(.text)
    WTIMER5B_Handler                         0x0000400b   Thumb Code     2  startup_tm4c123.o(.text)
    FPU_Handler                              0x0000400d   Thumb Code     2  startup_tm4c123.o(.text)
    I2C4_Handler                             0x0000400f   Thumb Code     2  startup_tm4c123.o(.text)
    I2C5_Handler                             0x00004011   Thumb Code     2  startup_tm4c123.o(.text)
    GPIOM_Handler                            0x00004013   Thumb Code     2  startup_tm4c123.o(.text)
    GPION_Handler                            0x00004015   Thumb Code     2  startup_tm4c123.o(.text)
    QEI2_Handler                             0x00004017   Thumb Code     2  startup_tm4c123.o(.text)
    GPIOP0_Handler                           0x00004019   Thumb Code     2  startup_tm4c123.o(.text)
    GPIOP1_Handler                           0x0000401b   Thumb Code     2  startup_tm4c123.o(.text)
    GPIOP2_Handler                           0x0000401d   Thumb Code     2  startup_tm4c123.o(.text)
    GPIOP3_Handler                           0x0000401f   Thumb Code     2  startup_tm4c123.o(.text)
    GPIOP4_Handler                           0x00004021   Thumb Code     2  startup_tm4c123.o(.text)
    GPIOP5_Handler                           0x00004023   Thumb Code     2  startup_tm4c123.o(.text)
    GPIOP6_Handler                           0x00004025   Thumb Code     2  startup_tm4c123.o(.text)
    GPIOP7_Handler                           0x00004027   Thumb Code     2  startup_tm4c123.o(.text)
    GPIOQ0_Handler                           0x00004029   Thumb Code     2  startup_tm4c123.o(.text)
    GPIOQ1_Handler                           0x0000402b   Thumb Code     2  startup_tm4c123.o(.text)
    GPIOQ2_Handler                           0x0000402d   Thumb Code     2  startup_tm4c123.o(.text)
    GPIOQ3_Handler                           0x0000402f   Thumb Code     2  startup_tm4c123.o(.text)
    GPIOQ4_Handler                           0x00004031   Thumb Code     2  startup_tm4c123.o(.text)
    GPIOQ5_Handler                           0x00004033   Thumb Code     2  startup_tm4c123.o(.text)
    GPIOQ6_Handler                           0x00004035   Thumb Code     2  startup_tm4c123.o(.text)
    GPIOQ7_Handler                           0x00004037   Thumb Code     2  startup_tm4c123.o(.text)
    GPIOR_Handler                            0x00004039   Thumb Code     2  startup_tm4c123.o(.text)
    GPIOS_Handler                            0x0000403b   Thumb Code     2  startup_tm4c123.o(.text)
    PMW1_0_Handler                           0x0000403d   Thumb Code     2  startup_tm4c123.o(.text)
    PWM1_1_Handler                           0x0000403f   Thumb Code     2  startup_tm4c123.o(.text)
    PWM1_2_Handler                           0x00004041   Thumb Code     2  startup_tm4c123.o(.text)
    PWM1_3_Handler                           0x00004043   Thumb Code     2  startup_tm4c123.o(.text)
    PWM1_FAULT_Handler                       0x00004045   Thumb Code     2  startup_tm4c123.o(.text)
    SystemCoreClockUpdate                    0x00004107   Thumb Code   184  system_tm4c123.o(.text)
    SystemInit                               0x000041bf   Thumb Code   112  system_tm4c123.o(.text)
    __aeabi_memset                           0x000042a1   Thumb Code    14  memseta.o(.text)
    __aeabi_memset4                          0x000042a1   Thumb Code     0  memseta.o(.text)
    __aeabi_memset8                          0x000042a1   Thumb Code     0  memseta.o(.text)
    __aeabi_memclr                           0x000042af   Thumb Code     4  memseta.o(.text)
    __aeabi_memclr4                          0x000042af   Thumb Code     0  memseta.o(.text)
    __aeabi_memclr8                          0x000042af   Thumb Code     0  memseta.o(.text)
    _memset$wrapper                          0x000042b3   Thumb Code    18  memseta.o(.text)
    __aeabi_i2d                              0x000042c5   Thumb Code    34  dflti.o(.text)
    __aeabi_ui2d                             0x000042e7   Thumb Code    26  dfltui.o(.text)
    __aeabi_cdcmpeq                          0x00004301   Thumb Code     0  cdcmple.o(.text)
    __aeabi_cdcmple                          0x00004301   Thumb Code    48  cdcmple.o(.text)
    __aeabi_cdrcmple                         0x00004331   Thumb Code    48  cdrcmple.o(.text)
    __aeabi_uldivmod                         0x00004361   Thumb Code    98  uldiv.o(.text)
    __I$use$fp                               0x000043c3   Thumb Code     0  iusefp.o(.text)
    _double_round                            0x000043c3   Thumb Code    30  depilogue.o(.text)
    _double_epilogue                         0x000043e1   Thumb Code   156  depilogue.o(.text)
    __scatterload                            0x0000447d   Thumb Code    28  init.o(.text)
    __scatterload_rt2                        0x0000447d   Thumb Code     0  init.o(.text)
    __aeabi_llsl                             0x000044a1   Thumb Code    30  llshl.o(.text)
    _ll_shift_l                              0x000044a1   Thumb Code     0  llshl.o(.text)
    __aeabi_llsr                             0x000044bf   Thumb Code    32  llushr.o(.text)
    _ll_ushift_r                             0x000044bf   Thumb Code     0  llushr.o(.text)
    __0printf$5                              0x000044e1   Thumb Code    22  printf5.o(i.__0printf$5)
    __1printf$5                              0x000044e1   Thumb Code     0  printf5.o(i.__0printf$5)
    __2printf                                0x000044e1   Thumb Code     0  printf5.o(i.__0printf$5)
    __hardfp_fabs                            0x00004501   Thumb Code    20  fabs.o(i.__hardfp_fabs)
    __scatterload_copy                       0x00004515   Thumb Code    14  handlers.o(i.__scatterload_copy)
    __scatterload_null                       0x00004523   Thumb Code     2  handlers.o(i.__scatterload_null)
    __scatterload_zeroinit                   0x00004525   Thumb Code    14  handlers.o(i.__scatterload_zeroinit)
    getc                                     0x000047f5   Thumb Code     4  getc.o(i.getc)
    malloc                                   0x000047f9   Thumb Code    92  malloc.o(i.malloc)
    easytank_upBitmaps                       0x00004864   Data          60  images.o(.constdata)
    easytank_upWidthPixels                   0x000048a0   Data           1  images.o(.constdata)
    easytank_upHeightPixels                  0x000048a1   Data           1  images.o(.constdata)
    easytank_downBitmaps                     0x000048a2   Data          60  images.o(.constdata)
    easytank_downWidthPixels                 0x000048de   Data           1  images.o(.constdata)
    easytank_downHeightPixels                0x000048df   Data           1  images.o(.constdata)
    easytank_rightBitmaps                    0x000048e0   Data          60  images.o(.constdata)
    easytank_rightWidthPixels                0x0000491c   Data           1  images.o(.constdata)
    easytank_rightHeightPixels               0x0000491d   Data           1  images.o(.constdata)
    easytank_leftBitmaps                     0x0000491e   Data          60  images.o(.constdata)
    easytank_leftWidthPixels                 0x0000495a   Data           1  images.o(.constdata)
    easytank_leftHeightPixels                0x0000495b   Data           1  images.o(.constdata)
    panzer_II_upBitmaps                      0x0000495c   Data          60  images.o(.constdata)
    panzer_II_upWidthPixels                  0x00004998   Data           1  images.o(.constdata)
    panzer_II_upHeightPixels                 0x00004999   Data           1  images.o(.constdata)
    panzer_II_downBitmaps                    0x0000499a   Data          60  images.o(.constdata)
    panzer_II_downWidthPixels                0x000049d6   Data           1  images.o(.constdata)
    panzer_II_downHeightPixels               0x000049d7   Data           1  images.o(.constdata)
    panzer_II_rightBitmaps                   0x000049d8   Data          60  images.o(.constdata)
    panzer_II_rightWidthPixels               0x00004a14   Data           1  images.o(.constdata)
    panzer_II_rightHeightPixels              0x00004a15   Data           1  images.o(.constdata)
    panzer_II_leftBitmaps                    0x00004a16   Data          60  images.o(.constdata)
    panzer_II_leftWidthPixels                0x00004a52   Data           1  images.o(.constdata)
    panzer_II_leftHeightPixels               0x00004a53   Data           1  images.o(.constdata)
    panzer_IV_upBitmaps                      0x00004a54   Data          60  images.o(.constdata)
    panzer_IV_upWidthPixels                  0x00004a90   Data           1  images.o(.constdata)
    panzer_IV_upHeightPixels                 0x00004a91   Data           1  images.o(.constdata)
    panzer_IV_rightBitmaps                   0x00004a92   Data          60  images.o(.constdata)
    panzer_IV_rightWidthPixels               0x00004ace   Data           1  images.o(.constdata)
    panzer_IV_rightHeightPixels              0x00004acf   Data           1  images.o(.constdata)
    panzer_IV_downBitmaps                    0x00004ad0   Data          60  images.o(.constdata)
    panzer_IV_downWidthPixels                0x00004b0c   Data           1  images.o(.constdata)
    panzer_IV_downHeightPixels               0x00004b0d   Data           1  images.o(.constdata)
    panzer_IV_leftBitmaps                    0x00004b0e   Data          60  images.o(.constdata)
    panzer_IV_leftWidthPixels                0x00004b4a   Data           1  images.o(.constdata)
    panzer_IV_leftHeightPixels               0x00004b4b   Data           1  images.o(.constdata)
    panzer_VI_upBitmaps                      0x00004b4c   Data          60  images.o(.constdata)
    panzer_VI_upWidthPixels                  0x00004b88   Data           1  images.o(.constdata)
    panzer_VI_upHeightPixels                 0x00004b89   Data           1  images.o(.constdata)
    panzer_VI_rightBitmaps                   0x00004b8a   Data          60  images.o(.constdata)
    panzer_VI_rightWidthPixels               0x00004bc6   Data           1  images.o(.constdata)
    panzer_VI_rightHeightPixels              0x00004bc7   Data           1  images.o(.constdata)
    panzer_VI_downBitmaps                    0x00004bc8   Data          60  images.o(.constdata)
    panzer_VI_downWidthPixels                0x00004c04   Data           1  images.o(.constdata)
    panzer_VI_downHeightPixels               0x00004c05   Data           1  images.o(.constdata)
    panzer_VI_leftBitmaps                    0x00004c06   Data          60  images.o(.constdata)
    panzer_VI_leftWidthPixels                0x00004c42   Data           1  images.o(.constdata)
    panzer_VI_leftHeightPixels               0x00004c43   Data           1  images.o(.constdata)
    blank_tileBitmaps                        0x00004c44   Data          60  images.o(.constdata)
    blank_tileWidthPixels                    0x00004c80   Data           1  images.o(.constdata)
    blank_tileHeightPixels                   0x00004c81   Data           1  images.o(.constdata)
    shell_objBitmaps                         0x00004c82   Data           4  images.o(.constdata)
    shell_objWidthPixels                     0x00004c86   Data           1  images.o(.constdata)
    shell_objHeightPixels                    0x00004c87   Data           1  images.o(.constdata)
    wall_tileBitmaps                         0x00004c9c   Data          60  map.o(.constdata)
    wall_tileWidthPixels                     0x00004cd8   Data           1  map.o(.constdata)
    wall_tileHeightPixels                    0x00004cd9   Data           1  map.o(.constdata)
    water_tileBitmaps                        0x00004cda   Data          60  map.o(.constdata)
    water_tileWidthPixels                    0x00004d16   Data           1  map.o(.constdata)
    water_tileHeightPixels                   0x00004d17   Data           1  map.o(.constdata)
    Sevastopol                               0x00004d18   Data         180  map.o(.constdata)
    Kursk                                    0x00004dcc   Data         180  map.o(.constdata)
    Berlin                                   0x00004e80   Data         180  map.o(.constdata)
    colon                                    0x00004f34   Data          20  top_row_display.o(.constdata)
    H                                        0x00004f48   Data          20  top_row_display.o(.constdata)
    P                                        0x00004f5c   Data          20  top_row_display.o(.constdata)
    S                                        0x00004f70   Data          20  top_row_display.o(.constdata)
    zero                                     0x00004f84   Data          20  top_row_display.o(.constdata)
    one                                      0x00004f98   Data          20  top_row_display.o(.constdata)
    two                                      0x00004fac   Data          20  top_row_display.o(.constdata)
    three                                    0x00004fc0   Data          20  top_row_display.o(.constdata)
    four                                     0x00004fd4   Data          20  top_row_display.o(.constdata)
    five                                     0x00004fe8   Data          20  top_row_display.o(.constdata)
    six                                      0x00004ffc   Data          20  top_row_display.o(.constdata)
    seven                                    0x00005010   Data          20  top_row_display.o(.constdata)
    eight                                    0x00005024   Data          20  top_row_display.o(.constdata)
    nine                                     0x00005038   Data          20  top_row_display.o(.constdata)
    font_width                               0x0000504c   Data           1  top_row_display.o(.constdata)
    font_height                              0x0000504d   Data           1  top_row_display.o(.constdata)
    start_pageBitmaps                        0x0000504e   Data        9600  transition.o(.constdata)
    start_pageWidthPixels                    0x000075ce   Data           2  transition.o(.constdata)
    start_pageHeightPixels                   0x000075d0   Data           2  transition.o(.constdata)
    sevastopol_pageBitmaps                   0x000075d2   Data        9600  transition.o(.constdata)
    sevastopol_pageWidthPixels               0x00009b52   Data           2  transition.o(.constdata)
    sevastopol_pageHeightPixels              0x00009b54   Data           2  transition.o(.constdata)
    tutorial_pageBitmaps                     0x00009b56   Data        9600  transition.o(.constdata)
    tutorial_pageWidthPixels                 0x0000c0d6   Data           2  transition.o(.constdata)
    tutorial_pageHeightPixels                0x0000c0d8   Data           2  transition.o(.constdata)
    success_pageBitmaps                      0x0000c0da   Data        9600  transition.o(.constdata)
    success_pageWidthPixels                  0x0000e65a   Data           2  transition.o(.constdata)
    success_pageHeightPixels                 0x0000e65c   Data           2  transition.o(.constdata)
    fail_pageBitmaps                         0x0000e65e   Data        9600  transition.o(.constdata)
    fail_pageWidthPixels                     0x00010bde   Data           2  transition.o(.constdata)
    fail_pageHeightPixels                    0x00010be0   Data           2  transition.o(.constdata)
    final_pageBitmaps                        0x00010be2   Data        9600  transition.o(.constdata)
    final_pageWidthPixels                    0x00013162   Data           2  transition.o(.constdata)
    final_pageHeightPixels                   0x00013164   Data           2  transition.o(.constdata)
    kursk_pageBitmaps                        0x00013166   Data        9600  transition.o(.constdata)
    kursk_pageWidthPixels                    0x000156e6   Data           2  transition.o(.constdata)
    kursk_pageHeightPixels                   0x000156e8   Data           2  transition.o(.constdata)
    berlin_pageBitmaps                       0x000156ea   Data        9600  transition.o(.constdata)
    berlin_pageWidthPixels                   0x00017c6a   Data           2  transition.o(.constdata)
    berlin_pageHeightPixels                  0x00017c6c   Data           2  transition.o(.constdata)
    Region$$Table$$Base                      0x00017cb4   Number         0  anon$$obj.o(Region$$Table)
    Region$$Table$$Limit                     0x00017cd4   Number         0  anon$$obj.o(Region$$Table)
    button                                   0x20000005   Data           1  project_interrupts.o(.data)
    data                                     0x20000006   Data           1  project_interrupts.o(.data)
    led_control                              0x20000007   Data           1  project_interrupts.o(.data)
    ALERT_INVADER                            0x20000008   Data           1  game.o(.data)
    BUTTON_PRESSED                           0x20000009   Data           1  game.o(.data)
    SHELL_MOVE                               0x2000000a   Data           1  game.o(.data)
    PS2_MOVE                                 0x2000000b   Data           1  game.o(.data)
    RESTART                                  0x2000000c   Data           1  game.o(.data)
    CONTINUE                                 0x2000000d   Data           1  game.o(.data)
    EXIT                                     0x2000000e   Data           1  game.o(.data)
    GAME_OVER                                0x2000000f   Data           1  game.o(.data)
    IN_PROGRESS                              0x20000010   Data           1  game.o(.data)
    PAUSE                                    0x20000011   Data           1  game.o(.data)
    STUDENT_NAME                             0x20000012   Data          27  game.o(.data)
    i                                        0x20000030   Data           4  game.o(.data)
    tanks_direction                          0x20000034   Data          64  images.o(.data)
    MAP_SEL                                  0x20000076   Data           1  map.o(.data)
    R                                        0x20000077   Data           1  breathing_led.o(.data)
    G                                        0x20000078   Data           1  breathing_led.o(.data)
    B                                        0x20000079   Data           1  breathing_led.o(.data)
    R_temp                                   0x2000007a   Data           1  breathing_led.o(.data)
    G_temp                                   0x2000007b   Data           1  breathing_led.o(.data)
    B_temp                                   0x2000007c   Data           1  breathing_led.o(.data)
    RGB_direction                            0x2000007d   Data           1  breathing_led.o(.data)
    RGB_update                               0x2000007e   Data           1  breathing_led.o(.data)
    player                                   0x20000080   Data           4  tanks.o(.data)
    enermy                                   0x20000084   Data           4  tanks.o(.data)
    shells                                   0x20000088   Data           4  tanks.o(.data)
    shell_size                               0x2000008c   Data           1  tanks.o(.data)
    enermy_size                              0x2000008d   Data           1  tanks.o(.data)
    EEPROM_SCORE_ADDR                        0x2000008e   Data           2  score.o(.data)
    SCORE                                    0x20000090   Data           1  score.o(.data)
    LAST_SCORE                               0x20000091   Data           1  score.o(.data)
    SystemCoreClock                          0x20000094   Data           4  system_tm4c123.o(.data)
    __stdin                                  0x20000098   Data           4  stdin.o(.data)
    __stdout                                 0x2000009c   Data           4  stdout.o(.data)
    __microlib_freelist                      0x200000a0   Data           4  mvars.o(.data)
    __microlib_freelist_initialised          0x200000a4   Data           4  mvars.o(.data)
    ALERT_SPACE_SHIP                         0x200000c6   Data          10  game.o(.bss)
    UART0_Tx_Buffer                          0x200000d0   Data          14  serial_debug.o(.bss)
    UART0_Rx_Buffer                          0x200000de   Data          14  serial_debug.o(.bss)
    __heap_base                              0x200000f0   Data           0  startup_tm4c123.o(HEAP)
    __heap_limit                             0x200000f0   Data           0  startup_tm4c123.o(HEAP)
    __initial_sp                             0x200010f0   Data           0  startup_tm4c123.o(STACK)



==============================================================================

Memory Map of the image

  Image Entry point : 0x00003f55

  Load Region LR_1 (Base: 0x00000000, Size: 0x00017d7c, Max: 0xffffffff, ABSOLUTE)

    Execution Region ER_RO (Exec base: 0x00000000, Load base: 0x00000000, Size: 0x00017cd4, Max: 0xffffffff, ABSOLUTE)

    Exec Addr    Load Addr    Size         Type   Attr      Idx    E Section Name        Object

    0x00000000   0x00000000   0x0000026c   Data   RO          812    RESET               startup_tm4c123.o
    0x0000026c   0x0000026c   0x00000000   Code   RO          853  * .ARM.Collect$$$$00000000  mc_w.l(entry.o)
    0x0000026c   0x0000026c   0x00000004   Code   RO         1158    .ARM.Collect$$$$00000001  mc_w.l(entry2.o)
    0x00000270   0x00000270   0x00000004   Code   RO         1161    .ARM.Collect$$$$00000004  mc_w.l(entry5.o)
    0x00000274   0x00000274   0x00000000   Code   RO         1163    .ARM.Collect$$$$00000008  mc_w.l(entry7b.o)
    0x00000274   0x00000274   0x00000000   Code   RO         1165    .ARM.Collect$$$$0000000A  mc_w.l(entry8b.o)
    0x00000274   0x00000274   0x00000008   Code   RO         1166    .ARM.Collect$$$$0000000B  mc_w.l(entry9a.o)
    0x0000027c   0x0000027c   0x00000000   Code   RO         1168    .ARM.Collect$$$$0000000D  mc_w.l(entry10a.o)
    0x0000027c   0x0000027c   0x00000000   Code   RO         1170    .ARM.Collect$$$$0000000F  mc_w.l(entry11a.o)
    0x0000027c   0x0000027c   0x00000004   Code   RO         1159    .ARM.Collect$$$$00002712  mc_w.l(entry2.o)
    0x00000280   0x00000280   0x00000158   Code   RO            4    .text               main.o
    0x000003d8   0x000003d8   0x00000090   Code   RO          174    .text               project_hardware_init.o
    0x00000468   0x00000468   0x000008e0   Code   RO          198    .text               project_interrupts.o
    0x00000d48   0x00000d48   0x0000052c   Code   RO          234    .text               game.o
    0x00001274   0x00001274   0x00000270   Code   RO          292    .text               staff.o
    0x000014e4   0x000014e4   0x000001a8   Code   RO          319    .text               map.o
    0x0000168c   0x0000168c   0x000004b0   Code   RO          350    .text               top_row_display.o
    0x00001b3c   0x00001b3c   0x0000021c   Code   RO          407    .text               transition.o
    0x00001d58   0x00001d58   0x00000364   Code   RO          448    .text               tanks.o
    0x000020bc   0x000020bc   0x00000304   Code   RO          514    .text               gpio_port.o
    0x000023c0   0x000023c0   0x00000208   Code   RO          538    .text               i2c.o
    0x000025c8   0x000025c8   0x0000007c   Code   RO          559    .text               pc_buffer.o
    0x00002644   0x00002644   0x0000030c   Code   RO          577    .text               timers.o
    0x00002950   0x00002950   0x00000290   Code   RO          605    .text               uart.o
    0x00002be0   0x00002be0   0x000001a4   Code   RO          633    .text               eeprom.o
    0x00002d84   0x00002d84   0x000001b0   Code   RO          657    .text               ft6x06.o
    0x00002f34   0x00002f34   0x00000b46   Code   RO          705    .text               lcd.o
    0x00003a7a   0x00003a7a   0x00000002   PAD
    0x00003a7c   0x00003a7c   0x00000118   Code   RO          729    .text               ps2.o
    0x00003b94   0x00003b94   0x00000210   Code   RO          753    .text               serial_debug.o
    0x00003da4   0x00003da4   0x000001b0   Code   RO          789    .text               io_expander.o
    0x00003f54   0x00003f54   0x000000fc   Code   RO          813  * .text               startup_tm4c123.o
    0x00004050   0x00004050   0x00000250   Code   RO          820    .text               system_tm4c123.o
    0x000042a0   0x000042a0   0x00000024   Code   RO          859    .text               mc_w.l(memseta.o)
    0x000042c4   0x000042c4   0x00000022   Code   RO         1150    .text               mf_w.l(dflti.o)
    0x000042e6   0x000042e6   0x0000001a   Code   RO         1152    .text               mf_w.l(dfltui.o)
    0x00004300   0x00004300   0x00000030   Code   RO         1154    .text               mf_w.l(cdcmple.o)
    0x00004330   0x00004330   0x00000030   Code   RO         1156    .text               mf_w.l(cdrcmple.o)
    0x00004360   0x00004360   0x00000062   Code   RO         1175    .text               mc_w.l(uldiv.o)
    0x000043c2   0x000043c2   0x00000000   Code   RO         1183    .text               mc_w.l(iusefp.o)
    0x000043c2   0x000043c2   0x000000ba   Code   RO         1184    .text               mf_w.l(depilogue.o)
    0x0000447c   0x0000447c   0x00000024   Code   RO         1194    .text               mc_w.l(init.o)
    0x000044a0   0x000044a0   0x0000001e   Code   RO         1196    .text               mc_w.l(llshl.o)
    0x000044be   0x000044be   0x00000020   Code   RO         1198    .text               mc_w.l(llushr.o)
    0x000044de   0x000044de   0x00000002   PAD
    0x000044e0   0x000044e0   0x00000020   Code   RO          994    i.__0printf$5       mc_w.l(printf5.o)
    0x00004500   0x00004500   0x00000014   Code   RO          847    i.__hardfp_fabs     m_wm.l(fabs.o)
    0x00004514   0x00004514   0x0000000e   Code   RO         1204    i.__scatterload_copy  mc_w.l(handlers.o)
    0x00004522   0x00004522   0x00000002   Code   RO         1205    i.__scatterload_null  mc_w.l(handlers.o)
    0x00004524   0x00004524   0x0000000e   Code   RO         1206    i.__scatterload_zeroinit  mc_w.l(handlers.o)
    0x00004532   0x00004532   0x00000002   PAD
    0x00004534   0x00004534   0x000002c0   Code   RO         1001    i._printf_core      mc_w.l(printf5.o)
    0x000047f4   0x000047f4   0x00000004   Code   RO          856    i.getc              mc_w.l(getc.o)
    0x000047f8   0x000047f8   0x0000006c   Code   RO         1123    i.malloc            mc_w.l(malloc.o)
    0x00004864   0x00004864   0x00000424   Data   RO          275    .constdata          images.o
    0x00004c88   0x00004c88   0x00000014   Data   RO          293    .constdata          staff.o
    0x00004c9c   0x00004c9c   0x00000298   Data   RO          320    .constdata          map.o
    0x00004f34   0x00004f34   0x0000011a   Data   RO          351    .constdata          top_row_display.o
    0x0000504e   0x0000504e   0x00012c20   Data   RO          408    .constdata          transition.o
    0x00017c6e   0x00017c6e   0x00000002   PAD
    0x00017c70   0x00017c70   0x00000043   Data   RO            5    .conststring        main.o
    0x00017cb3   0x00017cb3   0x00000001   PAD
    0x00017cb4   0x00017cb4   0x00000020   Data   RO         1202    Region$$Table       anon$$obj.o


    Execution Region ER_RW (Exec base: 0x20000000, Load base: 0x00017cd4, Size: 0x000000a8, Max: 0xffffffff, ABSOLUTE)

    Exec Addr    Load Addr    Size         Type   Attr      Idx    E Section Name        Object

    0x20000000   0x00017cd4   0x00000008   Data   RW          200    .data               project_interrupts.o
    0x20000008   0x00017cdc   0x0000002c   Data   RW          236    .data               game.o
    0x20000034   0x00017d08   0x00000040   Data   RW          276    .data               images.o
    0x20000074   0x00017d48   0x00000002   Data   RW          294    .data               staff.o
    0x20000076   0x00017d4a   0x00000001   Data   RW          321    .data               map.o
    0x20000077   0x00017d4b   0x00000008   Data   RW          378    .data               breathing_led.o
    0x2000007f   0x00017d53   0x00000001   PAD
    0x20000080   0x00017d54   0x0000000e   Data   RW          449    .data               tanks.o
    0x2000008e   0x00017d62   0x00000004   Data   RW          475    .data               score.o
    0x20000092   0x00017d66   0x00000002   Data   RW          755    .data               serial_debug.o
    0x20000094   0x00017d68   0x00000004   Data   RW          821    .data               system_tm4c123.o
    0x20000098   0x00017d6c   0x00000004   Data   RW          858    .data               mc_w.l(stdin.o)
    0x2000009c   0x00017d70   0x00000004   Data   RW         1172    .data               mc_w.l(stdout.o)
    0x200000a0   0x00017d74   0x00000004   Data   RW         1181    .data               mc_w.l(mvars.o)
    0x200000a4   0x00017d78   0x00000004   Data   RW         1182    .data               mc_w.l(mvars.o)


    Execution Region ER_ZI (Exec base: 0x200000a8, Load base: 0x00017d7c, Size: 0x00001048, Max: 0xffffffff, ABSOLUTE)

    Exec Addr    Load Addr    Size         Type   Attr      Idx    E Section Name        Object

    0x200000a8        -       0x0000001e   Zero   RW          199    .bss                project_interrupts.o
    0x200000c6        -       0x0000000a   Zero   RW          235    .bss                game.o
    0x200000d0        -       0x0000001c   Zero   RW          754    .bss                serial_debug.o
    0x200000ec   0x00017d7c   0x00000004   PAD
    0x200000f0        -       0x00000000   Zero   RW          811    HEAP                startup_tm4c123.o
    0x200000f0        -       0x00001000   Zero   RW          810    STACK               startup_tm4c123.o


==============================================================================

Image component sizes


      Code (inc. data)   RO Data    RW Data    ZI Data      Debug   Object Name

         0          0          0          8          0        406   breathing_led.o
       420          6          0          0          0       2069   eeprom.o
       432          6          0          0          0       2200   ft6x06.o
      1324        106          0         44         10       5558   game.o
       772         34          0          0          0       5490   gpio_port.o
       520         24          0          0          0       3637   i2c.o
         0          0       1060         64          0       4125   images.o
       432         20          0          0          0       1943   io_expander.o
      2886         28          0          0          0       8192   lcd.o
       344        118         67          0          0      30558   main.o
       424         24        664          1          0       2834   map.o
       124          0          0          0          0       1903   pc_buffer.o
       144         28          0          0          0        527   project_hardware_init.o
      2272        258          0          8         30       4431   project_interrupts.o
       280         24          0          0          0       1552   ps2.o
         0          0          0          4          0        273   score.o
       528         22          0          2         28       5469   serial_debug.o
       624         82         20          2          0       2225   staff.o
       252         10        620          0       4096       5424   startup_tm4c123.o
       592        138          0          4          0       1517   system_tm4c123.o
       868        204          0         14          0       3288   tanks.o
       780         26          0          0          0       3508   timers.o
      1200         88        282          0          0       2070   top_row_display.o
       540         46      76832          0          0       3546   transition.o
       656         54          0          0          0      33531   uart.o

    ----------------------------------------------------------------------
     16416       1346      79580        152       4168     136276   Object Totals
         0          0         32          0          0          0   (incl. Generated)
         2          0          3          1          4          0   (incl. Padding)

    ----------------------------------------------------------------------

      Code (inc. data)   RO Data    RW Data    ZI Data      Debug   Library Member Name

        20          0          0          0          0        124   fabs.o
         0          0          0          0          0          0   entry.o
         0          0          0          0          0          0   entry10a.o
         0          0          0          0          0          0   entry11a.o
         8          4          0          0          0          0   entry2.o
         4          0          0          0          0          0   entry5.o
         0          0          0          0          0          0   entry7b.o
         0          0          0          0          0          0   entry8b.o
         8          4          0          0          0          0   entry9a.o
         4          0          0          0          0         68   getc.o
        30          0          0          0          0          0   handlers.o
        36          8          0          0          0         68   init.o
         0          0          0          0          0          0   iusefp.o
        30          0          0          0          0         68   llshl.o
        32          0          0          0          0         68   llushr.o
       108         16          0          0          0         84   malloc.o
        36          0          0          0          0        108   memseta.o
         0          0          0          8          0          0   mvars.o
       736         56          0          0          0        184   printf5.o
         0          0          0          4          0          0   stdin.o
         0          0          0          4          0          0   stdout.o
        98          0          0          0          0         92   uldiv.o
        48          0          0          0          0         68   cdcmple.o
        48          0          0          0          0         68   cdrcmple.o
       186          0          0          0          0        176   depilogue.o
        34          0          0          0          0         76   dflti.o
        26          0          0          0          0         76   dfltui.o

    ----------------------------------------------------------------------
      1496         88          0         16          0       1328   Library Totals
         4          0          0          0          0          0   (incl. Padding)

    ----------------------------------------------------------------------

      Code (inc. data)   RO Data    RW Data    ZI Data      Debug   Library Name

        20          0          0          0          0        124   m_wm.l
      1130         88          0         16          0        740   mc_w.l
       342          0          0          0          0        464   mf_w.l

    ----------------------------------------------------------------------
      1496         88          0         16          0       1328   Library Totals

    ----------------------------------------------------------------------

==============================================================================


      Code (inc. data)   RO Data    RW Data    ZI Data      Debug   

     17912       1434      79580        168       4168     133484   Grand Totals
     17912       1434      79580        168       4168     133484   ELF Image Totals
     17912       1434      79580        168          0          0   ROM Totals

==============================================================================

    Total RO  Size (Code + RO Data)                97492 (  95.21kB)
    Total RW  Size (RW Data + ZI Data)              4336 (   4.23kB)
    Total ROM Size (Code + RO Data + RW Data)      97660 (  95.37kB)

==============================================================================

