Component: ARM Compiler 5.06 update 6 (build 750) Tool: armlink [4d35ed]

==============================================================================

Section Cross References

    main.o(.text) refers to malloc.o(i.malloc) for malloc
    main.o(.text) refers to project_hardware_init.o(.text) for hardwareInit
    main.o(.text) refers to printf5.o(i.__0printf$5) for __2printf
    main.o(.text) refers to eeprom.o(.text) for eeprom_byte_read
    main.o(.text) refers to transition.o(.text) for game_start_page
    main.o(.text) refers to top_row_display.o(.text) for drawSCORE
    main.o(.text) refers to game.o(.text) for game
    main.o(.text) refers to game.o(.data) for RESTART
    main.o(.text) refers to main.o(.conststring) for .conststring
    main.o(.text) refers to map.o(.data) for MAP_SEL
    main.o(.text) refers to score.o(.data) for LAST_SCORE
    project_hardware_init.o(.text) refers to main.o(.text) for DisableInterrupts
    project_hardware_init.o(.text) refers to serial_debug.o(.text) for init_serial_debug
    project_hardware_init.o(.text) refers to lcd.o(.text) for lcd_config_gpio
    project_hardware_init.o(.text) refers to ft6x06.o(.text) for ft6x06_init
    project_hardware_init.o(.text) refers to ps2.o(.text) for ps2_initialize
    project_hardware_init.o(.text) refers to io_expander.o(.text) for io_expander_init
    project_hardware_init.o(.text) refers to timers.o(.text) for gp_timer_config_32
    project_hardware_init.o(.text) refers to breathing_led.o(.text) for breathing_led_init
    project_hardware_init.o(.text) refers to eeprom.o(.text) for eeprom_init
    project_interrupts.o(.text) refers to io_expander.o(.text) for io_expander_read_reg
    project_interrupts.o(.text) refers to printf5.o(i.__0printf$5) for __2printf
    project_interrupts.o(.text) refers to dfltui.o(.text) for __aeabi_ui2d
    project_interrupts.o(.text) refers to cdrcmple.o(.text) for __aeabi_cdrcmple
    project_interrupts.o(.text) refers to tanks.o(.text) for set_dir
    project_interrupts.o(.text) refers to cdcmple.o(.text) for __aeabi_cdcmple
    project_interrupts.o(.text) refers to game.o(.text) for check_bump
    project_interrupts.o(.text) refers to staff.o(.text) for get_new_direction
    project_interrupts.o(.text) refers to game.o(.data) for BUTTON_PRESSED
    project_interrupts.o(.text) refers to project_interrupts.o(.data) for data
    project_interrupts.o(.text) refers to tanks.o(.data) for player
    project_interrupts.o(.text) refers to breathing_led.o(.data) for RGB_update
    project_interrupts.o(.text) refers to project_interrupts.o(.bss) for bump
    project_interrupts.o(.text) refers to lcd.o(.text) for lcd_draw_image
    project_interrupts.o(.text) refers to transition.o(.text) for game_transition_fail_page
    project_interrupts.o(.text) refers to map.o(.text) for getMap
    project_interrupts.o(.text) refers to memseta.o(.text) for __aeabi_memclr4
    project_interrupts.o(.text) refers to getc.o(i.getc) for getc
    project_interrupts.o(.text) refers to game.o(.bss) for ALERT_SPACE_SHIP
    project_interrupts.o(.text) refers to score.o(.data) for SCORE
    project_interrupts.o(.text) refers to images.o(.constdata) for shell_objBitmaps
    project_interrupts.o(.text) refers to map.o(.data) for MAP_SEL
    project_interrupts.o(.text) refers to stdin.o(.data) for __stdin
    game.o(.text) refers to map.o(.text) for get_pos
    game.o(.text) refers to lcd.o(.text) for lcd_draw_image
    game.o(.text) refers to printf5.o(i.__0printf$5) for __2printf
    game.o(.text) refers to malloc.o(i.malloc) for malloc
    game.o(.text) refers to tanks.o(.text) for set_image
    game.o(.text) refers to top_row_display.o(.text) for drawHP
    game.o(.text) refers to images.o(.constdata) for blank_tileBitmaps
    game.o(.text) refers to tanks.o(.data) for player
    game.o(.text) refers to map.o(.data) for MAP_SEL
    game.o(.text) refers to game.o(.data) for i
    game.o(.text) refers to game.o(.bss) for ALERT_SPACE_SHIP
    game.o(.text) refers to score.o(.data) for SCORE
    images.o(.data) refers to images.o(.constdata) for easytank_upBitmaps
    staff.o(.text) refers to dflti.o(.text) for __aeabi_i2d
    staff.o(.text) refers to fabs.o(i.__hardfp_fabs) for __hardfp_fabs
    staff.o(.text) refers to cdrcmple.o(.text) for __aeabi_cdrcmple
    staff.o(.text) refers to printf5.o(i.__0printf$5) for __2printf
    staff.o(.text) refers to tanks.o(.text) for fire
    staff.o(.text) refers to staff.o(.data) for lfsr
    staff.o(.text) refers to tanks.o(.data) for enermy
    staff.o(.text) refers to staff.o(.constdata) for MOVE_AMOUNT
    map.o(.text) refers to lcd.o(.text) for lcd_draw_image
    map.o(.text) refers to map.o(.data) for MAP_SEL
    map.o(.text) refers to map.o(.constdata) for wall_tileBitmaps
    top_row_display.o(.text) refers to lcd.o(.text) for lcd_draw_image
    top_row_display.o(.text) refers to top_row_display.o(.constdata) for H
    breathing_led.o(.text) refers to main.o(.text) for delay
[...]
    printf8.o(i._printf_core) refers to uldiv.o(.text) for __aeabi_uldivmod
    printf8.o(i._printf_core) refers to printf8.o(i._printf_post_padding) for _printf_post_padding
    printfa.o(i.__0fprintf) refers (Special) to iusefp.o(.text) for __I$use$fp
    printfa.o(i.__0fprintf) refers to printfa.o(i._printf_core) for _printf_core
    printfa.o(i.__0fprintf) refers to serial_debug.o(.text) for fputc
    printfa.o(i.__0printf) refers (Special) to iusefp.o(.text) for __I$use$fp
    printfa.o(i.__0printf) refers to printfa.o(i._printf_core) for _printf_core
    printfa.o(i.__0printf) refers to serial_debug.o(.text) for fputc
    printfa.o(i.__0printf) refers to stdout.o(.data) for __stdout
    printfa.o(i.__0snprintf) refers (Special) to iusefp.o(.text) for __I$use$fp
    printfa.o(i.__0snprintf) refers to printfa.o(i._printf_core) for _printf_core
    printfa.o(i.__0snprintf) refers to printfa.o(i._snputc) for _snputc
    printfa.o(i.__0sprintf) refers (Special) to iusefp.o(.text) for __I$use$fp
    printfa.o(i.__0sprintf) refers to printfa.o(i._printf_core) for _printf_core
    printfa.o(i.__0sprintf) refers to printfa.o(i._sputc) for _sputc
    printfa.o(i.__0vfprintf) refers (Special) to iusefp.o(.text) for __I$use$fp
    printfa.o(i.__0vfprintf) refers to printfa.o(i._printf_core) for _printf_core
    printfa.o(i.__0vfprintf) refers to serial_debug.o(.text) for fputc
    printfa.o(i.__0vprintf) refers (Special) to iusefp.o(.text) for __I$use$fp
    printfa.o(i.__0vprintf) refers to printfa.o(i._printf_core) for _printf_core
    printfa.o(i.__0vprintf) refers to serial_debug.o(.text) for fputc
    printfa.o(i.__0vprintf) refers to stdout.o(.data) for __stdout
    printfa.o(i.__0vsnprintf) refers (Special) to iusefp.o(.text) for __I$use$fp
    printfa.o(i.__0vsnprintf) refers to printfa.o(i._printf_core) for _printf_core
    printfa.o(i.__0vsnprintf) refers to printfa.o(i._snputc) for _snputc
    printfa.o(i.__0vsprintf) refers (Special) to iusefp.o(.text) for __I$use$fp
    printfa.o(i.__0vsprintf) refers to printfa.o(i._printf_core) for _printf_core
    printfa.o(i.__0vsprintf) refers to printfa.o(i._sputc) for _sputc
    printfa.o(i._fp_digits) refers (Special) to iusefp.o(.text) for __I$use$fp
    printfa.o(i._fp_digits) refers to dmul.o(.text) for __aeabi_dmul
    printfa.o(i._fp_digits) refers to ddiv.o(.text) for __aeabi_ddiv
    printfa.o(i._fp_digits) refers to cdrcmple.o(.text) for __aeabi_cdrcmple
    printfa.o(i._fp_digits) refers to dadd.o(.text) for __aeabi_dadd
    printfa.o(i._fp_digits) refers to dfixul.o(.text) for __aeabi_d2ulz
    printfa.o(i._fp_digits) refers to uldiv.o(.text) for __aeabi_uldivmod
    printfa.o(i._printf_core) refers (Special) to iusefp.o(.text) for __I$use$fp
    printfa.o(i._printf_core) refers to printfa.o(i._printf_pre_padding) for _printf_pre_padding
    printfa.o(i._printf_core) refers to uldiv.o(.text) for __aeabi_uldivmod
    printfa.o(i._printf_core) refers to printfa.o(i._printf_post_padding) for _printf_post_padding
    printfa.o(i._printf_core) refers to printfa.o(i._fp_digits) for _fp_digits
    printfa.o(i._printf_core) refers to uidiv.o(.text) for __aeabi_uidivmod
    printfa.o(i._printf_post_padding) refers (Special) to iusefp.o(.text) for __I$use$fp
    printfa.o(i._printf_pre_padding) refers (Special) to iusefp.o(.text) for __I$use$fp
    printfa.o(i._snputc) refers (Special) to iusefp.o(.text) for __I$use$fp
    printfa.o(i._sputc) refers (Special) to iusefp.o(.text) for __I$use$fp
    malloc.o(i.free) refers to mvars.o(.data) for __microlib_freelist
    malloc.o(i.malloc) refers to mvars.o(.data) for __microlib_freelist_initialised
    malloc.o(i.malloc) refers to mvars.o(.data) for __microlib_freelist
    malloc.o(i.malloc) refers to startup_tm4c123.o(HEAP) for __heap_base
    mallocr.o(i.__free$realloc) refers to mvars.o(.data) for __microlib_freelist
    mallocr.o(i.__malloc$realloc) refers to mallocr.o(i.internal_alloc) for internal_alloc
    mallocr.o(i.__malloc$realloc) refers to mvars.o(.data) for __microlib_freelist_initialised
    mallocr.o(i.__malloc$realloc) refers to startup_tm4c123.o(HEAP) for __heap_base
    mallocr.o(i.__malloc$realloc) refers to mvars.o(.data) for __microlib_freelist
    mallocr.o(i.internal_alloc) refers to memcpya.o(.text) for __aeabi_memcpy
    mallocr.o(i.internal_alloc) refers to mvars.o(.data) for __microlib_freelist
    mallocr.o(i.realloc) refers to mallocr.o(i.__free$realloc) for __free$realloc
    mallocr.o(i.realloc) refers to mallocr.o(i.internal_alloc) for internal_alloc
    mallocr.o(i.realloc) refers to mallocr.o(i.__malloc$realloc) for __malloc$realloc
    mallocr.o(i.realloc) refers to mvars.o(.data) for __microlib_freelist
    malloca.o(i.__aligned_malloc) refers to mvars.o(.data) for __microlib_freelist_initialised
    malloca.o(i.__aligned_malloc) refers to mvars.o(.data) for __microlib_freelist
    malloca.o(i.__aligned_malloc) refers to startup_tm4c123.o(HEAP) for __heap_base
    malloca.o(i.__free$memalign) refers to mvars.o(.data) for __microlib_freelist
    malloca.o(i.__malloc$memalign) refers to malloca.o(i.__aligned_malloc) for __aligned_malloc
    mallocra.o(i.__aligned_malloc$realloc) refers to mallocra.o(i.internal_alloc) for internal_alloc
    mallocra.o(i.__aligned_malloc$realloc) refers to mvars.o(.data) for __microlib_freelist_initialised
    mallocra.o(i.__aligned_malloc$realloc) refers to startup_tm4c123.o(HEAP) for __heap_base
    mallocra.o(i.__aligned_malloc$realloc) refers to mvars.o(.data) for __microlib_freelist
    mallocra.o(i.__free$realloc$memalign) refers to mvars.o(.data) for __microlib_freelist
    mallocra.o(i.__malloc$realloc$memalign) refers to mallocra.o(i.__aligned_malloc$realloc) for __aligned_malloc$realloc
    mallocra.o(i.__realloc$memalign) refers to mallocra.o(i.__free$realloc$memalign) for __free$realloc$memalign
    mallocra.o(i.__realloc$memalign) refers to mallocra.o(i.internal_alloc) for internal_alloc
    mallocra.o(i.__realloc$memalign) refers to mallocra.o(i.__malloc$realloc$memalign) for __malloc$realloc$memalign
    mallocra.o(i.__realloc$memalign) refers to mvars.o(.data) for __microlib_freelist
    mallocra.o(i.internal_alloc) refers to memcpya.o(.text) for __aeabi_memcpy
    mallocra.o(i.internal_alloc) refers to mvars.o(.data) for __microlib_freelist
    dflti.o(.text) refers (Special) to iusefp.o(.text) for __I$use$fp
    dflti.o(.text) refers to depilogue.o(.text) for _double_epilogue
    dfltui.o(.text) refers (Special) to iusefp.o(.text) for __I$use$fp
    dfltui.o(.text) refers to depilogue.o(.text) for _double_epilogue
    cdcmple.o(.text) refers (Special) to iusefp.o(.text) for __I$use$fp
    cdrcmple.o(.text) refers (Special) to iusefp.o(.text) for __I$use$fp
    entry2.o(.ARM.Collect$$$$00000001) refers to entry2.o(.ARM.Collect$$$$00002712) for __lit__00000000
    entry2.o(.ARM.Collect$$$$00002712) refers to startup_tm4c123.o(STACK) for __initial_sp
    entry2.o(__vectab_stack_and_reset_area) refers to startup_tm4c123.o(STACK) for __initial_sp
    entry2.o(__vectab_stack_and_reset_area) refers to entry.o(.ARM.Collect$$$$00000000) for __main
    entry5.o(.ARM.Collect$$$$00000004) refers to init.o(.text) for __scatterload
    entry9a.o(.ARM.Collect$$$$0000000B) refers to main.o(.text) for main
    entry9b.o(.ARM.Collect$$$$0000000C) refers to main.o(.text) for main
    uldiv.o(.text) refers to llushr.o(.text) for __aeabi_llsr
    uldiv.o(.text) refers to llshl.o(.text) for __aeabi_llsl
    depilogue.o(.text) refers to llshl.o(.text) for __aeabi_llsl
    depilogue.o(.text) refers to llushr.o(.text) for __aeabi_llsr
    dadd.o(.text) refers to llshl.o(.text) for __aeabi_llsl
    dadd.o(.text) refers to llsshr.o(.text) for __aeabi_lasr
    dadd.o(.text) refers to depilogue.o(.text) for _double_epilogue
    dmul.o(.text) refers to depilogue.o(.text) for _double_epilogue
    ddiv.o(.text) refers to depilogue.o(.text) for _double_round
    dfixul.o(.text) refers to llushr.o(.text) for __aeabi_llsr
    dfixul.o(.text) refers to llshl.o(.text) for __aeabi_llsl
    init.o(.text) refers to entry5.o(.ARM.Collect$$$$00000004) for __main_after_scatterload


==============================================================================

Removing Unused input sections from the image.

    Removing main.o(.rev16_text), (4 bytes).
    Removing main.o(.revsh_text), (4 bytes).
    Removing main.o(.rrx_text), (6 bytes).
    Removing project_hardware_init.o(.rev16_text), (4 bytes).
    Removing project_hardware_init.o(.revsh_text), (4 bytes).
    Removing project_hardware_init.o(.rrx_text), (6 bytes).
    Removing project_interrupts.o(.rev16_text), (4 bytes).
    Removing project_interrupts.o(.revsh_text), (4 bytes).
    Removing project_interrupts.o(.rrx_text), (6 bytes).
    Removing game.o(.rev16_text), (4 bytes).
    Removing game.o(.revsh_text), (4 bytes).
    Removing game.o(.rrx_text), (6 bytes).
    Removing staff.o(.rev16_text), (4 bytes).
    Removing staff.o(.revsh_text), (4 bytes).
    Removing staff.o(.rrx_text), (6 bytes).
    Removing map.o(.rev16_text), (4 bytes).
    Removing map.o(.revsh_text), (4 bytes).
    Removing map.o(.rrx_text), (6 bytes).
    Removing top_row_display.o(.rev16_text), (4 bytes).
    Removing top_row_display.o(.revsh_text), (4 bytes).
    Removing top_row_display.o(.rrx_text), (6 bytes).
    Removing breathing_led.o(.rev16_text), (4 bytes).
    Removing breathing_led.o(.revsh_text), (4 bytes).
    Removing breathing_led.o(.rrx_text), (6 bytes).
    Removing transition.o(.rev16_text), (4 bytes).
    Removing transition.o(.revsh_text), (4 bytes).
    Removing transition.o(.rrx_text), (6 bytes).
    Removing tanks.o(.rev16_text), (4 bytes).
    Removing tanks.o(.revsh_text), (4 bytes).
    Removing tanks.o(.rrx_text), (6 bytes).
    Removing adc.o(.rev16_text), (4 bytes).
    Removing adc.o(.revsh_text), (4 bytes).
    Removing adc.o(.rrx_text), (6 bytes).
    Removing adc.o(.text), (296 bytes).
    Removing gpio_port.o(.rev16_text), (4 bytes).
    Removing gpio_port.o(.revsh_text), (4 bytes).
    Removing gpio_port.o(.rrx_text), (6 bytes).
    Removing i2c.o(.rev16_text), (4 bytes).
    Removing i2c.o(.revsh_text), (4 bytes).
    Removing i2c.o(.rrx_text), (6 bytes).
    Removing timers.o(.rev16_text), (4 bytes).
    Removing timers.o(.revsh_text), (4 bytes).
    Removing timers.o(.rrx_text), (6 bytes).
    Removing uart.o(.rev16_text), (4 bytes).
    Removing uart.o(.revsh_text), (4 bytes).
    Removing uart.o(.rrx_text), (6 bytes).
    Removing eeprom.o(.rev16_text), (4 bytes).
    Removing eeprom.o(.revsh_text), (4 bytes).
    Removing eeprom.o(.rrx_text), (6 bytes).
    Removing ft6x06.o(.rev16_text), (4 bytes).
    Removing ft6x06.o(.revsh_text), (4 bytes).
    Removing ft6x06.o(.rrx_text), (6 bytes).
    Removing launchpad_io.o(.rev16_text), (4 bytes).
    Removing launchpad_io.o(.revsh_text), (4 bytes).
    Removing launchpad_io.o(.rrx_text), (6 bytes).
    Removing lcd.o(.rev16_text), (4 bytes).
    Removing lcd.o(.revsh_text), (4 bytes).
    Removing lcd.o(.rrx_text), (6 bytes).
    Removing ps2.o(.rev16_text), (4 bytes).
    Removing ps2.o(.revsh_text), (4 bytes).
    Removing ps2.o(.rrx_text), (6 bytes).
    Removing serial_debug.o(.rev16_text), (4 bytes).
    Removing serial_debug.o(.revsh_text), (4 bytes).
    Removing serial_debug.o(.rrx_text), (6 bytes).
    Removing io_expander.o(.rev16_text), (4 bytes).
    Removing io_expander.o(.revsh_text), (4 bytes).
    Removing io_expander.o(.rrx_text), (6 bytes).
    Removing system_tm4c123.o(.rev16_text), (4 bytes).
    Removing system_tm4c123.o(.revsh_text), (4 bytes).
    Removing system_tm4c123.o(.rrx_text), (6 bytes).
    Removing dadd.o(.text), (334 bytes).
    Removing dmul.o(.text), (228 bytes).
    Removing ddiv.o(.text), (222 bytes).
    Removing dfixul.o(.text), (48 bytes).

74 unused section(s) (total 1450 bytes) removed from the image.

==============================================================================

Image Symbol Table

    Local Symbols

    Symbol Name                              Value     Ov Type        Size  Object(Section)

    RESET                                    0x00000000   Section      620  startup_tm4c123.o(RESET)
    ../clib/microlib/division.c              0x00000000   Number         0  uldiv.o ABSOLUTE
    ../clib/microlib/division.c              0x00000000   Number         0  uidiv.o ABSOLUTE
    ../clib/microlib/init/entry.s            0x00000000   Number         0  entry2.o ABSOLUTE
    ../clib/microlib/init/entry.s            0x00000000   Number         0  entry10a.o ABSOLUTE
    ../clib/microlib/init/entry.s            0x00000000   Number         0  entry8a.o ABSOLUTE
    ../clib/microlib/init/entry.s            0x00000000   Number         0  entry5.o ABSOLUTE
    ../clib/microlib/init/entry.s            0x00000000   Number         0  entry9b.o ABSOLUTE
    ../clib/microlib/init/entry.s            0x00000000   Number         0  entry8b.o ABSOLUTE
    ../clib/microlib/init/entry.s            0x00000000   Number         0  entry7b.o ABSOLUTE
    ../clib/microlib/init/entry.s            0x00000000   Number         0  entry9a.o ABSOLUTE
    ../clib/microlib/init/entry.s            0x00000000   Number         0  entry.o ABSOLUTE
    ../clib/microlib/init/entry.s            0x00000000   Number         0  entry7a.o ABSOLUTE
    ../clib/microlib/init/entry.s            0x00000000   Number         0  entry11b.o ABSOLUTE
    ../clib/microlib/init/entry.s            0x00000000   Number         0  entry11a.o ABSOLUTE
    ../clib/microlib/init/entry.s            0x00000000   Number         0  entry10b.o ABSOLUTE
    ../clib/microlib/longlong.c              0x00000000   Number         0  llsshr.o ABSOLUTE
    ../clib/microlib/longlong.c              0x00000000   Number         0  llushr.o ABSOLUTE
    ../clib/microlib/longlong.c              0x00000000   Number         0  llshl.o ABSOLUTE
    ../clib/microlib/malloc/malloc.c         0x00000000   Number         0  malloca.o ABSOLUTE
    ../clib/microlib/malloc/malloc.c         0x00000000   Number         0  mallocr.o ABSOLUTE
    ../clib/microlib/malloc/malloc.c         0x00000000   Number         0  malloc.o ABSOLUTE
    ../clib/microlib/malloc/malloc.c         0x00000000   Number         0  mallocra.o ABSOLUTE
    ../clib/microlib/malloc/mvars.c          0x00000000   Number         0  mvars.o ABSOLUTE
    ../clib/microlib/printf/printf.c         0x00000000   Number         0  printf3.o ABSOLUTE
    ../clib/microlib/printf/printf.c         0x00000000   Number         0  printf2.o ABSOLUTE
    ../clib/microlib/printf/printf.c         0x00000000   Number         0  printf1.o ABSOLUTE
    ../clib/microlib/printf/printf.c         0x00000000   Number         0  printf5.o ABSOLUTE
    ../clib/microlib/printf/printf.c         0x00000000   Number         0  printfb.o ABSOLUTE
    ../clib/microlib/printf/printf.c         0x00000000   Number         0  printfa.o ABSOLUTE
    ../clib/microlib/printf/printf.c         0x00000000   Number         0  printf8.o ABSOLUTE
    ../clib/microlib/printf/printf.c         0x00000000   Number         0  printf7.o ABSOLUTE
    ../clib/microlib/printf/printf.c         0x00000000   Number         0  printf6.o ABSOLUTE
    ../clib/microlib/printf/printf.c         0x00000000   Number         0  printf4.o ABSOLUTE
    ../clib/microlib/printf/printf.c         0x00000000   Number         0  printf0.o ABSOLUTE
    ../clib/microlib/printf/stubs.s          0x00000000   Number         0  stubs.o ABSOLUTE
    ../clib/microlib/stdio/getc.c            0x00000000   Number         0  getc.o ABSOLUTE
    ../clib/microlib/stdio/streams.c         0x00000000   Number         0  stdin.o ABSOLUTE
    ../clib/microlib/stdio/streams.c         0x00000000   Number         0  stdout.o ABSOLUTE
    ../clib/microlib/string/memcpy.c         0x00000000   Number         0  memcpya.o ABSOLUTE
    ../clib/microlib/string/memcpy.c         0x00000000   Number         0  memcpyb.o ABSOLUTE
    ../clib/microlib/string/memset.c         0x00000000   Number         0  memseta.o ABSOLUTE
    ../clib/microlib/stubs.s                 0x00000000   Number         0  iusefp.o ABSOLUTE
    ../fplib/microlib/fpadd.c                0x00000000   Number         0  dadd.o ABSOLUTE
    ../fplib/microlib/fpdiv.c                0x00000000   Number         0  ddiv.o ABSOLUTE
    ../fplib/microlib/fpepilogue.c           0x00000000   Number         0  depilogue.o ABSOLUTE
    ../fplib/microlib/fpfix.c                0x00000000   Number         0  dfixul.o ABSOLUTE
    ../fplib/microlib/fpflt.c                0x00000000   Number         0  dfltui.o ABSOLUTE
    ../fplib/microlib/fpflt.c                0x00000000   Number         0  dflti.o ABSOLUTE
    ../fplib/microlib/fpmul.c                0x00000000   Number         0  dmul.o ABSOLUTE
    ../mathlib/fabs.c                        0x00000000   Number         0  fabs.o ABSOLUTE
    ..\\drivers\\c\\adc.c                    0x00000000   Number         0  adc.o ABSOLUTE
    ..\\drivers\\c\\gpio_port.c              0x00000000   Number         0  gpio_port.o ABSOLUTE
    ..\\drivers\\c\\i2c.c                    0x00000000   Number         0  i2c.o ABSOLUTE
    ..\\drivers\\c\\timers.c                 0x00000000   Number         0  timers.o ABSOLUTE
    ..\\drivers\\c\\uart.c                   0x00000000   Number         0  uart.o ABSOLUTE
    ..\\peripherals\\c\\eeprom.c             0x00000000   Number         0  eeprom.o ABSOLUTE
    ..\\peripherals\\c\\ft6x06.c             0x00000000   Number         0  ft6x06.o ABSOLUTE
    ..\\peripherals\\c\\io_expander.c        0x00000000   Number         0  io_expander.o ABSOLUTE
    ..\\peripherals\\c\\launchpad_io.c       0x00000000   Number         0  launchpad_io.o ABSOLUTE
    ..\\peripherals\\c\\lcd.c                0x00000000   Number         0  lcd.o ABSOLUTE
    ..\\peripherals\\c\\ps2.c                0x00000000   Number         0  ps2.o ABSOLUTE
    ..\\peripherals\\c\\serial_debug.c       0x00000000   Number         0  serial_debug.o ABSOLUTE
    ..\drivers\c\adc.c                       0x00000000   Number         0  adc.o ABSOLUTE
    ..\drivers\c\gpio_port.c                 0x00000000   Number         0  gpio_port.o ABSOLUTE
    ..\drivers\c\i2c.c                       0x00000000   Number         0  i2c.o ABSOLUTE
    ..\drivers\c\pc_buffer.c                 0x00000000   Number         0  pc_buffer.o ABSOLUTE
    ..\drivers\c\timers.c                    0x00000000   Number         0  timers.o ABSOLUTE
    ..\drivers\c\uart.c                      0x00000000   Number         0  uart.o ABSOLUTE
    ..\peripherals\c\eeprom.c                0x00000000   Number         0  eeprom.o ABSOLUTE
    ..\peripherals\c\ft6x06.c                0x00000000   Number         0  ft6x06.o ABSOLUTE
    ..\peripherals\c\io_expander.c           0x00000000   Number         0  io_expander.o ABSOLUTE
    ..\peripherals\c\launchpad_io.c          0x00000000   Number         0  launchpad_io.o ABSOLUTE
    ..\peripherals\c\lcd.c                   0x00000000   Number         0  lcd.o ABSOLUTE
    ..\peripherals\c\ps2.c                   0x00000000   Number         0  ps2.o ABSOLUTE
    ..\peripherals\c\serial_debug.c          0x00000000   Number         0  serial_debug.o ABSOLUTE
    RTE\Device\TM4C123GH6PM\startup_TM4C123.s 0x00000000   Number         0  startup_tm4c123.o ABSOLUTE
    RTE\Device\TM4C123GH6PM\system_TM4C123.c 0x00000000   Number         0  system_tm4c123.o ABSOLUTE
    RTE\\Device\\TM4C123GH6PM\\system_TM4C123.c 0x00000000   Number         0  system_tm4c123.o ABSOLUTE
    breathing_led.c                          0x00000000   Number         0  breathing_led.o ABSOLUTE
    breathing_led.c                          0x00000000   Number         0  breathing_led.o ABSOLUTE
    cdcmple.s                                0x00000000   Number         0  cdcmple.o ABSOLUTE
    cdrcmple.s                               0x00000000   Number         0  cdrcmple.o ABSOLUTE
    dc.s                                     0x00000000   Number         0  dc.o ABSOLUTE
    game.c                                   0x00000000   Number         0  game.o ABSOLUTE
    game.c                                   0x00000000   Number         0  game.o ABSOLUTE
    handlers.s                               0x00000000   Number         0  handlers.o ABSOLUTE
    images.c                                 0x00000000   Number         0  images.o ABSOLUTE
    init.s                                   0x00000000   Number         0  init.o ABSOLUTE
    main.c                                   0x00000000   Number         0  main.o ABSOLUTE
    main.c                                   0x00000000   Number         0  main.o ABSOLUTE
    map.c                                    0x00000000   Number         0  map.o ABSOLUTE
    map.c                                    0x00000000   Number         0  map.o ABSOLUTE
    project_hardware_init.c                  0x00000000   Number         0  project_hardware_init.o ABSOLUTE
    project_hardware_init.c                  0x00000000   Number         0  project_hardware_init.o ABSOLUTE
    project_interrupts.c                     0x00000000   Number         0  project_interrupts.o ABSOLUTE
    project_interrupts.c                     0x00000000   Number         0  project_interrupts.o ABSOLUTE
    score.c                                  0x00000000   Number         0  score.o ABSOLUTE
    staff.c                                  0x00000000   Number         0  staff.o ABSOLUTE
    staff.c                                  0x00000000   Number         0  staff.o ABSOLUTE
    tanks.c                                  0x00000000   Number         0  tanks.o ABSOLUTE
    tanks.c                                  0x00000000   Number         0  tanks.o ABSOLUTE
    top_row_display.c                        0x00000000   Number         0  top_row_display.o ABSOLUTE
    top_row_display.c                        0x00000000   Number         0  top_row_display.o ABSOLUTE
    transition.c                             0x00000000   Number         0  transition.o ABSOLUTE
    transition.c                             0x00000000   Number         0  transition.o ABSOLUTE
    .ARM.Collect$$$$00000000                 0x0000026c   Section        0  entry.o(.ARM.Collect$$$$00000000)
    .ARM.Collect$$$$00000001                 0x0000026c   Section        4  entry2.o(.ARM.Collect$$$$00000001)
    .ARM.Collect$$$$00000004                 0x00000270   Section        4  entry5.o(.ARM.Collect$$$$00000004)
    .ARM.Collect$$$$00000008                 0x00000274   Section        0  entry7b.o(.ARM.Collect$$$$00000008)
    .ARM.Collect$$$$0000000A                 0x00000274   Section        0  entry8b.o(.ARM.Collect$$$$0000000A)
    .ARM.Collect$$$$0000000B                 0x00000274   Section        8  entry9a.o(.ARM.Collect$$$$0000000B)
    .ARM.Collect$$$$0000000D                 0x0000027c   Section        0  entry10a.o(.ARM.Collect$$$$0000000D)
    .ARM.Collect$$$$0000000F                 0x0000027c   Section        0  entry11a.o(.ARM.Collect$$$$0000000F)
    .ARM.Collect$$$$00002712                 0x0000027c   Section        4  entry2.o(.ARM.Collect$$$$00002712)
    __lit__00000000                          0x0000027c   Data           4  entry2.o(.ARM.Collect$$$$00002712)
    .text                                    0x00000280   Section        0  main.o(.text)
    .text                                    0x00000410   Section        0  project_hardware_init.o(.text)
    .text                                    0x000004a4   Section        0  project_interrupts.o(.text)
    .text                                    0x00000d84   Section        0  game.o(.text)
    DisableInterrupts                        0x00000d85   Thumb Code     4  game.o(.text)
    EnableInterrupts                         0x00000d89   Thumb Code     4  game.o(.text)
    .text                                    0x000012bc   Section        0  staff.o(.text)
    .text                                    0x0000152c   Section        0  map.o(.text)
    .text                                    0x000016d4   Section        0  top_row_display.o(.text)
    .text                                    0x00001b84   Section        0  breathing_led.o(.text)
    .text                                    0x00001c88   Section        0  transition.o(.text)
    DisableInterrupts                        0x00001c89   Thumb Code     4  transition.o(.text)
    EnableInterrupts                         0x00001c8d   Thumb Code     4  transition.o(.text)
    .text                                    0x00001ea4   Section        0  tanks.o(.text)
    .text                                    0x00002208   Section        0  gpio_port.o(.text)
    verify_base_addr                         0x00002209   Thumb Code    64  gpio_port.o(.text)
    .text                                    0x0000250c   Section        0  i2c.o(.text)
    .text                                    0x00002714   Section        0  pc_buffer.o(.text)
    .text                                    0x00002790   Section        0  timers.o(.text)
    __NVIC_EnableIRQ                         0x00002791   Thumb Code    34  timers.o(.text)
    __NVIC_SetPriority                       0x000027b3   Thumb Code    32  timers.o(.text)
    verify_base_addr                         0x000027d3   Thumb Code    64  timers.o(.text)
    get_clock_masks                          0x0000285d   Thumb Code   106  timers.o(.text)
    .text                                    0x00002a9c   Section        0  uart.o(.text)
    .text                                    0x00002d2c   Section        0  eeprom.o(.text)
    eeprom_wait_for_write                    0x00002d2d   Thumb Code    68  eeprom.o(.text)
    .text                                    0x00002ed0   Section        0  ft6x06.o(.text)
    ft6x06_set_addr                          0x00002ed1   Thumb Code    50  ft6x06.o(.text)
    ft6x06_read_data                         0x00002f03   Thumb Code    52  ft6x06.o(.text)
    .text                                    0x00003080   Section        0  launchpad_io.o(.text)
    .text                                    0x00003238   Section        0  lcd.o(.text)
    lcd_write_cmd_u8                         0x00003253   Thumb Code    40  lcd.o(.text)
    lcd_write_data_u8                        0x0000327b   Thumb Code    28  lcd.o(.text)
    lcd_write_data_u16                       0x00003297   Thumb Code    48  lcd.o(.text)
    .text                                    0x00003d80   Section        0  ps2.o(.text)
    initialize_adc_gpio_pins                 0x00003d81   Thumb Code    34  ps2.o(.text)
    ps2_configure_adc                        0x00003da3   Thumb Code   118  ps2.o(.text)
    .text                                    0x00003e98   Section        0  serial_debug.o(.text)
    .text                                    0x000040a8   Section        0  io_expander.o(.text)
    .text                                    0x00004258   Section      252  startup_tm4c123.o(.text)
    $v0                                      0x00004258   Number         0  startup_tm4c123.o(.text)
    .text                                    0x00004354   Section        0  system_tm4c123.o(.text)
    getOscClk                                0x00004355   Thumb Code   182  system_tm4c123.o(.text)
    .text                                    0x000045a4   Section        0  memseta.o(.text)
    .text                                    0x000045c8   Section        0  dflti.o(.text)
    .text                                    0x000045ea   Section        0  dfltui.o(.text)
    .text                                    0x00004604   Section       48  cdcmple.o(.text)
    .text                                    0x00004634   Section       48  cdrcmple.o(.text)
    .text                                    0x00004664   Section        0  uldiv.o(.text)
    .text                                    0x000046c6   Section        0  depilogue.o(.text)
    .text                                    0x000046c6   Section        0  iusefp.o(.text)
    .text                                    0x00004780   Section       36  init.o(.text)
    .text                                    0x000047a4   Section        0  llshl.o(.text)
    .text                                    0x000047c2   Section        0  llushr.o(.text)
    i.__0printf$5                            0x000047e4   Section        0  printf5.o(i.__0printf$5)
    i.__hardfp_fabs                          0x00004804   Section        0  fabs.o(i.__hardfp_fabs)
    i.__scatterload_copy                     0x00004818   Section       14  handlers.o(i.__scatterload_copy)
    i.__scatterload_null                     0x00004826   Section        2  handlers.o(i.__scatterload_null)
    i.__scatterload_zeroinit                 0x00004828   Section       14  handlers.o(i.__scatterload_zeroinit)
    i._printf_core                           0x00004838   Section        0  printf5.o(i._printf_core)
    _printf_core                             0x00004839   Thumb Code   658  printf5.o(i._printf_core)
    i.getc                                   0x00004af8   Section        0  getc.o(i.getc)
    i.malloc                                 0x00004afc   Section        0  malloc.o(i.malloc)
    .constdata                               0x00004b68   Section     1060  images.o(.constdata)
    .constdata                               0x00004f8c   Section       20  staff.o(.constdata)
    MOVE_AMOUNT                              0x00004f8c   Data          16  staff.o(.constdata)
    MOV_DIR                                  0x00004f9c   Data           4  staff.o(.constdata)
    .constdata                               0x00004fa0   Section      664  map.o(.constdata)
    .constdata                               0x00005238   Section      282  top_row_display.o(.constdata)
    .constdata                               0x00005352   Section    76832  transition.o(.constdata)
    .conststring                             0x00017f74   Section      139  main.o(.conststring)
    .data                                    0x20000000   Section        8  project_interrupts.o(.data)
    PS2_X_DATA                               0x20000000   Data           2  project_interrupts.o(.data)
    PS2_Y_DATA                               0x20000002   Data           2  project_interrupts.o(.data)
    SHIP_DIRECTION                           0x20000004   Data           1  project_interrupts.o(.data)
    .data                                    0x20000008   Section       44  game.o(.data)
    .data                                    0x20000034   Section       64  images.o(.data)
    .data                                    0x20000074   Section        2  staff.o(.data)
    lfsr                                     0x20000074   Data           2  staff.o(.data)
    .data                                    0x20000076   Section        1  map.o(.data)
    .data                                    0x20000077   Section        8  breathing_led.o(.data)
    .data                                    0x20000080   Section       14  tanks.o(.data)
    .data                                    0x2000008e   Section        4  score.o(.data)
    .data                                    0x20000092   Section        2  serial_debug.o(.data)
    Rx_Interrupts_Enabled                    0x20000092   Data           1  serial_debug.o(.data)
    Tx_Interrupts_Enabled                    0x20000093   Data           1  serial_debug.o(.data)
    .data                                    0x20000094   Section        4  system_tm4c123.o(.data)
    .data                                    0x20000098   Section        4  stdin.o(.data)
    .data                                    0x2000009c   Section        4  stdout.o(.data)
    .data                                    0x200000a0   Section        4  mvars.o(.data)
    .data                                    0x200000a4   Section        4  mvars.o(.data)
    .bss                                     0x200000a8   Section       30  project_interrupts.o(.bss)
    MOVE_COUNT                               0x200000a8   Data          20  project_interrupts.o(.bss)
    bump                                     0x200000bc   Data          10  project_interrupts.o(.bss)
    .bss                                     0x200000c6   Section       10  game.o(.bss)
    .bss                                     0x200000d0   Section       28  serial_debug.o(.bss)
    HEAP                                     0x200000f0   Section        0  startup_tm4c123.o(HEAP)
    STACK                                    0x200000f0   Section     4096  startup_tm4c123.o(STACK)

    Global Symbols

    Symbol Name                              Value     Ov Type        Size  Object(Section)

    BuildAttributes$$THM_ISAv4$E$P$D$K$B$S$7EM$VFPi3$EXTD16$VFPS$VFMA$PE$A:L22UL41UL21$X:L11$S22US41US21$IEEE1$IW$USESV6$~STKCKD$USESV7$~SHL$OTIME$ROPI$IEEEJ$EBA8$MICROLIB$REQ8$PRES8$EABIv2 0x00000000   Number         0  anon$$obj.o ABSOLUTE
    __ARM_use_no_argv                        0x00000000   Number         0  main.o ABSOLUTE
    __Vectors                                0x00000000   Data           4  startup_tm4c123.o(RESET)
    _printf_a                                0x00000000   Number         0  stubs.o ABSOLUTE
    _printf_c                                0x00000000   Number         0  stubs.o ABSOLUTE
    _printf_charcount                        0x00000000   Number         0  stubs.o ABSOLUTE
    _printf_d                                0x00000000   Number         0  stubs.o ABSOLUTE
    _printf_e                                0x00000000   Number         0  stubs.o ABSOLUTE
    _printf_f                                0x00000000   Number         0  stubs.o ABSOLUTE
    _printf_flags                            0x00000000   Number         0  stubs.o ABSOLUTE
    _printf_fp_dec                           0x00000000   Number         0  stubs.o ABSOLUTE
    _printf_fp_hex                           0x00000000   Number         0  stubs.o ABSOLUTE
    _printf_g                                0x00000000   Number         0  stubs.o ABSOLUTE
    _printf_i                                0x00000000   Number         0  stubs.o ABSOLUTE
    _printf_int_dec                          0x00000000   Number         0  stubs.o ABSOLUTE
    _printf_l                                0x00000000   Number         0  stubs.o ABSOLUTE
    _printf_lc                               0x00000000   Number         0  stubs.o ABSOLUTE
    _printf_ll                               0x00000000   Number         0  stubs.o ABSOLUTE
    _printf_lld                              0x00000000   Number         0  stubs.o ABSOLUTE
    _printf_lli                              0x00000000   Number         0  stubs.o ABSOLUTE
    _printf_llo                              0x00000000   Number         0  stubs.o ABSOLUTE
    _printf_llu                              0x00000000   Number         0  stubs.o ABSOLUTE
    _printf_llx                              0x00000000   Number         0  stubs.o ABSOLUTE
    _printf_longlong_dec                     0x00000000   Number         0  stubs.o ABSOLUTE
    _printf_longlong_hex                     0x00000000   Number         0  stubs.o ABSOLUTE
    _printf_longlong_oct                     0x00000000   Number         0  stubs.o ABSOLUTE
    _printf_ls                               0x00000000   Number         0  stubs.o ABSOLUTE
    _printf_mbtowc                           0x00000000   Number         0  stubs.o ABSOLUTE
    _printf_n                                0x00000000   Number         0  stubs.o ABSOLUTE
    _printf_o                                0x00000000   Number         0  stubs.o ABSOLUTE
    _printf_p                                0x00000000   Number         0  stubs.o ABSOLUTE
    _printf_percent                          0x00000000   Number         0  stubs.o ABSOLUTE
    _printf_pre_padding                      0x00000000   Number         0  stubs.o ABSOLUTE
    _printf_return_value                     0x00000000   Number         0  stubs.o ABSOLUTE
    _printf_s                                0x00000000   Number         0  stubs.o ABSOLUTE
    _printf_sizespec                         0x00000000   Number         0  stubs.o ABSOLUTE
    _printf_str                              0x00000000   Number         0  stubs.o ABSOLUTE
    _printf_truncate_signed                  0x00000000   Number         0  stubs.o ABSOLUTE
    _printf_truncate_unsigned                0x00000000   Number         0  stubs.o ABSOLUTE
    _printf_u                                0x00000000   Number         0  stubs.o ABSOLUTE
    _printf_wc                               0x00000000   Number         0  stubs.o ABSOLUTE
    _printf_wctomb                           0x00000000   Number         0  stubs.o ABSOLUTE
    _printf_widthprec                        0x00000000   Number         0  stubs.o ABSOLUTE
    _printf_x                                0x00000000   Number         0  stubs.o ABSOLUTE
    __cpp_initialize__aeabi_                  - Undefined Weak Reference
    __cxa_finalize                            - Undefined Weak Reference
    __decompress                              - Undefined Weak Reference
    _clock_init                               - Undefined Weak Reference
    _microlib_exit                            - Undefined Weak Reference
    __Vectors_End                            0x0000026c   Data           0  startup_tm4c123.o(RESET)
    __Vectors_Size                           0x0000026c   Number         0  startup_tm4c123.o ABSOLUTE
    __main                                   0x0000026d   Thumb Code     0  entry.o(.ARM.Collect$$$$00000000)
    _main_stk                                0x0000026d   Thumb Code     0  entry2.o(.ARM.Collect$$$$00000001)
    _main_scatterload                        0x00000271   Thumb Code     0  entry5.o(.ARM.Collect$$$$00000004)
    __main_after_scatterload                 0x00000275   Thumb Code     0  entry5.o(.ARM.Collect$$$$00000004)
    _main_clock                              0x00000275   Thumb Code     0  entry7b.o(.ARM.Collect$$$$00000008)
    _main_cpp_init                           0x00000275   Thumb Code     0  entry8b.o(.ARM.Collect$$$$0000000A)
    _main_init                               0x00000275   Thumb Code     0  entry9a.o(.ARM.Collect$$$$0000000B)
    __rt_final_cpp                           0x0000027d   Thumb Code     0  entry10a.o(.ARM.Collect$$$$0000000D)
    __rt_final_exit                          0x0000027d   Thumb Code     0  entry11a.o(.ARM.Collect$$$$0000000F)
    DisableInterrupts                        0x00000281   Thumb Code     4  main.o(.text)
    EnableInterrupts                         0x00000285   Thumb Code     4  main.o(.text)
    delay                                    0x00000289   Thumb Code    20  main.o(.text)
    main                                     0x0000029d   Thumb Code   234  main.o(.text)
    hardwareInit                             0x00000411   Thumb Code   120  project_hardware_init.o(.text)
    GPIOF_Handler                            0x000004a5   Thumb Code   164  project_interrupts.o(.text)
    ps2_get_direction                        0x00000549   Thumb Code   178  project_interrupts.o(.text)
    TIMER1A_Handler                          0x000005fb   Thumb Code   254  project_interrupts.o(.text)
    TIMER2A_Handler                          0x000006f9   Thumb Code  1264  project_interrupts.o(.text)
    TIMER3A_Handler                          0x00000be9   Thumb Code   172  project_interrupts.o(.text)
    TIMER4A_Handler                          0x00000c95   Thumb Code    74  project_interrupts.o(.text)
    ADC0SS2_Handler                          0x00000cdf   Thumb Code    40  project_interrupts.o(.text)
    contact_edge                             0x00000d8d   Thumb Code   134  game.o(.text)
    check_moveable                           0x00000e13   Thumb Code   186  game.o(.text)
    clear_image                              0x00000ecd   Thumb Code    30  game.o(.text)
    move_image                               0x00000eeb   Thumb Code    80  game.o(.text)
    check_game_over                          0x00000f3b   Thumb Code    96  game.o(.text)
    check_bump                               0x00000f9b   Thumb Code   126  game.o(.text)
    initialize_obj                           0x00001019   Thumb Code   242  game.o(.text)
    game                                     0x0000110b   Thumb Code   324  game.o(.text)
    generate_random_number                   0x000012bd   Thumb Code    48  staff.o(.text)
    get_new_direction                        0x000012ed   Thumb Code   212  staff.o(.text)
    auto_shoot                               0x000013c1   Thumb Code   254  staff.o(.text)
    get_new_move_count                       0x000014bf   Thumb Code    28  staff.o(.text)
    drawMap                                  0x0000152d   Thumb Code   242  map.o(.text)
    getMap                                   0x0000161f   Thumb Code    34  map.o(.text)
    get_pos                                  0x00001641   Thumb Code    32  map.o(.text)
    set_pos                                  0x00001661   Thumb Code    44  map.o(.text)
    get_x                                    0x0000168d   Thumb Code    26  map.o(.text)
    get_y                                    0x000016a7   Thumb Code    22  map.o(.text)
    drawHP                                   0x000016d5   Thumb Code   566  top_row_display.o(.text)
    drawSCORE                                0x0000190b   Thumb Code   624  top_row_display.o(.text)
    PWM_init                                 0x00001b85   Thumb Code   220  breathing_led.o(.text)
    breathing_led_init                       0x00001c61   Thumb Code    16  breathing_led.o(.text)
    game_start_page                          0x00001c91   Thumb Code   120  transition.o(.text)
    game_story_page                          0x00001d09   Thumb Code   146  transition.o(.text)
    game_transition_success_page             0x00001d9b   Thumb Code    82  transition.o(.text)
    game_transition_fail_page                0x00001ded   Thumb Code    72  transition.o(.text)
    game_transition_victory_page             0x00001e35   Thumb Code    66  transition.o(.text)
    set_image                                0x00001ea5   Thumb Code   130  tanks.o(.text)
    set_dir                                  0x00001f27   Thumb Code    16  tanks.o(.text)
    set_x                                    0x00001f37   Thumb Code     8  tanks.o(.text)
    set_y                                    0x00001f3f   Thumb Code     8  tanks.o(.text)
    check_shot_on_target                     0x00001f47   Thumb Code   348  tanks.o(.text)
    fire                                     0x000020a3   Thumb Code   154  tanks.o(.text)
    gpio_get_irq_num                         0x00002249   Thumb Code    74  gpio_port.o(.text)
    gpio_enable_port                         0x00002293   Thumb Code   156  gpio_port.o(.text)
    gpio_config_digital_enable               0x0000232f   Thumb Code    34  gpio_port.o(.text)
    gpio_config_enable_output                0x00002351   Thumb Code    34  gpio_port.o(.text)
    gpio_config_enable_input                 0x00002373   Thumb Code    34  gpio_port.o(.text)
    gpio_config_enable_pullup                0x00002395   Thumb Code    34  gpio_port.o(.text)
    gpio_config_enable_pulldown              0x000023b7   Thumb Code    34  gpio_port.o(.text)
    gpio_config_analog_enable                0x000023d9   Thumb Code    34  gpio_port.o(.text)
    gpio_config_alternate_function           0x000023fb   Thumb Code    34  gpio_port.o(.text)
    gpio_config_port_control                 0x0000241d   Thumb Code    54  gpio_port.o(.text)
    gpio_config_open_drain                   0x00002453   Thumb Code    34  gpio_port.o(.text)
    gpio_config_falling_edge_irq             0x00002475   Thumb Code    56  gpio_port.o(.text)
    gpio_config_rising_edge_irq              0x000024ad   Thumb Code    62  gpio_port.o(.text)
    initializeI2CMaster                      0x0000250d   Thumb Code   160  i2c.o(.text)
    i2cVerifyBaseAddr                        0x000025ad   Thumb Code    36  i2c.o(.text)
    i2cSetSlaveAddr                          0x000025d1   Thumb Code    30  i2c.o(.text)
    i2cStop                                  0x000025ef   Thumb Code    26  i2c.o(.text)
    I2CMasterBusy                            0x00002609   Thumb Code    34  i2c.o(.text)
    I2CMasterAdrAck                          0x0000262b   Thumb Code    34  i2c.o(.text)
    I2CMasterDatAck                          0x0000264d   Thumb Code    34  i2c.o(.text)
    i2cSendByte                              0x0000266f   Thumb Code    82  i2c.o(.text)
    i2cGetByte                               0x000026c1   Thumb Code    60  i2c.o(.text)
    pc_buffer_init                           0x00002715   Thumb Code    26  pc_buffer.o(.text)
    pc_buffer_add                            0x0000272f   Thumb Code    28  pc_buffer.o(.text)
    pc_buffer_remove                         0x0000274b   Thumb Code    30  pc_buffer.o(.text)
    pc_buffer_empty                          0x00002769   Thumb Code    18  pc_buffer.o(.text)
    pc_buffer_full                           0x0000277b   Thumb Code    22  pc_buffer.o(.text)
    timer_get_irq_num                        0x00002813   Thumb Code    74  timers.o(.text)
    gp_timer_wait                            0x000028c7   Thumb Code    64  timers.o(.text)
    gp_timer_config_32                       0x00002907   Thumb Code   190  timers.o(.text)
    gp_timer_config_16                       0x000029c5   Thumb Code   190  timers.o(.text)
    verify_uart_base                         0x00002a9d   Thumb Code    54  uart.o(.text)
    uart_get_rcgc_mask                       0x00002ad3   Thumb Code    68  uart.o(.text)
    uart_get_pr_mask                         0x00002b17   Thumb Code    68  uart.o(.text)
    uart_get_irq_num                         0x00002b5b   Thumb Code    68  uart.o(.text)
    uart_tx_poll                             0x00002b9f   Thumb Code    38  uart.o(.text)
    uart_tx_poll_string                      0x00002bc5   Thumb Code    50  uart.o(.text)
    uart_rx_poll                             0x00002bf7   Thumb Code    70  uart.o(.text)
    uart_init                                0x00002c3d   Thumb Code   218  uart.o(.text)
    eeprom_byte_write                        0x00002d71   Thumb Code    82  eeprom.o(.text)
    eeprom_byte_read                         0x00002dc3   Thumb Code   108  eeprom.o(.text)
    eeprom_init                              0x00002e2f   Thumb Code   156  eeprom.o(.text)
    ft6x06_read_td_status                    0x00002f37   Thumb Code    46  ft6x06.o(.text)
    ft6x06_read_x                            0x00002f65   Thumb Code    60  ft6x06.o(.text)
    ft6x06_read_y                            0x00002fa1   Thumb Code    62  ft6x06.o(.text)
    ft6x06_init                              0x00002fdf   Thumb Code   156  ft6x06.o(.text)
    lp_io_set_pin                            0x00003081   Thumb Code   148  launchpad_io.o(.text)
    lp_io_clear_pin                          0x00003115   Thumb Code   148  launchpad_io.o(.text)
    lp_io_read_pin                           0x000031a9   Thumb Code    22  launchpad_io.o(.text)
    lp_io_init                               0x000031bf   Thumb Code    96  launchpad_io.o(.text)
    delayms                                  0x00003239   Thumb Code    26  lcd.o(.text)
    lcd_set_pos                              0x000032c7   Thumb Code    58  lcd.o(.text)
    lcd_clear_screen                         0x00003301   Thumb Code    52  lcd.o(.text)
    lcd_draw_box                             0x00003335   Thumb Code   138  lcd.o(.text)
    lcd_draw_rectangle                       0x000033bf   Thumb Code    82  lcd.o(.text)
    lcd_draw_rectangle_centered              0x00003411   Thumb Code   152  lcd.o(.text)
    lcd_draw_pixel                           0x000034a9   Thumb Code    28  lcd.o(.text)
    lcd_draw_char                            0x000034c5   Thumb Code   556  lcd.o(.text)
    lcd_draw_image                           0x000036f1   Thumb Code   242  lcd.o(.text)
    lcd_draw_color_image                     0x000037e3   Thumb Code   142  lcd.o(.text)
    lcd_config_gpio                          0x00003871   Thumb Code   190  lcd.o(.text)
    lcd_config_screen                        0x0000392f   Thumb Code   548  lcd.o(.text)
    lcd_draw_line                            0x00003b53   Thumb Code   200  lcd.o(.text)
    lcd_draw_circle                          0x00003c1b   Thumb Code   356  lcd.o(.text)
    ps2_initialize_adc                       0x00003e19   Thumb Code    88  ps2.o(.text)
    ps2_initialize                           0x00003e71   Thumb Code    12  ps2.o(.text)
    ps2_get_x                                0x00003e7d   Thumb Code     2  ps2.o(.text)
    ps2_get_y                                0x00003e7f   Thumb Code     2  ps2.o(.text)
    serial_debug_rx                          0x00003e99   Thumb Code    46  serial_debug.o(.text)
    serial_debug_tx                          0x00003ec7   Thumb Code    72  serial_debug.o(.text)
    fgetc                                    0x00003f0f   Thumb Code    42  serial_debug.o(.text)
    fputc                                    0x00003f39   Thumb Code    66  serial_debug.o(.text)
    init_serial_debug                        0x00003f7b   Thumb Code   144  serial_debug.o(.text)
    UART0_Handler                            0x0000400b   Thumb Code   136  serial_debug.o(.text)
    io_expander_write_reg                    0x000040a9   Thumb Code    56  io_expander.o(.text)
    set_io_expander_GPIO                     0x000040e1   Thumb Code    60  io_expander.o(.text)
    io_expander_init                         0x0000411d   Thumb Code   226  io_expander.o(.text)
    io_expander_read_reg                     0x000041ff   Thumb Code    70  io_expander.o(.text)
    Reset_Handler                            0x00004259   Thumb Code     8  startup_tm4c123.o(.text)
    NMI_Handler                              0x00004261   Thumb Code     2  startup_tm4c123.o(.text)
    HardFault_Handler                        0x00004263   Thumb Code     2  startup_tm4c123.o(.text)
    MemManage_Handler                        0x00004265   Thumb Code     2  startup_tm4c123.o(.text)
    BusFault_Handler                         0x00004267   Thumb Code     2  startup_tm4c123.o(.text)
    UsageFault_Handler                       0x00004269   Thumb Code     2  startup_tm4c123.o(.text)
    SVC_Handler                              0x0000426b   Thumb Code     2  startup_tm4c123.o(.text)
    DebugMon_Handler                         0x0000426d   Thumb Code     2  startup_tm4c123.o(.text)
    PendSV_Handler                           0x0000426f   Thumb Code     2  startup_tm4c123.o(.text)
    SysTick_Handler                          0x00004271   Thumb Code     2  startup_tm4c123.o(.text)
    GPIOA_Handler                            0x00004273   Thumb Code     2  startup_tm4c123.o(.text)
    GPIOB_Handler                            0x00004275   Thumb Code     2  startup_tm4c123.o(.text)
    GPIOC_Handler                            0x00004277   Thumb Code     2  startup_tm4c123.o(.text)
    GPIOD_Handler                            0x00004279   Thumb Code     2  startup_tm4c123.o(.text)
    GPIOE_Handler                            0x0000427b   Thumb Code     2  startup_tm4c123.o(.text)
    UART1_Handler                            0x0000427f   Thumb Code     2  startup_tm4c123.o(.text)
    SSI0_Handler                             0x00004281   Thumb Code     2  startup_tm4c123.o(.text)
    I2C0_Handler                             0x00004283   Thumb Code     2  startup_tm4c123.o(.text)
    PMW0_FAULT_Handler                       0x00004285   Thumb Code     2  startup_tm4c123.o(.text)
    PWM0_0_Handler                           0x00004287   Thumb Code     2  startup_tm4c123.o(.text)
    PWM0_1_Handler                           0x00004289   Thumb Code     2  startup_tm4c123.o(.text)
    PWM0_2_Handler                           0x0000428b   Thumb Code     2  startup_tm4c123.o(.text)
    QEI0_Handler                             0x0000428d   Thumb Code     2  startup_tm4c123.o(.text)
    ADC0SS0_Handler                          0x0000428f   Thumb Code     2  startup_tm4c123.o(.text)
    ADC0SS1_Handler                          0x00004291   Thumb Code     2  startup_tm4c123.o(.text)
    ADC0SS3_Handler                          0x00004295   Thumb Code     2  startup_tm4c123.o(.text)
    WDT0_Handler                             0x00004297   Thumb Code     2  startup_tm4c123.o(.text)
    TIMER0A_Handler                          0x00004299   Thumb Code     2  startup_tm4c123.o(.text)
    TIMER0B_Handler                          0x0000429b   Thumb Code     2  startup_tm4c123.o(.text)
    TIMER1B_Handler                          0x0000429f   Thumb Code     2  startup_tm4c123.o(.text)
    TIMER2B_Handler                          0x000042a3   Thumb Code     2  startup_tm4c123.o(.text)
    COMP0_Handler                            0x000042a5   Thumb Code     2  startup_tm4c123.o(.text)
    COMP1_Handler                            0x000042a7   Thumb Code     2  startup_tm4c123.o(.text)
    COMP2_Handler                            0x000042a9   Thumb Code     2  startup_tm4c123.o(.text)
    SYSCTL_Handler                           0x000042ab   Thumb Code     2  startup_tm4c123.o(.text)
    FLASH_Handler                            0x000042ad   Thumb Code     2  startup_tm4c123.o(.text)
    GPIOG_Handler                            0x000042b1   Thumb Code     2  startup_tm4c123.o(.text)
    GPIOH_Handler                            0x000042b3   Thumb Code     2  startup_tm4c123.o(.text)
    UART2_Handler                            0x000042b5   Thumb Code     2  startup_tm4c123.o(.text)
    SSI1_Handler                             0x000042b7   Thumb Code     2  startup_tm4c123.o(.text)
    TIMER3B_Handler                          0x000042bb   Thumb Code     2  startup_tm4c123.o(.text)
    I2C1_Handler                             0x000042bd   Thumb Code     2  startup_tm4c123.o(.text)
    QEI1_Handler                             0x000042bf   Thumb Code     2  startup_tm4c123.o(.text)
    CAN0_Handler                             0x000042c1   Thumb Code     2  startup_tm4c123.o(.text)
    CAN1_Handler                             0x000042c3   Thumb Code     2  startup_tm4c123.o(.text)
    CAN2_Handler                             0x000042c5   Thumb Code     2  startup_tm4c123.o(.text)
    HIB_Handler                              0x000042c7   Thumb Code     2  startup_tm4c123.o(.text)
    USB0_Handler                             0x000042c9   Thumb Code     2  startup_tm4c123.o(.text)
    PWM0_3_Handler                           0x000042cb   Thumb Code     2  startup_tm4c123.o(.text)
    UDMA_Handler                             0x000042cd   Thumb Code     2  startup_tm4c123.o(.text)
    UDMAERR_Handler                          0x000042cf   Thumb Code     2  startup_tm4c123.o(.text)
    ADC1SS0_Handler                          0x000042d1   Thumb Code     2  startup_tm4c123.o(.text)
    ADC1SS1_Handler                          0x000042d3   Thumb Code     2  startup_tm4c123.o(.text)
    ADC1SS2_Handler                          0x000042d5   Thumb Code     2  startup_tm4c123.o(.text)
    ADC1SS3_Handler                          0x000042d7   Thumb Code     2  startup_tm4c123.o(.text)
    GPIOJ_Handler                            0x000042d9   Thumb Code     2  startup_tm4c123.o(.text)
    GPIOK_Handler                            0x000042db   Thumb Code     2  startup_tm4c123.o(.text)
    GPIOL_Handler                            0x000042dd   Thumb Code     2  startup_tm4c123.o(.text)
    SSI2_Handler                             0x000042df   Thumb Code     2  startup_tm4c123.o(.text)
    SSI3_Handler                             0x000042e1   Thumb Code     2  startup_tm4c123.o(.text)
    UART3_Handler                            0x000042e3   Thumb Code     2  startup_tm4c123.o(.text)
    UART4_Handler                            0x000042e5   Thumb Code     2  startup_tm4c123.o(.text)
    UART5_Handler                            0x000042e7   Thumb Code     2  startup_tm4c123.o(.text)
    UART6_Handler                            0x000042e9   Thumb Code     2  startup_tm4c123.o(.text)
    UART7_Handler                            0x000042eb   Thumb Code     2  startup_tm4c123.o(.text)
    I2C2_Handler                             0x000042ed   Thumb Code     2  startup_tm4c123.o(.text)
    I2C3_Handler                             0x000042ef   Thumb Code     2  startup_tm4c123.o(.text)
    TIMER4B_Handler                          0x000042f3   Thumb Code     2  startup_tm4c123.o(.text)
    TIMER5A_Handler                          0x000042f5   Thumb Code     2  startup_tm4c123.o(.text)
    TIMER5B_Handler                          0x000042f7   Thumb Code     2  startup_tm4c123.o(.text)
    WTIMER0A_Handler                         0x000042f9   Thumb Code     2  startup_tm4c123.o(.text)
    WTIMER0B_Handler                         0x000042fb   Thumb Code     2  startup_tm4c123.o(.text)
    WTIMER1A_Handler                         0x000042fd   Thumb Code     2  startup_tm4c123.o(.text)
    WTIMER1B_Handler                         0x000042ff   Thumb Code     2  startup_tm4c123.o(.text)
    WTIMER2A_Handler                         0x00004301   Thumb Code     2  startup_tm4c123.o(.text)
    WTIMER2B_Handler                         0x00004303   Thumb Code     2  startup_tm4c123.o(.text)
    WTIMER3A_Handler                         0x00004305   Thumb Code     2  startup_tm4c123.o(.text)
    WTIMER3B_Handler                         0x00004307   Thumb Code     2  startup_tm4c123.o(.text)
    WTIMER4A_Handler                         0x00004309   Thumb Code     2  startup_tm4c123.o(.text)
    WTIMER4B_Handler                         0x0000430b   Thumb Code     2  startup_tm4c123.o(.text)
    WTIMER5A_Handler                         0x0000430d   Thumb Code     2  startup_tm4c123.o(.text)
    WTIMER5B_Handler                         0x0000430f   Thumb Code     2  startup_tm4c123.o(.text)
    FPU_Handler                              0x00004311   Thumb Code     2  startup_tm4c123.o(.text)
    I2C4_Handler                             0x00004313   Thumb Code     2  startup_tm4c123.o(.text)
    I2C5_Handler                             0x00004315   Thumb Code     2  startup_tm4c123.o(.text)
    GPIOM_Handler                            0x00004317   Thumb Code     2  startup_tm4c123.o(.text)
    GPION_Handler                            0x00004319   Thumb Code     2  startup_tm4c123.o(.text)
    QEI2_Handler                             0x0000431b   Thumb Code     2  startup_tm4c123.o(.text)
    GPIOP0_Handler                           0x0000431d   Thumb Code     2  startup_tm4c123.o(.text)
    GPIOP1_Handler                           0x0000431f   Thumb Code     2  startup_tm4c123.o(.text)
    GPIOP2_Handler                           0x00004321   Thumb Code     2  startup_tm4c123.o(.text)
    GPIOP3_Handler                           0x00004323   Thumb Code     2  startup_tm4c123.o(.text)
    GPIOP4_Handler                           0x00004325   Thumb Code     2  startup_tm4c123.o(.text)
    GPIOP5_Handler                           0x00004327   Thumb Code     2  startup_tm4c123.o(.text)
    GPIOP6_Handler                           0x00004329   Thumb Code     2  startup_tm4c123.o(.text)
    GPIOP7_Handler                           0x0000432b   Thumb Code     2  startup_tm4c123.o(.text)
    GPIOQ0_Handler                           0x0000432d   Thumb Code     2  startup_tm4c123.o(.text)
    GPIOQ1_Handler                           0x0000432f   Thumb Code     2  startup_tm4c123.o(.text)
    GPIOQ2_Handler                           0x00004331   Thumb Code     2  startup_tm4c123.o(.text)
    GPIOQ3_Handler                           0x00004333   Thumb Code     2  startup_tm4c123.o(.text)
    GPIOQ4_Handler                           0x00004335   Thumb Code     2  startup_tm4c123.o(.text)
    GPIOQ5_Handler                           0x00004337   Thumb Code     2  startup_tm4c123.o(.text)
    GPIOQ6_Handler                           0x00004339   Thumb Code     2  startup_tm4c123.o(.text)
    GPIOQ7_Handler                           0x0000433b   Thumb Code     2  startup_tm4c123.o(.text)
    GPIOR_Handler                            0x0000433d   Thumb Code     2  startup_tm4c123.o(.text)
    GPIOS_Handler                            0x0000433f   Thumb Code     2  startup_tm4c123.o(.text)
    PMW1_0_Handler                           0x00004341   Thumb Code     2  startup_tm4c123.o(.text)
    PWM1_1_Handler                           0x00004343   Thumb Code     2  startup_tm4c123.o(.text)
    PWM1_2_Handler                           0x00004345   Thumb Code     2  startup_tm4c123.o(.text)
    PWM1_3_Handler                           0x00004347   Thumb Code     2  startup_tm4c123.o(.text)
    PWM1_FAULT_Handler                       0x00004349   Thumb Code     2  startup_tm4c123.o(.text)
    SystemCoreClockUpdate                    0x0000440b   Thumb Code   184  system_tm4c123.o(.text)
    SystemInit                               0x000044c3   Thumb Code   112  system_tm4c123.o(.text)
    __aeabi_memset                           0x000045a5   Thumb Code    14  memseta.o(.text)
    __aeabi_memset4                          0x000045a5   Thumb Code     0  memseta.o(.text)
    __aeabi_memset8                          0x000045a5   Thumb Code     0  memseta.o(.text)
    __aeabi_memclr                           0x000045b3   Thumb Code     4  memseta.o(.text)
    __aeabi_memclr4                          0x000045b3   Thumb Code     0  memseta.o(.text)
    __aeabi_memclr8                          0x000045b3   Thumb Code     0  memseta.o(.text)
    _memset$wrapper                          0x000045b7   Thumb Code    18  memseta.o(.text)
    __aeabi_i2d                              0x000045c9   Thumb Code    34  dflti.o(.text)
    __aeabi_ui2d                             0x000045eb   Thumb Code    26  dfltui.o(.text)
    __aeabi_cdcmpeq                          0x00004605   Thumb Code     0  cdcmple.o(.text)
    __aeabi_cdcmple                          0x00004605   Thumb Code    48  cdcmple.o(.text)
    __aeabi_cdrcmple                         0x00004635   Thumb Code    48  cdrcmple.o(.text)
    __aeabi_uldivmod                         0x00004665   Thumb Code    98  uldiv.o(.text)
    __I$use$fp                               0x000046c7   Thumb Code     0  iusefp.o(.text)
    _double_round                            0x000046c7   Thumb Code    30  depilogue.o(.text)
    _double_epilogue                         0x000046e5   Thumb Code   156  depilogue.o(.text)
    __scatterload                            0x00004781   Thumb Code    28  init.o(.text)
    __scatterload_rt2                        0x00004781   Thumb Code     0  init.o(.text)
    __aeabi_llsl                             0x000047a5   Thumb Code    30  llshl.o(.text)
    _ll_shift_l                              0x000047a5   Thumb Code     0  llshl.o(.text)
    __aeabi_llsr                             0x000047c3   Thumb Code    32  llushr.o(.text)
    _ll_ushift_r                             0x000047c3   Thumb Code     0  llushr.o(.text)
    __0printf$5                              0x000047e5   Thumb Code    22  printf5.o(i.__0printf$5)
    __1printf$5                              0x000047e5   Thumb Code     0  printf5.o(i.__0printf$5)
    __2printf                                0x000047e5   Thumb Code     0  printf5.o(i.__0printf$5)
    __hardfp_fabs                            0x00004805   Thumb Code    20  fabs.o(i.__hardfp_fabs)
    __scatterload_copy                       0x00004819   Thumb Code    14  handlers.o(i.__scatterload_copy)
    __scatterload_null                       0x00004827   Thumb Code     2  handlers.o(i.__scatterload_null)
    __scatterload_zeroinit                   0x00004829   Thumb Code    14  handlers.o(i.__scatterload_zeroinit)
    getc                                     0x00004af9   Thumb Code     4  getc.o(i.getc)
    malloc                                   0x00004afd   Thumb Code    92  malloc.o(i.malloc)
    easytank_upBitmaps                       0x00004b68   Data          60  images.o(.constdata)
    easytank_upWidthPixels                   0x00004ba4   Data           1  images.o(.constdata)
    easytank_upHeightPixels                  0x00004ba5   Data           1  images.o(.constdata)
    easytank_downBitmaps                     0x00004ba6   Data          60  images.o(.constdata)
    easytank_downWidthPixels                 0x00004be2   Data           1  images.o(.constdata)
    easytank_downHeightPixels                0x00004be3   Data           1  images.o(.constdata)
    easytank_rightBitmaps                    0x00004be4   Data          60  images.o(.constdata)
    easytank_rightWidthPixels                0x00004c20   Data           1  images.o(.constdata)
    easytank_rightHeightPixels               0x00004c21   Data           1  images.o(.constdata)
    easytank_leftBitmaps                     0x00004c22   Data          60  images.o(.constdata)
    easytank_leftWidthPixels                 0x00004c5e   Data           1  images.o(.constdata)
    easytank_leftHeightPixels                0x00004c5f   Data           1  images.o(.constdata)
    panzer_II_upBitmaps                      0x00004c60   Data          60  images.o(.constdata)
    panzer_II_upWidthPixels                  0x00004c9c   Data           1  images.o(.constdata)
    panzer_II_upHeightPixels                 0x00004c9d   Data           1  images.o(.constdata)
    panzer_II_downBitmaps                    0x00004c9e   Data          60  images.o(.constdata)
    panzer_II_downWidthPixels                0x00004cda   Data           1  images.o(.constdata)
    panzer_II_downHeightPixels               0x00004cdb   Data           1  images.o(.constdata)
    panzer_II_rightBitmaps                   0x00004cdc   Data          60  images.o(.constdata)
    panzer_II_rightWidthPixels               0x00004d18   Data           1  images.o(.constdata)
    panzer_II_rightHeightPixels              0x00004d19   Data           1  images.o(.constdata)
    panzer_II_leftBitmaps                    0x00004d1a   Data          60  images.o(.constdata)
    panzer_II_leftWidthPixels                0x00004d56   Data           1  images.o(.constdata)
    panzer_II_leftHeightPixels               0x00004d57   Data           1  images.o(.constdata)
    panzer_IV_upBitmaps                      0x00004d58   Data          60  images.o(.constdata)
    panzer_IV_upWidthPixels                  0x00004d94   Data           1  images.o(.constdata)
    panzer_IV_upHeightPixels                 0x00004d95   Data           1  images.o(.constdata)
    panzer_IV_rightBitmaps                   0x00004d96   Data          60  images.o(.constdata)
    panzer_IV_rightWidthPixels               0x00004dd2   Data           1  images.o(.constdata)
    panzer_IV_rightHeightPixels              0x00004dd3   Data           1  images.o(.constdata)
    panzer_IV_downBitmaps                    0x00004dd4   Data          60  images.o(.constdata)
    panzer_IV_downWidthPixels                0x00004e10   Data           1  images.o(.constdata)
    panzer_IV_downHeightPixels               0x00004e11   Data           1  images.o(.constdata)
    panzer_IV_leftBitmaps                    0x00004e12   Data          60  images.o(.constdata)
    panzer_IV_leftWidthPixels                0x00004e4e   Data           1  images.o(.constdata)
    panzer_IV_leftHeightPixels               0x00004e4f   Data           1  images.o(.constdata)
    panzer_VI_upBitmaps                      0x00004e50   Data          60  images.o(.constdata)
    panzer_VI_upWidthPixels                  0x00004e8c   Data           1  images.o(.constdata)
    panzer_VI_upHeightPixels                 0x00004e8d   Data           1  images.o(.constdata)
    panzer_VI_rightBitmaps                   0x00004e8e   Data          60  images.o(.constdata)
    panzer_VI_rightWidthPixels               0x00004eca   Data           1  images.o(.constdata)
    panzer_VI_rightHeightPixels              0x00004ecb   Data           1  images.o(.constdata)
    panzer_VI_downBitmaps                    0x00004ecc   Data          60  images.o(.constdata)
    panzer_VI_downWidthPixels                0x00004f08   Data           1  images.o(.constdata)
    panzer_VI_downHeightPixels               0x00004f09   Data           1  images.o(.constdata)
    panzer_VI_leftBitmaps                    0x00004f0a   Data          60  images.o(.constdata)
    panzer_VI_leftWidthPixels                0x00004f46   Data           1  images.o(.constdata)
    panzer_VI_leftHeightPixels               0x00004f47   Data           1  images.o(.constdata)
    blank_tileBitmaps                        0x00004f48   Data          60  images.o(.constdata)
    blank_tileWidthPixels                    0x00004f84   Data           1  images.o(.constdata)
    blank_tileHeightPixels                   0x00004f85   Data           1  images.o(.constdata)
    shell_objBitmaps                         0x00004f86   Data           4  images.o(.constdata)
    shell_objWidthPixels                     0x00004f8a   Data           1  images.o(.constdata)
    shell_objHeightPixels                    0x00004f8b   Data           1  images.o(.constdata)
    wall_tileBitmaps                         0x00004fa0   Data          60  map.o(.constdata)
    wall_tileWidthPixels                     0x00004fdc   Data           1  map.o(.constdata)
    wall_tileHeightPixels                    0x00004fdd   Data           1  map.o(.constdata)
    water_tileBitmaps                        0x00004fde   Data          60  map.o(.constdata)
    water_tileWidthPixels                    0x0000501a   Data           1  map.o(.constdata)
    water_tileHeightPixels                   0x0000501b   Data           1  map.o(.constdata)
    Sevastopol                               0x0000501c   Data         180  map.o(.constdata)
    Kursk                                    0x000050d0   Data         180  map.o(.constdata)
    Berlin                                   0x00005184   Data         180  map.o(.constdata)
    colon                                    0x00005238   Data          20  top_row_display.o(.constdata)
    H                                        0x0000524c   Data          20  top_row_display.o(.constdata)
    P                                        0x00005260   Data          20  top_row_display.o(.constdata)
    S                                        0x00005274   Data          20  top_row_display.o(.constdata)
    zero                                     0x00005288   Data          20  top_row_display.o(.constdata)
    one                                      0x0000529c   Data          20  top_row_display.o(.constdata)
    two                                      0x000052b0   Data          20  top_row_display.o(.constdata)
    three                                    0x000052c4   Data          20  top_row_display.o(.constdata)
    four                                     0x000052d8   Data          20  top_row_display.o(.constdata)
    five                                     0x000052ec   Data          20  top_row_display.o(.constdata)
    six                                      0x00005300   Data          20  top_row_display.o(.constdata)
    seven                                    0x00005314   Data          20  top_row_display.o(.constdata)
    eight                                    0x00005328   Data          20  top_row_display.o(.constdata)
    nine                                     0x0000533c   Data          20  top_row_display.o(.constdata)
    font_width                               0x00005350   Data           1  top_row_display.o(.constdata)
    font_height                              0x00005351   Data           1  top_row_display.o(.constdata)
    start_pageBitmaps                        0x00005352   Data        9600  transition.o(.constdata)
    start_pageWidthPixels                    0x000078d2   Data           2  transition.o(.constdata)
    start_pageHeightPixels                   0x000078d4   Data           2  transition.o(.constdata)
    sevastopol_pageBitmaps                   0x000078d6   Data        9600  transition.o(.constdata)
    sevastopol_pageWidthPixels               0x00009e56   Data           2  transition.o(.constdata)
    sevastopol_pageHeightPixels              0x00009e58   Data           2  transition.o(.constdata)
    tutorial_pageBitmaps                     0x00009e5a   Data        9600  transition.o(.constdata)
    tutorial_pageWidthPixels                 0x0000c3da   Data           2  transition.o(.constdata)
    tutorial_pageHeightPixels                0x0000c3dc   Data           2  transition.o(.constdata)
    success_pageBitmaps                      0x0000c3de   Data        9600  transition.o(.constdata)
    success_pageWidthPixels                  0x0000e95e   Data           2  transition.o(.constdata)
    success_pageHeightPixels                 0x0000e960   Data           2  transition.o(.constdata)
    fail_pageBitmaps                         0x0000e962   Data        9600  transition.o(.constdata)
    fail_pageWidthPixels                     0x00010ee2   Data           2  transition.o(.constdata)
    fail_pageHeightPixels                    0x00010ee4   Data           2  transition.o(.constdata)
    final_pageBitmaps                        0x00010ee6   Data        9600  transition.o(.constdata)
    final_pageWidthPixels                    0x00013466   Data           2  transition.o(.constdata)
    final_pageHeightPixels                   0x00013468   Data           2  transition.o(.constdata)
    kursk_pageBitmaps                        0x0001346a   Data        9600  transition.o(.constdata)
    kursk_pageWidthPixels                    0x000159ea   Data           2  transition.o(.constdata)
    kursk_pageHeightPixels                   0x000159ec   Data           2  transition.o(.constdata)
    berlin_pageBitmaps                       0x000159ee   Data        9600  transition.o(.constdata)
    berlin_pageWidthPixels                   0x00017f6e   Data           2  transition.o(.constdata)
    berlin_pageHeightPixels                  0x00017f70   Data           2  transition.o(.constdata)
    Region$$Table$$Base                      0x00018000   Number         0  anon$$obj.o(Region$$Table)
    Region$$Table$$Limit                     0x00018020   Number         0  anon$$obj.o(Region$$Table)
    button                                   0x20000005   Data           1  project_interrupts.o(.data)
    data                                     0x20000006   Data           1  project_interrupts.o(.data)
    led_control                              0x20000007   Data           1  project_interrupts.o(.data)
    ALERT_INVADER                            0x20000008   Data           1  game.o(.data)
    BUTTON_PRESSED                           0x20000009   Data           1  game.o(.data)
    SHELL_MOVE                               0x2000000a   Data           1  game.o(.data)
    PS2_MOVE                                 0x2000000b   Data           1  game.o(.data)
    RESTART                                  0x2000000c   Data           1  game.o(.data)
    CONTINUE                                 0x2000000d   Data           1  game.o(.data)
    EXIT                                     0x2000000e   Data           1  game.o(.data)
    GAME_OVER                                0x2000000f   Data           1  game.o(.data)
    IN_PROGRESS                              0x20000010   Data           1  game.o(.data)
    PAUSE                                    0x20000011   Data           1  game.o(.data)
    STUDENT_NAME                             0x20000012   Data          27  game.o(.data)
    i                                        0x20000030   Data           4  game.o(.data)
    tanks_direction                          0x20000034   Data          64  images.o(.data)
    MAP_SEL                                  0x20000076   Data           1  map.o(.data)
    R                                        0x20000077   Data           1  breathing_led.o(.data)
    G                                        0x20000078   Data           1  breathing_led.o(.data)
    B                                        0x20000079   Data           1  breathing_led.o(.data)
    R_temp                                   0x2000007a   Data           1  breathing_led.o(.data)
    G_temp                                   0x2000007b   Data           1  breathing_led.o(.data)
    B_temp                                   0x2000007c   Data           1  breathing_led.o(.data)
    RGB_direction                            0x2000007d   Data           1  breathing_led.o(.data)
    RGB_update                               0x2000007e   Data           1  breathing_led.o(.data)
    player                                   0x20000080   Data           4  tanks.o(.data)
    enermy                                   0x20000084   Data           4  tanks.o(.data)
    shells                                   0x20000088   Data           4  tanks.o(.data)
    shell_size                               0x2000008c   Data           1  tanks.o(.data)
    enermy_size                              0x2000008d   Data           1  tanks.o(.data)
    EEPROM_SCORE_ADDR                        0x2000008e   Data           2  score.o(.data)
    SCORE                                    0x20000090   Data           1  score.o(.data)
    LAST_SCORE                               0x20000091   Data           1  score.o(.data)
    SystemCoreClock                          0x20000094   Data           4  system_tm4c123.o(.data)
    __stdin                                  0x20000098   Data           4  stdin.o(.data)
    __stdout                                 0x2000009c   Data           4  stdout.o(.data)
    __microlib_freelist                      0x200000a0   Data           4  mvars.o(.data)
    __microlib_freelist_initialised          0x200000a4   Data           4  mvars.o(.data)
    ALERT_SPACE_SHIP                         0x200000c6   Data          10  game.o(.bss)
    UART0_Tx_Buffer                          0x200000d0   Data          14  serial_debug.o(.bss)
    UART0_Rx_Buffer                          0x200000de   Data          14  serial_debug.o(.bss)
    __heap_base                              0x200000f0   Data           0  startup_tm4c123.o(HEAP)
    __heap_limit                             0x200000f0   Data           0  startup_tm4c123.o(HEAP)
    __initial_sp                             0x200010f0   Data           0  startup_tm4c123.o(STACK)



==============================================================================

Memory Map of the image

  Image Entry point : 0x00004259

  Load Region LR_1 (Base: 0x00000000, Size: 0x000180c8, Max: 0xffffffff, ABSOLUTE)

    Execution Region ER_RO (Exec base: 0x00000000, Load base: 0x00000000, Size: 0x00018020, Max: 0xffffffff, ABSOLUTE)

    Exec Addr    Load Addr    Size         Type   Attr      Idx    E Section Name        Object

    0x00000000   0x00000000   0x0000026c   Data   RO          812    RESET               startup_tm4c123.o
    0x0000026c   0x0000026c   0x00000000   Code   RO          853  * .ARM.Collect$$$$00000000  mc_w.l(entry.o)
    0x0000026c   0x0000026c   0x00000004   Code   RO         1158    .ARM.Collect$$$$00000001  mc_w.l(entry2.o)
    0x00000270   0x00000270   0x00000004   Code   RO         1161    .ARM.Collect$$$$00000004  mc_w.l(entry5.o)
    0x00000274   0x00000274   0x00000000   Code   RO         1163    .ARM.Collect$$$$00000008  mc_w.l(entry7b.o)
    0x00000274   0x00000274   0x00000000   Code   RO         1165    .ARM.Collect$$$$0000000A  mc_w.l(entry8b.o)
    0x00000274   0x00000274   0x00000008   Code   RO         1166    .ARM.Collect$$$$0000000B  mc_w.l(entry9a.o)
    0x0000027c   0x0000027c   0x00000000   Code   RO         1168    .ARM.Collect$$$$0000000D  mc_w.l(entry10a.o)
    0x0000027c   0x0000027c   0x00000000   Code   RO         1170    .ARM.Collect$$$$0000000F  mc_w.l(entry11a.o)
    0x0000027c   0x0000027c   0x00000004   Code   RO         1159    .ARM.Collect$$$$00002712  mc_w.l(entry2.o)
    0x00000280   0x00000280   0x00000190   Code   RO            4    .text               main.o
    0x00000410   0x00000410   0x00000094   Code   RO          174    .text               project_hardware_init.o
    0x000004a4   0x000004a4   0x000008e0   Code   RO          198    .text               project_interrupts.o
    0x00000d84   0x00000d84   0x00000538   Code   RO          234    .text               game.o
    0x000012bc   0x000012bc   0x00000270   Code   RO          292    .text               staff.o
    0x0000152c   0x0000152c   0x000001a8   Code   RO          319    .text               map.o
    0x000016d4   0x000016d4   0x000004b0   Code   RO          350    .text               top_row_display.o
    0x00001b84   0x00001b84   0x00000104   Code   RO          377    .text               breathing_led.o
    0x00001c88   0x00001c88   0x0000021c   Code   RO          407    .text               transition.o
    0x00001ea4   0x00001ea4   0x00000364   Code   RO          448    .text               tanks.o
    0x00002208   0x00002208   0x00000304   Code   RO          514    .text               gpio_port.o
    0x0000250c   0x0000250c   0x00000208   Code   RO          538    .text               i2c.o
    0x00002714   0x00002714   0x0000007c   Code   RO          559    .text               pc_buffer.o
    0x00002790   0x00002790   0x0000030c   Code   RO          577    .text               timers.o
    0x00002a9c   0x00002a9c   0x00000290   Code   RO          605    .text               uart.o
    0x00002d2c   0x00002d2c   0x000001a4   Code   RO          633    .text               eeprom.o
    0x00002ed0   0x00002ed0   0x000001b0   Code   RO          657    .text               ft6x06.o
    0x00003080   0x00003080   0x000001b8   Code   RO          681    .text               launchpad_io.o
    0x00003238   0x00003238   0x00000b46   Code   RO          705    .text               lcd.o
    0x00003d7e   0x00003d7e   0x00000002   PAD
    0x00003d80   0x00003d80   0x00000118   Code   RO          729    .text               ps2.o
    0x00003e98   0x00003e98   0x00000210   Code   RO          753    .text               serial_debug.o
    0x000040a8   0x000040a8   0x000001b0   Code   RO          789    .text               io_expander.o
    0x00004258   0x00004258   0x000000fc   Code   RO          813  * .text               startup_tm4c123.o
    0x00004354   0x00004354   0x00000250   Code   RO          820    .text               system_tm4c123.o
    0x000045a4   0x000045a4   0x00000024   Code   RO          859    .text               mc_w.l(memseta.o)
    0x000045c8   0x000045c8   0x00000022   Code   RO         1150    .text               mf_w.l(dflti.o)
    0x000045ea   0x000045ea   0x0000001a   Code   RO         1152    .text               mf_w.l(dfltui.o)
    0x00004604   0x00004604   0x00000030   Code   RO         1154    .text               mf_w.l(cdcmple.o)
    0x00004634   0x00004634   0x00000030   Code   RO         1156    .text               mf_w.l(cdrcmple.o)
    0x00004664   0x00004664   0x00000062   Code   RO         1175    .text               mc_w.l(uldiv.o)
    0x000046c6   0x000046c6   0x00000000   Code   RO         1183    .text               mc_w.l(iusefp.o)
    0x000046c6   0x000046c6   0x000000ba   Code   RO         1184    .text               mf_w.l(depilogue.o)
    0x00004780   0x00004780   0x00000024   Code   RO         1194    .text               mc_w.l(init.o)
    0x000047a4   0x000047a4   0x0000001e   Code   RO         1196    .text               mc_w.l(llshl.o)
    0x000047c2   0x000047c2   0x00000020   Code   RO         1198    .text               mc_w.l(llushr.o)
    0x000047e2   0x000047e2   0x00000002   PAD
    0x000047e4   0x000047e4   0x00000020   Code   RO          994    i.__0printf$5       mc_w.l(printf5.o)
    0x00004804   0x00004804   0x00000014   Code   RO          847    i.__hardfp_fabs     m_wm.l(fabs.o)
    0x00004818   0x00004818   0x0000000e   Code   RO         1204    i.__scatterload_copy  mc_w.l(handlers.o)
    0x00004826   0x00004826   0x00000002   Code   RO         1205    i.__scatterload_null  mc_w.l(handlers.o)
    0x00004828   0x00004828   0x0000000e   Code   RO         1206    i.__scatterload_zeroinit  mc_w.l(handlers.o)
    0x00004836   0x00004836   0x00000002   PAD
    0x00004838   0x00004838   0x000002c0   Code   RO         1001    i._printf_core      mc_w.l(printf5.o)
    0x00004af8   0x00004af8   0x00000004   Code   RO          856    i.getc              mc_w.l(getc.o)
    0x00004afc   0x00004afc   0x0000006c   Code   RO         1123    i.malloc            mc_w.l(malloc.o)
    0x00004b68   0x00004b68   0x00000424   Data   RO          275    .constdata          images.o
    0x00004f8c   0x00004f8c   0x00000014   Data   RO          293    .constdata          staff.o
    0x00004fa0   0x00004fa0   0x00000298   Data   RO          320    .constdata          map.o
    0x00005238   0x00005238   0x0000011a   Data   RO          351    .constdata          top_row_display.o
    0x00005352   0x00005352   0x00012c20   Data   RO          408    .constdata          transition.o
    0x00017f72   0x00017f72   0x00000002   PAD
    0x00017f74   0x00017f74   0x0000008b   Data   RO            5    .conststring        main.o
    0x00017fff   0x00017fff   0x00000001   PAD
    0x00018000   0x00018000   0x00000020   Data   RO         1202    Region$$Table       anon$$obj.o


    Execution Region ER_RW (Exec base: 0x20000000, Load base: 0x00018020, Size: 0x000000a8, Max: 0xffffffff, ABSOLUTE)

    Exec Addr    Load Addr    Size         Type   Attr      Idx    E Section Name        Object

    0x20000000   0x00018020   0x00000008   Data   RW          200    .data               project_interrupts.o
    0x20000008   0x00018028   0x0000002c   Data   RW          236    .data               game.o
    0x20000034   0x00018054   0x00000040   Data   RW          276    .data               images.o
    0x20000074   0x00018094   0x00000002   Data   RW          294    .data               staff.o
    0x20000076   0x00018096   0x00000001   Data   RW          321    .data               map.o
    0x20000077   0x00018097   0x00000008   Data   RW          378    .data               breathing_led.o
    0x2000007f   0x0001809f   0x00000001   PAD
    0x20000080   0x000180a0   0x0000000e   Data   RW          449    .data               tanks.o
    0x2000008e   0x000180ae   0x00000004   Data   RW          475    .data               score.o
    0x20000092   0x000180b2   0x00000002   Data   RW          755    .data               serial_debug.o
    0x20000094   0x000180b4   0x00000004   Data   RW          821    .data               system_tm4c123.o
    0x20000098   0x000180b8   0x00000004   Data   RW          858    .data               mc_w.l(stdin.o)
    0x2000009c   0x000180bc   0x00000004   Data   RW         1172    .data               mc_w.l(stdout.o)
    0x200000a0   0x000180c0   0x00000004   Data   RW         1181    .data               mc_w.l(mvars.o)
    0x200000a4   0x000180c4   0x00000004   Data   RW         1182    .data               mc_w.l(mvars.o)


    Execution Region ER_ZI (Exec base: 0x200000a8, Load base: 0x000180c8, Size: 0x00001048, Max: 0xffffffff, ABSOLUTE)

    Exec Addr    Load Addr    Size         Type   Attr      Idx    E Section Name        Object

    0x200000a8        -       0x0000001e   Zero   RW          199    .bss                project_interrupts.o
    0x200000c6        -       0x0000000a   Zero   RW          235    .bss                game.o
    0x200000d0        -       0x0000001c   Zero   RW          754    .bss                serial_debug.o
    0x200000ec   0x000180c8   0x00000004   PAD
    0x200000f0        -       0x00000000   Zero   RW          811    HEAP                startup_tm4c123.o
    0x200000f0        -       0x00001000   Zero   RW          810    STACK               startup_tm4c123.o


==============================================================================

Image component sizes


      Code (inc. data)   RO Data    RW Data    ZI Data      Debug   Object Name

       260         24          0          8          0       1132   breathing_led.o
       420          6          0          0          0       2141   eeprom.o
       432          6          0          0          0       2272   ft6x06.o
      1336        110          0         44         10       5678   game.o
       772         34          0          0          0       5562   gpio_port.o
       520         24          0          0          0       3713   i2c.o
         0          0       1060         64          0       4197   images.o
       432         20          0          0          0       1999   io_expander.o
       440         42          0          0          0       2006   launchpad_io.o
      2886         28          0          0          0       8268   lcd.o
       400        138        139          0          0      30686   main.o
       424         24        664          1          0       2942   map.o
       124          0          0          0          0       1979   pc_buffer.o
       148         28          0          0          0        563   project_hardware_init.o
      2272        258          0          8         30       4555   project_interrupts.o
       280         24          0          0          0       1572   ps2.o
         0          0          0          4          0        313   score.o
       528         22          0          2         28       5621   serial_debug.o
       624         82         20          2          0       2333   staff.o
       252         10        620          0       4096       5460   startup_tm4c123.o
       592        138          0          4          0       1593   system_tm4c123.o
       868        204          0         14          0       3436   tanks.o
       780         26          0          0          0       3556   timers.o
      1200         88        282          0          0       2178   top_row_display.o
       540         46      76832          0          0       3654   transition.o
       656         54          0          0          0      33539   uart.o

    ----------------------------------------------------------------------
     17188       1436      79652        152       4168     140948   Object Totals
         0          0         32          0          0          0   (incl. Generated)
         2          0          3          1          4          0   (incl. Padding)

    ----------------------------------------------------------------------

      Code (inc. data)   RO Data    RW Data    ZI Data      Debug   Library Member Name

        20          0          0          0          0        124   fabs.o
         0          0          0          0          0          0   entry.o
         0          0          0          0          0          0   entry10a.o
         0          0          0          0          0          0   entry11a.o
         8          4          0          0          0          0   entry2.o
         4          0          0          0          0          0   entry5.o
         0          0          0          0          0          0   entry7b.o
         0          0          0          0          0          0   entry8b.o
         8          4          0          0          0          0   entry9a.o
         4          0          0          0          0         68   getc.o
        30          0          0          0          0          0   handlers.o
        36          8          0          0          0         68   init.o
         0          0          0          0          0          0   iusefp.o
        30          0          0          0          0         68   llshl.o
        32          0          0          0          0         68   llushr.o
       108         16          0          0          0         84   malloc.o
        36          0          0          0          0        108   memseta.o
         0          0          0          8          0          0   mvars.o
       736         56          0          0          0        184   printf5.o
         0          0          0          4          0          0   stdin.o
         0          0          0          4          0          0   stdout.o
        98          0          0          0          0         92   uldiv.o
        48          0          0          0          0         68   cdcmple.o
        48          0          0          0          0         68   cdrcmple.o
       186          0          0          0          0        176   depilogue.o
        34          0          0          0          0         76   dflti.o
        26          0          0          0          0         76   dfltui.o

    ----------------------------------------------------------------------
      1496         88          0         16          0       1328   Library Totals
         4          0          0          0          0          0   (incl. Padding)

    ----------------------------------------------------------------------

      Code (inc. data)   RO Data    RW Data    ZI Data      Debug   Library Name

        20          0          0          0          0        124   m_wm.l
      1130         88          0         16          0        740   mc_w.l
       342          0          0          0          0        464   mf_w.l

    ----------------------------------------------------------------------
      1496         88          0         16          0       1328   Library Totals

    ----------------------------------------------------------------------

==============================================================================


      Code (inc. data)   RO Data    RW Data    ZI Data      Debug   

     18684       1524      79652        168       4168     137956   Grand Totals
     18684       1524      79652        168       4168     137956   ELF Image Totals
     18684       1524      79652        168          0          0   ROM Totals

==============================================================================

    Total RO  Size (Code + RO Data)                98336 (  96.03kB)
    Total RW  Size (RW Data + ZI Data)              4336 (   4.23kB)
    Total ROM Size (Code + RO Data + RW Data)      98504 (  96.20kB)

==============================================================================

