Component: ARM Compiler 5.06 update 6 (build 750) Tool: armlink [4d35ed]

==============================================================================

Section Cross References

    main.o(.text) refers to malloc.o(i.malloc) for malloc
    main.o(.text) refers to project_hardware_init.o(.text) for hardwareInit
    main.o(.text) refers to printf1.o(i.__0printf$1) for __2printf
    main.o(.text) refers to game.o(.text) for game
    main.o(.text) refers to main.o(.data) for RESTART
    main.o(.text) refers to main.o(.conststring) for .conststring
    project_hardware_init.o(.text) refers to main.o(.text) for DisableInterrupts
    project_hardware_init.o(.text) refers to serial_debug.o(.text) for init_serial_debug
    project_hardware_init.o(.text) refers to lcd.o(.text) for lcd_config_gpio
    project_hardware_init.o(.text) refers to ps2.o(.text) for ps2_initialize
    project_hardware_init.o(.text) refers to io_expander.o(.text) for io_expander_init
    project_hardware_init.o(.text) refers to timers.o(.text) for gp_timer_config_32
    project_interrupts.o(.text) refers to dfltui.o(.text) for __aeabi_ui2d
    project_interrupts.o(.text) refers to cdrcmple.o(.text) for __aeabi_cdrcmple
    project_interrupts.o(.text) refers to game.o(.text) for set_dir
    project_interrupts.o(.text) refers to cdcmple.o(.text) for __aeabi_cdcmple
    project_interrupts.o(.text) refers to staff.o(.text) for get_new_move_count
    project_interrupts.o(.text) refers to io_expander.o(.text) for io_expander_read_reg
    project_interrupts.o(.text) refers to project_interrupts.o(.data) for PS2_X_DATA
    project_interrupts.o(.text) refers to game.o(.data) for player
    project_interrupts.o(.text) refers to project_interrupts.o(.bss) for bump
    project_interrupts.o(.text) refers to game.o(.bss) for ALERT_SPACE_SHIP
    game.o(.text) refers to map.o(.text) for get_pos
    game.o(.text) refers to printf1.o(i.__0printf$1) for __2printf
    game.o(.text) refers to images.o(.constdata) for easytank_upBitmaps
    game.o(.text) refers to game.o(.data) for player
    game.o(.text) refers to map.o(.constdata) for Sevastopol
    game.o(.text) refers to malloc.o(i.malloc) for malloc
    game.o(.text) refers to top_row_display.o(.text) for drawHP
    game.o(.text) refers to lcd.o(.text) for lcd_draw_image
    game.o(.text) refers to game.o(.bss) for ALERT_SPACE_SHIP
    game.o(.text) refers to project_interrupts.o(.data) for button
    staff.o(.text) refers to dflti.o(.text) for __aeabi_i2d
    staff.o(.text) refers to fabs.o(i.__hardfp_fabs) for __hardfp_fabs
    staff.o(.text) refers to cdrcmple.o(.text) for __aeabi_cdrcmple
    staff.o(.text) refers to staff.o(.data) for lfsr
    staff.o(.text) refers to game.o(.data) for enermy
    staff.o(.text) refers to staff.o(.constdata) for MOVE_AMOUNT
    map.o(.text) refers to lcd.o(.text) for lcd_draw_image
    map.o(.text) refers to map.o(.constdata) for wall_tileBitmaps
    top_row_display.o(.text) refers to lcd.o(.text) for lcd_draw_image
    top_row_display.o(.text) refers to top_row_display.o(.constdata) for H
    pc_buffer.o(.text) refers to malloc.o(i.malloc) for malloc
    eeprom.o(.text) refers to i2c.o(.text) for i2cVerifyBaseAddr
    eeprom.o(.text) refers to gpio_port.o(.text) for gpio_enable_port
    ft6x06.o(.text) refers to i2c.o(.text) for I2CMasterBusy
    ft6x06.o(.text) refers to gpio_port.o(.text) for gpio_enable_port
    lcd.o(.text) refers to gpio_port.o(.text) for gpio_enable_port
    ps2.o(.text) refers to gpio_port.o(.text) for gpio_enable_port
    serial_debug.o(.text) refers to pc_buffer.o(.text) for pc_buffer_empty
    serial_debug.o(.text) refers to main.o(.text) for DisableInterrupts
    serial_debug.o(.text) refers to uart.o(.text) for uart_tx_poll
    serial_debug.o(.text) refers to gpio_port.o(.text) for gpio_enable_port
    serial_debug.o(.text) refers to serial_debug.o(.data) for Tx_Interrupts_Enabled
    serial_debug.o(.text) refers to serial_debug.o(.bss) for UART0_Tx_Buffer
    serial_debug.o(.text) refers to stdout.o(.data) for __stdout
    io_expander.o(.text) refers to i2c.o(.text) for I2CMasterBusy
    io_expander.o(.text) refers to gpio_port.o(.text) for gpio_enable_port
    startup_tm4c123.o(RESET) refers to startup_tm4c123.o(STACK) for __initial_sp
    startup_tm4c123.o(RESET) refers to startup_tm4c123.o(.text) for Reset_Handler
    startup_tm4c123.o(RESET) refers to serial_debug.o(.text) for UART0_Handler
    startup_tm4c123.o(RESET) refers to project_interrupts.o(.text) for ADC0SS2_Handler
    startup_tm4c123.o(.text) refers to system_tm4c123.o(.text) for SystemInit
    startup_tm4c123.o(.text) refers to entry.o(.ARM.Collect$$$$00000000) for __main
    system_tm4c123.o(.text) refers to system_tm4c123.o(.data) for SystemCoreClock
    fabs.o(i.__hardfp_fabs) refers (Special) to iusefp.o(.text) for __I$use$fp
    fabs.o(i.__softfp_fabs) refers (Special) to iusefp.o(.text) for __I$use$fp
[...]
    printf0.o(i.__0snprintf$0) refers to printf0.o(i._printf_core) for _printf_core
    printf0.o(i.__0snprintf$0) refers to printf0.o(i._snputc) for _snputc
    printf0.o(i.__0sprintf$0) refers to printf0.o(i._printf_core) for _printf_core
    printf0.o(i.__0sprintf$0) refers to printf0.o(i._sputc) for _sputc
    printf0.o(i.__0vfprintf$0) refers to printf0.o(i._printf_core) for _printf_core
    printf0.o(i.__0vfprintf$0) refers to serial_debug.o(.text) for fputc
    printf0.o(i.__0vprintf$0) refers to printf0.o(i._printf_core) for _printf_core
    printf0.o(i.__0vprintf$0) refers to serial_debug.o(.text) for fputc
    printf0.o(i.__0vprintf$0) refers to stdout.o(.data) for __stdout
    printf0.o(i.__0vsnprintf$0) refers to printf0.o(i._printf_core) for _printf_core
    printf0.o(i.__0vsnprintf$0) refers to printf0.o(i._snputc) for _snputc
    printf0.o(i.__0vsprintf$0) refers to printf0.o(i._printf_core) for _printf_core
    printf0.o(i.__0vsprintf$0) refers to printf0.o(i._sputc) for _sputc
    printf1.o(i.__0fprintf$1) refers to printf1.o(i._printf_core) for _printf_core
    printf1.o(i.__0fprintf$1) refers to serial_debug.o(.text) for fputc
    printf1.o(i.__0printf$1) refers to printf1.o(i._printf_core) for _printf_core
    printf1.o(i.__0printf$1) refers to serial_debug.o(.text) for fputc
    printf1.o(i.__0printf$1) refers to stdout.o(.data) for __stdout
    printf1.o(i.__0snprintf$1) refers to printf1.o(i._printf_core) for _printf_core
    printf1.o(i.__0snprintf$1) refers to printf1.o(i._snputc) for _snputc
    printf1.o(i.__0sprintf$1) refers to printf1.o(i._printf_core) for _printf_core
    printf1.o(i.__0sprintf$1) refers to printf1.o(i._sputc) for _sputc
    printf1.o(i.__0vfprintf$1) refers to printf1.o(i._printf_core) for _printf_core
    printf1.o(i.__0vfprintf$1) refers to serial_debug.o(.text) for fputc
    printf1.o(i.__0vprintf$1) refers to printf1.o(i._printf_core) for _printf_core
    printf1.o(i.__0vprintf$1) refers to serial_debug.o(.text) for fputc
    printf1.o(i.__0vprintf$1) refers to stdout.o(.data) for __stdout
    printf1.o(i.__0vsnprintf$1) refers to printf1.o(i._printf_core) for _printf_core
    printf1.o(i.__0vsnprintf$1) refers to printf1.o(i._snputc) for _snputc
    printf1.o(i.__0vsprintf$1) refers to printf1.o(i._printf_core) for _printf_core
    printf1.o(i.__0vsprintf$1) refers to printf1.o(i._sputc) for _sputc
    printf1.o(i._printf_core) refers to uidiv.o(.text) for __aeabi_uidivmod
    printf2.o(i.__0fprintf$2) refers to printf2.o(i._printf_core) for _printf_core
    printf2.o(i.__0fprintf$2) refers to serial_debug.o(.text) for fputc
    printf2.o(i.__0printf$2) refers to printf2.o(i._printf_core) for _printf_core
    printf2.o(i.__0printf$2) refers to serial_debug.o(.text) for fputc
    printf2.o(i.__0printf$2) refers to stdout.o(.data) for __stdout
    printf2.o(i.__0snprintf$2) refers to printf2.o(i._printf_core) for _printf_core
    printf2.o(i.__0snprintf$2) refers to printf2.o(i._snputc) for _snputc
    printf2.o(i.__0sprintf$2) refers to printf2.o(i._printf_core) for _printf_core
    printf2.o(i.__0sprintf$2) refers to printf2.o(i._sputc) for _sputc
    printf2.o(i.__0vfprintf$2) refers to printf2.o(i._printf_core) for _printf_core
    printf2.o(i.__0vfprintf$2) refers to serial_debug.o(.text) for fputc
    printf2.o(i.__0vprintf$2) refers to printf2.o(i._printf_core) for _printf_core
    printf2.o(i.__0vprintf$2) refers to serial_debug.o(.text) for fputc
    printf2.o(i.__0vprintf$2) refers to stdout.o(.data) for __stdout
    printf2.o(i.__0vsnprintf$2) refers to printf2.o(i._printf_core) for _printf_core
    printf2.o(i.__0vsnprintf$2) refers to printf2.o(i._snputc) for _snputc
    printf2.o(i.__0vsprintf$2) refers to printf2.o(i._printf_core) for _printf_core
    printf2.o(i.__0vsprintf$2) refers to printf2.o(i._sputc) for _sputc
    printf3.o(i.__0fprintf$3) refers to printf3.o(i._printf_core) for _printf_core
    printf3.o(i.__0fprintf$3) refers to serial_debug.o(.text) for fputc
    printf3.o(i.__0printf$3) refers to printf3.o(i._printf_core) for _printf_core
    printf3.o(i.__0printf$3) refers to serial_debug.o(.text) for fputc
    printf3.o(i.__0printf$3) refers to stdout.o(.data) for __stdout
    printf3.o(i.__0snprintf$3) refers to printf3.o(i._printf_core) for _printf_core
    printf3.o(i.__0snprintf$3) refers to printf3.o(i._snputc) for _snputc
    printf3.o(i.__0sprintf$3) refers to printf3.o(i._printf_core) for _printf_core
    printf3.o(i.__0sprintf$3) refers to printf3.o(i._sputc) for _sputc
    printf3.o(i.__0vfprintf$3) refers to printf3.o(i._printf_core) for _printf_core
    printf3.o(i.__0vfprintf$3) refers to serial_debug.o(.text) for fputc
    printf3.o(i.__0vprintf$3) refers to printf3.o(i._printf_core) for _printf_core
    printf3.o(i.__0vprintf$3) refers to serial_debug.o(.text) for fputc
    printf3.o(i.__0vprintf$3) refers to stdout.o(.data) for __stdout
    printf3.o(i.__0vsnprintf$3) refers to printf3.o(i._printf_core) for _printf_core
    printf3.o(i.__0vsnprintf$3) refers to printf3.o(i._snputc) for _snputc
    printf3.o(i.__0vsprintf$3) refers to printf3.o(i._printf_core) for _printf_core
    printf3.o(i.__0vsprintf$3) refers to printf3.o(i._sputc) for _sputc
    printf3.o(i._printf_core) refers to uidiv.o(.text) for __aeabi_uidivmod
    printf4.o(i.__0fprintf$4) refers to printf4.o(i._printf_core) for _printf_core
    printf4.o(i.__0fprintf$4) refers to serial_debug.o(.text) for fputc
    printf4.o(i.__0printf$4) refers to printf4.o(i._printf_core) for _printf_core
    printf4.o(i.__0printf$4) refers to serial_debug.o(.text) for fputc
    printf4.o(i.__0printf$4) refers to stdout.o(.data) for __stdout
    printf4.o(i.__0snprintf$4) refers to printf4.o(i._printf_core) for _printf_core
    printf4.o(i.__0snprintf$4) refers to printf4.o(i._snputc) for _snputc
    printf4.o(i.__0sprintf$4) refers to printf4.o(i._printf_core) for _printf_core
    printf4.o(i.__0sprintf$4) refers to printf4.o(i._sputc) for _sputc
    printf4.o(i.__0vfprintf$4) refers to printf4.o(i._printf_core) for _printf_core
    printf4.o(i.__0vfprintf$4) refers to serial_debug.o(.text) for fputc
    printf4.o(i.__0vprintf$4) refers to printf4.o(i._printf_core) for _printf_core
    printf4.o(i.__0vprintf$4) refers to serial_debug.o(.text) for fputc
    printf4.o(i.__0vprintf$4) refers to stdout.o(.data) for __stdout
    printf4.o(i.__0vsnprintf$4) refers to printf4.o(i._printf_core) for _printf_core
    printf4.o(i.__0vsnprintf$4) refers to printf4.o(i._snputc) for _snputc
    printf4.o(i.__0vsprintf$4) refers to printf4.o(i._printf_core) for _printf_core
    printf4.o(i.__0vsprintf$4) refers to printf4.o(i._sputc) for _sputc
    printf4.o(i._printf_core) refers to uldiv.o(.text) for __aeabi_uldivmod
    printf5.o(i.__0fprintf$5) refers to printf5.o(i._printf_core) for _printf_core
    printf5.o(i.__0fprintf$5) refers to serial_debug.o(.text) for fputc
    printf5.o(i.__0printf$5) refers to printf5.o(i._printf_core) for _printf_core
    printf5.o(i.__0printf$5) refers to serial_debug.o(.text) for fputc
    printf5.o(i.__0printf$5) refers to stdout.o(.data) for __stdout
    printf5.o(i.__0snprintf$5) refers to printf5.o(i._printf_core) for _printf_core
    printf5.o(i.__0snprintf$5) refers to printf5.o(i._snputc) for _snputc
    printf5.o(i.__0sprintf$5) refers to printf5.o(i._printf_core) for _printf_core
    printf5.o(i.__0sprintf$5) refers to printf5.o(i._sputc) for _sputc
    printf5.o(i.__0vfprintf$5) refers to printf5.o(i._printf_core) for _printf_core
    printf5.o(i.__0vfprintf$5) refers to serial_debug.o(.text) for fputc
    printf5.o(i.__0vprintf$5) refers to printf5.o(i._printf_core) for _printf_core
    printf5.o(i.__0vprintf$5) refers to serial_debug.o(.text) for fputc
    printf5.o(i.__0vprintf$5) refers to stdout.o(.data) for __stdout
    printf5.o(i.__0vsnprintf$5) refers to printf5.o(i._printf_core) for _printf_core
    printf5.o(i.__0vsnprintf$5) refers to printf5.o(i._snputc) for _snputc
    printf5.o(i.__0vsprintf$5) refers to printf5.o(i._printf_core) for _printf_core
    printf5.o(i.__0vsprintf$5) refers to printf5.o(i._sputc) for _sputc
    printf5.o(i._printf_core) refers to uldiv.o(.text) for __aeabi_uldivmod
    printf6.o(i.__0fprintf$6) refers to printf6.o(i._printf_core) for _printf_core
    printf6.o(i.__0fprintf$6) refers to serial_debug.o(.text) for fputc
    printf6.o(i.__0printf$6) refers to printf6.o(i._printf_core) for _printf_core
    printf6.o(i.__0printf$6) refers to serial_debug.o(.text) for fputc
    printf6.o(i.__0printf$6) refers to stdout.o(.data) for __stdout
    printf6.o(i.__0snprintf$6) refers to printf6.o(i._printf_core) for _printf_core
    printf6.o(i.__0snprintf$6) refers to printf6.o(i._snputc) for _snputc
    printf6.o(i.__0sprintf$6) refers to printf6.o(i._printf_core) for _printf_core
    printf6.o(i.__0sprintf$6) refers to printf6.o(i._sputc) for _sputc
    printf6.o(i.__0vfprintf$6) refers to printf6.o(i._printf_core) for _printf_core
    printf6.o(i.__0vfprintf$6) refers to serial_debug.o(.text) for fputc
    printf6.o(i.__0vprintf$6) refers to printf6.o(i._printf_core) for _printf_core
    printf6.o(i.__0vprintf$6) refers to serial_debug.o(.text) for fputc
    printf6.o(i.__0vprintf$6) refers to stdout.o(.data) for __stdout
    printf6.o(i.__0vsnprintf$6) refers to printf6.o(i._printf_core) for _printf_core
    printf6.o(i.__0vsnprintf$6) refers to printf6.o(i._snputc) for _snputc
    printf6.o(i.__0vsprintf$6) refers to printf6.o(i._printf_core) for _printf_core
    printf6.o(i.__0vsprintf$6) refers to printf6.o(i._sputc) for _sputc
    printf6.o(i._printf_core) refers to printf6.o(i._printf_pre_padding) for _printf_pre_padding
    printf6.o(i._printf_core) refers to uidiv.o(.text) for __aeabi_uidivmod
    printf6.o(i._printf_core) refers to printf6.o(i._printf_post_padding) for _printf_post_padding
    printf7.o(i.__0fprintf$7) refers to printf7.o(i._printf_core) for _printf_core
    printf7.o(i.__0fprintf$7) refers to serial_debug.o(.text) for fputc
    printf7.o(i.__0printf$7) refers to printf7.o(i._printf_core) for _printf_core
    printf7.o(i.__0printf$7) refers to serial_debug.o(.text) for fputc
    printf7.o(i.__0printf$7) refers to stdout.o(.data) for __stdout
    printf7.o(i.__0snprintf$7) refers to printf7.o(i._printf_core) for _printf_core
    printf7.o(i.__0snprintf$7) refers to printf7.o(i._snputc) for _snputc
    printf7.o(i.__0sprintf$7) refers to printf7.o(i._printf_core) for _printf_core
    printf7.o(i.__0sprintf$7) refers to printf7.o(i._sputc) for _sputc
    printf7.o(i.__0vfprintf$7) refers to printf7.o(i._printf_core) for _printf_core
    printf7.o(i.__0vfprintf$7) refers to serial_debug.o(.text) for fputc
    printf7.o(i.__0vprintf$7) refers to printf7.o(i._printf_core) for _printf_core
    printf7.o(i.__0vprintf$7) refers to serial_debug.o(.text) for fputc
    printf7.o(i.__0vprintf$7) refers to stdout.o(.data) for __stdout
    printf7.o(i.__0vsnprintf$7) refers to printf7.o(i._printf_core) for _printf_core
    printf7.o(i.__0vsnprintf$7) refers to printf7.o(i._snputc) for _snputc
    printf7.o(i.__0vsprintf$7) refers to printf7.o(i._printf_core) for _printf_core
    printf7.o(i.__0vsprintf$7) refers to printf7.o(i._sputc) for _sputc
    printf7.o(i._printf_core) refers to printf7.o(i._printf_pre_padding) for _printf_pre_padding
    printf7.o(i._printf_core) refers to uldiv.o(.text) for __aeabi_uldivmod
    printf7.o(i._printf_core) refers to printf7.o(i._printf_post_padding) for _printf_post_padding
    printf8.o(i.__0fprintf$8) refers to printf8.o(i._printf_core) for _printf_core
    printf8.o(i.__0fprintf$8) refers to serial_debug.o(.text) for fputc
    printf8.o(i.__0printf$8) refers to printf8.o(i._printf_core) for _printf_core
    printf8.o(i.__0printf$8) refers to serial_debug.o(.text) for fputc
    printf8.o(i.__0printf$8) refers to stdout.o(.data) for __stdout
    printf8.o(i.__0snprintf$8) refers to printf8.o(i._printf_core) for _printf_core
    printf8.o(i.__0snprintf$8) refers to printf8.o(i._snputc) for _snputc
    printf8.o(i.__0sprintf$8) refers to printf8.o(i._printf_core) for _printf_core
    printf8.o(i.__0sprintf$8) refers to printf8.o(i._sputc) for _sputc
    printf8.o(i.__0vfprintf$8) refers to printf8.o(i._printf_core) for _printf_core
    printf8.o(i.__0vfprintf$8) refers to serial_debug.o(.text) for fputc
    printf8.o(i.__0vprintf$8) refers to printf8.o(i._printf_core) for _printf_core
    printf8.o(i.__0vprintf$8) refers to serial_debug.o(.text) for fputc
    printf8.o(i.__0vprintf$8) refers to stdout.o(.data) for __stdout
    printf8.o(i.__0vsnprintf$8) refers to printf8.o(i._printf_core) for _printf_core
    printf8.o(i.__0vsnprintf$8) refers to printf8.o(i._snputc) for _snputc
    printf8.o(i.__0vsprintf$8) refers to printf8.o(i._printf_core) for _printf_core
    printf8.o(i.__0vsprintf$8) refers to printf8.o(i._sputc) for _sputc
    printf8.o(i._printf_core) refers to printf8.o(i._printf_pre_padding) for _printf_pre_padding
    printf8.o(i._printf_core) refers to uldiv.o(.text) for __aeabi_uldivmod
    printf8.o(i._printf_core) refers to printf8.o(i._printf_post_padding) for _printf_post_padding
    printfa.o(i.__0fprintf) refers (Special) to iusefp.o(.text) for __I$use$fp
    printfa.o(i.__0fprintf) refers to printfa.o(i._printf_core) for _printf_core
    printfa.o(i.__0fprintf) refers to serial_debug.o(.text) for fputc
    printfa.o(i.__0printf) refers (Special) to iusefp.o(.text) for __I$use$fp
    printfa.o(i.__0printf) refers to printfa.o(i._printf_core) for _printf_core
    printfa.o(i.__0printf) refers to serial_debug.o(.text) for fputc
    printfa.o(i.__0printf) refers to stdout.o(.data) for __stdout
    printfa.o(i.__0snprintf) refers (Special) to iusefp.o(.text) for __I$use$fp
    printfa.o(i.__0snprintf) refers to printfa.o(i._printf_core) for _printf_core
    printfa.o(i.__0snprintf) refers to printfa.o(i._snputc) for _snputc
    printfa.o(i.__0sprintf) refers (Special) to iusefp.o(.text) for __I$use$fp
    printfa.o(i.__0sprintf) refers to printfa.o(i._printf_core) for _printf_core
    printfa.o(i.__0sprintf) refers to printfa.o(i._sputc) for _sputc
    printfa.o(i.__0vfprintf) refers (Special) to iusefp.o(.text) for __I$use$fp
    printfa.o(i.__0vfprintf) refers to printfa.o(i._printf_core) for _printf_core
    printfa.o(i.__0vfprintf) refers to serial_debug.o(.text) for fputc
    printfa.o(i.__0vprintf) refers (Special) to iusefp.o(.text) for __I$use$fp
    printfa.o(i.__0vprintf) refers to printfa.o(i._printf_core) for _printf_core
    printfa.o(i.__0vprintf) refers to serial_debug.o(.text) for fputc
    printfa.o(i.__0vprintf) refers to stdout.o(.data) for __stdout
    printfa.o(i.__0vsnprintf) refers (Special) to iusefp.o(.text) for __I$use$fp
    printfa.o(i.__0vsnprintf) refers to printfa.o(i._printf_core) for _printf_core
    printfa.o(i.__0vsnprintf) refers to printfa.o(i._snputc) for _snputc
    printfa.o(i.__0vsprintf) refers (Special) to iusefp.o(.text) for __I$use$fp
    printfa.o(i.__0vsprintf) refers to printfa.o(i._printf_core) for _printf_core
    printfa.o(i.__0vsprintf) refers to printfa.o(i._sputc) for _sputc
    printfa.o(i._fp_digits) refers (Special) to iusefp.o(.text) for __I$use$fp
    printfa.o(i._fp_digits) refers to dmul.o(.text) for __aeabi_dmul
    printfa.o(i._fp_digits) refers to ddiv.o(.text) for __aeabi_ddiv
    printfa.o(i._fp_digits) refers to cdrcmple.o(.text) for __aeabi_cdrcmple
    printfa.o(i._fp_digits) refers to dadd.o(.text) for __aeabi_dadd
    printfa.o(i._fp_digits) refers to dfixul.o(.text) for __aeabi_d2ulz
    printfa.o(i._fp_digits) refers to uldiv.o(.text) for __aeabi_uldivmod
    printfa.o(i._printf_core) refers (Special) to iusefp.o(.text) for __I$use$fp
    printfa.o(i._printf_core) refers to printfa.o(i._printf_pre_padding) for _printf_pre_padding
    printfa.o(i._printf_core) refers to uldiv.o(.text) for __aeabi_uldivmod
    printfa.o(i._printf_core) refers to printfa.o(i._printf_post_padding) for _printf_post_padding
    printfa.o(i._printf_core) refers to printfa.o(i._fp_digits) for _fp_digits
    printfa.o(i._printf_core) refers to uidiv.o(.text) for __aeabi_uidivmod
    printfa.o(i._printf_post_padding) refers (Special) to iusefp.o(.text) for __I$use$fp
    printfa.o(i._printf_pre_padding) refers (Special) to iusefp.o(.text) for __I$use$fp
    printfa.o(i._snputc) refers (Special) to iusefp.o(.text) for __I$use$fp
    printfa.o(i._sputc) refers (Special) to iusefp.o(.text) for __I$use$fp
    malloc.o(i.free) refers to mvars.o(.data) for __microlib_freelist
    malloc.o(i.malloc) refers to mvars.o(.data) for __microlib_freelist_initialised
    malloc.o(i.malloc) refers to mvars.o(.data) for __microlib_freelist
    malloc.o(i.malloc) refers to startup_tm4c123.o(HEAP) for __heap_base
    mallocr.o(i.__free$realloc) refers to mvars.o(.data) for __microlib_freelist
    mallocr.o(i.__malloc$realloc) refers to mallocr.o(i.internal_alloc) for internal_alloc
    mallocr.o(i.__malloc$realloc) refers to mvars.o(.data) for __microlib_freelist_initialised
    mallocr.o(i.__malloc$realloc) refers to startup_tm4c123.o(HEAP) for __heap_base
    mallocr.o(i.__malloc$realloc) refers to mvars.o(.data) for __microlib_freelist
    mallocr.o(i.internal_alloc) refers to memcpya.o(.text) for __aeabi_memcpy
    mallocr.o(i.internal_alloc) refers to mvars.o(.data) for __microlib_freelist
    mallocr.o(i.realloc) refers to mallocr.o(i.__free$realloc) for __free$realloc
    mallocr.o(i.realloc) refers to mallocr.o(i.internal_alloc) for internal_alloc
    mallocr.o(i.realloc) refers to mallocr.o(i.__malloc$realloc) for __malloc$realloc
    mallocr.o(i.realloc) refers to mvars.o(.data) for __microlib_freelist
    malloca.o(i.__aligned_malloc) refers to mvars.o(.data) for __microlib_freelist_initialised
    malloca.o(i.__aligned_malloc) refers to mvars.o(.data) for __microlib_freelist
    malloca.o(i.__aligned_malloc) refers to startup_tm4c123.o(HEAP) for __heap_base
    malloca.o(i.__free$memalign) refers to mvars.o(.data) for __microlib_freelist
    malloca.o(i.__malloc$memalign) refers to malloca.o(i.__aligned_malloc) for __aligned_malloc
    mallocra.o(i.__aligned_malloc$realloc) refers to mallocra.o(i.internal_alloc) for internal_alloc
    mallocra.o(i.__aligned_malloc$realloc) refers to mvars.o(.data) for __microlib_freelist_initialised
    mallocra.o(i.__aligned_malloc$realloc) refers to startup_tm4c123.o(HEAP) for __heap_base
    mallocra.o(i.__aligned_malloc$realloc) refers to mvars.o(.data) for __microlib_freelist
    mallocra.o(i.__free$realloc$memalign) refers to mvars.o(.data) for __microlib_freelist
    mallocra.o(i.__malloc$realloc$memalign) refers to mallocra.o(i.__aligned_malloc$realloc) for __aligned_malloc$realloc
    mallocra.o(i.__realloc$memalign) refers to mallocra.o(i.__free$realloc$memalign) for __free$realloc$memalign
    mallocra.o(i.__realloc$memalign) refers to mallocra.o(i.internal_alloc) for internal_alloc
    mallocra.o(i.__realloc$memalign) refers to mallocra.o(i.__malloc$realloc$memalign) for __malloc$realloc$memalign
    mallocra.o(i.__realloc$memalign) refers to mvars.o(.data) for __microlib_freelist
    mallocra.o(i.internal_alloc) refers to memcpya.o(.text) for __aeabi_memcpy
    mallocra.o(i.internal_alloc) refers to mvars.o(.data) for __microlib_freelist
    dflti.o(.text) refers (Special) to iusefp.o(.text) for __I$use$fp
    dflti.o(.text) refers to depilogue.o(.text) for _double_epilogue
    dfltui.o(.text) refers (Special) to iusefp.o(.text) for __I$use$fp
    dfltui.o(.text) refers to depilogue.o(.text) for _double_epilogue
    cdcmple.o(.text) refers (Special) to iusefp.o(.text) for __I$use$fp
    cdrcmple.o(.text) refers (Special) to iusefp.o(.text) for __I$use$fp
    entry2.o(.ARM.Collect$$$$00000001) refers to entry2.o(.ARM.Collect$$$$00002712) for __lit__00000000
    entry2.o(.ARM.Collect$$$$00002712) refers to startup_tm4c123.o(STACK) for __initial_sp
    entry2.o(__vectab_stack_and_reset_area) refers to startup_tm4c123.o(STACK) for __initial_sp
    entry2.o(__vectab_stack_and_reset_area) refers to entry.o(.ARM.Collect$$$$00000000) for __main
    entry5.o(.ARM.Collect$$$$00000004) refers to init.o(.text) for __scatterload
    entry9a.o(.ARM.Collect$$$$0000000B) refers to main.o(.text) for main
    entry9b.o(.ARM.Collect$$$$0000000C) refers to main.o(.text) for main
    uldiv.o(.text) refers to llushr.o(.text) for __aeabi_llsr
    uldiv.o(.text) refers to llshl.o(.text) for __aeabi_llsl
    depilogue.o(.text) refers to llshl.o(.text) for __aeabi_llsl
    depilogue.o(.text) refers to llushr.o(.text) for __aeabi_llsr
    dadd.o(.text) refers to llshl.o(.text) for __aeabi_llsl
    dadd.o(.text) refers to llsshr.o(.text) for __aeabi_lasr
    dadd.o(.text) refers to depilogue.o(.text) for _double_epilogue
    dmul.o(.text) refers to depilogue.o(.text) for _double_epilogue
    ddiv.o(.text) refers to depilogue.o(.text) for _double_round
    dfixul.o(.text) refers to llushr.o(.text) for __aeabi_llsr
    dfixul.o(.text) refers to llshl.o(.text) for __aeabi_llsl
    init.o(.text) refers to entry5.o(.ARM.Collect$$$$00000004) for __main_after_scatterload


==============================================================================

Removing Unused input sections from the image.

    Removing main.o(.rev16_text), (4 bytes).
    Removing main.o(.revsh_text), (4 bytes).
    Removing main.o(.rrx_text), (6 bytes).
    Removing project_hardware_init.o(.rev16_text), (4 bytes).
    Removing project_hardware_init.o(.revsh_text), (4 bytes).
    Removing project_hardware_init.o(.rrx_text), (6 bytes).
    Removing project_interrupts.o(.rev16_text), (4 bytes).
    Removing project_interrupts.o(.revsh_text), (4 bytes).
    Removing project_interrupts.o(.rrx_text), (6 bytes).
    Removing game.o(.rev16_text), (4 bytes).
    Removing game.o(.revsh_text), (4 bytes).
    Removing game.o(.rrx_text), (6 bytes).
    Removing staff.o(.rev16_text), (4 bytes).
    Removing staff.o(.revsh_text), (4 bytes).
    Removing staff.o(.rrx_text), (6 bytes).
    Removing map.o(.rev16_text), (4 bytes).
    Removing map.o(.revsh_text), (4 bytes).
    Removing map.o(.rrx_text), (6 bytes).
    Removing top_row_display.o(.rev16_text), (4 bytes).
    Removing top_row_display.o(.revsh_text), (4 bytes).
    Removing top_row_display.o(.rrx_text), (6 bytes).
    Removing adc.o(.rev16_text), (4 bytes).
    Removing adc.o(.revsh_text), (4 bytes).
    Removing adc.o(.rrx_text), (6 bytes).
    Removing adc.o(.text), (296 bytes).
    Removing gpio_port.o(.rev16_text), (4 bytes).
    Removing gpio_port.o(.revsh_text), (4 bytes).
    Removing gpio_port.o(.rrx_text), (6 bytes).
    Removing i2c.o(.rev16_text), (4 bytes).
    Removing i2c.o(.revsh_text), (4 bytes).
    Removing i2c.o(.rrx_text), (6 bytes).
    Removing timers.o(.rev16_text), (4 bytes).
    Removing timers.o(.revsh_text), (4 bytes).
    Removing timers.o(.rrx_text), (6 bytes).
    Removing uart.o(.rev16_text), (4 bytes).
    Removing uart.o(.revsh_text), (4 bytes).
    Removing uart.o(.rrx_text), (6 bytes).
    Removing eeprom.o(.rev16_text), (4 bytes).
    Removing eeprom.o(.revsh_text), (4 bytes).
    Removing eeprom.o(.rrx_text), (6 bytes).
    Removing eeprom.o(.text), (420 bytes).
    Removing ft6x06.o(.rev16_text), (4 bytes).
    Removing ft6x06.o(.revsh_text), (4 bytes).
    Removing ft6x06.o(.rrx_text), (6 bytes).
    Removing ft6x06.o(.text), (432 bytes).
    Removing launchpad_io.o(.rev16_text), (4 bytes).
    Removing launchpad_io.o(.revsh_text), (4 bytes).
    Removing launchpad_io.o(.rrx_text), (6 bytes).
    Removing launchpad_io.o(.text), (440 bytes).
    Removing lcd.o(.rev16_text), (4 bytes).
    Removing lcd.o(.revsh_text), (4 bytes).
    Removing lcd.o(.rrx_text), (6 bytes).
    Removing ps2.o(.rev16_text), (4 bytes).
    Removing ps2.o(.revsh_text), (4 bytes).
    Removing ps2.o(.rrx_text), (6 bytes).
    Removing serial_debug.o(.rev16_text), (4 bytes).
    Removing serial_debug.o(.revsh_text), (4 bytes).
    Removing serial_debug.o(.rrx_text), (6 bytes).
    Removing io_expander.o(.rev16_text), (4 bytes).
    Removing io_expander.o(.revsh_text), (4 bytes).
    Removing io_expander.o(.rrx_text), (6 bytes).
    Removing system_tm4c123.o(.rev16_text), (4 bytes).
    Removing system_tm4c123.o(.revsh_text), (4 bytes).
    Removing system_tm4c123.o(.rrx_text), (6 bytes).
    Removing dadd.o(.text), (334 bytes).
    Removing dmul.o(.text), (228 bytes).
    Removing ddiv.o(.text), (222 bytes).
    Removing dfixul.o(.text), (48 bytes).

68 unused section(s) (total 2700 bytes) removed from the image.

==============================================================================

Image Symbol Table

    Local Symbols

    Symbol Name                              Value     Ov Type        Size  Object(Section)

    RESET                                    0x00000000   Section      620  startup_tm4c123.o(RESET)
    ../clib/microlib/division.c              0x00000000   Number         0  uldiv.o ABSOLUTE
    ../clib/microlib/division.c              0x00000000   Number         0  uidiv.o ABSOLUTE
    ../clib/microlib/init/entry.s            0x00000000   Number         0  entry11b.o ABSOLUTE
    ../clib/microlib/init/entry.s            0x00000000   Number         0  entry11a.o ABSOLUTE
    ../clib/microlib/init/entry.s            0x00000000   Number         0  entry10b.o ABSOLUTE
    ../clib/microlib/init/entry.s            0x00000000   Number         0  entry10a.o ABSOLUTE
    ../clib/microlib/init/entry.s            0x00000000   Number         0  entry9b.o ABSOLUTE
    ../clib/microlib/init/entry.s            0x00000000   Number         0  entry9a.o ABSOLUTE
    ../clib/microlib/init/entry.s            0x00000000   Number         0  entry8b.o ABSOLUTE
    ../clib/microlib/init/entry.s            0x00000000   Number         0  entry8a.o ABSOLUTE
    ../clib/microlib/init/entry.s            0x00000000   Number         0  entry7b.o ABSOLUTE
    ../clib/microlib/init/entry.s            0x00000000   Number         0  entry7a.o ABSOLUTE
    ../clib/microlib/init/entry.s            0x00000000   Number         0  entry5.o ABSOLUTE
    ../clib/microlib/init/entry.s            0x00000000   Number         0  entry.o ABSOLUTE
    ../clib/microlib/init/entry.s            0x00000000   Number         0  entry2.o ABSOLUTE
    ../clib/microlib/longlong.c              0x00000000   Number         0  llshl.o ABSOLUTE
    ../clib/microlib/longlong.c              0x00000000   Number         0  llsshr.o ABSOLUTE
    ../clib/microlib/longlong.c              0x00000000   Number         0  llushr.o ABSOLUTE
    ../clib/microlib/malloc/malloc.c         0x00000000   Number         0  mallocr.o ABSOLUTE
    ../clib/microlib/malloc/malloc.c         0x00000000   Number         0  malloc.o ABSOLUTE
    ../clib/microlib/malloc/malloc.c         0x00000000   Number         0  malloca.o ABSOLUTE
    ../clib/microlib/malloc/malloc.c         0x00000000   Number         0  mallocra.o ABSOLUTE
    ../clib/microlib/malloc/mvars.c          0x00000000   Number         0  mvars.o ABSOLUTE
    ../clib/microlib/printf/printf.c         0x00000000   Number         0  printfb.o ABSOLUTE
    ../clib/microlib/printf/printf.c         0x00000000   Number         0  printf0.o ABSOLUTE
    ../clib/microlib/printf/printf.c         0x00000000   Number         0  printf2.o ABSOLUTE
    ../clib/microlib/printf/printf.c         0x00000000   Number         0  printf4.o ABSOLUTE
    ../clib/microlib/printf/printf.c         0x00000000   Number         0  printf8.o ABSOLUTE
    ../clib/microlib/printf/printf.c         0x00000000   Number         0  printf1.o ABSOLUTE
    ../clib/microlib/printf/printf.c         0x00000000   Number         0  printf5.o ABSOLUTE
    ../clib/microlib/printf/printf.c         0x00000000   Number         0  printf6.o ABSOLUTE
    ../clib/microlib/printf/printf.c         0x00000000   Number         0  printfa.o ABSOLUTE
    ../clib/microlib/printf/printf.c         0x00000000   Number         0  printf7.o ABSOLUTE
    ../clib/microlib/printf/printf.c         0x00000000   Number         0  printf3.o ABSOLUTE
    ../clib/microlib/printf/stubs.s          0x00000000   Number         0  stubs.o ABSOLUTE
    ../clib/microlib/stdio/streams.c         0x00000000   Number         0  stdout.o ABSOLUTE
    ../clib/microlib/string/memcpy.c         0x00000000   Number         0  memcpyb.o ABSOLUTE
    ../clib/microlib/string/memcpy.c         0x00000000   Number         0  memcpya.o ABSOLUTE
    ../clib/microlib/stubs.s                 0x00000000   Number         0  iusefp.o ABSOLUTE
    ../fplib/microlib/fpadd.c                0x00000000   Number         0  dadd.o ABSOLUTE
    ../fplib/microlib/fpdiv.c                0x00000000   Number         0  ddiv.o ABSOLUTE
    ../fplib/microlib/fpepilogue.c           0x00000000   Number         0  depilogue.o ABSOLUTE
    ../fplib/microlib/fpfix.c                0x00000000   Number         0  dfixul.o ABSOLUTE
    ../fplib/microlib/fpflt.c                0x00000000   Number         0  dfltui.o ABSOLUTE
    ../fplib/microlib/fpflt.c                0x00000000   Number         0  dflti.o ABSOLUTE
    ../fplib/microlib/fpmul.c                0x00000000   Number         0  dmul.o ABSOLUTE
    ../mathlib/fabs.c                        0x00000000   Number         0  fabs.o ABSOLUTE
    ..\\drivers\\c\\adc.c                    0x00000000   Number         0  adc.o ABSOLUTE
    ..\\drivers\\c\\gpio_port.c              0x00000000   Number         0  gpio_port.o ABSOLUTE
    ..\\drivers\\c\\i2c.c                    0x00000000   Number         0  i2c.o ABSOLUTE
    ..\\drivers\\c\\timers.c                 0x00000000   Number         0  timers.o ABSOLUTE
    ..\\drivers\\c\\uart.c                   0x00000000   Number         0  uart.o ABSOLUTE
    ..\\peripherals\\c\\eeprom.c             0x00000000   Number         0  eeprom.o ABSOLUTE
    ..\\peripherals\\c\\ft6x06.c             0x00000000   Number         0  ft6x06.o ABSOLUTE
    ..\\peripherals\\c\\io_expander.c        0x00000000   Number         0  io_expander.o ABSOLUTE
    ..\\peripherals\\c\\launchpad_io.c       0x00000000   Number         0  launchpad_io.o ABSOLUTE
    ..\\peripherals\\c\\lcd.c                0x00000000   Number         0  lcd.o ABSOLUTE
    ..\\peripherals\\c\\ps2.c                0x00000000   Number         0  ps2.o ABSOLUTE
    ..\\peripherals\\c\\serial_debug.c       0x00000000   Number         0  serial_debug.o ABSOLUTE
    ..\drivers\c\adc.c                       0x00000000   Number         0  adc.o ABSOLUTE
    ..\drivers\c\gpio_port.c                 0x00000000   Number         0  gpio_port.o ABSOLUTE
    ..\drivers\c\i2c.c                       0x00000000   Number         0  i2c.o ABSOLUTE
    ..\drivers\c\pc_buffer.c                 0x00000000   Number         0  pc_buffer.o ABSOLUTE
    ..\drivers\c\timers.c                    0x00000000   Number         0  timers.o ABSOLUTE
    ..\drivers\c\uart.c                      0x00000000   Number         0  uart.o ABSOLUTE
    ..\peripherals\c\eeprom.c                0x00000000   Number         0  eeprom.o ABSOLUTE
    ..\peripherals\c\ft6x06.c                0x00000000   Number         0  ft6x06.o ABSOLUTE
    ..\peripherals\c\io_expander.c           0x00000000   Number         0  io_expander.o ABSOLUTE
    ..\peripherals\c\launchpad_io.c          0x00000000   Number         0  launchpad_io.o ABSOLUTE
    ..\peripherals\c\lcd.c                   0x00000000   Number         0  lcd.o ABSOLUTE
    ..\peripherals\c\ps2.c                   0x00000000   Number         0  ps2.o ABSOLUTE
    ..\peripherals\c\serial_debug.c          0x00000000   Number         0  serial_debug.o ABSOLUTE
    RTE\Device\TM4C123GH6PM\startup_TM4C123.s 0x00000000   Number         0  startup_tm4c123.o ABSOLUTE
    RTE\Device\TM4C123GH6PM\system_TM4C123.c 0x00000000   Number         0  system_tm4c123.o ABSOLUTE
    RTE\\Device\\TM4C123GH6PM\\system_TM4C123.c 0x00000000   Number         0  system_tm4c123.o ABSOLUTE
    breathing_led.c                          0x00000000   Number         0  breathing_led.o ABSOLUTE
    cdcmple.s                                0x00000000   Number         0  cdcmple.o ABSOLUTE
    cdrcmple.s                               0x00000000   Number         0  cdrcmple.o ABSOLUTE
    dc.s                                     0x00000000   Number         0  dc.o ABSOLUTE
    game.c                                   0x00000000   Number         0  game.o ABSOLUTE
    game.c                                   0x00000000   Number         0  game.o ABSOLUTE
    handlers.s                               0x00000000   Number         0  handlers.o ABSOLUTE
    images.c                                 0x00000000   Number         0  images.o ABSOLUTE
    init.s                                   0x00000000   Number         0  init.o ABSOLUTE
    main.c                                   0x00000000   Number         0  main.o ABSOLUTE
    main.c                                   0x00000000   Number         0  main.o ABSOLUTE
    map.c                                    0x00000000   Number         0  map.o ABSOLUTE
    map.c                                    0x00000000   Number         0  map.o ABSOLUTE
    project_hardware_init.c                  0x00000000   Number         0  project_hardware_init.o ABSOLUTE
    project_hardware_init.c                  0x00000000   Number         0  project_hardware_init.o ABSOLUTE
    project_interrupts.c                     0x00000000   Number         0  project_interrupts.o ABSOLUTE
    project_interrupts.c                     0x00000000   Number         0  project_interrupts.o ABSOLUTE
    staff.c                                  0x00000000   Number         0  staff.o ABSOLUTE
    staff.c                                  0x00000000   Number         0  staff.o ABSOLUTE
    top_row_display.c                        0x00000000   Number         0  top_row_display.o ABSOLUTE
    top_row_display.c                        0x00000000   Number         0  top_row_display.o ABSOLUTE
    .ARM.Collect$$$$00000000                 0x0000026c   Section        0  entry.o(.ARM.Collect$$$$00000000)
    .ARM.Collect$$$$00000001                 0x0000026c   Section        4  entry2.o(.ARM.Collect$$$$00000001)
    .ARM.Collect$$$$00000004                 0x00000270   Section        4  entry5.o(.ARM.Collect$$$$00000004)
    .ARM.Collect$$$$00000008                 0x00000274   Section        0  entry7b.o(.ARM.Collect$$$$00000008)
    .ARM.Collect$$$$0000000A                 0x00000274   Section        0  entry8b.o(.ARM.Collect$$$$0000000A)
    .ARM.Collect$$$$0000000B                 0x00000274   Section        8  entry9a.o(.ARM.Collect$$$$0000000B)
    .ARM.Collect$$$$0000000D                 0x0000027c   Section        0  entry10a.o(.ARM.Collect$$$$0000000D)
    .ARM.Collect$$$$0000000F                 0x0000027c   Section        0  entry11a.o(.ARM.Collect$$$$0000000F)
    .ARM.Collect$$$$00002712                 0x0000027c   Section        4  entry2.o(.ARM.Collect$$$$00002712)
    __lit__00000000                          0x0000027c   Data           4  entry2.o(.ARM.Collect$$$$00002712)
    .text                                    0x00000280   Section        0  main.o(.text)
    .text                                    0x000002d0   Section        0  project_hardware_init.o(.text)
    .text                                    0x00000340   Section        0  project_interrupts.o(.text)
    .text                                    0x000007cc   Section        0  game.o(.text)
    .text                                    0x00000f5c   Section        0  staff.o(.text)
    .text                                    0x0000108c   Section        0  map.o(.text)
    .text                                    0x00001168   Section        0  top_row_display.o(.text)
    .text                                    0x000013d4   Section        0  gpio_port.o(.text)
    verify_base_addr                         0x000013d5   Thumb Code    64  gpio_port.o(.text)
    .text                                    0x000016d8   Section        0  i2c.o(.text)
    .text                                    0x000018e0   Section        0  pc_buffer.o(.text)
    .text                                    0x0000195c   Section        0  timers.o(.text)
    verify_base_addr                         0x0000195d   Thumb Code    64  timers.o(.text)
    get_clock_masks                          0x000019e7   Thumb Code   106  timers.o(.text)
    .text                                    0x00001ba4   Section        0  uart.o(.text)
    .text                                    0x00001e34   Section        0  lcd.o(.text)
    lcd_write_cmd_u8                         0x00001e4f   Thumb Code    40  lcd.o(.text)
    lcd_write_data_u8                        0x00001e77   Thumb Code    28  lcd.o(.text)
    lcd_write_data_u16                       0x00001e93   Thumb Code    48  lcd.o(.text)
    .text                                    0x0000297c   Section        0  ps2.o(.text)
    initialize_adc_gpio_pins                 0x0000297d   Thumb Code    34  ps2.o(.text)
    ps2_configure_adc                        0x0000299f   Thumb Code   118  ps2.o(.text)
    .text                                    0x00002a94   Section        0  serial_debug.o(.text)
    .text                                    0x00002cb0   Section        0  io_expander.o(.text)
    .text                                    0x00002df4   Section      252  startup_tm4c123.o(.text)
    $v0                                      0x00002df4   Number         0  startup_tm4c123.o(.text)
    .text                                    0x00002ef0   Section        0  system_tm4c123.o(.text)
    getOscClk                                0x00002ef1   Thumb Code   182  system_tm4c123.o(.text)
    .text                                    0x00003140   Section        0  dflti.o(.text)
    .text                                    0x00003162   Section        0  dfltui.o(.text)
    .text                                    0x0000317c   Section       48  cdcmple.o(.text)
    .text                                    0x000031ac   Section       48  cdrcmple.o(.text)
    .text                                    0x000031dc   Section        0  uidiv.o(.text)
    .text                                    0x00003208   Section        0  iusefp.o(.text)
    .text                                    0x00003208   Section        0  depilogue.o(.text)
    .text                                    0x000032c4   Section       36  init.o(.text)
    .text                                    0x000032e8   Section        0  llshl.o(.text)
    .text                                    0x00003306   Section        0  llushr.o(.text)
    i.__0printf$1                            0x00003328   Section        0  printf1.o(i.__0printf$1)
    i.__hardfp_fabs                          0x00003348   Section        0  fabs.o(i.__hardfp_fabs)
    i.__scatterload_copy                     0x0000335c   Section       14  handlers.o(i.__scatterload_copy)
    i.__scatterload_null                     0x0000336a   Section        2  handlers.o(i.__scatterload_null)
    i.__scatterload_zeroinit                 0x0000336c   Section       14  handlers.o(i.__scatterload_zeroinit)
    i._printf_core                           0x0000337c   Section        0  printf1.o(i._printf_core)
    _printf_core                             0x0000337d   Thumb Code   336  printf1.o(i._printf_core)
    i.malloc                                 0x000034d0   Section        0  malloc.o(i.malloc)
    .constdata                               0x0000353c   Section     1060  images.o(.constdata)
    .constdata                               0x00003960   Section       20  staff.o(.constdata)
    MOVE_AMOUNT                              0x00003960   Data          16  staff.o(.constdata)
    MOV_DIR                                  0x00003970   Data           4  staff.o(.constdata)
    .constdata                               0x00003974   Section      304  map.o(.constdata)
    .constdata                               0x00003aa4   Section      262  top_row_display.o(.constdata)
    .conststring                             0x00003bac   Section       67  main.o(.conststring)
    .data                                    0x20000000   Section        1  main.o(.data)
    .data                                    0x20000002   Section        7  project_interrupts.o(.data)
    PS2_X_DATA                               0x20000002   Data           2  project_interrupts.o(.data)
    PS2_Y_DATA                               0x20000004   Data           2  project_interrupts.o(.data)
    SHIP_DIRECTION                           0x20000006   Data           1  project_interrupts.o(.data)
    .data                                    0x2000000c   Section       53  game.o(.data)
    .data                                    0x20000042   Section        2  staff.o(.data)
    lfsr                                     0x20000042   Data           2  staff.o(.data)
    .data                                    0x20000044   Section        2  serial_debug.o(.data)
    Rx_Interrupts_Enabled                    0x20000044   Data           1  serial_debug.o(.data)
    Tx_Interrupts_Enabled                    0x20000045   Data           1  serial_debug.o(.data)
    .data                                    0x20000048   Section        4  system_tm4c123.o(.data)
    .data                                    0x2000004c   Section        4  stdout.o(.data)
    .data                                    0x20000050   Section        4  mvars.o(.data)
    .data                                    0x20000054   Section        4  mvars.o(.data)
    .bss                                     0x20000058   Section       30  project_interrupts.o(.bss)
    MOVE_COUNT                               0x20000058   Data          20  project_interrupts.o(.bss)
    bump                                     0x2000006c   Data          10  project_interrupts.o(.bss)
    .bss                                     0x20000076   Section       10  game.o(.bss)
    .bss                                     0x20000080   Section       28  serial_debug.o(.bss)
    HEAP                                     0x200000a0   Section        0  startup_tm4c123.o(HEAP)
    STACK                                    0x200000a0   Section     4096  startup_tm4c123.o(STACK)

    Global Symbols

    Symbol Name                              Value     Ov Type        Size  Object(Section)

    BuildAttributes$$THM_ISAv4$E$P$D$K$B$S$7EM$VFPi3$EXTD16$VFPS$VFMA$PE$A:L22UL41UL21$X:L11$S22US41US21$IEEE1$IW$USESV6$~STKCKD$USESV7$~SHL$OTIME$ROPI$IEEEJ$EBA8$MICROLIB$REQ8$PRES8$EABIv2 0x00000000   Number         0  anon$$obj.o ABSOLUTE
    __ARM_use_no_argv                        0x00000000   Number         0  main.o ABSOLUTE
    __Vectors                                0x00000000   Data           4  startup_tm4c123.o(RESET)
    _printf_a                                0x00000000   Number         0  stubs.o ABSOLUTE
    _printf_c                                0x00000000   Number         0  stubs.o ABSOLUTE
    _printf_charcount                        0x00000000   Number         0  stubs.o ABSOLUTE
    _printf_d                                0x00000000   Number         0  stubs.o ABSOLUTE
    _printf_e                                0x00000000   Number         0  stubs.o ABSOLUTE
    _printf_f                                0x00000000   Number         0  stubs.o ABSOLUTE
    _printf_flags                            0x00000000   Number         0  stubs.o ABSOLUTE
    _printf_fp_dec                           0x00000000   Number         0  stubs.o ABSOLUTE
    _printf_fp_hex                           0x00000000   Number         0  stubs.o ABSOLUTE
    _printf_g                                0x00000000   Number         0  stubs.o ABSOLUTE
    _printf_i                                0x00000000   Number         0  stubs.o ABSOLUTE
    _printf_int_dec                          0x00000000   Number         0  stubs.o ABSOLUTE
    _printf_l                                0x00000000   Number         0  stubs.o ABSOLUTE
    _printf_lc                               0x00000000   Number         0  stubs.o ABSOLUTE
    _printf_ll                               0x00000000   Number         0  stubs.o ABSOLUTE
    _printf_lld                              0x00000000   Number         0  stubs.o ABSOLUTE
    _printf_lli                              0x00000000   Number         0  stubs.o ABSOLUTE
    _printf_llo                              0x00000000   Number         0  stubs.o ABSOLUTE
    _printf_llu                              0x00000000   Number         0  stubs.o ABSOLUTE
    _printf_llx                              0x00000000   Number         0  stubs.o ABSOLUTE
    _printf_longlong_dec                     0x00000000   Number         0  stubs.o ABSOLUTE
    _printf_longlong_hex                     0x00000000   Number         0  stubs.o ABSOLUTE
    _printf_longlong_oct                     0x00000000   Number         0  stubs.o ABSOLUTE
    _printf_ls                               0x00000000   Number         0  stubs.o ABSOLUTE
    _printf_mbtowc                           0x00000000   Number         0  stubs.o ABSOLUTE
    _printf_n                                0x00000000   Number         0  stubs.o ABSOLUTE
    _printf_o                                0x00000000   Number         0  stubs.o ABSOLUTE
    _printf_p                                0x00000000   Number         0  stubs.o ABSOLUTE
    _printf_percent                          0x00000000   Number         0  stubs.o ABSOLUTE
    _printf_pre_padding                      0x00000000   Number         0  stubs.o ABSOLUTE
    _printf_return_value                     0x00000000   Number         0  stubs.o ABSOLUTE
    _printf_s                                0x00000000   Number         0  stubs.o ABSOLUTE
    _printf_sizespec                         0x00000000   Number         0  stubs.o ABSOLUTE
    _printf_str                              0x00000000   Number         0  stubs.o ABSOLUTE
    _printf_truncate_signed                  0x00000000   Number         0  stubs.o ABSOLUTE
    _printf_truncate_unsigned                0x00000000   Number         0  stubs.o ABSOLUTE
    _printf_u                                0x00000000   Number         0  stubs.o ABSOLUTE
    _printf_wc                               0x00000000   Number         0  stubs.o ABSOLUTE
    _printf_wctomb                           0x00000000   Number         0  stubs.o ABSOLUTE
    _printf_widthprec                        0x00000000   Number         0  stubs.o ABSOLUTE
    _printf_x                                0x00000000   Number         0  stubs.o ABSOLUTE
    __cpp_initialize__aeabi_                  - Undefined Weak Reference
    __cxa_finalize                            - Undefined Weak Reference
    __decompress                              - Undefined Weak Reference
    _clock_init                               - Undefined Weak Reference
    _microlib_exit                            - Undefined Weak Reference
    __Vectors_End                            0x0000026c   Data           0  startup_tm4c123.o(RESET)
    __Vectors_Size                           0x0000026c   Number         0  startup_tm4c123.o ABSOLUTE
    __main                                   0x0000026d   Thumb Code     0  entry.o(.ARM.Collect$$$$00000000)
    _main_stk                                0x0000026d   Thumb Code     0  entry2.o(.ARM.Collect$$$$00000001)
    _main_scatterload                        0x00000271   Thumb Code     0  entry5.o(.ARM.Collect$$$$00000004)
    __main_after_scatterload                 0x00000275   Thumb Code     0  entry5.o(.ARM.Collect$$$$00000004)
    _main_clock                              0x00000275   Thumb Code     0  entry7b.o(.ARM.Collect$$$$00000008)
    _main_cpp_init                           0x00000275   Thumb Code     0  entry8b.o(.ARM.Collect$$$$0000000A)
    _main_init                               0x00000275   Thumb Code     0  entry9a.o(.ARM.Collect$$$$0000000B)
    __rt_final_cpp                           0x0000027d   Thumb Code     0  entry10a.o(.ARM.Collect$$$$0000000D)
    __rt_final_exit                          0x0000027d   Thumb Code     0  entry11a.o(.ARM.Collect$$$$0000000F)
    DisableInterrupts                        0x00000281   Thumb Code     4  main.o(.text)
    EnableInterrupts                         0x00000285   Thumb Code     4  main.o(.text)
    delay                                    0x00000289   Thumb Code    20  main.o(.text)
    main                                     0x0000029d   Thumb Code    42  main.o(.text)
    hardwareInit                             0x000002d1   Thumb Code    90  project_hardware_init.o(.text)
    ps2_get_direction                        0x00000341   Thumb Code   176  project_interrupts.o(.text)
    TIMER1A_Handler                          0x000003f1   Thumb Code    14  project_interrupts.o(.text)
    TIMER2A_Handler                          0x000003ff   Thumb Code    94  project_interrupts.o(.text)
    TIMER3A_Handler                          0x0000045d   Thumb Code   618  project_interrupts.o(.text)
    TIMER4A_Handler                          0x000006c7   Thumb Code   206  project_interrupts.o(.text)
    ADC0SS2_Handler                          0x00000795   Thumb Code    44  project_interrupts.o(.text)
    set_image                                0x000007cd   Thumb Code    98  game.o(.text)
    set_dir                                  0x0000082f   Thumb Code    16  game.o(.text)
    set_x                                    0x0000083f   Thumb Code     8  game.o(.text)
    set_y                                    0x00000847   Thumb Code     8  game.o(.text)
    contact_edge                             0x0000084f   Thumb Code   134  game.o(.text)
    check_moveable                           0x000008d5   Thumb Code   360  game.o(.text)
    move_image                               0x00000a3d   Thumb Code    62  game.o(.text)
    check_game_over                          0x00000a7b   Thumb Code   436  game.o(.text)
    check_bump                               0x00000c2f   Thumb Code   394  game.o(.text)
    check_shot_on_target                     0x00000db9   Thumb Code     2  game.o(.text)
    game                                     0x00000dbb   Thumb Code   354  game.o(.text)
    generate_random_number                   0x00000f5d   Thumb Code    48  staff.o(.text)
    get_new_direction                        0x00000f8d   Thumb Code   212  staff.o(.text)
    get_new_move_count                       0x00001061   Thumb Code    28  staff.o(.text)
    drawMap                                  0x0000108d   Thumb Code    90  map.o(.text)
    get_pos                                  0x000010e7   Thumb Code    32  map.o(.text)
    set_pos                                  0x00001107   Thumb Code    44  map.o(.text)
    get_x                                    0x00001133   Thumb Code    26  map.o(.text)
    get_y                                    0x0000114d   Thumb Code    22  map.o(.text)
    drawHP                                   0x00001169   Thumb Code   566  top_row_display.o(.text)
    gpio_get_irq_num                         0x00001415   Thumb Code    74  gpio_port.o(.text)
    gpio_enable_port                         0x0000145f   Thumb Code   156  gpio_port.o(.text)
    gpio_config_digital_enable               0x000014fb   Thumb Code    34  gpio_port.o(.text)
    gpio_config_enable_output                0x0000151d   Thumb Code    34  gpio_port.o(.text)
    gpio_config_enable_input                 0x0000153f   Thumb Code    34  gpio_port.o(.text)
    gpio_config_enable_pullup                0x00001561   Thumb Code    34  gpio_port.o(.text)
    gpio_config_enable_pulldown              0x00001583   Thumb Code    34  gpio_port.o(.text)
    gpio_config_analog_enable                0x000015a5   Thumb Code    34  gpio_port.o(.text)
    gpio_config_alternate_function           0x000015c7   Thumb Code    34  gpio_port.o(.text)
    gpio_config_port_control                 0x000015e9   Thumb Code    54  gpio_port.o(.text)
    gpio_config_open_drain                   0x0000161f   Thumb Code    34  gpio_port.o(.text)
    gpio_config_falling_edge_irq             0x00001641   Thumb Code    56  gpio_port.o(.text)
    gpio_config_rising_edge_irq              0x00001679   Thumb Code    62  gpio_port.o(.text)
    initializeI2CMaster                      0x000016d9   Thumb Code   160  i2c.o(.text)
    i2cVerifyBaseAddr                        0x00001779   Thumb Code    36  i2c.o(.text)
    i2cSetSlaveAddr                          0x0000179d   Thumb Code    30  i2c.o(.text)
    i2cStop                                  0x000017bb   Thumb Code    26  i2c.o(.text)
    I2CMasterBusy                            0x000017d5   Thumb Code    34  i2c.o(.text)
    I2CMasterAdrAck                          0x000017f7   Thumb Code    34  i2c.o(.text)
    I2CMasterDatAck                          0x00001819   Thumb Code    34  i2c.o(.text)
    i2cSendByte                              0x0000183b   Thumb Code    82  i2c.o(.text)
    i2cGetByte                               0x0000188d   Thumb Code    60  i2c.o(.text)
    pc_buffer_init                           0x000018e1   Thumb Code    26  pc_buffer.o(.text)
    pc_buffer_add                            0x000018fb   Thumb Code    28  pc_buffer.o(.text)
    pc_buffer_remove                         0x00001917   Thumb Code    30  pc_buffer.o(.text)
    pc_buffer_empty                          0x00001935   Thumb Code    18  pc_buffer.o(.text)
    pc_buffer_full                           0x00001947   Thumb Code    22  pc_buffer.o(.text)
    timer_get_irq_num                        0x0000199d   Thumb Code    74  timers.o(.text)
    gp_timer_wait                            0x00001a51   Thumb Code    64  timers.o(.text)
    gp_timer_config_32                       0x00001a91   Thumb Code   252  timers.o(.text)
    verify_uart_base                         0x00001ba5   Thumb Code    54  uart.o(.text)
    uart_get_rcgc_mask                       0x00001bdb   Thumb Code    68  uart.o(.text)
    uart_get_pr_mask                         0x00001c1f   Thumb Code    68  uart.o(.text)
    uart_get_irq_num                         0x00001c63   Thumb Code    68  uart.o(.text)
    uart_tx_poll                             0x00001ca7   Thumb Code    38  uart.o(.text)
    uart_tx_poll_string                      0x00001ccd   Thumb Code    50  uart.o(.text)
    uart_rx_poll                             0x00001cff   Thumb Code    70  uart.o(.text)
    uart_init                                0x00001d45   Thumb Code   218  uart.o(.text)
    delayms                                  0x00001e35   Thumb Code    26  lcd.o(.text)
    lcd_set_pos                              0x00001ec3   Thumb Code    58  lcd.o(.text)
    lcd_clear_screen                         0x00001efd   Thumb Code    52  lcd.o(.text)
    lcd_draw_box                             0x00001f31   Thumb Code   138  lcd.o(.text)
    lcd_draw_rectangle                       0x00001fbb   Thumb Code    82  lcd.o(.text)
    lcd_draw_rectangle_centered              0x0000200d   Thumb Code   152  lcd.o(.text)
    lcd_draw_pixel                           0x000020a5   Thumb Code    28  lcd.o(.text)
    lcd_draw_char                            0x000020c1   Thumb Code   556  lcd.o(.text)
    lcd_draw_image                           0x000022ed   Thumb Code   242  lcd.o(.text)
    lcd_draw_color_image                     0x000023df   Thumb Code   142  lcd.o(.text)
    lcd_config_gpio                          0x0000246d   Thumb Code   190  lcd.o(.text)
    lcd_config_screen                        0x0000252b   Thumb Code   548  lcd.o(.text)
    lcd_draw_line                            0x0000274f   Thumb Code   200  lcd.o(.text)
    lcd_draw_circle                          0x00002817   Thumb Code   356  lcd.o(.text)
    ps2_initialize_adc                       0x00002a15   Thumb Code    88  ps2.o(.text)
    ps2_initialize                           0x00002a6d   Thumb Code    12  ps2.o(.text)
    ps2_get_x                                0x00002a79   Thumb Code     2  ps2.o(.text)
    ps2_get_y                                0x00002a7b   Thumb Code     2  ps2.o(.text)
    serial_debug_rx                          0x00002a95   Thumb Code    46  serial_debug.o(.text)
    serial_debug_tx                          0x00002ac3   Thumb Code    72  serial_debug.o(.text)
    fputc                                    0x00002b0b   Thumb Code    66  serial_debug.o(.text)
    fgetc                                    0x00002b4d   Thumb Code    50  serial_debug.o(.text)
    init_serial_debug                        0x00002b7f   Thumb Code   144  serial_debug.o(.text)
    UART0_Handler                            0x00002c0f   Thumb Code   136  serial_debug.o(.text)
    io_expander_write_reg                    0x00002cb1   Thumb Code    56  io_expander.o(.text)
    set_io_expander_GPIO                     0x00002ce9   Thumb Code    60  io_expander.o(.text)
    io_expander_init                         0x00002d25   Thumb Code   124  io_expander.o(.text)
    io_expander_read_reg                     0x00002da1   Thumb Code    70  io_expander.o(.text)
    Reset_Handler                            0x00002df5   Thumb Code     8  startup_tm4c123.o(.text)
    NMI_Handler                              0x00002dfd   Thumb Code     2  startup_tm4c123.o(.text)
    HardFault_Handler                        0x00002dff   Thumb Code     2  startup_tm4c123.o(.text)
    MemManage_Handler                        0x00002e01   Thumb Code     2  startup_tm4c123.o(.text)
    BusFault_Handler                         0x00002e03   Thumb Code     2  startup_tm4c123.o(.text)
    UsageFault_Handler                       0x00002e05   Thumb Code     2  startup_tm4c123.o(.text)
    SVC_Handler                              0x00002e07   Thumb Code     2  startup_tm4c123.o(.text)
    DebugMon_Handler                         0x00002e09   Thumb Code     2  startup_tm4c123.o(.text)
    PendSV_Handler                           0x00002e0b   Thumb Code     2  startup_tm4c123.o(.text)
    SysTick_Handler                          0x00002e0d   Thumb Code     2  startup_tm4c123.o(.text)
    GPIOA_Handler                            0x00002e0f   Thumb Code     2  startup_tm4c123.o(.text)
    GPIOB_Handler                            0x00002e11   Thumb Code     2  startup_tm4c123.o(.text)
    GPIOC_Handler                            0x00002e13   Thumb Code     2  startup_tm4c123.o(.text)
    GPIOD_Handler                            0x00002e15   Thumb Code     2  startup_tm4c123.o(.text)
    GPIOE_Handler                            0x00002e17   Thumb Code     2  startup_tm4c123.o(.text)
    UART1_Handler                            0x00002e1b   Thumb Code     2  startup_tm4c123.o(.text)
    SSI0_Handler                             0x00002e1d   Thumb Code     2  startup_tm4c123.o(.text)
    I2C0_Handler                             0x00002e1f   Thumb Code     2  startup_tm4c123.o(.text)
    PMW0_FAULT_Handler                       0x00002e21   Thumb Code     2  startup_tm4c123.o(.text)
    PWM0_0_Handler                           0x00002e23   Thumb Code     2  startup_tm4c123.o(.text)
    PWM0_1_Handler                           0x00002e25   Thumb Code     2  startup_tm4c123.o(.text)
    PWM0_2_Handler                           0x00002e27   Thumb Code     2  startup_tm4c123.o(.text)
    QEI0_Handler                             0x00002e29   Thumb Code     2  startup_tm4c123.o(.text)
    ADC0SS0_Handler                          0x00002e2b   Thumb Code     2  startup_tm4c123.o(.text)
    ADC0SS1_Handler                          0x00002e2d   Thumb Code     2  startup_tm4c123.o(.text)
    ADC0SS3_Handler                          0x00002e31   Thumb Code     2  startup_tm4c123.o(.text)
    WDT0_Handler                             0x00002e33   Thumb Code     2  startup_tm4c123.o(.text)
    TIMER0A_Handler                          0x00002e35   Thumb Code     2  startup_tm4c123.o(.text)
    TIMER0B_Handler                          0x00002e37   Thumb Code     2  startup_tm4c123.o(.text)
    TIMER1B_Handler                          0x00002e3b   Thumb Code     2  startup_tm4c123.o(.text)
    TIMER2B_Handler                          0x00002e3f   Thumb Code     2  startup_tm4c123.o(.text)
    COMP0_Handler                            0x00002e41   Thumb Code     2  startup_tm4c123.o(.text)
    COMP1_Handler                            0x00002e43   Thumb Code     2  startup_tm4c123.o(.text)
    COMP2_Handler                            0x00002e45   Thumb Code     2  startup_tm4c123.o(.text)
    SYSCTL_Handler                           0x00002e47   Thumb Code     2  startup_tm4c123.o(.text)
    FLASH_Handler                            0x00002e49   Thumb Code     2  startup_tm4c123.o(.text)
    GPIOF_Handler                            0x00002e4b   Thumb Code     2  startup_tm4c123.o(.text)
    GPIOG_Handler                            0x00002e4d   Thumb Code     2  startup_tm4c123.o(.text)
    GPIOH_Handler                            0x00002e4f   Thumb Code     2  startup_tm4c123.o(.text)
    UART2_Handler                            0x00002e51   Thumb Code     2  startup_tm4c123.o(.text)
    SSI1_Handler                             0x00002e53   Thumb Code     2  startup_tm4c123.o(.text)
    TIMER3B_Handler                          0x00002e57   Thumb Code     2  startup_tm4c123.o(.text)
    I2C1_Handler                             0x00002e59   Thumb Code     2  startup_tm4c123.o(.text)
    QEI1_Handler                             0x00002e5b   Thumb Code     2  startup_tm4c123.o(.text)
    CAN0_Handler                             0x00002e5d   Thumb Code     2  startup_tm4c123.o(.text)
    CAN1_Handler                             0x00002e5f   Thumb Code     2  startup_tm4c123.o(.text)
    CAN2_Handler                             0x00002e61   Thumb Code     2  startup_tm4c123.o(.text)
    HIB_Handler                              0x00002e63   Thumb Code     2  startup_tm4c123.o(.text)
    USB0_Handler                             0x00002e65   Thumb Code     2  startup_tm4c123.o(.text)
    PWM0_3_Handler                           0x00002e67   Thumb Code     2  startup_tm4c123.o(.text)
    UDMA_Handler                             0x00002e69   Thumb Code     2  startup_tm4c123.o(.text)
    UDMAERR_Handler                          0x00002e6b   Thumb Code     2  startup_tm4c123.o(.text)
    ADC1SS0_Handler                          0x00002e6d   Thumb Code     2  startup_tm4c123.o(.text)
    ADC1SS1_Handler                          0x00002e6f   Thumb Code     2  startup_tm4c123.o(.text)
    ADC1SS2_Handler                          0x00002e71   Thumb Code     2  startup_tm4c123.o(.text)
    ADC1SS3_Handler                          0x00002e73   Thumb Code     2  startup_tm4c123.o(.text)
    GPIOJ_Handler                            0x00002e75   Thumb Code     2  startup_tm4c123.o(.text)
    GPIOK_Handler                            0x00002e77   Thumb Code     2  startup_tm4c123.o(.text)
    GPIOL_Handler                            0x00002e79   Thumb Code     2  startup_tm4c123.o(.text)
    SSI2_Handler                             0x00002e7b   Thumb Code     2  startup_tm4c123.o(.text)
    SSI3_Handler                             0x00002e7d   Thumb Code     2  startup_tm4c123.o(.text)
    UART3_Handler                            0x00002e7f   Thumb Code     2  startup_tm4c123.o(.text)
    UART4_Handler                            0x00002e81   Thumb Code     2  startup_tm4c123.o(.text)
    UART5_Handler                            0x00002e83   Thumb Code     2  startup_tm4c123.o(.text)
    UART6_Handler                            0x00002e85   Thumb Code     2  startup_tm4c123.o(.text)
    UART7_Handler                            0x00002e87   Thumb Code     2  startup_tm4c123.o(.text)
    I2C2_Handler                             0x00002e89   Thumb Code     2  startup_tm4c123.o(.text)
    I2C3_Handler                             0x00002e8b   Thumb Code     2  startup_tm4c123.o(.text)
    TIMER4B_Handler                          0x00002e8f   Thumb Code     2  startup_tm4c123.o(.text)
    TIMER5A_Handler                          0x00002e91   Thumb Code     2  startup_tm4c123.o(.text)
    TIMER5B_Handler                          0x00002e93   Thumb Code     2  startup_tm4c123.o(.text)
    WTIMER0A_Handler                         0x00002e95   Thumb Code     2  startup_tm4c123.o(.text)
    WTIMER0B_Handler                         0x00002e97   Thumb Code     2  startup_tm4c123.o(.text)
    WTIMER1A_Handler                         0x00002e99   Thumb Code     2  startup_tm4c123.o(.text)
    WTIMER1B_Handler                         0x00002e9b   Thumb Code     2  startup_tm4c123.o(.text)
    WTIMER2A_Handler                         0x00002e9d   Thumb Code     2  startup_tm4c123.o(.text)
    WTIMER2B_Handler                         0x00002e9f   Thumb Code     2  startup_tm4c123.o(.text)
    WTIMER3A_Handler                         0x00002ea1   Thumb Code     2  startup_tm4c123.o(.text)
    WTIMER3B_Handler                         0x00002ea3   Thumb Code     2  startup_tm4c123.o(.text)
    WTIMER4A_Handler                         0x00002ea5   Thumb Code     2  startup_tm4c123.o(.text)
    WTIMER4B_Handler                         0x00002ea7   Thumb Code     2  startup_tm4c123.o(.text)
    WTIMER5A_Handler                         0x00002ea9   Thumb Code     2  startup_tm4c123.o(.text)
    WTIMER5B_Handler                         0x00002eab   Thumb Code     2  startup_tm4c123.o(.text)
    FPU_Handler                              0x00002ead   Thumb Code     2  startup_tm4c123.o(.text)
    I2C4_Handler                             0x00002eaf   Thumb Code     2  startup_tm4c123.o(.text)
    I2C5_Handler                             0x00002eb1   Thumb Code     2  startup_tm4c123.o(.text)
    GPIOM_Handler                            0x00002eb3   Thumb Code     2  startup_tm4c123.o(.text)
    GPION_Handler                            0x00002eb5   Thumb Code     2  startup_tm4c123.o(.text)
    QEI2_Handler                             0x00002eb7   Thumb Code     2  startup_tm4c123.o(.text)
    GPIOP0_Handler                           0x00002eb9   Thumb Code     2  startup_tm4c123.o(.text)
    GPIOP1_Handler                           0x00002ebb   Thumb Code     2  startup_tm4c123.o(.text)
    GPIOP2_Handler                           0x00002ebd   Thumb Code     2  startup_tm4c123.o(.text)
    GPIOP3_Handler                           0x00002ebf   Thumb Code     2  startup_tm4c123.o(.text)
    GPIOP4_Handler                           0x00002ec1   Thumb Code     2  startup_tm4c123.o(.text)
    GPIOP5_Handler                           0x00002ec3   Thumb Code     2  startup_tm4c123.o(.text)
    GPIOP6_Handler                           0x00002ec5   Thumb Code     2  startup_tm4c123.o(.text)
    GPIOP7_Handler                           0x00002ec7   Thumb Code     2  startup_tm4c123.o(.text)
    GPIOQ0_Handler                           0x00002ec9   Thumb Code     2  startup_tm4c123.o(.text)
    GPIOQ1_Handler                           0x00002ecb   Thumb Code     2  startup_tm4c123.o(.text)
    GPIOQ2_Handler                           0x00002ecd   Thumb Code     2  startup_tm4c123.o(.text)
    GPIOQ3_Handler                           0x00002ecf   Thumb Code     2  startup_tm4c123.o(.text)
    GPIOQ4_Handler                           0x00002ed1   Thumb Code     2  startup_tm4c123.o(.text)
    GPIOQ5_Handler                           0x00002ed3   Thumb Code     2  startup_tm4c123.o(.text)
    GPIOQ6_Handler                           0x00002ed5   Thumb Code     2  startup_tm4c123.o(.text)
    GPIOQ7_Handler                           0x00002ed7   Thumb Code     2  startup_tm4c123.o(.text)
    GPIOR_Handler                            0x00002ed9   Thumb Code     2  startup_tm4c123.o(.text)
    GPIOS_Handler                            0x00002edb   Thumb Code     2  startup_tm4c123.o(.text)
    PMW1_0_Handler                           0x00002edd   Thumb Code     2  startup_tm4c123.o(.text)
    PWM1_1_Handler                           0x00002edf   Thumb Code     2  startup_tm4c123.o(.text)
    PWM1_2_Handler                           0x00002ee1   Thumb Code     2  startup_tm4c123.o(.text)
    PWM1_3_Handler                           0x00002ee3   Thumb Code     2  startup_tm4c123.o(.text)
    PWM1_FAULT_Handler                       0x00002ee5   Thumb Code     2  startup_tm4c123.o(.text)
    SystemCoreClockUpdate                    0x00002fa7   Thumb Code   184  system_tm4c123.o(.text)
    SystemInit                               0x0000305f   Thumb Code   112  system_tm4c123.o(.text)
    __aeabi_i2d                              0x00003141   Thumb Code    34  dflti.o(.text)
    __aeabi_ui2d                             0x00003163   Thumb Code    26  dfltui.o(.text)
    __aeabi_cdcmpeq                          0x0000317d   Thumb Code     0  cdcmple.o(.text)
    __aeabi_cdcmple                          0x0000317d   Thumb Code    48  cdcmple.o(.text)
    __aeabi_cdrcmple                         0x000031ad   Thumb Code    48  cdrcmple.o(.text)
    __aeabi_uidiv                            0x000031dd   Thumb Code     0  uidiv.o(.text)
    __aeabi_uidivmod                         0x000031dd   Thumb Code    44  uidiv.o(.text)
    __I$use$fp                               0x00003209   Thumb Code     0  iusefp.o(.text)
    _double_round                            0x00003209   Thumb Code    30  depilogue.o(.text)
    _double_epilogue                         0x00003227   Thumb Code   156  depilogue.o(.text)
    __scatterload                            0x000032c5   Thumb Code    28  init.o(.text)
    __scatterload_rt2                        0x000032c5   Thumb Code     0  init.o(.text)
    __aeabi_llsl                             0x000032e9   Thumb Code    30  llshl.o(.text)
    _ll_shift_l                              0x000032e9   Thumb Code     0  llshl.o(.text)
    __aeabi_llsr                             0x00003307   Thumb Code    32  llushr.o(.text)
    _ll_ushift_r                             0x00003307   Thumb Code     0  llushr.o(.text)
    __0printf$1                              0x00003329   Thumb Code    22  printf1.o(i.__0printf$1)
    __1printf$1                              0x00003329   Thumb Code     0  printf1.o(i.__0printf$1)
    __2printf                                0x00003329   Thumb Code     0  printf1.o(i.__0printf$1)
    __hardfp_fabs                            0x00003349   Thumb Code    20  fabs.o(i.__hardfp_fabs)
    __scatterload_copy                       0x0000335d   Thumb Code    14  handlers.o(i.__scatterload_copy)
    __scatterload_null                       0x0000336b   Thumb Code     2  handlers.o(i.__scatterload_null)
    __scatterload_zeroinit                   0x0000336d   Thumb Code    14  handlers.o(i.__scatterload_zeroinit)
    malloc                                   0x000034d1   Thumb Code    92  malloc.o(i.malloc)
    easytank_upBitmaps                       0x0000353c   Data          60  images.o(.constdata)
    easytank_upWidthPixels                   0x00003578   Data           1  images.o(.constdata)
    easytank_upHeightPixels                  0x00003579   Data           1  images.o(.constdata)
    easytank_downBitmaps                     0x0000357a   Data          60  images.o(.constdata)
    easytank_downWidthPixels                 0x000035b6   Data           1  images.o(.constdata)
    easytank_downHeightPixels                0x000035b7   Data           1  images.o(.constdata)
    easytank_rightBitmaps                    0x000035b8   Data          60  images.o(.constdata)
    easytank_rightWidthPixels                0x000035f4   Data           1  images.o(.constdata)
    easytank_rightHeightPixels               0x000035f5   Data           1  images.o(.constdata)
    easytank_leftBitmaps                     0x000035f6   Data          60  images.o(.constdata)
    easytank_leftWidthPixels                 0x00003632   Data           1  images.o(.constdata)
    easytank_leftHeightPixels                0x00003633   Data           1  images.o(.constdata)
    panzer_II_upBitmaps                      0x00003634   Data          60  images.o(.constdata)
    panzer_II_upWidthPixels                  0x00003670   Data           1  images.o(.constdata)
    panzer_II_upHeightPixels                 0x00003671   Data           1  images.o(.constdata)
    panzer_II_downBitmaps                    0x00003672   Data          60  images.o(.constdata)
    panzer_II_downWidthPixels                0x000036ae   Data           1  images.o(.constdata)
    panzer_II_downHeightPixels               0x000036af   Data           1  images.o(.constdata)
    panzer_II_rightBitmaps                   0x000036b0   Data          60  images.o(.constdata)
    panzer_II_rightWidthPixels               0x000036ec   Data           1  images.o(.constdata)
    panzer_II_rightHeightPixels              0x000036ed   Data           1  images.o(.constdata)
    panzer_II_leftBitmaps                    0x000036ee   Data          60  images.o(.constdata)
    panzer_II_leftWidthPixels                0x0000372a   Data           1  images.o(.constdata)
    panzer_II_leftHeightPixels               0x0000372b   Data           1  images.o(.constdata)
    panzer_IV_upBitmaps                      0x0000372c   Data          60  images.o(.constdata)
    panzer_IV_upWidthPixels                  0x00003768   Data           1  images.o(.constdata)
    panzer_IV_upHeightPixels                 0x00003769   Data           1  images.o(.constdata)
    panzer_IV_rightBitmaps                   0x0000376a   Data          60  images.o(.constdata)
    panzer_IV_rightWidthPixels               0x000037a6   Data           1  images.o(.constdata)
    panzer_IV_rightHeightPixels              0x000037a7   Data           1  images.o(.constdata)
    panzer_IV_downBitmaps                    0x000037a8   Data          60  images.o(.constdata)
    panzer_IV_downWidthPixels                0x000037e4   Data           1  images.o(.constdata)
    panzer_IV_downHeightPixels               0x000037e5   Data           1  images.o(.constdata)
    panzer_IV_leftBitmaps                    0x000037e6   Data          60  images.o(.constdata)
    panzer_IV_leftWidthPixels                0x00003822   Data           1  images.o(.constdata)
    panzer_IV_leftHeightPixels               0x00003823   Data           1  images.o(.constdata)
    panzer_VI_upBitmaps                      0x00003824   Data          60  images.o(.constdata)
    panzer_VI_upWidthPixels                  0x00003860   Data           1  images.o(.constdata)
    panzer_VI_upHeightPixels                 0x00003861   Data           1  images.o(.constdata)
    panzer_VI_rightBitmaps                   0x00003862   Data          60  images.o(.constdata)
    panzer_VI_rightWidthPixels               0x0000389e   Data           1  images.o(.constdata)
    panzer_VI_rightHeightPixels              0x0000389f   Data           1  images.o(.constdata)
    panzer_VI_downBitmaps                    0x000038a0   Data          60  images.o(.constdata)
    panzer_VI_downWidthPixels                0x000038dc   Data           1  images.o(.constdata)
    panzer_VI_downHeightPixels               0x000038dd   Data           1  images.o(.constdata)
    panzer_VI_leftBitmaps                    0x000038de   Data          60  images.o(.constdata)
    panzer_VI_leftWidthPixels                0x0000391a   Data           1  images.o(.constdata)
    panzer_VI_leftHeightPixels               0x0000391b   Data           1  images.o(.constdata)
    blank_tileBitmaps                        0x0000391c   Data          60  images.o(.constdata)
    blank_tileWidthPixels                    0x00003958   Data           1  images.o(.constdata)
    blank_tileHeightPixels                   0x00003959   Data           1  images.o(.constdata)
    shell_objBitmaps                         0x0000395a   Data           4  images.o(.constdata)
    shell_objWidthPixels                     0x0000395e   Data           1  images.o(.constdata)
    shell_objHeightPixels                    0x0000395f   Data           1  images.o(.constdata)
    wall_tileBitmaps                         0x00003974   Data          60  map.o(.constdata)
    wall_tileWidthPixels                     0x000039b0   Data           1  map.o(.constdata)
    wall_tileHeightPixels                    0x000039b1   Data           1  map.o(.constdata)
    water_tileBitmaps                        0x000039b2   Data          60  map.o(.constdata)
    water_tileWidthPixels                    0x000039ee   Data           1  map.o(.constdata)
    water_tileHeightPixels                   0x000039ef   Data           1  map.o(.constdata)
    Sevastopol                               0x000039f0   Data         180  map.o(.constdata)
    colon                                    0x00003aa4   Data          20  top_row_display.o(.constdata)
    H                                        0x00003ab8   Data          20  top_row_display.o(.constdata)
    P                                        0x00003acc   Data          20  top_row_display.o(.constdata)
    zero                                     0x00003ae0   Data          20  top_row_display.o(.constdata)
    one                                      0x00003af4   Data          20  top_row_display.o(.constdata)
    two                                      0x00003b08   Data          20  top_row_display.o(.constdata)
    three                                    0x00003b1c   Data          20  top_row_display.o(.constdata)
    four                                     0x00003b30   Data          20  top_row_display.o(.constdata)
    five                                     0x00003b44   Data          20  top_row_display.o(.constdata)
    six                                      0x00003b58   Data          20  top_row_display.o(.constdata)
    seven                                    0x00003b6c   Data          20  top_row_display.o(.constdata)
    eight                                    0x00003b80   Data          20  top_row_display.o(.constdata)
    nine                                     0x00003b94   Data          20  top_row_display.o(.constdata)
    font_width                               0x00003ba8   Data           1  top_row_display.o(.constdata)
    font_height                              0x00003ba9   Data           1  top_row_display.o(.constdata)
    Region$$Table$$Base                      0x00003bf0   Number         0  anon$$obj.o(Region$$Table)
    Region$$Table$$Limit                     0x00003c10   Number         0  anon$$obj.o(Region$$Table)
    RESTART                                  0x20000000   Data           1  main.o(.data)
    button                                   0x20000007   Data           1  project_interrupts.o(.data)
    data                                     0x20000008   Data           1  project_interrupts.o(.data)
    SHIP_X_COORD                             0x2000000c   Data           2  game.o(.data)
    SHIP_Y_COORD                             0x2000000e   Data           2  game.o(.data)
    INVADER_X_COORD                          0x20000010   Data           2  game.o(.data)
    INVADER_Y_COORD                          0x20000012   Data           2  game.o(.data)
    ALERT_INVADER                            0x20000014   Data           1  game.o(.data)
    BUTTON_PRESSED                           0x20000015   Data           1  game.o(.data)
    STUDENT_NAME                             0x20000016   Data          27  game.o(.data)
    i                                        0x20000034   Data           4  game.o(.data)
    player                                   0x20000038   Data           4  game.o(.data)
    enermy                                   0x2000003c   Data           4  game.o(.data)
    enermy_size                              0x20000040   Data           1  game.o(.data)
    SystemCoreClock                          0x20000048   Data           4  system_tm4c123.o(.data)
    __stdout                                 0x2000004c   Data           4  stdout.o(.data)
    __microlib_freelist                      0x20000050   Data           4  mvars.o(.data)
    __microlib_freelist_initialised          0x20000054   Data           4  mvars.o(.data)
    ALERT_SPACE_SHIP                         0x20000076   Data          10  game.o(.bss)
    UART0_Tx_Buffer                          0x20000080   Data          14  serial_debug.o(.bss)
    UART0_Rx_Buffer                          0x2000008e   Data          14  serial_debug.o(.bss)
    __heap_base                              0x200000a0   Data           0  startup_tm4c123.o(HEAP)
    __heap_limit                             0x200000a0   Data           0  startup_tm4c123.o(HEAP)
    __initial_sp                             0x200010a0   Data           0  startup_tm4c123.o(STACK)



==============================================================================

Memory Map of the image

  Image Entry point : 0x00002df5

  Load Region LR_1 (Base: 0x00000000, Size: 0x00003c68, Max: 0xffffffff, ABSOLUTE)

    Execution Region ER_RO (Exec base: 0x00000000, Load base: 0x00000000, Size: 0x00003c10, Max: 0xffffffff, ABSOLUTE)

    Exec Addr    Load Addr    Size         Type   Attr      Idx    E Section Name        Object

    0x00000000   0x00000000   0x0000026c   Data   RO          689    RESET               startup_tm4c123.o
    0x0000026c   0x0000026c   0x00000000   Code   RO          730  * .ARM.Collect$$$$00000000  mc_w.l(entry.o)
    0x0000026c   0x0000026c   0x00000004   Code   RO         1031    .ARM.Collect$$$$00000001  mc_w.l(entry2.o)
    0x00000270   0x00000270   0x00000004   Code   RO         1034    .ARM.Collect$$$$00000004  mc_w.l(entry5.o)
    0x00000274   0x00000274   0x00000000   Code   RO         1036    .ARM.Collect$$$$00000008  mc_w.l(entry7b.o)
    0x00000274   0x00000274   0x00000000   Code   RO         1038    .ARM.Collect$$$$0000000A  mc_w.l(entry8b.o)
    0x00000274   0x00000274   0x00000008   Code   RO         1039    .ARM.Collect$$$$0000000B  mc_w.l(entry9a.o)
    0x0000027c   0x0000027c   0x00000000   Code   RO         1041    .ARM.Collect$$$$0000000D  mc_w.l(entry10a.o)
    0x0000027c   0x0000027c   0x00000000   Code   RO         1043    .ARM.Collect$$$$0000000F  mc_w.l(entry11a.o)
    0x0000027c   0x0000027c   0x00000004   Code   RO         1032    .ARM.Collect$$$$00002712  mc_w.l(entry2.o)
    0x00000280   0x00000280   0x00000050   Code   RO            4    .text               main.o
    0x000002d0   0x000002d0   0x00000070   Code   RO          155    .text               project_hardware_init.o
    0x00000340   0x00000340   0x0000048c   Code   RO          183    .text               project_interrupts.o
    0x000007cc   0x000007cc   0x00000790   Code   RO          215    .text               game.o
    0x00000f5c   0x00000f5c   0x00000130   Code   RO          264    .text               staff.o
    0x0000108c   0x0000108c   0x000000dc   Code   RO          291    .text               map.o
    0x00001168   0x00001168   0x0000026c   Code   RO          322    .text               top_row_display.o
    0x000013d4   0x000013d4   0x00000304   Code   RO          382    .text               gpio_port.o
    0x000016d8   0x000016d8   0x00000208   Code   RO          406    .text               i2c.o
    0x000018e0   0x000018e0   0x0000007c   Code   RO          427    .text               pc_buffer.o
    0x0000195c   0x0000195c   0x00000248   Code   RO          445    .text               timers.o
    0x00001ba4   0x00001ba4   0x00000290   Code   RO          473    .text               uart.o
    0x00001e34   0x00001e34   0x00000b46   Code   RO          575    .text               lcd.o
    0x0000297a   0x0000297a   0x00000002   PAD
    0x0000297c   0x0000297c   0x00000118   Code   RO          599    .text               ps2.o
    0x00002a94   0x00002a94   0x0000021c   Code   RO          623    .text               serial_debug.o
    0x00002cb0   0x00002cb0   0x00000144   Code   RO          659    .text               io_expander.o
    0x00002df4   0x00002df4   0x000000fc   Code   RO          690  * .text               startup_tm4c123.o
    0x00002ef0   0x00002ef0   0x00000250   Code   RO          697    .text               system_tm4c123.o
    0x00003140   0x00003140   0x00000022   Code   RO         1023    .text               mf_w.l(dflti.o)
    0x00003162   0x00003162   0x0000001a   Code   RO         1025    .text               mf_w.l(dfltui.o)
    0x0000317c   0x0000317c   0x00000030   Code   RO         1027    .text               mf_w.l(cdcmple.o)
    0x000031ac   0x000031ac   0x00000030   Code   RO         1029    .text               mf_w.l(cdrcmple.o)
    0x000031dc   0x000031dc   0x0000002c   Code   RO         1045    .text               mc_w.l(uidiv.o)
    0x00003208   0x00003208   0x00000000   Code   RO         1055    .text               mc_w.l(iusefp.o)
    0x00003208   0x00003208   0x000000ba   Code   RO         1056    .text               mf_w.l(depilogue.o)
    0x000032c2   0x000032c2   0x00000002   PAD
    0x000032c4   0x000032c4   0x00000024   Code   RO         1066    .text               mc_w.l(init.o)
    0x000032e8   0x000032e8   0x0000001e   Code   RO         1068    .text               mc_w.l(llshl.o)
    0x00003306   0x00003306   0x00000020   Code   RO         1070    .text               mc_w.l(llushr.o)
    0x00003326   0x00003326   0x00000002   PAD
    0x00003328   0x00003328   0x00000020   Code   RO          779    i.__0printf$1       mc_w.l(printf1.o)
    0x00003348   0x00003348   0x00000014   Code   RO          724    i.__hardfp_fabs     m_wm.l(fabs.o)
    0x0000335c   0x0000335c   0x0000000e   Code   RO         1076    i.__scatterload_copy  mc_w.l(handlers.o)
    0x0000336a   0x0000336a   0x00000002   Code   RO         1077    i.__scatterload_null  mc_w.l(handlers.o)
    0x0000336c   0x0000336c   0x0000000e   Code   RO         1078    i.__scatterload_zeroinit  mc_w.l(handlers.o)
    0x0000337a   0x0000337a   0x00000002   PAD
    0x0000337c   0x0000337c   0x00000154   Code   RO          786    i._printf_core      mc_w.l(printf1.o)
    0x000034d0   0x000034d0   0x0000006c   Code   RO          996    i.malloc            mc_w.l(malloc.o)
    0x0000353c   0x0000353c   0x00000424   Data   RO          248    .constdata          images.o
    0x00003960   0x00003960   0x00000014   Data   RO          265    .constdata          staff.o
    0x00003974   0x00003974   0x00000130   Data   RO          292    .constdata          map.o
    0x00003aa4   0x00003aa4   0x00000106   Data   RO          323    .constdata          top_row_display.o
    0x00003baa   0x00003baa   0x00000002   PAD
    0x00003bac   0x00003bac   0x00000043   Data   RO            5    .conststring        main.o
    0x00003bef   0x00003bef   0x00000001   PAD
    0x00003bf0   0x00003bf0   0x00000020   Data   RO         1074    Region$$Table       anon$$obj.o


    Execution Region ER_RW (Exec base: 0x20000000, Load base: 0x00003c10, Size: 0x00000058, Max: 0xffffffff, ABSOLUTE)

    Exec Addr    Load Addr    Size         Type   Attr      Idx    E Section Name        Object

    0x20000000   0x00003c10   0x00000001   Data   RW            6    .data               main.o
    0x20000001   0x00003c11   0x00000001   PAD
    0x20000002   0x00003c12   0x00000007   Data   RW          185    .data               project_interrupts.o
    0x20000009   0x00003c19   0x00000003   PAD
    0x2000000c   0x00003c1c   0x00000035   Data   RW          217    .data               game.o
    0x20000041   0x00003c51   0x00000001   PAD
    0x20000042   0x00003c52   0x00000002   Data   RW          266    .data               staff.o
    0x20000044   0x00003c54   0x00000002   Data   RW          625    .data               serial_debug.o
    0x20000046   0x00003c56   0x00000002   PAD
    0x20000048   0x00003c58   0x00000004   Data   RW          698    .data               system_tm4c123.o
    0x2000004c   0x00003c5c   0x00000004   Data   RW          733    .data               mc_w.l(stdout.o)
    0x20000050   0x00003c60   0x00000004   Data   RW         1053    .data               mc_w.l(mvars.o)
    0x20000054   0x00003c64   0x00000004   Data   RW         1054    .data               mc_w.l(mvars.o)


    Execution Region ER_ZI (Exec base: 0x20000058, Load base: 0x00003c68, Size: 0x00001048, Max: 0xffffffff, ABSOLUTE)

    Exec Addr    Load Addr    Size         Type   Attr      Idx    E Section Name        Object

    0x20000058        -       0x0000001e   Zero   RW          184    .bss                project_interrupts.o
    0x20000076        -       0x0000000a   Zero   RW          216    .bss                game.o
    0x20000080        -       0x0000001c   Zero   RW          624    .bss                serial_debug.o
    0x2000009c   0x00003c68   0x00000004   PAD
    0x200000a0        -       0x00000000   Zero   RW          688    HEAP                startup_tm4c123.o
    0x200000a0        -       0x00001000   Zero   RW          687    STACK               startup_tm4c123.o


==============================================================================

Image component sizes


      Code (inc. data)   RO Data    RW Data    ZI Data      Debug   Object Name

      1936        150          0         53         10       6508   game.o
       772         34          0          0          0       5562   gpio_port.o
       520         24          0          0          0       3713   i2c.o
         0          0       1060          0          0       4125   images.o
       324         14          0          0          0       1723   io_expander.o
      2886         28          0          0          0       8268   lcd.o
        80         10         67          1          0      30922   main.o
       220          6        304          0          0       2518   map.o
       124          0          0          0          0       1979   pc_buffer.o
       112         22          0          0          0        547   project_hardware_init.o
      1164         96          0          7         30       3871   project_interrupts.o
       280         24          0          0          0       1572   ps2.o
       540         26          0          2         28       5625   serial_debug.o
       304         16         20          2          0       2086   staff.o
       252         10        620          0       4096       5460   startup_tm4c123.o
       592        138          0          4          0       1593   system_tm4c123.o
       584         24          0          0          0      32848   timers.o
       620         64        262          0          0       1798   top_row_display.o
       656         54          0          0          0       3500   uart.o

    ----------------------------------------------------------------------
     11968        740       2368         76       4168     124218   Object Totals
         0          0         32          0          0          0   (incl. Generated)
         2          0          3          7          4          0   (incl. Padding)

    ----------------------------------------------------------------------

      Code (inc. data)   RO Data    RW Data    ZI Data      Debug   Library Member Name

        20          0          0          0          0        124   fabs.o
         0          0          0          0          0          0   entry.o
         0          0          0          0          0          0   entry10a.o
         0          0          0          0          0          0   entry11a.o
         8          4          0          0          0          0   entry2.o
         4          0          0          0          0          0   entry5.o
         0          0          0          0          0          0   entry7b.o
         0          0          0          0          0          0   entry8b.o
         8          4          0          0          0          0   entry9a.o
        30          0          0          0          0          0   handlers.o
        36          8          0          0          0         68   init.o
         0          0          0          0          0          0   iusefp.o
        30          0          0          0          0         68   llshl.o
        32          0          0          0          0         68   llushr.o
       108         16          0          0          0         84   malloc.o
         0          0          0          8          0          0   mvars.o
       372         14          0          0          0        184   printf1.o
         0          0          0          4          0          0   stdout.o
        44          0          0          0          0         80   uidiv.o
        48          0          0          0          0         68   cdcmple.o
        48          0          0          0          0         68   cdrcmple.o
       186          0          0          0          0        176   depilogue.o
        34          0          0          0          0         76   dflti.o
        26          0          0          0          0         76   dfltui.o

    ----------------------------------------------------------------------
      1040         46          0         12          0       1140   Library Totals
         6          0          0          0          0          0   (incl. Padding)

    ----------------------------------------------------------------------

      Code (inc. data)   RO Data    RW Data    ZI Data      Debug   Library Name

        20          0          0          0          0        124   m_wm.l
       672         46          0         12          0        552   mc_w.l
       342          0          0          0          0        464   mf_w.l

    ----------------------------------------------------------------------
      1040         46          0         12          0       1140   Library Totals

    ----------------------------------------------------------------------

==============================================================================


      Code (inc. data)   RO Data    RW Data    ZI Data      Debug   

     13008        786       2368         88       4168     121842   Grand Totals
     13008        786       2368         88       4168     121842   ELF Image Totals
     13008        786       2368         88          0          0   ROM Totals

==============================================================================

    Total RO  Size (Code + RO Data)                15376 (  15.02kB)
    Total RW  Size (RW Data + ZI Data)              4256 (   4.16kB)
    Total ROM Size (Code + RO Data + RW Data)      15464 (  15.10kB)

==============================================================================

