Component: ARM Compiler 5.06 update 6 (build 750) Tool: armlink [4d35ed]

==============================================================================

Section Cross References

    main.o(.text) refers to malloc.o(i.malloc) for malloc
    main.o(.text) refers to project_hardware_init.o(.text) for hardwareInit
    main.o(.text) refers to printf5.o(i.__0printf$5) for __2printf
    main.o(.text) refers to transition.o(.text) for game_start_page
    main.o(.text) refers to game.o(.text) for game
    main.o(.text) refers to game.o(.data) for RESTART
    main.o(.text) refers to main.o(.conststring) for .conststring
    main.o(.text) refers to map.o(.data) for MAP_SEL
    project_hardware_init.o(.text) refers to main.o(.text) for DisableInterrupts
    project_hardware_init.o(.text) refers to serial_debug.o(.text) for init_serial_debug
    project_hardware_init.o(.text) refers to lcd.o(.text) for lcd_config_gpio
    project_hardware_init.o(.text) refers to ps2.o(.text) for ps2_initialize
    project_hardware_init.o(.text) refers to io_expander.o(.text) for io_expander_init
    project_hardware_init.o(.text) refers to timers.o(.text) for gp_timer_config_32
    project_interrupts.o(.text) refers to io_expander.o(.text) for io_expander_read_reg
    project_interrupts.o(.text) refers to printf5.o(i.__0printf$5) for __2printf
    project_interrupts.o(.text) refers to dfltui.o(.text) for __aeabi_ui2d
    project_interrupts.o(.text) refers to cdrcmple.o(.text) for __aeabi_cdrcmple
    project_interrupts.o(.text) refers to tanks.o(.text) for set_dir
    project_interrupts.o(.text) refers to cdcmple.o(.text) for __aeabi_cdcmple
    project_interrupts.o(.text) refers to game.o(.text) for check_bump
    project_interrupts.o(.text) refers to staff.o(.text) for get_new_direction
    project_interrupts.o(.text) refers to game.o(.data) for BUTTON_PRESSED
    project_interrupts.o(.text) refers to project_interrupts.o(.data) for data
    project_interrupts.o(.text) refers to tanks.o(.data) for player
    project_interrupts.o(.text) refers to breathing_led.o(.data) for RGB_update
    project_interrupts.o(.text) refers to project_interrupts.o(.bss) for bump
    project_interrupts.o(.text) refers to lcd.o(.text) for lcd_draw_image
    project_interrupts.o(.text) refers to transition.o(.text) for game_transition_fail_page
    project_interrupts.o(.text) refers to map.o(.text) for getMap
    project_interrupts.o(.text) refers to game.o(.bss) for ALERT_SPACE_SHIP
    project_interrupts.o(.text) refers to images.o(.constdata) for shell_objBitmaps
    project_interrupts.o(.text) refers to map.o(.data) for MAP_SEL
    game.o(.text) refers to map.o(.text) for get_pos
    game.o(.text) refers to lcd.o(.text) for lcd_draw_image
    game.o(.text) refers to printf5.o(i.__0printf$5) for __2printf
    game.o(.text) refers to malloc.o(i.malloc) for malloc
    game.o(.text) refers to tanks.o(.text) for set_image
    game.o(.text) refers to top_row_display.o(.text) for drawHP
    game.o(.text) refers to images.o(.constdata) for blank_tileBitmaps
    game.o(.text) refers to tanks.o(.data) for player
    game.o(.text) refers to map.o(.data) for MAP_SEL
    game.o(.text) refers to game.o(.data) for i
    game.o(.text) refers to game.o(.bss) for ALERT_SPACE_SHIP
    images.o(.data) refers to images.o(.constdata) for easytank_upBitmaps
    staff.o(.text) refers to dflti.o(.text) for __aeabi_i2d
    staff.o(.text) refers to fabs.o(i.__hardfp_fabs) for __hardfp_fabs
    staff.o(.text) refers to cdrcmple.o(.text) for __aeabi_cdrcmple
    staff.o(.text) refers to printf5.o(i.__0printf$5) for __2printf
    staff.o(.text) refers to tanks.o(.text) for fire
    staff.o(.text) refers to staff.o(.data) for lfsr
    staff.o(.text) refers to tanks.o(.data) for enermy
    staff.o(.text) refers to staff.o(.constdata) for MOVE_AMOUNT
    map.o(.text) refers to lcd.o(.text) for lcd_draw_image
    map.o(.text) refers to map.o(.data) for MAP_SEL
    map.o(.text) refers to map.o(.constdata) for wall_tileBitmaps
    top_row_display.o(.text) refers to lcd.o(.text) for lcd_draw_image
    top_row_display.o(.text) refers to top_row_display.o(.constdata) for H
    breathing_led.o(.text) refers to main.o(.text) for delay
    breathing_led.o(.text) refers to launchpad_io.o(.text) for lp_io_init
    transition.o(.text) refers to lcd.o(.text) for lcd_clear_screen
    transition.o(.text) refers to io_expander.o(.text) for io_expander_read_reg
    transition.o(.text) refers to transition.o(.constdata) for start_pageBitmaps
    transition.o(.text) refers to map.o(.data) for MAP_SEL
    tanks.o(.text) refers to game.o(.text) for check_bump
    tanks.o(.text) refers to printf5.o(i.__0printf$5) for __2printf
    tanks.o(.text) refers to images.o(.data) for tanks_direction
    tanks.o(.text) refers to images.o(.constdata) for easytank_upHeightPixels
    tanks.o(.text) refers to tanks.o(.data) for player
    pc_buffer.o(.text) refers to malloc.o(i.malloc) for malloc
[...]
    printf5.o(i.__0vfprintf$5) refers to printf5.o(i._printf_core) for _printf_core
    printf5.o(i.__0vfprintf$5) refers to serial_debug.o(.text) for fputc
    printf5.o(i.__0vprintf$5) refers to printf5.o(i._printf_core) for _printf_core
    printf5.o(i.__0vprintf$5) refers to serial_debug.o(.text) for fputc
    printf5.o(i.__0vprintf$5) refers to stdout.o(.data) for __stdout
    printf5.o(i.__0vsnprintf$5) refers to printf5.o(i._printf_core) for _printf_core
    printf5.o(i.__0vsnprintf$5) refers to printf5.o(i._snputc) for _snputc
    printf5.o(i.__0vsprintf$5) refers to printf5.o(i._printf_core) for _printf_core
    printf5.o(i.__0vsprintf$5) refers to printf5.o(i._sputc) for _sputc
    printf5.o(i._printf_core) refers to uldiv.o(.text) for __aeabi_uldivmod
    printf6.o(i.__0fprintf$6) refers to printf6.o(i._printf_core) for _printf_core
    printf6.o(i.__0fprintf$6) refers to serial_debug.o(.text) for fputc
    printf6.o(i.__0printf$6) refers to printf6.o(i._printf_core) for _printf_core
    printf6.o(i.__0printf$6) refers to serial_debug.o(.text) for fputc
    printf6.o(i.__0printf$6) refers to stdout.o(.data) for __stdout
    printf6.o(i.__0snprintf$6) refers to printf6.o(i._printf_core) for _printf_core
    printf6.o(i.__0snprintf$6) refers to printf6.o(i._snputc) for _snputc
    printf6.o(i.__0sprintf$6) refers to printf6.o(i._printf_core) for _printf_core
    printf6.o(i.__0sprintf$6) refers to printf6.o(i._sputc) for _sputc
    printf6.o(i.__0vfprintf$6) refers to printf6.o(i._printf_core) for _printf_core
    printf6.o(i.__0vfprintf$6) refers to serial_debug.o(.text) for fputc
    printf6.o(i.__0vprintf$6) refers to printf6.o(i._printf_core) for _printf_core
    printf6.o(i.__0vprintf$6) refers to serial_debug.o(.text) for fputc
    printf6.o(i.__0vprintf$6) refers to stdout.o(.data) for __stdout
    printf6.o(i.__0vsnprintf$6) refers to printf6.o(i._printf_core) for _printf_core
    printf6.o(i.__0vsnprintf$6) refers to printf6.o(i._snputc) for _snputc
    printf6.o(i.__0vsprintf$6) refers to printf6.o(i._printf_core) for _printf_core
    printf6.o(i.__0vsprintf$6) refers to printf6.o(i._sputc) for _sputc
    printf6.o(i._printf_core) refers to printf6.o(i._printf_pre_padding) for _printf_pre_padding
    printf6.o(i._printf_core) refers to uidiv.o(.text) for __aeabi_uidivmod
    printf6.o(i._printf_core) refers to printf6.o(i._printf_post_padding) for _printf_post_padding
    printf7.o(i.__0fprintf$7) refers to printf7.o(i._printf_core) for _printf_core
    printf7.o(i.__0fprintf$7) refers to serial_debug.o(.text) for fputc
    printf7.o(i.__0printf$7) refers to printf7.o(i._printf_core) for _printf_core
    printf7.o(i.__0printf$7) refers to serial_debug.o(.text) for fputc
    printf7.o(i.__0printf$7) refers to stdout.o(.data) for __stdout
    printf7.o(i.__0snprintf$7) refers to printf7.o(i._printf_core) for _printf_core
    printf7.o(i.__0snprintf$7) refers to printf7.o(i._snputc) for _snputc
    printf7.o(i.__0sprintf$7) refers to printf7.o(i._printf_core) for _printf_core
    printf7.o(i.__0sprintf$7) refers to printf7.o(i._sputc) for _sputc
    printf7.o(i.__0vfprintf$7) refers to printf7.o(i._printf_core) for _printf_core
    printf7.o(i.__0vfprintf$7) refers to serial_debug.o(.text) for fputc
    printf7.o(i.__0vprintf$7) refers to printf7.o(i._printf_core) for _printf_core
    printf7.o(i.__0vprintf$7) refers to serial_debug.o(.text) for fputc
    printf7.o(i.__0vprintf$7) refers to stdout.o(.data) for __stdout
    printf7.o(i.__0vsnprintf$7) refers to printf7.o(i._printf_core) for _printf_core
    printf7.o(i.__0vsnprintf$7) refers to printf7.o(i._snputc) for _snputc
    printf7.o(i.__0vsprintf$7) refers to printf7.o(i._printf_core) for _printf_core
    printf7.o(i.__0vsprintf$7) refers to printf7.o(i._sputc) for _sputc
    printf7.o(i._printf_core) refers to printf7.o(i._printf_pre_padding) for _printf_pre_padding
    printf7.o(i._printf_core) refers to uldiv.o(.text) for __aeabi_uldivmod
    printf7.o(i._printf_core) refers to printf7.o(i._printf_post_padding) for _printf_post_padding
    printf8.o(i.__0fprintf$8) refers to printf8.o(i._printf_core) for _printf_core
    printf8.o(i.__0fprintf$8) refers to serial_debug.o(.text) for fputc
    printf8.o(i.__0printf$8) refers to printf8.o(i._printf_core) for _printf_core
    printf8.o(i.__0printf$8) refers to serial_debug.o(.text) for fputc
    printf8.o(i.__0printf$8) refers to stdout.o(.data) for __stdout
    printf8.o(i.__0snprintf$8) refers to printf8.o(i._printf_core) for _printf_core
    printf8.o(i.__0snprintf$8) refers to printf8.o(i._snputc) for _snputc
    printf8.o(i.__0sprintf$8) refers to printf8.o(i._printf_core) for _printf_core
    printf8.o(i.__0sprintf$8) refers to printf8.o(i._sputc) for _sputc
    printf8.o(i.__0vfprintf$8) refers to printf8.o(i._printf_core) for _printf_core
    printf8.o(i.__0vfprintf$8) refers to serial_debug.o(.text) for fputc
    printf8.o(i.__0vprintf$8) refers to printf8.o(i._printf_core) for _printf_core
    printf8.o(i.__0vprintf$8) refers to serial_debug.o(.text) for fputc
    printf8.o(i.__0vprintf$8) refers to stdout.o(.data) for __stdout
    printf8.o(i.__0vsnprintf$8) refers to printf8.o(i._printf_core) for _printf_core
    printf8.o(i.__0vsnprintf$8) refers to printf8.o(i._snputc) for _snputc
    printf8.o(i.__0vsprintf$8) refers to printf8.o(i._printf_core) for _printf_core
    printf8.o(i.__0vsprintf$8) refers to printf8.o(i._sputc) for _sputc
    printf8.o(i._printf_core) refers to printf8.o(i._printf_pre_padding) for _printf_pre_padding
    printf8.o(i._printf_core) refers to uldiv.o(.text) for __aeabi_uldivmod
    printf8.o(i._printf_core) refers to printf8.o(i._printf_post_padding) for _printf_post_padding
    printfa.o(i.__0fprintf) refers (Special) to iusefp.o(.text) for __I$use$fp
    printfa.o(i.__0fprintf) refers to printfa.o(i._printf_core) for _printf_core
    printfa.o(i.__0fprintf) refers to serial_debug.o(.text) for fputc
    printfa.o(i.__0printf) refers (Special) to iusefp.o(.text) for __I$use$fp
    printfa.o(i.__0printf) refers to printfa.o(i._printf_core) for _printf_core
    printfa.o(i.__0printf) refers to serial_debug.o(.text) for fputc
    printfa.o(i.__0printf) refers to stdout.o(.data) for __stdout
    printfa.o(i.__0snprintf) refers (Special) to iusefp.o(.text) for __I$use$fp
    printfa.o(i.__0snprintf) refers to printfa.o(i._printf_core) for _printf_core
    printfa.o(i.__0snprintf) refers to printfa.o(i._snputc) for _snputc
    printfa.o(i.__0sprintf) refers (Special) to iusefp.o(.text) for __I$use$fp
    printfa.o(i.__0sprintf) refers to printfa.o(i._printf_core) for _printf_core
    printfa.o(i.__0sprintf) refers to printfa.o(i._sputc) for _sputc
    printfa.o(i.__0vfprintf) refers (Special) to iusefp.o(.text) for __I$use$fp
    printfa.o(i.__0vfprintf) refers to printfa.o(i._printf_core) for _printf_core
    printfa.o(i.__0vfprintf) refers to serial_debug.o(.text) for fputc
    printfa.o(i.__0vprintf) refers (Special) to iusefp.o(.text) for __I$use$fp
    printfa.o(i.__0vprintf) refers to printfa.o(i._printf_core) for _printf_core
    printfa.o(i.__0vprintf) refers to serial_debug.o(.text) for fputc
    printfa.o(i.__0vprintf) refers to stdout.o(.data) for __stdout
    printfa.o(i.__0vsnprintf) refers (Special) to iusefp.o(.text) for __I$use$fp
    printfa.o(i.__0vsnprintf) refers to printfa.o(i._printf_core) for _printf_core
    printfa.o(i.__0vsnprintf) refers to printfa.o(i._snputc) for _snputc
    printfa.o(i.__0vsprintf) refers (Special) to iusefp.o(.text) for __I$use$fp
    printfa.o(i.__0vsprintf) refers to printfa.o(i._printf_core) for _printf_core
    printfa.o(i.__0vsprintf) refers to printfa.o(i._sputc) for _sputc
    printfa.o(i._fp_digits) refers (Special) to iusefp.o(.text) for __I$use$fp
    printfa.o(i._fp_digits) refers to dmul.o(.text) for __aeabi_dmul
    printfa.o(i._fp_digits) refers to ddiv.o(.text) for __aeabi_ddiv
    printfa.o(i._fp_digits) refers to cdrcmple.o(.text) for __aeabi_cdrcmple
    printfa.o(i._fp_digits) refers to dadd.o(.text) for __aeabi_dadd
    printfa.o(i._fp_digits) refers to dfixul.o(.text) for __aeabi_d2ulz
    printfa.o(i._fp_digits) refers to uldiv.o(.text) for __aeabi_uldivmod
    printfa.o(i._printf_core) refers (Special) to iusefp.o(.text) for __I$use$fp
    printfa.o(i._printf_core) refers to printfa.o(i._printf_pre_padding) for _printf_pre_padding
    printfa.o(i._printf_core) refers to uldiv.o(.text) for __aeabi_uldivmod
    printfa.o(i._printf_core) refers to printfa.o(i._printf_post_padding) for _printf_post_padding
    printfa.o(i._printf_core) refers to printfa.o(i._fp_digits) for _fp_digits
    printfa.o(i._printf_core) refers to uidiv.o(.text) for __aeabi_uidivmod
    printfa.o(i._printf_post_padding) refers (Special) to iusefp.o(.text) for __I$use$fp
    printfa.o(i._printf_pre_padding) refers (Special) to iusefp.o(.text) for __I$use$fp
    printfa.o(i._snputc) refers (Special) to iusefp.o(.text) for __I$use$fp
    printfa.o(i._sputc) refers (Special) to iusefp.o(.text) for __I$use$fp
    malloc.o(i.free) refers to mvars.o(.data) for __microlib_freelist
    malloc.o(i.malloc) refers to mvars.o(.data) for __microlib_freelist_initialised
    malloc.o(i.malloc) refers to mvars.o(.data) for __microlib_freelist
    malloc.o(i.malloc) refers to startup_tm4c123.o(HEAP) for __heap_base
    mallocr.o(i.__free$realloc) refers to mvars.o(.data) for __microlib_freelist
    mallocr.o(i.__malloc$realloc) refers to mallocr.o(i.internal_alloc) for internal_alloc
    mallocr.o(i.__malloc$realloc) refers to mvars.o(.data) for __microlib_freelist_initialised
    mallocr.o(i.__malloc$realloc) refers to startup_tm4c123.o(HEAP) for __heap_base
    mallocr.o(i.__malloc$realloc) refers to mvars.o(.data) for __microlib_freelist
    mallocr.o(i.internal_alloc) refers to memcpya.o(.text) for __aeabi_memcpy
    mallocr.o(i.internal_alloc) refers to mvars.o(.data) for __microlib_freelist
    mallocr.o(i.realloc) refers to mallocr.o(i.__free$realloc) for __free$realloc
    mallocr.o(i.realloc) refers to mallocr.o(i.internal_alloc) for internal_alloc
    mallocr.o(i.realloc) refers to mallocr.o(i.__malloc$realloc) for __malloc$realloc
    mallocr.o(i.realloc) refers to mvars.o(.data) for __microlib_freelist
    malloca.o(i.__aligned_malloc) refers to mvars.o(.data) for __microlib_freelist_initialised
    malloca.o(i.__aligned_malloc) refers to mvars.o(.data) for __microlib_freelist
    malloca.o(i.__aligned_malloc) refers to startup_tm4c123.o(HEAP) for __heap_base
    malloca.o(i.__free$memalign) refers to mvars.o(.data) for __microlib_freelist
    malloca.o(i.__malloc$memalign) refers to malloca.o(i.__aligned_malloc) for __aligned_malloc
    mallocra.o(i.__aligned_malloc$realloc) refers to mallocra.o(i.internal_alloc) for internal_alloc
    mallocra.o(i.__aligned_malloc$realloc) refers to mvars.o(.data) for __microlib_freelist_initialised
    mallocra.o(i.__aligned_malloc$realloc) refers to startup_tm4c123.o(HEAP) for __heap_base
    mallocra.o(i.__aligned_malloc$realloc) refers to mvars.o(.data) for __microlib_freelist
    mallocra.o(i.__free$realloc$memalign) refers to mvars.o(.data) for __microlib_freelist
    mallocra.o(i.__malloc$realloc$memalign) refers to mallocra.o(i.__aligned_malloc$realloc) for __aligned_malloc$realloc
    mallocra.o(i.__realloc$memalign) refers to mallocra.o(i.__free$realloc$memalign) for __free$realloc$memalign
    mallocra.o(i.__realloc$memalign) refers to mallocra.o(i.internal_alloc) for internal_alloc
    mallocra.o(i.__realloc$memalign) refers to mallocra.o(i.__malloc$realloc$memalign) for __malloc$realloc$memalign
    mallocra.o(i.__realloc$memalign) refers to mvars.o(.data) for __microlib_freelist
    mallocra.o(i.internal_alloc) refers to memcpya.o(.text) for __aeabi_memcpy
    mallocra.o(i.internal_alloc) refers to mvars.o(.data) for __microlib_freelist
    dflti.o(.text) refers (Special) to iusefp.o(.text) for __I$use$fp
    dflti.o(.text) refers to depilogue.o(.text) for _double_epilogue
    dfltui.o(.text) refers (Special) to iusefp.o(.text) for __I$use$fp
    dfltui.o(.text) refers to depilogue.o(.text) for _double_epilogue
    cdcmple.o(.text) refers (Special) to iusefp.o(.text) for __I$use$fp
    cdrcmple.o(.text) refers (Special) to iusefp.o(.text) for __I$use$fp
    entry2.o(.ARM.Collect$$$$00000001) refers to entry2.o(.ARM.Collect$$$$00002712) for __lit__00000000
    entry2.o(.ARM.Collect$$$$00002712) refers to startup_tm4c123.o(STACK) for __initial_sp
    entry2.o(__vectab_stack_and_reset_area) refers to startup_tm4c123.o(STACK) for __initial_sp
    entry2.o(__vectab_stack_and_reset_area) refers to entry.o(.ARM.Collect$$$$00000000) for __main
    entry5.o(.ARM.Collect$$$$00000004) refers to init.o(.text) for __scatterload
    entry9a.o(.ARM.Collect$$$$0000000B) refers to main.o(.text) for main
    entry9b.o(.ARM.Collect$$$$0000000C) refers to main.o(.text) for main
    uldiv.o(.text) refers to llushr.o(.text) for __aeabi_llsr
    uldiv.o(.text) refers to llshl.o(.text) for __aeabi_llsl
    depilogue.o(.text) refers to llshl.o(.text) for __aeabi_llsl
    depilogue.o(.text) refers to llushr.o(.text) for __aeabi_llsr
    dadd.o(.text) refers to llshl.o(.text) for __aeabi_llsl
    dadd.o(.text) refers to llsshr.o(.text) for __aeabi_lasr
    dadd.o(.text) refers to depilogue.o(.text) for _double_epilogue
    dmul.o(.text) refers to depilogue.o(.text) for _double_epilogue
    ddiv.o(.text) refers to depilogue.o(.text) for _double_round
    dfixul.o(.text) refers to llushr.o(.text) for __aeabi_llsr
    dfixul.o(.text) refers to llshl.o(.text) for __aeabi_llsl
    init.o(.text) refers to entry5.o(.ARM.Collect$$$$00000004) for __main_after_scatterload


==============================================================================

Removing Unused input sections from the image.

    Removing main.o(.rev16_text), (4 bytes).
    Removing main.o(.revsh_text), (4 bytes).
    Removing main.o(.rrx_text), (6 bytes).
    Removing project_hardware_init.o(.rev16_text), (4 bytes).
    Removing project_hardware_init.o(.revsh_text), (4 bytes).
    Removing project_hardware_init.o(.rrx_text), (6 bytes).
    Removing project_interrupts.o(.rev16_text), (4 bytes).
    Removing project_interrupts.o(.revsh_text), (4 bytes).
    Removing project_interrupts.o(.rrx_text), (6 bytes).
    Removing game.o(.rev16_text), (4 bytes).
    Removing game.o(.revsh_text), (4 bytes).
    Removing game.o(.rrx_text), (6 bytes).
    Removing staff.o(.rev16_text), (4 bytes).
    Removing staff.o(.revsh_text), (4 bytes).
    Removing staff.o(.rrx_text), (6 bytes).
    Removing map.o(.rev16_text), (4 bytes).
    Removing map.o(.revsh_text), (4 bytes).
    Removing map.o(.rrx_text), (6 bytes).
    Removing top_row_display.o(.rev16_text), (4 bytes).
    Removing top_row_display.o(.revsh_text), (4 bytes).
    Removing top_row_display.o(.rrx_text), (6 bytes).
    Removing breathing_led.o(.rev16_text), (4 bytes).
    Removing breathing_led.o(.revsh_text), (4 bytes).
    Removing breathing_led.o(.rrx_text), (6 bytes).
    Removing breathing_led.o(.text), (260 bytes).
    Removing transition.o(.rev16_text), (4 bytes).
    Removing transition.o(.revsh_text), (4 bytes).
    Removing transition.o(.rrx_text), (6 bytes).
    Removing tanks.o(.rev16_text), (4 bytes).
    Removing tanks.o(.revsh_text), (4 bytes).
    Removing tanks.o(.rrx_text), (6 bytes).
    Removing adc.o(.rev16_text), (4 bytes).
    Removing adc.o(.revsh_text), (4 bytes).
    Removing adc.o(.rrx_text), (6 bytes).
    Removing adc.o(.text), (296 bytes).
    Removing gpio_port.o(.rev16_text), (4 bytes).
    Removing gpio_port.o(.revsh_text), (4 bytes).
    Removing gpio_port.o(.rrx_text), (6 bytes).
    Removing i2c.o(.rev16_text), (4 bytes).
    Removing i2c.o(.revsh_text), (4 bytes).
    Removing i2c.o(.rrx_text), (6 bytes).
    Removing timers.o(.rev16_text), (4 bytes).
    Removing timers.o(.revsh_text), (4 bytes).
    Removing timers.o(.rrx_text), (6 bytes).
    Removing uart.o(.rev16_text), (4 bytes).
    Removing uart.o(.revsh_text), (4 bytes).
    Removing uart.o(.rrx_text), (6 bytes).
    Removing eeprom.o(.rev16_text), (4 bytes).
    Removing eeprom.o(.revsh_text), (4 bytes).
    Removing eeprom.o(.rrx_text), (6 bytes).
    Removing eeprom.o(.text), (420 bytes).
    Removing ft6x06.o(.rev16_text), (4 bytes).
    Removing ft6x06.o(.revsh_text), (4 bytes).
    Removing ft6x06.o(.rrx_text), (6 bytes).
    Removing ft6x06.o(.text), (432 bytes).
    Removing launchpad_io.o(.rev16_text), (4 bytes).
    Removing launchpad_io.o(.revsh_text), (4 bytes).
    Removing launchpad_io.o(.rrx_text), (6 bytes).
    Removing launchpad_io.o(.text), (440 bytes).
    Removing lcd.o(.rev16_text), (4 bytes).
    Removing lcd.o(.revsh_text), (4 bytes).
    Removing lcd.o(.rrx_text), (6 bytes).
    Removing ps2.o(.rev16_text), (4 bytes).
    Removing ps2.o(.revsh_text), (4 bytes).
    Removing ps2.o(.rrx_text), (6 bytes).
    Removing serial_debug.o(.rev16_text), (4 bytes).
    Removing serial_debug.o(.revsh_text), (4 bytes).
    Removing serial_debug.o(.rrx_text), (6 bytes).
    Removing io_expander.o(.rev16_text), (4 bytes).
    Removing io_expander.o(.revsh_text), (4 bytes).
    Removing io_expander.o(.rrx_text), (6 bytes).
    Removing system_tm4c123.o(.rev16_text), (4 bytes).
    Removing system_tm4c123.o(.revsh_text), (4 bytes).
    Removing system_tm4c123.o(.rrx_text), (6 bytes).
    Removing dadd.o(.text), (334 bytes).
    Removing dmul.o(.text), (228 bytes).
    Removing ddiv.o(.text), (222 bytes).
    Removing dfixul.o(.text), (48 bytes).

78 unused section(s) (total 3002 bytes) removed from the image.

==============================================================================

Image Symbol Table

    Local Symbols

    Symbol Name                              Value     Ov Type        Size  Object(Section)

    RESET                                    0x00000000   Section      620  startup_tm4c123.o(RESET)
    ../clib/microlib/division.c              0x00000000   Number         0  uldiv.o ABSOLUTE
    ../clib/microlib/division.c              0x00000000   Number         0  uidiv.o ABSOLUTE
    ../clib/microlib/init/entry.s            0x00000000   Number         0  entry5.o ABSOLUTE
    ../clib/microlib/init/entry.s            0x00000000   Number         0  entry.o ABSOLUTE
    ../clib/microlib/init/entry.s            0x00000000   Number         0  entry2.o ABSOLUTE
    ../clib/microlib/init/entry.s            0x00000000   Number         0  entry11b.o ABSOLUTE
    ../clib/microlib/init/entry.s            0x00000000   Number         0  entry11a.o ABSOLUTE
    ../clib/microlib/init/entry.s            0x00000000   Number         0  entry10b.o ABSOLUTE
    ../clib/microlib/init/entry.s            0x00000000   Number         0  entry10a.o ABSOLUTE
    ../clib/microlib/init/entry.s            0x00000000   Number         0  entry9b.o ABSOLUTE
    ../clib/microlib/init/entry.s            0x00000000   Number         0  entry9a.o ABSOLUTE
    ../clib/microlib/init/entry.s            0x00000000   Number         0  entry8b.o ABSOLUTE
    ../clib/microlib/init/entry.s            0x00000000   Number         0  entry8a.o ABSOLUTE
    ../clib/microlib/init/entry.s            0x00000000   Number         0  entry7b.o ABSOLUTE
    ../clib/microlib/init/entry.s            0x00000000   Number         0  entry7a.o ABSOLUTE
    ../clib/microlib/longlong.c              0x00000000   Number         0  llsshr.o ABSOLUTE
    ../clib/microlib/longlong.c              0x00000000   Number         0  llushr.o ABSOLUTE
    ../clib/microlib/longlong.c              0x00000000   Number         0  llshl.o ABSOLUTE
    ../clib/microlib/malloc/malloc.c         0x00000000   Number         0  malloc.o ABSOLUTE
    ../clib/microlib/malloc/malloc.c         0x00000000   Number         0  mallocr.o ABSOLUTE
    ../clib/microlib/malloc/malloc.c         0x00000000   Number         0  malloca.o ABSOLUTE
    ../clib/microlib/malloc/malloc.c         0x00000000   Number         0  mallocra.o ABSOLUTE
    ../clib/microlib/malloc/mvars.c          0x00000000   Number         0  mvars.o ABSOLUTE
    ../clib/microlib/printf/printf.c         0x00000000   Number         0  printf7.o ABSOLUTE
    ../clib/microlib/printf/printf.c         0x00000000   Number         0  printf6.o ABSOLUTE
    ../clib/microlib/printf/printf.c         0x00000000   Number         0  printf5.o ABSOLUTE
    ../clib/microlib/printf/printf.c         0x00000000   Number         0  printf4.o ABSOLUTE
    ../clib/microlib/printf/printf.c         0x00000000   Number         0  printf3.o ABSOLUTE
    ../clib/microlib/printf/printf.c         0x00000000   Number         0  printf2.o ABSOLUTE
    ../clib/microlib/printf/printf.c         0x00000000   Number         0  printf1.o ABSOLUTE
    ../clib/microlib/printf/printf.c         0x00000000   Number         0  printf0.o ABSOLUTE
    ../clib/microlib/printf/printf.c         0x00000000   Number         0  printfb.o ABSOLUTE
    ../clib/microlib/printf/printf.c         0x00000000   Number         0  printfa.o ABSOLUTE
    ../clib/microlib/printf/printf.c         0x00000000   Number         0  printf8.o ABSOLUTE
    ../clib/microlib/printf/stubs.s          0x00000000   Number         0  stubs.o ABSOLUTE
    ../clib/microlib/stdio/streams.c         0x00000000   Number         0  stdout.o ABSOLUTE
    ../clib/microlib/string/memcpy.c         0x00000000   Number         0  memcpyb.o ABSOLUTE
    ../clib/microlib/string/memcpy.c         0x00000000   Number         0  memcpya.o ABSOLUTE
    ../clib/microlib/stubs.s                 0x00000000   Number         0  iusefp.o ABSOLUTE
    ../fplib/microlib/fpadd.c                0x00000000   Number         0  dadd.o ABSOLUTE
    ../fplib/microlib/fpdiv.c                0x00000000   Number         0  ddiv.o ABSOLUTE
    ../fplib/microlib/fpepilogue.c           0x00000000   Number         0  depilogue.o ABSOLUTE
    ../fplib/microlib/fpfix.c                0x00000000   Number         0  dfixul.o ABSOLUTE
    ../fplib/microlib/fpflt.c                0x00000000   Number         0  dflti.o ABSOLUTE
    ../fplib/microlib/fpflt.c                0x00000000   Number         0  dfltui.o ABSOLUTE
    ../fplib/microlib/fpmul.c                0x00000000   Number         0  dmul.o ABSOLUTE
    ../mathlib/fabs.c                        0x00000000   Number         0  fabs.o ABSOLUTE
    ..\\drivers\\c\\adc.c                    0x00000000   Number         0  adc.o ABSOLUTE
    ..\\drivers\\c\\gpio_port.c              0x00000000   Number         0  gpio_port.o ABSOLUTE
    ..\\drivers\\c\\i2c.c                    0x00000000   Number         0  i2c.o ABSOLUTE
    ..\\drivers\\c\\timers.c                 0x00000000   Number         0  timers.o ABSOLUTE
    ..\\drivers\\c\\uart.c                   0x00000000   Number         0  uart.o ABSOLUTE
    ..\\peripherals\\c\\eeprom.c             0x00000000   Number         0  eeprom.o ABSOLUTE
    ..\\peripherals\\c\\ft6x06.c             0x00000000   Number         0  ft6x06.o ABSOLUTE
    ..\\peripherals\\c\\io_expander.c        0x00000000   Number         0  io_expander.o ABSOLUTE
    ..\\peripherals\\c\\launchpad_io.c       0x00000000   Number         0  launchpad_io.o ABSOLUTE
    ..\\peripherals\\c\\lcd.c                0x00000000   Number         0  lcd.o ABSOLUTE
    ..\\peripherals\\c\\ps2.c                0x00000000   Number         0  ps2.o ABSOLUTE
    ..\\peripherals\\c\\serial_debug.c       0x00000000   Number         0  serial_debug.o ABSOLUTE
    ..\drivers\c\adc.c                       0x00000000   Number         0  adc.o ABSOLUTE
    ..\drivers\c\gpio_port.c                 0x00000000   Number         0  gpio_port.o ABSOLUTE
    ..\drivers\c\i2c.c                       0x00000000   Number         0  i2c.o ABSOLUTE
    ..\drivers\c\pc_buffer.c                 0x00000000   Number         0  pc_buffer.o ABSOLUTE
    ..\drivers\c\timers.c                    0x00000000   Number         0  timers.o ABSOLUTE
    ..\drivers\c\uart.c                      0x00000000   Number         0  uart.o ABSOLUTE
    ..\peripherals\c\eeprom.c                0x00000000   Number         0  eeprom.o ABSOLUTE
    ..\peripherals\c\ft6x06.c                0x00000000   Number         0  ft6x06.o ABSOLUTE
    ..\peripherals\c\io_expander.c           0x00000000   Number         0  io_expander.o ABSOLUTE
    ..\peripherals\c\launchpad_io.c          0x00000000   Number         0  launchpad_io.o ABSOLUTE
    ..\peripherals\c\lcd.c                   0x00000000   Number         0  lcd.o ABSOLUTE
    ..\peripherals\c\ps2.c                   0x00000000   Number         0  ps2.o ABSOLUTE
    ..\peripherals\c\serial_debug.c          0x00000000   Number         0  serial_debug.o ABSOLUTE
    RTE\Device\TM4C123GH6PM\startup_TM4C123.s 0x00000000   Number         0  startup_tm4c123.o ABSOLUTE
    RTE\Device\TM4C123GH6PM\system_TM4C123.c 0x00000000   Number         0  system_tm4c123.o ABSOLUTE
    RTE\\Device\\TM4C123GH6PM\\system_TM4C123.c 0x00000000   Number         0  system_tm4c123.o ABSOLUTE
    breathing_led.c                          0x00000000   Number         0  breathing_led.o ABSOLUTE
    breathing_led.c                          0x00000000   Number         0  breathing_led.o ABSOLUTE
    cdcmple.s                                0x00000000   Number         0  cdcmple.o ABSOLUTE
    cdrcmple.s                               0x00000000   Number         0  cdrcmple.o ABSOLUTE
    dc.s                                     0x00000000   Number         0  dc.o ABSOLUTE
    game.c                                   0x00000000   Number         0  game.o ABSOLUTE
    game.c                                   0x00000000   Number         0  game.o ABSOLUTE
    handlers.s                               0x00000000   Number         0  handlers.o ABSOLUTE
    images.c                                 0x00000000   Number         0  images.o ABSOLUTE
    init.s                                   0x00000000   Number         0  init.o ABSOLUTE
    main.c                                   0x00000000   Number         0  main.o ABSOLUTE
    main.c                                   0x00000000   Number         0  main.o ABSOLUTE
    map.c                                    0x00000000   Number         0  map.o ABSOLUTE
    map.c                                    0x00000000   Number         0  map.o ABSOLUTE
    project_hardware_init.c                  0x00000000   Number         0  project_hardware_init.o ABSOLUTE
    project_hardware_init.c                  0x00000000   Number         0  project_hardware_init.o ABSOLUTE
    project_interrupts.c                     0x00000000   Number         0  project_interrupts.o ABSOLUTE
    project_interrupts.c                     0x00000000   Number         0  project_interrupts.o ABSOLUTE
    staff.c                                  0x00000000   Number         0  staff.o ABSOLUTE
    staff.c                                  0x00000000   Number         0  staff.o ABSOLUTE
    tanks.c                                  0x00000000   Number         0  tanks.o ABSOLUTE
    tanks.c                                  0x00000000   Number         0  tanks.o ABSOLUTE
    top_row_display.c                        0x00000000   Number         0  top_row_display.o ABSOLUTE
    top_row_display.c                        0x00000000   Number         0  top_row_display.o ABSOLUTE
    transition.c                             0x00000000   Number         0  transition.o ABSOLUTE
    transition.c                             0x00000000   Number         0  transition.o ABSOLUTE
    .ARM.Collect$$$$00000000                 0x0000026c   Section        0  entry.o(.ARM.Collect$$$$00000000)
    .ARM.Collect$$$$00000001                 0x0000026c   Section        4  entry2.o(.ARM.Collect$$$$00000001)
    .ARM.Collect$$$$00000004                 0x00000270   Section        4  entry5.o(.ARM.Collect$$$$00000004)
    .ARM.Collect$$$$00000008                 0x00000274   Section        0  entry7b.o(.ARM.Collect$$$$00000008)
    .ARM.Collect$$$$0000000A                 0x00000274   Section        0  entry8b.o(.ARM.Collect$$$$0000000A)
    .ARM.Collect$$$$0000000B                 0x00000274   Section        8  entry9a.o(.ARM.Collect$$$$0000000B)
    .ARM.Collect$$$$0000000D                 0x0000027c   Section        0  entry10a.o(.ARM.Collect$$$$0000000D)
    .ARM.Collect$$$$0000000F                 0x0000027c   Section        0  entry11a.o(.ARM.Collect$$$$0000000F)
    .ARM.Collect$$$$00002712                 0x0000027c   Section        4  entry2.o(.ARM.Collect$$$$00002712)
    __lit__00000000                          0x0000027c   Data           4  entry2.o(.ARM.Collect$$$$00002712)
    .text                                    0x00000280   Section        0  main.o(.text)
    .text                                    0x0000031c   Section        0  project_hardware_init.o(.text)
    .text                                    0x000003a4   Section        0  project_interrupts.o(.text)
    .text                                    0x00000c3c   Section        0  game.o(.text)
    DisableInterrupts                        0x00000c3d   Thumb Code     4  game.o(.text)
    EnableInterrupts                         0x00000c41   Thumb Code     4  game.o(.text)
    .text                                    0x00001140   Section        0  staff.o(.text)
    .text                                    0x000013b0   Section        0  map.o(.text)
    .text                                    0x00001558   Section        0  top_row_display.o(.text)
    .text                                    0x000017c4   Section        0  transition.o(.text)
    DisableInterrupts                        0x000017c5   Thumb Code     4  transition.o(.text)
    EnableInterrupts                         0x000017c9   Thumb Code     4  transition.o(.text)
    .text                                    0x00001a58   Section        0  tanks.o(.text)
    .text                                    0x00001dbc   Section        0  gpio_port.o(.text)
    verify_base_addr                         0x00001dbd   Thumb Code    64  gpio_port.o(.text)
    .text                                    0x000020c0   Section        0  i2c.o(.text)
    .text                                    0x000022c8   Section        0  pc_buffer.o(.text)
    .text                                    0x00002344   Section        0  timers.o(.text)
    verify_base_addr                         0x00002345   Thumb Code    64  timers.o(.text)
    get_clock_masks                          0x000023cf   Thumb Code   106  timers.o(.text)
    .text                                    0x0000258c   Section        0  uart.o(.text)
    .text                                    0x0000281c   Section        0  lcd.o(.text)
    lcd_write_cmd_u8                         0x00002837   Thumb Code    40  lcd.o(.text)
    lcd_write_data_u8                        0x0000285f   Thumb Code    28  lcd.o(.text)
    lcd_write_data_u16                       0x0000287b   Thumb Code    48  lcd.o(.text)
    .text                                    0x00003364   Section        0  ps2.o(.text)
    initialize_adc_gpio_pins                 0x00003365   Thumb Code    34  ps2.o(.text)
    ps2_configure_adc                        0x00003387   Thumb Code   118  ps2.o(.text)
    .text                                    0x0000347c   Section        0  serial_debug.o(.text)
    .text                                    0x00003698   Section        0  io_expander.o(.text)
    .text                                    0x00003848   Section      252  startup_tm4c123.o(.text)
    $v0                                      0x00003848   Number         0  startup_tm4c123.o(.text)
    .text                                    0x00003944   Section        0  system_tm4c123.o(.text)
    getOscClk                                0x00003945   Thumb Code   182  system_tm4c123.o(.text)
    .text                                    0x00003b94   Section        0  dflti.o(.text)
    .text                                    0x00003bb6   Section        0  dfltui.o(.text)
    .text                                    0x00003bd0   Section       48  cdcmple.o(.text)
    .text                                    0x00003c00   Section       48  cdrcmple.o(.text)
    .text                                    0x00003c30   Section        0  uldiv.o(.text)
    .text                                    0x00003c92   Section        0  depilogue.o(.text)
    .text                                    0x00003c92   Section        0  iusefp.o(.text)
    .text                                    0x00003d4c   Section       36  init.o(.text)
    .text                                    0x00003d70   Section        0  llshl.o(.text)
    .text                                    0x00003d8e   Section        0  llushr.o(.text)
    i.__0printf$5                            0x00003db0   Section        0  printf5.o(i.__0printf$5)
    i.__hardfp_fabs                          0x00003dd0   Section        0  fabs.o(i.__hardfp_fabs)
    i.__scatterload_copy                     0x00003de4   Section       14  handlers.o(i.__scatterload_copy)
    i.__scatterload_null                     0x00003df2   Section        2  handlers.o(i.__scatterload_null)
    i.__scatterload_zeroinit                 0x00003df4   Section       14  handlers.o(i.__scatterload_zeroinit)
    i._printf_core                           0x00003e04   Section        0  printf5.o(i._printf_core)
    _printf_core                             0x00003e05   Thumb Code   658  printf5.o(i._printf_core)
    i.malloc                                 0x000040c4   Section        0  malloc.o(i.malloc)
    .constdata                               0x00004130   Section     1060  images.o(.constdata)
    .constdata                               0x00004554   Section       20  staff.o(.constdata)
    MOVE_AMOUNT                              0x00004554   Data          16  staff.o(.constdata)
    MOV_DIR                                  0x00004564   Data           4  staff.o(.constdata)
    .constdata                               0x00004568   Section      664  map.o(.constdata)
    .constdata                               0x00004800   Section      262  top_row_display.o(.constdata)
    .constdata                               0x00004906   Section    76832  transition.o(.constdata)
    .conststring                             0x00017528   Section       67  main.o(.conststring)
    .data                                    0x20000000   Section        8  project_interrupts.o(.data)
    PS2_X_DATA                               0x20000000   Data           2  project_interrupts.o(.data)
    PS2_Y_DATA                               0x20000002   Data           2  project_interrupts.o(.data)
    SHIP_DIRECTION                           0x20000004   Data           1  project_interrupts.o(.data)
    .data                                    0x20000008   Section       40  game.o(.data)
    .data                                    0x20000030   Section       64  images.o(.data)
    .data                                    0x20000070   Section        2  staff.o(.data)
    lfsr                                     0x20000070   Data           2  staff.o(.data)
    .data                                    0x20000072   Section        1  map.o(.data)
    .data                                    0x20000073   Section        8  breathing_led.o(.data)
    .data                                    0x2000007c   Section       14  tanks.o(.data)
    .data                                    0x2000008a   Section        2  serial_debug.o(.data)
    Rx_Interrupts_Enabled                    0x2000008a   Data           1  serial_debug.o(.data)
    Tx_Interrupts_Enabled                    0x2000008b   Data           1  serial_debug.o(.data)
    .data                                    0x2000008c   Section        4  system_tm4c123.o(.data)
    .data                                    0x20000090   Section        4  stdout.o(.data)
    .data                                    0x20000094   Section        4  mvars.o(.data)
    .data                                    0x20000098   Section        4  mvars.o(.data)
    .bss                                     0x2000009c   Section       30  project_interrupts.o(.bss)
    MOVE_COUNT                               0x2000009c   Data          20  project_interrupts.o(.bss)
    bump                                     0x200000b0   Data          10  project_interrupts.o(.bss)
    .bss                                     0x200000ba   Section       10  game.o(.bss)
    .bss                                     0x200000c4   Section       28  serial_debug.o(.bss)
    HEAP                                     0x200000e0   Section        0  startup_tm4c123.o(HEAP)
    STACK                                    0x200000e0   Section     4096  startup_tm4c123.o(STACK)

    Global Symbols

    Symbol Name                              Value     Ov Type        Size  Object(Section)

    BuildAttributes$$THM_ISAv4$E$P$D$K$B$S$7EM$VFPi3$EXTD16$VFPS$VFMA$PE$A:L22UL41UL21$X:L11$S22US41US21$IEEE1$IW$USESV6$~STKCKD$USESV7$~SHL$OTIME$ROPI$IEEEJ$EBA8$MICROLIB$REQ8$PRES8$EABIv2 0x00000000   Number         0  anon$$obj.o ABSOLUTE
    __ARM_use_no_argv                        0x00000000   Number         0  main.o ABSOLUTE
    __Vectors                                0x00000000   Data           4  startup_tm4c123.o(RESET)
    _printf_a                                0x00000000   Number         0  stubs.o ABSOLUTE
    _printf_c                                0x00000000   Number         0  stubs.o ABSOLUTE
    _printf_charcount                        0x00000000   Number         0  stubs.o ABSOLUTE
    _printf_d                                0x00000000   Number         0  stubs.o ABSOLUTE
    _printf_e                                0x00000000   Number         0  stubs.o ABSOLUTE
    _printf_f                                0x00000000   Number         0  stubs.o ABSOLUTE
    _printf_flags                            0x00000000   Number         0  stubs.o ABSOLUTE
    _printf_fp_dec                           0x00000000   Number         0  stubs.o ABSOLUTE
    _printf_fp_hex                           0x00000000   Number         0  stubs.o ABSOLUTE
    _printf_g                                0x00000000   Number         0  stubs.o ABSOLUTE
    _printf_i                                0x00000000   Number         0  stubs.o ABSOLUTE
    _printf_int_dec                          0x00000000   Number         0  stubs.o ABSOLUTE
    _printf_l                                0x00000000   Number         0  stubs.o ABSOLUTE
    _printf_lc                               0x00000000   Number         0  stubs.o ABSOLUTE
    _printf_ll                               0x00000000   Number         0  stubs.o ABSOLUTE
    _printf_lld                              0x00000000   Number         0  stubs.o ABSOLUTE
    _printf_lli                              0x00000000   Number         0  stubs.o ABSOLUTE
    _printf_llo                              0x00000000   Number         0  stubs.o ABSOLUTE
    _printf_llu                              0x00000000   Number         0  stubs.o ABSOLUTE
    _printf_llx                              0x00000000   Number         0  stubs.o ABSOLUTE
    _printf_longlong_dec                     0x00000000   Number         0  stubs.o ABSOLUTE
    _printf_longlong_hex                     0x00000000   Number         0  stubs.o ABSOLUTE
    _printf_longlong_oct                     0x00000000   Number         0  stubs.o ABSOLUTE
    _printf_ls                               0x00000000   Number         0  stubs.o ABSOLUTE
    _printf_mbtowc                           0x00000000   Number         0  stubs.o ABSOLUTE
    _printf_n                                0x00000000   Number         0  stubs.o ABSOLUTE
    _printf_o                                0x00000000   Number         0  stubs.o ABSOLUTE
    _printf_p                                0x00000000   Number         0  stubs.o ABSOLUTE
    _printf_percent                          0x00000000   Number         0  stubs.o ABSOLUTE
    _printf_pre_padding                      0x00000000   Number         0  stubs.o ABSOLUTE
    _printf_return_value                     0x00000000   Number         0  stubs.o ABSOLUTE
    _printf_s                                0x00000000   Number         0  stubs.o ABSOLUTE
    _printf_sizespec                         0x00000000   Number         0  stubs.o ABSOLUTE
    _printf_str                              0x00000000   Number         0  stubs.o ABSOLUTE
    _printf_truncate_signed                  0x00000000   Number         0  stubs.o ABSOLUTE
    _printf_truncate_unsigned                0x00000000   Number         0  stubs.o ABSOLUTE
    _printf_u                                0x00000000   Number         0  stubs.o ABSOLUTE
    _printf_wc                               0x00000000   Number         0  stubs.o ABSOLUTE
    _printf_wctomb                           0x00000000   Number         0  stubs.o ABSOLUTE
    _printf_widthprec                        0x00000000   Number         0  stubs.o ABSOLUTE
    _printf_x                                0x00000000   Number         0  stubs.o ABSOLUTE
    __cpp_initialize__aeabi_                  - Undefined Weak Reference
    __cxa_finalize                            - Undefined Weak Reference
    __decompress                              - Undefined Weak Reference
    _clock_init                               - Undefined Weak Reference
    _microlib_exit                            - Undefined Weak Reference
    __Vectors_End                            0x0000026c   Data           0  startup_tm4c123.o(RESET)
    __Vectors_Size                           0x0000026c   Number         0  startup_tm4c123.o ABSOLUTE
    __main                                   0x0000026d   Thumb Code     0  entry.o(.ARM.Collect$$$$00000000)
    _main_stk                                0x0000026d   Thumb Code     0  entry2.o(.ARM.Collect$$$$00000001)
    _main_scatterload                        0x00000271   Thumb Code     0  entry5.o(.ARM.Collect$$$$00000004)
    __main_after_scatterload                 0x00000275   Thumb Code     0  entry5.o(.ARM.Collect$$$$00000004)
    _main_clock                              0x00000275   Thumb Code     0  entry7b.o(.ARM.Collect$$$$00000008)
    _main_cpp_init                           0x00000275   Thumb Code     0  entry8b.o(.ARM.Collect$$$$0000000A)
    _main_init                               0x00000275   Thumb Code     0  entry9a.o(.ARM.Collect$$$$0000000B)
    __rt_final_cpp                           0x0000027d   Thumb Code     0  entry10a.o(.ARM.Collect$$$$0000000D)
    __rt_final_exit                          0x0000027d   Thumb Code     0  entry11a.o(.ARM.Collect$$$$0000000F)
    DisableInterrupts                        0x00000281   Thumb Code     4  main.o(.text)
    EnableInterrupts                         0x00000285   Thumb Code     4  main.o(.text)
    delay                                    0x00000289   Thumb Code    20  main.o(.text)
    main                                     0x0000029d   Thumb Code   108  main.o(.text)
    hardwareInit                             0x0000031d   Thumb Code   108  project_hardware_init.o(.text)
    GPIOF_Handler                            0x000003a5   Thumb Code   170  project_interrupts.o(.text)
    ps2_get_direction                        0x0000044f   Thumb Code   178  project_interrupts.o(.text)
    TIMER1A_Handler                          0x00000501   Thumb Code   254  project_interrupts.o(.text)
    TIMER2A_Handler                          0x000005ff   Thumb Code  1252  project_interrupts.o(.text)
    TIMER3A_Handler                          0x00000ae3   Thumb Code   172  project_interrupts.o(.text)
    TIMER4A_Handler                          0x00000b8f   Thumb Code    26  project_interrupts.o(.text)
    ADC0SS2_Handler                          0x00000ba9   Thumb Code    40  project_interrupts.o(.text)
    contact_edge                             0x00000c45   Thumb Code   134  game.o(.text)
    check_moveable                           0x00000ccb   Thumb Code   186  game.o(.text)
    clear_image                              0x00000d85   Thumb Code    30  game.o(.text)
    move_image                               0x00000da3   Thumb Code    80  game.o(.text)
    check_game_over                          0x00000df3   Thumb Code    96  game.o(.text)
    check_bump                               0x00000e53   Thumb Code   126  game.o(.text)
    initialize_obj                           0x00000ed1   Thumb Code   242  game.o(.text)
    game                                     0x00000fc3   Thumb Code   286  game.o(.text)
    generate_random_number                   0x00001141   Thumb Code    48  staff.o(.text)
    get_new_direction                        0x00001171   Thumb Code   212  staff.o(.text)
    auto_shoot                               0x00001245   Thumb Code   254  staff.o(.text)
    get_new_move_count                       0x00001343   Thumb Code    28  staff.o(.text)
    drawMap                                  0x000013b1   Thumb Code   242  map.o(.text)
    getMap                                   0x000014a3   Thumb Code    34  map.o(.text)
    get_pos                                  0x000014c5   Thumb Code    32  map.o(.text)
    set_pos                                  0x000014e5   Thumb Code    44  map.o(.text)
    get_x                                    0x00001511   Thumb Code    26  map.o(.text)
    get_y                                    0x0000152b   Thumb Code    22  map.o(.text)
    drawHP                                   0x00001559   Thumb Code   566  top_row_display.o(.text)
    game_start_page                          0x000017cd   Thumb Code   160  transition.o(.text)
    game_story_page                          0x0000186d   Thumb Code   166  transition.o(.text)
    game_transition_success_page             0x00001913   Thumb Code   102  transition.o(.text)
    game_transition_fail_page                0x00001979   Thumb Code    92  transition.o(.text)
    game_transition_victory_page             0x000019d5   Thumb Code    86  transition.o(.text)
    set_image                                0x00001a59   Thumb Code   130  tanks.o(.text)
    set_dir                                  0x00001adb   Thumb Code    16  tanks.o(.text)
    set_x                                    0x00001aeb   Thumb Code     8  tanks.o(.text)
    set_y                                    0x00001af3   Thumb Code     8  tanks.o(.text)
    check_shot_on_target                     0x00001afb   Thumb Code   348  tanks.o(.text)
    fire                                     0x00001c57   Thumb Code   154  tanks.o(.text)
    gpio_get_irq_num                         0x00001dfd   Thumb Code    74  gpio_port.o(.text)
    gpio_enable_port                         0x00001e47   Thumb Code   156  gpio_port.o(.text)
    gpio_config_digital_enable               0x00001ee3   Thumb Code    34  gpio_port.o(.text)
    gpio_config_enable_output                0x00001f05   Thumb Code    34  gpio_port.o(.text)
    gpio_config_enable_input                 0x00001f27   Thumb Code    34  gpio_port.o(.text)
    gpio_config_enable_pullup                0x00001f49   Thumb Code    34  gpio_port.o(.text)
    gpio_config_enable_pulldown              0x00001f6b   Thumb Code    34  gpio_port.o(.text)
    gpio_config_analog_enable                0x00001f8d   Thumb Code    34  gpio_port.o(.text)
    gpio_config_alternate_function           0x00001faf   Thumb Code    34  gpio_port.o(.text)
    gpio_config_port_control                 0x00001fd1   Thumb Code    54  gpio_port.o(.text)
    gpio_config_open_drain                   0x00002007   Thumb Code    34  gpio_port.o(.text)
    gpio_config_falling_edge_irq             0x00002029   Thumb Code    56  gpio_port.o(.text)
    gpio_config_rising_edge_irq              0x00002061   Thumb Code    62  gpio_port.o(.text)
    initializeI2CMaster                      0x000020c1   Thumb Code   160  i2c.o(.text)
    i2cVerifyBaseAddr                        0x00002161   Thumb Code    36  i2c.o(.text)
    i2cSetSlaveAddr                          0x00002185   Thumb Code    30  i2c.o(.text)
    i2cStop                                  0x000021a3   Thumb Code    26  i2c.o(.text)
    I2CMasterBusy                            0x000021bd   Thumb Code    34  i2c.o(.text)
    I2CMasterAdrAck                          0x000021df   Thumb Code    34  i2c.o(.text)
    I2CMasterDatAck                          0x00002201   Thumb Code    34  i2c.o(.text)
    i2cSendByte                              0x00002223   Thumb Code    82  i2c.o(.text)
    i2cGetByte                               0x00002275   Thumb Code    60  i2c.o(.text)
    pc_buffer_init                           0x000022c9   Thumb Code    26  pc_buffer.o(.text)
    pc_buffer_add                            0x000022e3   Thumb Code    28  pc_buffer.o(.text)
    pc_buffer_remove                         0x000022ff   Thumb Code    30  pc_buffer.o(.text)
    pc_buffer_empty                          0x0000231d   Thumb Code    18  pc_buffer.o(.text)
    pc_buffer_full                           0x0000232f   Thumb Code    22  pc_buffer.o(.text)
    timer_get_irq_num                        0x00002385   Thumb Code    74  timers.o(.text)
    gp_timer_wait                            0x00002439   Thumb Code    64  timers.o(.text)
    gp_timer_config_32                       0x00002479   Thumb Code   252  timers.o(.text)
    verify_uart_base                         0x0000258d   Thumb Code    54  uart.o(.text)
    uart_get_rcgc_mask                       0x000025c3   Thumb Code    68  uart.o(.text)
    uart_get_pr_mask                         0x00002607   Thumb Code    68  uart.o(.text)
    uart_get_irq_num                         0x0000264b   Thumb Code    68  uart.o(.text)
    uart_tx_poll                             0x0000268f   Thumb Code    38  uart.o(.text)
    uart_tx_poll_string                      0x000026b5   Thumb Code    50  uart.o(.text)
    uart_rx_poll                             0x000026e7   Thumb Code    70  uart.o(.text)
    uart_init                                0x0000272d   Thumb Code   218  uart.o(.text)
    delayms                                  0x0000281d   Thumb Code    26  lcd.o(.text)
    lcd_set_pos                              0x000028ab   Thumb Code    58  lcd.o(.text)
    lcd_clear_screen                         0x000028e5   Thumb Code    52  lcd.o(.text)
    lcd_draw_box                             0x00002919   Thumb Code   138  lcd.o(.text)
    lcd_draw_rectangle                       0x000029a3   Thumb Code    82  lcd.o(.text)
    lcd_draw_rectangle_centered              0x000029f5   Thumb Code   152  lcd.o(.text)
    lcd_draw_pixel                           0x00002a8d   Thumb Code    28  lcd.o(.text)
    lcd_draw_char                            0x00002aa9   Thumb Code   556  lcd.o(.text)
    lcd_draw_image                           0x00002cd5   Thumb Code   242  lcd.o(.text)
    lcd_draw_color_image                     0x00002dc7   Thumb Code   142  lcd.o(.text)
    lcd_config_gpio                          0x00002e55   Thumb Code   190  lcd.o(.text)
    lcd_config_screen                        0x00002f13   Thumb Code   548  lcd.o(.text)
    lcd_draw_line                            0x00003137   Thumb Code   200  lcd.o(.text)
    lcd_draw_circle                          0x000031ff   Thumb Code   356  lcd.o(.text)
    ps2_initialize_adc                       0x000033fd   Thumb Code    88  ps2.o(.text)
    ps2_initialize                           0x00003455   Thumb Code    12  ps2.o(.text)
    ps2_get_x                                0x00003461   Thumb Code     2  ps2.o(.text)
    ps2_get_y                                0x00003463   Thumb Code     2  ps2.o(.text)
    serial_debug_rx                          0x0000347d   Thumb Code    46  serial_debug.o(.text)
    serial_debug_tx                          0x000034ab   Thumb Code    72  serial_debug.o(.text)
    fputc                                    0x000034f3   Thumb Code    66  serial_debug.o(.text)
    fgetc                                    0x00003535   Thumb Code    50  serial_debug.o(.text)
    init_serial_debug                        0x00003567   Thumb Code   144  serial_debug.o(.text)
    UART0_Handler                            0x000035f7   Thumb Code   136  serial_debug.o(.text)
    io_expander_write_reg                    0x00003699   Thumb Code    56  io_expander.o(.text)
    set_io_expander_GPIO                     0x000036d1   Thumb Code    60  io_expander.o(.text)
    io_expander_init                         0x0000370d   Thumb Code   226  io_expander.o(.text)
    io_expander_read_reg                     0x000037ef   Thumb Code    70  io_expander.o(.text)
    Reset_Handler                            0x00003849   Thumb Code     8  startup_tm4c123.o(.text)
    NMI_Handler                              0x00003851   Thumb Code     2  startup_tm4c123.o(.text)
    HardFault_Handler                        0x00003853   Thumb Code     2  startup_tm4c123.o(.text)
    MemManage_Handler                        0x00003855   Thumb Code     2  startup_tm4c123.o(.text)
    BusFault_Handler                         0x00003857   Thumb Code     2  startup_tm4c123.o(.text)
    UsageFault_Handler                       0x00003859   Thumb Code     2  startup_tm4c123.o(.text)
    SVC_Handler                              0x0000385b   Thumb Code     2  startup_tm4c123.o(.text)
    DebugMon_Handler                         0x0000385d   Thumb Code     2  startup_tm4c123.o(.text)
    PendSV_Handler                           0x0000385f   Thumb Code     2  startup_tm4c123.o(.text)
    SysTick_Handler                          0x00003861   Thumb Code     2  startup_tm4c123.o(.text)
    GPIOA_Handler                            0x00003863   Thumb Code     2  startup_tm4c123.o(.text)
    GPIOB_Handler                            0x00003865   Thumb Code     2  startup_tm4c123.o(.text)
    GPIOC_Handler                            0x00003867   Thumb Code     2  startup_tm4c123.o(.text)
    GPIOD_Handler                            0x00003869   Thumb Code     2  startup_tm4c123.o(.text)
    GPIOE_Handler                            0x0000386b   Thumb Code     2  startup_tm4c123.o(.text)
    UART1_Handler                            0x0000386f   Thumb Code     2  startup_tm4c123.o(.text)
    SSI0_Handler                             0x00003871   Thumb Code     2  startup_tm4c123.o(.text)
    I2C0_Handler                             0x00003873   Thumb Code     2  startup_tm4c123.o(.text)
    PMW0_FAULT_Handler                       0x00003875   Thumb Code     2  startup_tm4c123.o(.text)
    PWM0_0_Handler                           0x00003877   Thumb Code     2  startup_tm4c123.o(.text)
    PWM0_1_Handler                           0x00003879   Thumb Code     2  startup_tm4c123.o(.text)
    PWM0_2_Handler                           0x0000387b   Thumb Code     2  startup_tm4c123.o(.text)
    QEI0_Handler                             0x0000387d   Thumb Code     2  startup_tm4c123.o(.text)
    ADC0SS0_Handler                          0x0000387f   Thumb Code     2  startup_tm4c123.o(.text)
    ADC0SS1_Handler                          0x00003881   Thumb Code     2  startup_tm4c123.o(.text)
    ADC0SS3_Handler                          0x00003885   Thumb Code     2  startup_tm4c123.o(.text)
    WDT0_Handler                             0x00003887   Thumb Code     2  startup_tm4c123.o(.text)
    TIMER0A_Handler                          0x00003889   Thumb Code     2  startup_tm4c123.o(.text)
    TIMER0B_Handler                          0x0000388b   Thumb Code     2  startup_tm4c123.o(.text)
    TIMER1B_Handler                          0x0000388f   Thumb Code     2  startup_tm4c123.o(.text)
    TIMER2B_Handler                          0x00003893   Thumb Code     2  startup_tm4c123.o(.text)
    COMP0_Handler                            0x00003895   Thumb Code     2  startup_tm4c123.o(.text)
    COMP1_Handler                            0x00003897   Thumb Code     2  startup_tm4c123.o(.text)
    COMP2_Handler                            0x00003899   Thumb Code     2  startup_tm4c123.o(.text)
    SYSCTL_Handler                           0x0000389b   Thumb Code     2  startup_tm4c123.o(.text)
    FLASH_Handler                            0x0000389d   Thumb Code     2  startup_tm4c123.o(.text)
    GPIOG_Handler                            0x000038a1   Thumb Code     2  startup_tm4c123.o(.text)
    GPIOH_Handler                            0x000038a3   Thumb Code     2  startup_tm4c123.o(.text)
    UART2_Handler                            0x000038a5   Thumb Code     2  startup_tm4c123.o(.text)
    SSI1_Handler                             0x000038a7   Thumb Code     2  startup_tm4c123.o(.text)
    TIMER3B_Handler                          0x000038ab   Thumb Code     2  startup_tm4c123.o(.text)
    I2C1_Handler                             0x000038ad   Thumb Code     2  startup_tm4c123.o(.text)
    QEI1_Handler                             0x000038af   Thumb Code     2  startup_tm4c123.o(.text)
    CAN0_Handler                             0x000038b1   Thumb Code     2  startup_tm4c123.o(.text)
    CAN1_Handler                             0x000038b3   Thumb Code     2  startup_tm4c123.o(.text)
    CAN2_Handler                             0x000038b5   Thumb Code     2  startup_tm4c123.o(.text)
    HIB_Handler                              0x000038b7   Thumb Code     2  startup_tm4c123.o(.text)
    USB0_Handler                             0x000038b9   Thumb Code     2  startup_tm4c123.o(.text)
    PWM0_3_Handler                           0x000038bb   Thumb Code     2  startup_tm4c123.o(.text)
    UDMA_Handler                             0x000038bd   Thumb Code     2  startup_tm4c123.o(.text)
    UDMAERR_Handler                          0x000038bf   Thumb Code     2  startup_tm4c123.o(.text)
    ADC1SS0_Handler                          0x000038c1   Thumb Code     2  startup_tm4c123.o(.text)
    ADC1SS1_Handler                          0x000038c3   Thumb Code     2  startup_tm4c123.o(.text)
    ADC1SS2_Handler                          0x000038c5   Thumb Code     2  startup_tm4c123.o(.text)
    ADC1SS3_Handler                          0x000038c7   Thumb Code     2  startup_tm4c123.o(.text)
    GPIOJ_Handler                            0x000038c9   Thumb Code     2  startup_tm4c123.o(.text)
    GPIOK_Handler                            0x000038cb   Thumb Code     2  startup_tm4c123.o(.text)
    GPIOL_Handler                            0x000038cd   Thumb Code     2  startup_tm4c123.o(.text)
    SSI2_Handler                             0x000038cf   Thumb Code     2  startup_tm4c123.o(.text)
    SSI3_Handler                             0x000038d1   Thumb Code     2  startup_tm4c123.o(.text)
    UART3_Handler                            0x000038d3   Thumb Code     2  startup_tm4c123.o(.text)
    UART4_Handler                            0x000038d5   Thumb Code     2  startup_tm4c123.o(.text)
    UART5_Handler                            0x000038d7   Thumb Code     2  startup_tm4c123.o(.text)
    UART6_Handler                            0x000038d9   Thumb Code     2  startup_tm4c123.o(.text)
    UART7_Handler                            0x000038db   Thumb Code     2  startup_tm4c123.o(.text)
    I2C2_Handler                             0x000038dd   Thumb Code     2  startup_tm4c123.o(.text)
    I2C3_Handler                             0x000038df   Thumb Code     2  startup_tm4c123.o(.text)
    TIMER4B_Handler                          0x000038e3   Thumb Code     2  startup_tm4c123.o(.text)
    TIMER5A_Handler                          0x000038e5   Thumb Code     2  startup_tm4c123.o(.text)
    TIMER5B_Handler                          0x000038e7   Thumb Code     2  startup_tm4c123.o(.text)
    WTIMER0A_Handler                         0x000038e9   Thumb Code     2  startup_tm4c123.o(.text)
    WTIMER0B_Handler                         0x000038eb   Thumb Code     2  startup_tm4c123.o(.text)
    WTIMER1A_Handler                         0x000038ed   Thumb Code     2  startup_tm4c123.o(.text)
    WTIMER1B_Handler                         0x000038ef   Thumb Code     2  startup_tm4c123.o(.text)
    WTIMER2A_Handler                         0x000038f1   Thumb Code     2  startup_tm4c123.o(.text)
    WTIMER2B_Handler                         0x000038f3   Thumb Code     2  startup_tm4c123.o(.text)
    WTIMER3A_Handler                         0x000038f5   Thumb Code     2  startup_tm4c123.o(.text)
    WTIMER3B_Handler                         0x000038f7   Thumb Code     2  startup_tm4c123.o(.text)
    WTIMER4A_Handler                         0x000038f9   Thumb Code     2  startup_tm4c123.o(.text)
    WTIMER4B_Handler                         0x000038fb   Thumb Code     2  startup_tm4c123.o(.text)
    WTIMER5A_Handler                         0x000038fd   Thumb Code     2  startup_tm4c123.o(.text)
    WTIMER5B_Handler                         0x000038ff   Thumb Code     2  startup_tm4c123.o(.text)
    FPU_Handler                              0x00003901   Thumb Code     2  startup_tm4c123.o(.text)
    I2C4_Handler                             0x00003903   Thumb Code     2  startup_tm4c123.o(.text)
    I2C5_Handler                             0x00003905   Thumb Code     2  startup_tm4c123.o(.text)
    GPIOM_Handler                            0x00003907   Thumb Code     2  startup_tm4c123.o(.text)
    GPION_Handler                            0x00003909   Thumb Code     2  startup_tm4c123.o(.text)
    QEI2_Handler                             0x0000390b   Thumb Code     2  startup_tm4c123.o(.text)
    GPIOP0_Handler                           0x0000390d   Thumb Code     2  startup_tm4c123.o(.text)
    GPIOP1_Handler                           0x0000390f   Thumb Code     2  startup_tm4c123.o(.text)
    GPIOP2_Handler                           0x00003911   Thumb Code     2  startup_tm4c123.o(.text)
    GPIOP3_Handler                           0x00003913   Thumb Code     2  startup_tm4c123.o(.text)
    GPIOP4_Handler                           0x00003915   Thumb Code     2  startup_tm4c123.o(.text)
    GPIOP5_Handler                           0x00003917   Thumb Code     2  startup_tm4c123.o(.text)
    GPIOP6_Handler                           0x00003919   Thumb Code     2  startup_tm4c123.o(.text)
    GPIOP7_Handler                           0x0000391b   Thumb Code     2  startup_tm4c123.o(.text)
    GPIOQ0_Handler                           0x0000391d   Thumb Code     2  startup_tm4c123.o(.text)
    GPIOQ1_Handler                           0x0000391f   Thumb Code     2  startup_tm4c123.o(.text)
    GPIOQ2_Handler                           0x00003921   Thumb Code     2  startup_tm4c123.o(.text)
    GPIOQ3_Handler                           0x00003923   Thumb Code     2  startup_tm4c123.o(.text)
    GPIOQ4_Handler                           0x00003925   Thumb Code     2  startup_tm4c123.o(.text)
    GPIOQ5_Handler                           0x00003927   Thumb Code     2  startup_tm4c123.o(.text)
    GPIOQ6_Handler                           0x00003929   Thumb Code     2  startup_tm4c123.o(.text)
    GPIOQ7_Handler                           0x0000392b   Thumb Code     2  startup_tm4c123.o(.text)
    GPIOR_Handler                            0x0000392d   Thumb Code     2  startup_tm4c123.o(.text)
    GPIOS_Handler                            0x0000392f   Thumb Code     2  startup_tm4c123.o(.text)
    PMW1_0_Handler                           0x00003931   Thumb Code     2  startup_tm4c123.o(.text)
    PWM1_1_Handler                           0x00003933   Thumb Code     2  startup_tm4c123.o(.text)
    PWM1_2_Handler                           0x00003935   Thumb Code     2  startup_tm4c123.o(.text)
    PWM1_3_Handler                           0x00003937   Thumb Code     2  startup_tm4c123.o(.text)
    PWM1_FAULT_Handler                       0x00003939   Thumb Code     2  startup_tm4c123.o(.text)
    SystemCoreClockUpdate                    0x000039fb   Thumb Code   184  system_tm4c123.o(.text)
    SystemInit                               0x00003ab3   Thumb Code   112  system_tm4c123.o(.text)
    __aeabi_i2d                              0x00003b95   Thumb Code    34  dflti.o(.text)
    __aeabi_ui2d                             0x00003bb7   Thumb Code    26  dfltui.o(.text)
    __aeabi_cdcmpeq                          0x00003bd1   Thumb Code     0  cdcmple.o(.text)
    __aeabi_cdcmple                          0x00003bd1   Thumb Code    48  cdcmple.o(.text)
    __aeabi_cdrcmple                         0x00003c01   Thumb Code    48  cdrcmple.o(.text)
    __aeabi_uldivmod                         0x00003c31   Thumb Code    98  uldiv.o(.text)
    __I$use$fp                               0x00003c93   Thumb Code     0  iusefp.o(.text)
    _double_round                            0x00003c93   Thumb Code    30  depilogue.o(.text)
    _double_epilogue                         0x00003cb1   Thumb Code   156  depilogue.o(.text)
    __scatterload                            0x00003d4d   Thumb Code    28  init.o(.text)
    __scatterload_rt2                        0x00003d4d   Thumb Code     0  init.o(.text)
    __aeabi_llsl                             0x00003d71   Thumb Code    30  llshl.o(.text)
    _ll_shift_l                              0x00003d71   Thumb Code     0  llshl.o(.text)
    __aeabi_llsr                             0x00003d8f   Thumb Code    32  llushr.o(.text)
    _ll_ushift_r                             0x00003d8f   Thumb Code     0  llushr.o(.text)
    __0printf$5                              0x00003db1   Thumb Code    22  printf5.o(i.__0printf$5)
    __1printf$5                              0x00003db1   Thumb Code     0  printf5.o(i.__0printf$5)
    __2printf                                0x00003db1   Thumb Code     0  printf5.o(i.__0printf$5)
    __hardfp_fabs                            0x00003dd1   Thumb Code    20  fabs.o(i.__hardfp_fabs)
    __scatterload_copy                       0x00003de5   Thumb Code    14  handlers.o(i.__scatterload_copy)
    __scatterload_null                       0x00003df3   Thumb Code     2  handlers.o(i.__scatterload_null)
    __scatterload_zeroinit                   0x00003df5   Thumb Code    14  handlers.o(i.__scatterload_zeroinit)
    malloc                                   0x000040c5   Thumb Code    92  malloc.o(i.malloc)
    easytank_upBitmaps                       0x00004130   Data          60  images.o(.constdata)
    easytank_upWidthPixels                   0x0000416c   Data           1  images.o(.constdata)
    easytank_upHeightPixels                  0x0000416d   Data           1  images.o(.constdata)
    easytank_downBitmaps                     0x0000416e   Data          60  images.o(.constdata)
    easytank_downWidthPixels                 0x000041aa   Data           1  images.o(.constdata)
    easytank_downHeightPixels                0x000041ab   Data           1  images.o(.constdata)
    easytank_rightBitmaps                    0x000041ac   Data          60  images.o(.constdata)
    easytank_rightWidthPixels                0x000041e8   Data           1  images.o(.constdata)
    easytank_rightHeightPixels               0x000041e9   Data           1  images.o(.constdata)
    easytank_leftBitmaps                     0x000041ea   Data          60  images.o(.constdata)
    easytank_leftWidthPixels                 0x00004226   Data           1  images.o(.constdata)
    easytank_leftHeightPixels                0x00004227   Data           1  images.o(.constdata)
    panzer_II_upBitmaps                      0x00004228   Data          60  images.o(.constdata)
    panzer_II_upWidthPixels                  0x00004264   Data           1  images.o(.constdata)
    panzer_II_upHeightPixels                 0x00004265   Data           1  images.o(.constdata)
    panzer_II_downBitmaps                    0x00004266   Data          60  images.o(.constdata)
    panzer_II_downWidthPixels                0x000042a2   Data           1  images.o(.constdata)
    panzer_II_downHeightPixels               0x000042a3   Data           1  images.o(.constdata)
    panzer_II_rightBitmaps                   0x000042a4   Data          60  images.o(.constdata)
    panzer_II_rightWidthPixels               0x000042e0   Data           1  images.o(.constdata)
    panzer_II_rightHeightPixels              0x000042e1   Data           1  images.o(.constdata)
    panzer_II_leftBitmaps                    0x000042e2   Data          60  images.o(.constdata)
    panzer_II_leftWidthPixels                0x0000431e   Data           1  images.o(.constdata)
    panzer_II_leftHeightPixels               0x0000431f   Data           1  images.o(.constdata)
    panzer_IV_upBitmaps                      0x00004320   Data          60  images.o(.constdata)
    panzer_IV_upWidthPixels                  0x0000435c   Data           1  images.o(.constdata)
    panzer_IV_upHeightPixels                 0x0000435d   Data           1  images.o(.constdata)
    panzer_IV_rightBitmaps                   0x0000435e   Data          60  images.o(.constdata)
    panzer_IV_rightWidthPixels               0x0000439a   Data           1  images.o(.constdata)
    panzer_IV_rightHeightPixels              0x0000439b   Data           1  images.o(.constdata)
    panzer_IV_downBitmaps                    0x0000439c   Data          60  images.o(.constdata)
    panzer_IV_downWidthPixels                0x000043d8   Data           1  images.o(.constdata)
    panzer_IV_downHeightPixels               0x000043d9   Data           1  images.o(.constdata)
    panzer_IV_leftBitmaps                    0x000043da   Data          60  images.o(.constdata)
    panzer_IV_leftWidthPixels                0x00004416   Data           1  images.o(.constdata)
    panzer_IV_leftHeightPixels               0x00004417   Data           1  images.o(.constdata)
    panzer_VI_upBitmaps                      0x00004418   Data          60  images.o(.constdata)
    panzer_VI_upWidthPixels                  0x00004454   Data           1  images.o(.constdata)
    panzer_VI_upHeightPixels                 0x00004455   Data           1  images.o(.constdata)
    panzer_VI_rightBitmaps                   0x00004456   Data          60  images.o(.constdata)
    panzer_VI_rightWidthPixels               0x00004492   Data           1  images.o(.constdata)
    panzer_VI_rightHeightPixels              0x00004493   Data           1  images.o(.constdata)
    panzer_VI_downBitmaps                    0x00004494   Data          60  images.o(.constdata)
    panzer_VI_downWidthPixels                0x000044d0   Data           1  images.o(.constdata)
    panzer_VI_downHeightPixels               0x000044d1   Data           1  images.o(.constdata)
    panzer_VI_leftBitmaps                    0x000044d2   Data          60  images.o(.constdata)
    panzer_VI_leftWidthPixels                0x0000450e   Data           1  images.o(.constdata)
    panzer_VI_leftHeightPixels               0x0000450f   Data           1  images.o(.constdata)
    blank_tileBitmaps                        0x00004510   Data          60  images.o(.constdata)
    blank_tileWidthPixels                    0x0000454c   Data           1  images.o(.constdata)
    blank_tileHeightPixels                   0x0000454d   Data           1  images.o(.constdata)
    shell_objBitmaps                         0x0000454e   Data           4  images.o(.constdata)
    shell_objWidthPixels                     0x00004552   Data           1  images.o(.constdata)
    shell_objHeightPixels                    0x00004553   Data           1  images.o(.constdata)
    wall_tileBitmaps                         0x00004568   Data          60  map.o(.constdata)
    wall_tileWidthPixels                     0x000045a4   Data           1  map.o(.constdata)
    wall_tileHeightPixels                    0x000045a5   Data           1  map.o(.constdata)
    water_tileBitmaps                        0x000045a6   Data          60  map.o(.constdata)
    water_tileWidthPixels                    0x000045e2   Data           1  map.o(.constdata)
    water_tileHeightPixels                   0x000045e3   Data           1  map.o(.constdata)
    Sevastopol                               0x000045e4   Data         180  map.o(.constdata)
    Kursk                                    0x00004698   Data         180  map.o(.constdata)
    Berlin                                   0x0000474c   Data         180  map.o(.constdata)
    colon                                    0x00004800   Data          20  top_row_display.o(.constdata)
    H                                        0x00004814   Data          20  top_row_display.o(.constdata)
    P                                        0x00004828   Data          20  top_row_display.o(.constdata)
    zero                                     0x0000483c   Data          20  top_row_display.o(.constdata)
    one                                      0x00004850   Data          20  top_row_display.o(.constdata)
    two                                      0x00004864   Data          20  top_row_display.o(.constdata)
    three                                    0x00004878   Data          20  top_row_display.o(.constdata)
    four                                     0x0000488c   Data          20  top_row_display.o(.constdata)
    five                                     0x000048a0   Data          20  top_row_display.o(.constdata)
    six                                      0x000048b4   Data          20  top_row_display.o(.constdata)
    seven                                    0x000048c8   Data          20  top_row_display.o(.constdata)
    eight                                    0x000048dc   Data          20  top_row_display.o(.constdata)
    nine                                     0x000048f0   Data          20  top_row_display.o(.constdata)
    font_width                               0x00004904   Data           1  top_row_display.o(.constdata)
    font_height                              0x00004905   Data           1  top_row_display.o(.constdata)
    start_pageBitmaps                        0x00004906   Data        9600  transition.o(.constdata)
    start_pageWidthPixels                    0x00006e86   Data           2  transition.o(.constdata)
    start_pageHeightPixels                   0x00006e88   Data           2  transition.o(.constdata)
    sevastopol_pageBitmaps                   0x00006e8a   Data        9600  transition.o(.constdata)
    sevastopol_pageWidthPixels               0x0000940a   Data           2  transition.o(.constdata)
    sevastopol_pageHeightPixels              0x0000940c   Data           2  transition.o(.constdata)
    tutorial_pageBitmaps                     0x0000940e   Data        9600  transition.o(.constdata)
    tutorial_pageWidthPixels                 0x0000b98e   Data           2  transition.o(.constdata)
    tutorial_pageHeightPixels                0x0000b990   Data           2  transition.o(.constdata)
    success_pageBitmaps                      0x0000b992   Data        9600  transition.o(.constdata)
    success_pageWidthPixels                  0x0000df12   Data           2  transition.o(.constdata)
    success_pageHeightPixels                 0x0000df14   Data           2  transition.o(.constdata)
    fail_pageBitmaps                         0x0000df16   Data        9600  transition.o(.constdata)
    fail_pageWidthPixels                     0x00010496   Data           2  transition.o(.constdata)
    fail_pageHeightPixels                    0x00010498   Data           2  transition.o(.constdata)
    final_pageBitmaps                        0x0001049a   Data        9600  transition.o(.constdata)
    final_pageWidthPixels                    0x00012a1a   Data           2  transition.o(.constdata)
    final_pageHeightPixels                   0x00012a1c   Data           2  transition.o(.constdata)
    kursk_pageBitmaps                        0x00012a1e   Data        9600  transition.o(.constdata)
    kursk_pageWidthPixels                    0x00014f9e   Data           2  transition.o(.constdata)
    kursk_pageHeightPixels                   0x00014fa0   Data           2  transition.o(.constdata)
    berlin_pageBitmaps                       0x00014fa2   Data        9600  transition.o(.constdata)
    berlin_pageWidthPixels                   0x00017522   Data           2  transition.o(.constdata)
    berlin_pageHeightPixels                  0x00017524   Data           2  transition.o(.constdata)
    Region$$Table$$Base                      0x0001756c   Number         0  anon$$obj.o(Region$$Table)
    Region$$Table$$Limit                     0x0001758c   Number         0  anon$$obj.o(Region$$Table)
    button                                   0x20000005   Data           1  project_interrupts.o(.data)
    data                                     0x20000006   Data           1  project_interrupts.o(.data)
    led_control                              0x20000007   Data           1  project_interrupts.o(.data)
    ALERT_INVADER                            0x20000008   Data           1  game.o(.data)
    BUTTON_PRESSED                           0x20000009   Data           1  game.o(.data)
    SHELL_MOVE                               0x2000000a   Data           1  game.o(.data)
    PS2_MOVE                                 0x2000000b   Data           1  game.o(.data)
    RESTART                                  0x2000000c   Data           1  game.o(.data)
    CONTINUE                                 0x2000000d   Data           1  game.o(.data)
    EXIT                                     0x2000000e   Data           1  game.o(.data)
    GAME_OVER                                0x2000000f   Data           1  game.o(.data)
    IN_PROGRESS                              0x20000010   Data           1  game.o(.data)
    STUDENT_NAME                             0x20000011   Data          27  game.o(.data)
    i                                        0x2000002c   Data           4  game.o(.data)
    tanks_direction                          0x20000030   Data          64  images.o(.data)
    MAP_SEL                                  0x20000072   Data           1  map.o(.data)
    R                                        0x20000073   Data           1  breathing_led.o(.data)
    G                                        0x20000074   Data           1  breathing_led.o(.data)
    B                                        0x20000075   Data           1  breathing_led.o(.data)
    R_temp                                   0x20000076   Data           1  breathing_led.o(.data)
    G_temp                                   0x20000077   Data           1  breathing_led.o(.data)
    B_temp                                   0x20000078   Data           1  breathing_led.o(.data)
    RGB_direction                            0x20000079   Data           1  breathing_led.o(.data)
    RGB_update                               0x2000007a   Data           1  breathing_led.o(.data)
    player                                   0x2000007c   Data           4  tanks.o(.data)
    enermy                                   0x20000080   Data           4  tanks.o(.data)
    shells                                   0x20000084   Data           4  tanks.o(.data)
    shell_size                               0x20000088   Data           1  tanks.o(.data)
    enermy_size                              0x20000089   Data           1  tanks.o(.data)
    SystemCoreClock                          0x2000008c   Data           4  system_tm4c123.o(.data)
    __stdout                                 0x20000090   Data           4  stdout.o(.data)
    __microlib_freelist                      0x20000094   Data           4  mvars.o(.data)
    __microlib_freelist_initialised          0x20000098   Data           4  mvars.o(.data)
    ALERT_SPACE_SHIP                         0x200000ba   Data          10  game.o(.bss)
    UART0_Tx_Buffer                          0x200000c4   Data          14  serial_debug.o(.bss)
    UART0_Rx_Buffer                          0x200000d2   Data          14  serial_debug.o(.bss)
    __heap_base                              0x200000e0   Data           0  startup_tm4c123.o(HEAP)
    __heap_limit                             0x200000e0   Data           0  startup_tm4c123.o(HEAP)
    __initial_sp                             0x200010e0   Data           0  startup_tm4c123.o(STACK)



==============================================================================

Memory Map of the image

  Image Entry point : 0x00003849

  Load Region LR_1 (Base: 0x00000000, Size: 0x00017628, Max: 0xffffffff, ABSOLUTE)

    Execution Region ER_RO (Exec base: 0x00000000, Load base: 0x00000000, Size: 0x0001758c, Max: 0xffffffff, ABSOLUTE)

    Exec Addr    Load Addr    Size         Type   Attr      Idx    E Section Name        Object

    0x00000000   0x00000000   0x0000026c   Data   RO          788    RESET               startup_tm4c123.o
    0x0000026c   0x0000026c   0x00000000   Code   RO          829  * .ARM.Collect$$$$00000000  mc_w.l(entry.o)
    0x0000026c   0x0000026c   0x00000004   Code   RO         1130    .ARM.Collect$$$$00000001  mc_w.l(entry2.o)
    0x00000270   0x00000270   0x00000004   Code   RO         1133    .ARM.Collect$$$$00000004  mc_w.l(entry5.o)
    0x00000274   0x00000274   0x00000000   Code   RO         1135    .ARM.Collect$$$$00000008  mc_w.l(entry7b.o)
    0x00000274   0x00000274   0x00000000   Code   RO         1137    .ARM.Collect$$$$0000000A  mc_w.l(entry8b.o)
    0x00000274   0x00000274   0x00000008   Code   RO         1138    .ARM.Collect$$$$0000000B  mc_w.l(entry9a.o)
    0x0000027c   0x0000027c   0x00000000   Code   RO         1140    .ARM.Collect$$$$0000000D  mc_w.l(entry10a.o)
    0x0000027c   0x0000027c   0x00000000   Code   RO         1142    .ARM.Collect$$$$0000000F  mc_w.l(entry11a.o)
    0x0000027c   0x0000027c   0x00000004   Code   RO         1131    .ARM.Collect$$$$00002712  mc_w.l(entry2.o)
    0x00000280   0x00000280   0x0000009c   Code   RO            4    .text               main.o
    0x0000031c   0x0000031c   0x00000088   Code   RO          164    .text               project_hardware_init.o
    0x000003a4   0x000003a4   0x00000898   Code   RO          188    .text               project_interrupts.o
    0x00000c3c   0x00000c3c   0x00000504   Code   RO          224    .text               game.o
    0x00001140   0x00001140   0x00000270   Code   RO          278    .text               staff.o
    0x000013b0   0x000013b0   0x000001a8   Code   RO          305    .text               map.o
    0x00001558   0x00001558   0x0000026c   Code   RO          336    .text               top_row_display.o
    0x000017c4   0x000017c4   0x00000294   Code   RO          393    .text               transition.o
    0x00001a58   0x00001a58   0x00000364   Code   RO          434    .text               tanks.o
    0x00001dbc   0x00001dbc   0x00000304   Code   RO          488    .text               gpio_port.o
    0x000020c0   0x000020c0   0x00000208   Code   RO          512    .text               i2c.o
    0x000022c8   0x000022c8   0x0000007c   Code   RO          533    .text               pc_buffer.o
    0x00002344   0x00002344   0x00000248   Code   RO          551    .text               timers.o
    0x0000258c   0x0000258c   0x00000290   Code   RO          579    .text               uart.o
    0x0000281c   0x0000281c   0x00000b46   Code   RO          681    .text               lcd.o
    0x00003362   0x00003362   0x00000002   PAD
    0x00003364   0x00003364   0x00000118   Code   RO          705    .text               ps2.o
    0x0000347c   0x0000347c   0x0000021c   Code   RO          729    .text               serial_debug.o
    0x00003698   0x00003698   0x000001b0   Code   RO          765    .text               io_expander.o
    0x00003848   0x00003848   0x000000fc   Code   RO          789  * .text               startup_tm4c123.o
    0x00003944   0x00003944   0x00000250   Code   RO          796    .text               system_tm4c123.o
    0x00003b94   0x00003b94   0x00000022   Code   RO         1122    .text               mf_w.l(dflti.o)
    0x00003bb6   0x00003bb6   0x0000001a   Code   RO         1124    .text               mf_w.l(dfltui.o)
    0x00003bd0   0x00003bd0   0x00000030   Code   RO         1126    .text               mf_w.l(cdcmple.o)
    0x00003c00   0x00003c00   0x00000030   Code   RO         1128    .text               mf_w.l(cdrcmple.o)
    0x00003c30   0x00003c30   0x00000062   Code   RO         1146    .text               mc_w.l(uldiv.o)
    0x00003c92   0x00003c92   0x00000000   Code   RO         1154    .text               mc_w.l(iusefp.o)
    0x00003c92   0x00003c92   0x000000ba   Code   RO         1155    .text               mf_w.l(depilogue.o)
    0x00003d4c   0x00003d4c   0x00000024   Code   RO         1165    .text               mc_w.l(init.o)
    0x00003d70   0x00003d70   0x0000001e   Code   RO         1167    .text               mc_w.l(llshl.o)
    0x00003d8e   0x00003d8e   0x00000020   Code   RO         1169    .text               mc_w.l(llushr.o)
    0x00003dae   0x00003dae   0x00000002   PAD
    0x00003db0   0x00003db0   0x00000020   Code   RO          966    i.__0printf$5       mc_w.l(printf5.o)
    0x00003dd0   0x00003dd0   0x00000014   Code   RO          823    i.__hardfp_fabs     m_wm.l(fabs.o)
    0x00003de4   0x00003de4   0x0000000e   Code   RO         1175    i.__scatterload_copy  mc_w.l(handlers.o)
    0x00003df2   0x00003df2   0x00000002   Code   RO         1176    i.__scatterload_null  mc_w.l(handlers.o)
    0x00003df4   0x00003df4   0x0000000e   Code   RO         1177    i.__scatterload_zeroinit  mc_w.l(handlers.o)
    0x00003e02   0x00003e02   0x00000002   PAD
    0x00003e04   0x00003e04   0x000002c0   Code   RO          973    i._printf_core      mc_w.l(printf5.o)
    0x000040c4   0x000040c4   0x0000006c   Code   RO         1095    i.malloc            mc_w.l(malloc.o)
    0x00004130   0x00004130   0x00000424   Data   RO          261    .constdata          images.o
    0x00004554   0x00004554   0x00000014   Data   RO          279    .constdata          staff.o
    0x00004568   0x00004568   0x00000298   Data   RO          306    .constdata          map.o
    0x00004800   0x00004800   0x00000106   Data   RO          337    .constdata          top_row_display.o
    0x00004906   0x00004906   0x00012c20   Data   RO          394    .constdata          transition.o
    0x00017526   0x00017526   0x00000002   PAD
    0x00017528   0x00017528   0x00000043   Data   RO            5    .conststring        main.o
    0x0001756b   0x0001756b   0x00000001   PAD
    0x0001756c   0x0001756c   0x00000020   Data   RO         1173    Region$$Table       anon$$obj.o


    Execution Region ER_RW (Exec base: 0x20000000, Load base: 0x0001758c, Size: 0x0000009c, Max: 0xffffffff, ABSOLUTE)

    Exec Addr    Load Addr    Size         Type   Attr      Idx    E Section Name        Object

    0x20000000   0x0001758c   0x00000008   Data   RW          190    .data               project_interrupts.o
    0x20000008   0x00017594   0x00000028   Data   RW          226    .data               game.o
    0x20000030   0x000175bc   0x00000040   Data   RW          262    .data               images.o
    0x20000070   0x000175fc   0x00000002   Data   RW          280    .data               staff.o
    0x20000072   0x000175fe   0x00000001   Data   RW          307    .data               map.o
    0x20000073   0x000175ff   0x00000008   Data   RW          364    .data               breathing_led.o
    0x2000007b   0x00017607   0x00000001   PAD
    0x2000007c   0x00017608   0x0000000e   Data   RW          435    .data               tanks.o
    0x2000008a   0x00017616   0x00000002   Data   RW          731    .data               serial_debug.o
    0x2000008c   0x00017618   0x00000004   Data   RW          797    .data               system_tm4c123.o
    0x20000090   0x0001761c   0x00000004   Data   RW          832    .data               mc_w.l(stdout.o)
    0x20000094   0x00017620   0x00000004   Data   RW         1152    .data               mc_w.l(mvars.o)
    0x20000098   0x00017624   0x00000004   Data   RW         1153    .data               mc_w.l(mvars.o)


    Execution Region ER_ZI (Exec base: 0x2000009c, Load base: 0x00017628, Size: 0x00001044, Max: 0xffffffff, ABSOLUTE)

    Exec Addr    Load Addr    Size         Type   Attr      Idx    E Section Name        Object

    0x2000009c        -       0x0000001e   Zero   RW          189    .bss                project_interrupts.o
    0x200000ba        -       0x0000000a   Zero   RW          225    .bss                game.o
    0x200000c4        -       0x0000001c   Zero   RW          730    .bss                serial_debug.o
    0x200000e0        -       0x00000000   Zero   RW          787    HEAP                startup_tm4c123.o
    0x200000e0        -       0x00001000   Zero   RW          786    STACK               startup_tm4c123.o


==============================================================================

Image component sizes


      Code (inc. data)   RO Data    RW Data    ZI Data      Debug   Object Name

         0          0          0          8          0        442   breathing_led.o
      1284         96          0         40         10       5604   game.o
       772         34          0          0          0       5562   gpio_port.o
       520         24          0          0          0       3713   i2c.o
         0          0       1060         64          0       4197   images.o
       432         20          0          0          0       1999   io_expander.o
      2886         28          0          0          0       8268   lcd.o
       156         20         67          0          0      30500   main.o
       424         24        664          1          0       2942   map.o
       124          0          0          0          0       1979   pc_buffer.o
       136         28          0          0          0        551   project_hardware_init.o
      2200        244          0          8         30       4461   project_interrupts.o
       280         24          0          0          0       1572   ps2.o
       540         26          0          2         28       5625   serial_debug.o
       624         82         20          2          0       2333   staff.o
       252         10        620          0       4096       5460   startup_tm4c123.o
       592        138          0          4          0       1593   system_tm4c123.o
       868        204          0         14          0       3436   tanks.o
       584         24          0          0          0      32848   timers.o
       620         64        262          0          0       1798   top_row_display.o
       660         46      76832          0          0       3706   transition.o
       656         54          0          0          0       3500   uart.o

    ----------------------------------------------------------------------
     14612       1190      79560        144       4164     132089   Object Totals
         0          0         32          0          0          0   (incl. Generated)
         2          0          3          1          0          0   (incl. Padding)

    ----------------------------------------------------------------------

      Code (inc. data)   RO Data    RW Data    ZI Data      Debug   Library Member Name

        20          0          0          0          0        124   fabs.o
         0          0          0          0          0          0   entry.o
         0          0          0          0          0          0   entry10a.o
         0          0          0          0          0          0   entry11a.o
         8          4          0          0          0          0   entry2.o
         4          0          0          0          0          0   entry5.o
         0          0          0          0          0          0   entry7b.o
         0          0          0          0          0          0   entry8b.o
         8          4          0          0          0          0   entry9a.o
        30          0          0          0          0          0   handlers.o
        36          8          0          0          0         68   init.o
         0          0          0          0          0          0   iusefp.o
        30          0          0          0          0         68   llshl.o
        32          0          0          0          0         68   llushr.o
       108         16          0          0          0         84   malloc.o
         0          0          0          8          0          0   mvars.o
       736         56          0          0          0        184   printf5.o
         0          0          0          4          0          0   stdout.o
        98          0          0          0          0         92   uldiv.o
        48          0          0          0          0         68   cdcmple.o
        48          0          0          0          0         68   cdrcmple.o
       186          0          0          0          0        176   depilogue.o
        34          0          0          0          0         76   dflti.o
        26          0          0          0          0         76   dfltui.o

    ----------------------------------------------------------------------
      1456         88          0         12          0       1152   Library Totals
         4          0          0          0          0          0   (incl. Padding)

    ----------------------------------------------------------------------

      Code (inc. data)   RO Data    RW Data    ZI Data      Debug   Library Name

        20          0          0          0          0        124   m_wm.l
      1090         88          0         12          0        564   mc_w.l
       342          0          0          0          0        464   mf_w.l

    ----------------------------------------------------------------------
      1456         88          0         12          0       1152   Library Totals

    ----------------------------------------------------------------------

==============================================================================


      Code (inc. data)   RO Data    RW Data    ZI Data      Debug   

     16068       1278      79560        156       4164     129325   Grand Totals
     16068       1278      79560        156       4164     129325   ELF Image Totals
     16068       1278      79560        156          0          0   ROM Totals

==============================================================================

    Total RO  Size (Code + RO Data)                95628 (  93.39kB)
    Total RW  Size (RW Data + ZI Data)              4320 (   4.22kB)
    Total ROM Size (Code + RO Data + RW Data)      95784 (  93.54kB)

==============================================================================

