Component: ARM Compiler 5.06 update 6 (build 750) Tool: armlink [4d35ed]

==============================================================================

Section Cross References

    main.o(.text) refers to io_expander.o(.text) for io_expander_init
    pc_buffer.o(.text) refers to malloc.o(i.malloc) for malloc
    eeprom.o(.text) refers to i2c.o(.text) for i2cVerifyBaseAddr
    eeprom.o(.text) refers to gpio_port.o(.text) for gpio_enable_port
    ft6x06.o(.text) refers to i2c.o(.text) for I2CMasterBusy
    ft6x06.o(.text) refers to gpio_port.o(.text) for gpio_enable_port
    lcd.o(.text) refers to gpio_port.o(.text) for gpio_enable_port
    ps2.o(.text) refers to gpio_port.o(.text) for gpio_enable_port
    ps2.o(.text) refers to adc.o(.text) for initialize_adc
    serial_debug.o(.text) refers to pc_buffer.o(.text) for pc_buffer_empty
    serial_debug.o(.text) refers to main.o(.text) for DisableInterrupts
    serial_debug.o(.text) refers to uart.o(.text) for uart_tx_poll
    serial_debug.o(.text) refers to gpio_port.o(.text) for gpio_enable_port
    serial_debug.o(.text) refers to serial_debug.o(.data) for Tx_Interrupts_Enabled
    serial_debug.o(.text) refers to serial_debug.o(.bss) for UART0_Tx_Buffer
    serial_debug.o(.text) refers to stdout.o(.data) for __stdout
    io_expander.o(.text) refers to i2c.o(.text) for i2cSetSlaveAddr
    io_expander.o(.text) refers to gpio_port.o(.text) for gpio_enable_port
    startup_tm4c123.o(RESET) refers to startup_tm4c123.o(STACK) for __initial_sp
    startup_tm4c123.o(RESET) refers to startup_tm4c123.o(.text) for Reset_Handler
    startup_tm4c123.o(RESET) refers to serial_debug.o(.text) for UART0_Handler
    startup_tm4c123.o(.text) refers to system_tm4c123.o(.text) for SystemInit
    startup_tm4c123.o(.text) refers to entry.o(.ARM.Collect$$$$00000000) for __main
    system_tm4c123.o(.text) refers to system_tm4c123.o(.data) for SystemCoreClock
    entry.o(.ARM.Collect$$$$00000000) refers (Special) to entry10a.o(.ARM.Collect$$$$0000000D) for __rt_final_cpp
    entry.o(.ARM.Collect$$$$00000000) refers (Special) to entry11a.o(.ARM.Collect$$$$0000000F) for __rt_final_exit
    entry.o(.ARM.Collect$$$$00000000) refers (Special) to entry7b.o(.ARM.Collect$$$$00000008) for _main_clock
    entry.o(.ARM.Collect$$$$00000000) refers (Special) to entry8b.o(.ARM.Collect$$$$0000000A) for _main_cpp_init
    entry.o(.ARM.Collect$$$$00000000) refers (Special) to entry9a.o(.ARM.Collect$$$$0000000B) for _main_init
    entry.o(.ARM.Collect$$$$00000000) refers (Special) to entry5.o(.ARM.Collect$$$$00000004) for _main_scatterload
    entry.o(.ARM.Collect$$$$00000000) refers (Special) to entry2.o(.ARM.Collect$$$$00000001) for _main_stk
    malloc.o(i.free) refers to mvars.o(.data) for __microlib_freelist
    malloc.o(i.malloc) refers to mvars.o(.data) for __microlib_freelist_initialised
    malloc.o(i.malloc) refers to mvars.o(.data) for __microlib_freelist
    malloc.o(i.malloc) refers to startup_tm4c123.o(HEAP) for __heap_base
    mallocr.o(i.__free$realloc) refers to mvars.o(.data) for __microlib_freelist
    mallocr.o(i.__malloc$realloc) refers to mallocr.o(i.internal_alloc) for internal_alloc
    mallocr.o(i.__malloc$realloc) refers to mvars.o(.data) for __microlib_freelist_initialised
    mallocr.o(i.__malloc$realloc) refers to startup_tm4c123.o(HEAP) for __heap_base
    mallocr.o(i.__malloc$realloc) refers to mvars.o(.data) for __microlib_freelist
    mallocr.o(i.internal_alloc) refers to memcpya.o(.text) for __aeabi_memcpy
    mallocr.o(i.internal_alloc) refers to mvars.o(.data) for __microlib_freelist
    mallocr.o(i.realloc) refers to mallocr.o(i.__free$realloc) for __free$realloc
    mallocr.o(i.realloc) refers to mallocr.o(i.internal_alloc) for internal_alloc
    mallocr.o(i.realloc) refers to mallocr.o(i.__malloc$realloc) for __malloc$realloc
    mallocr.o(i.realloc) refers to mvars.o(.data) for __microlib_freelist
    malloca.o(i.__aligned_malloc) refers to mvars.o(.data) for __microlib_freelist_initialised
    malloca.o(i.__aligned_malloc) refers to mvars.o(.data) for __microlib_freelist
    malloca.o(i.__aligned_malloc) refers to startup_tm4c123.o(HEAP) for __heap_base
    malloca.o(i.__free$memalign) refers to mvars.o(.data) for __microlib_freelist
    malloca.o(i.__malloc$memalign) refers to malloca.o(i.__aligned_malloc) for __aligned_malloc
    mallocra.o(i.__aligned_malloc$realloc) refers to mallocra.o(i.internal_alloc) for internal_alloc
    mallocra.o(i.__aligned_malloc$realloc) refers to mvars.o(.data) for __microlib_freelist_initialised
    mallocra.o(i.__aligned_malloc$realloc) refers to startup_tm4c123.o(HEAP) for __heap_base
    mallocra.o(i.__aligned_malloc$realloc) refers to mvars.o(.data) for __microlib_freelist
    mallocra.o(i.__free$realloc$memalign) refers to mvars.o(.data) for __microlib_freelist
    mallocra.o(i.__malloc$realloc$memalign) refers to mallocra.o(i.__aligned_malloc$realloc) for __aligned_malloc$realloc
    mallocra.o(i.__realloc$memalign) refers to mallocra.o(i.__free$realloc$memalign) for __free$realloc$memalign
    mallocra.o(i.__realloc$memalign) refers to mallocra.o(i.internal_alloc) for internal_alloc
    mallocra.o(i.__realloc$memalign) refers to mallocra.o(i.__malloc$realloc$memalign) for __malloc$realloc$memalign
    mallocra.o(i.__realloc$memalign) refers to mvars.o(.data) for __microlib_freelist
    mallocra.o(i.internal_alloc) refers to memcpya.o(.text) for __aeabi_memcpy
    mallocra.o(i.internal_alloc) refers to mvars.o(.data) for __microlib_freelist
    entry2.o(.ARM.Collect$$$$00000001) refers to entry2.o(.ARM.Collect$$$$00002712) for __lit__00000000
    entry2.o(.ARM.Collect$$$$00002712) refers to startup_tm4c123.o(STACK) for __initial_sp
    entry2.o(__vectab_stack_and_reset_area) refers to startup_tm4c123.o(STACK) for __initial_sp
    entry2.o(__vectab_stack_and_reset_area) refers to entry.o(.ARM.Collect$$$$00000000) for __main
    entry5.o(.ARM.Collect$$$$00000004) refers to init.o(.text) for __scatterload
    entry9a.o(.ARM.Collect$$$$0000000B) refers to main.o(.text) for main
    entry9b.o(.ARM.Collect$$$$0000000C) refers to main.o(.text) for main
    init.o(.text) refers to entry5.o(.ARM.Collect$$$$00000004) for __main_after_scatterload


==============================================================================

Removing Unused input sections from the image.

    Removing main.o(.rev16_text), (4 bytes).
    Removing main.o(.revsh_text), (4 bytes).
    Removing main.o(.rrx_text), (6 bytes).
    Removing project_hardware_init.o(.rev16_text), (4 bytes).
    Removing project_hardware_init.o(.revsh_text), (4 bytes).
    Removing project_hardware_init.o(.rrx_text), (6 bytes).
    Removing project_interrupts.o(.rev16_text), (4 bytes).
    Removing project_interrupts.o(.revsh_text), (4 bytes).
    Removing project_interrupts.o(.rrx_text), (6 bytes).
    Removing adc.o(.rev16_text), (4 bytes).
    Removing adc.o(.revsh_text), (4 bytes).
    Removing adc.o(.rrx_text), (6 bytes).
    Removing adc.o(.text), (296 bytes).
    Removing gpio_port.o(.rev16_text), (4 bytes).
    Removing gpio_port.o(.revsh_text), (4 bytes).
    Removing gpio_port.o(.rrx_text), (6 bytes).
    Removing i2c.o(.rev16_text), (4 bytes).
    Removing i2c.o(.revsh_text), (4 bytes).
    Removing i2c.o(.rrx_text), (6 bytes).
    Removing timers.o(.rev16_text), (4 bytes).
    Removing timers.o(.revsh_text), (4 bytes).
    Removing timers.o(.rrx_text), (6 bytes).
    Removing timers.o(.text), (584 bytes).
    Removing uart.o(.rev16_text), (4 bytes).
    Removing uart.o(.revsh_text), (4 bytes).
    Removing uart.o(.rrx_text), (6 bytes).
    Removing eeprom.o(.rev16_text), (4 bytes).
    Removing eeprom.o(.revsh_text), (4 bytes).
    Removing eeprom.o(.rrx_text), (6 bytes).
    Removing eeprom.o(.text), (420 bytes).
    Removing ft6x06.o(.rev16_text), (4 bytes).
    Removing ft6x06.o(.revsh_text), (4 bytes).
    Removing ft6x06.o(.rrx_text), (6 bytes).
    Removing ft6x06.o(.text), (432 bytes).
    Removing launchpad_io.o(.rev16_text), (4 bytes).
    Removing launchpad_io.o(.revsh_text), (4 bytes).
    Removing launchpad_io.o(.rrx_text), (6 bytes).
    Removing launchpad_io.o(.text), (440 bytes).
    Removing lcd.o(.rev16_text), (4 bytes).
    Removing lcd.o(.revsh_text), (4 bytes).
    Removing lcd.o(.rrx_text), (6 bytes).
    Removing lcd.o(.text), (2886 bytes).
    Removing ps2.o(.rev16_text), (4 bytes).
    Removing ps2.o(.revsh_text), (4 bytes).
    Removing ps2.o(.rrx_text), (6 bytes).
    Removing ps2.o(.text), (104 bytes).
    Removing serial_debug.o(.rev16_text), (4 bytes).
    Removing serial_debug.o(.revsh_text), (4 bytes).
    Removing serial_debug.o(.rrx_text), (6 bytes).
    Removing io_expander.o(.rev16_text), (4 bytes).
    Removing io_expander.o(.revsh_text), (4 bytes).
    Removing io_expander.o(.rrx_text), (6 bytes).
    Removing system_tm4c123.o(.rev16_text), (4 bytes).
    Removing system_tm4c123.o(.revsh_text), (4 bytes).
    Removing system_tm4c123.o(.rrx_text), (6 bytes).

55 unused section(s) (total 5386 bytes) removed from the image.

==============================================================================

Image Symbol Table

    Local Symbols

    Symbol Name                              Value     Ov Type        Size  Object(Section)

    RESET                                    0x00000000   Section      620  startup_tm4c123.o(RESET)
    ../clib/microlib/init/entry.s            0x00000000   Number         0  entry11a.o ABSOLUTE
    ../clib/microlib/init/entry.s            0x00000000   Number         0  entry7a.o ABSOLUTE
    ../clib/microlib/init/entry.s            0x00000000   Number         0  entry10b.o ABSOLUTE
    ../clib/microlib/init/entry.s            0x00000000   Number         0  entry10a.o ABSOLUTE
    ../clib/microlib/init/entry.s            0x00000000   Number         0  entry9b.o ABSOLUTE
    ../clib/microlib/init/entry.s            0x00000000   Number         0  entry9a.o ABSOLUTE
    ../clib/microlib/init/entry.s            0x00000000   Number         0  entry2.o ABSOLUTE
    ../clib/microlib/init/entry.s            0x00000000   Number         0  entry8b.o ABSOLUTE
    ../clib/microlib/init/entry.s            0x00000000   Number         0  entry8a.o ABSOLUTE
    ../clib/microlib/init/entry.s            0x00000000   Number         0  entry.o ABSOLUTE
    ../clib/microlib/init/entry.s            0x00000000   Number         0  entry5.o ABSOLUTE
    ../clib/microlib/init/entry.s            0x00000000   Number         0  entry7b.o ABSOLUTE
    ../clib/microlib/init/entry.s            0x00000000   Number         0  entry11b.o ABSOLUTE
    ../clib/microlib/malloc/malloc.c         0x00000000   Number         0  mallocra.o ABSOLUTE
    ../clib/microlib/malloc/malloc.c         0x00000000   Number         0  malloc.o ABSOLUTE
    ../clib/microlib/malloc/malloc.c         0x00000000   Number         0  mallocr.o ABSOLUTE
    ../clib/microlib/malloc/malloc.c         0x00000000   Number         0  malloca.o ABSOLUTE
    ../clib/microlib/malloc/mvars.c          0x00000000   Number         0  mvars.o ABSOLUTE
    ../clib/microlib/stdio/streams.c         0x00000000   Number         0  stdout.o ABSOLUTE
    ../clib/microlib/string/memcpy.c         0x00000000   Number         0  memcpya.o ABSOLUTE
    ../clib/microlib/string/memcpy.c         0x00000000   Number         0  memcpyb.o ABSOLUTE
    ..\\drivers\\c\\adc.c                    0x00000000   Number         0  adc.o ABSOLUTE
    ..\\drivers\\c\\gpio_port.c              0x00000000   Number         0  gpio_port.o ABSOLUTE
    ..\\drivers\\c\\i2c.c                    0x00000000   Number         0  i2c.o ABSOLUTE
    ..\\drivers\\c\\timers.c                 0x00000000   Number         0  timers.o ABSOLUTE
    ..\\drivers\\c\\uart.c                   0x00000000   Number         0  uart.o ABSOLUTE
    ..\\peripherals\\c\\eeprom.c             0x00000000   Number         0  eeprom.o ABSOLUTE
    ..\\peripherals\\c\\ft6x06.c             0x00000000   Number         0  ft6x06.o ABSOLUTE
    ..\\peripherals\\c\\io_expander.c        0x00000000   Number         0  io_expander.o ABSOLUTE
    ..\\peripherals\\c\\launchpad_io.c       0x00000000   Number         0  launchpad_io.o ABSOLUTE
    ..\\peripherals\\c\\lcd.c                0x00000000   Number         0  lcd.o ABSOLUTE
    ..\\peripherals\\c\\ps2.c                0x00000000   Number         0  ps2.o ABSOLUTE
    ..\\peripherals\\c\\serial_debug.c       0x00000000   Number         0  serial_debug.o ABSOLUTE
    ..\drivers\c\adc.c                       0x00000000   Number         0  adc.o ABSOLUTE
    ..\drivers\c\gpio_port.c                 0x00000000   Number         0  gpio_port.o ABSOLUTE
    ..\drivers\c\i2c.c                       0x00000000   Number         0  i2c.o ABSOLUTE
    ..\drivers\c\pc_buffer.c                 0x00000000   Number         0  pc_buffer.o ABSOLUTE
    ..\drivers\c\timers.c                    0x00000000   Number         0  timers.o ABSOLUTE
    ..\drivers\c\uart.c                      0x00000000   Number         0  uart.o ABSOLUTE
    ..\peripherals\c\eeprom.c                0x00000000   Number         0  eeprom.o ABSOLUTE
    ..\peripherals\c\ft6x06.c                0x00000000   Number         0  ft6x06.o ABSOLUTE
    ..\peripherals\c\io_expander.c           0x00000000   Number         0  io_expander.o ABSOLUTE
    ..\peripherals\c\launchpad_io.c          0x00000000   Number         0  launchpad_io.o ABSOLUTE
    ..\peripherals\c\lcd.c                   0x00000000   Number         0  lcd.o ABSOLUTE
    ..\peripherals\c\ps2.c                   0x00000000   Number         0  ps2.o ABSOLUTE
    ..\peripherals\c\serial_debug.c          0x00000000   Number         0  serial_debug.o ABSOLUTE
    RTE\Device\TM4C123GH6PM\startup_TM4C123.s 0x00000000   Number         0  startup_tm4c123.o ABSOLUTE
    RTE\Device\TM4C123GH6PM\system_TM4C123.c 0x00000000   Number         0  system_tm4c123.o ABSOLUTE
    RTE\\Device\\TM4C123GH6PM\\system_TM4C123.c 0x00000000   Number         0  system_tm4c123.o ABSOLUTE
    dc.s                                     0x00000000   Number         0  dc.o ABSOLUTE
    handlers.s                               0x00000000   Number         0  handlers.o ABSOLUTE
    init.s                                   0x00000000   Number         0  init.o ABSOLUTE
    main.c                                   0x00000000   Number         0  main.o ABSOLUTE
    main.c                                   0x00000000   Number         0  main.o ABSOLUTE
    project_hardware_init.c                  0x00000000   Number         0  project_hardware_init.o ABSOLUTE
    project_hardware_init.c                  0x00000000   Number         0  project_hardware_init.o ABSOLUTE
    project_interrupts.c                     0x00000000   Number         0  project_interrupts.o ABSOLUTE
    project_interrupts.c                     0x00000000   Number         0  project_interrupts.o ABSOLUTE
    .ARM.Collect$$$$00000000                 0x0000026c   Section        0  entry.o(.ARM.Collect$$$$00000000)
    .ARM.Collect$$$$00000001                 0x0000026c   Section        4  entry2.o(.ARM.Collect$$$$00000001)
    .ARM.Collect$$$$00000004                 0x00000270   Section        4  entry5.o(.ARM.Collect$$$$00000004)
    .ARM.Collect$$$$00000008                 0x00000274   Section        0  entry7b.o(.ARM.Collect$$$$00000008)
    .ARM.Collect$$$$0000000A                 0x00000274   Section        0  entry8b.o(.ARM.Collect$$$$0000000A)
    .ARM.Collect$$$$0000000B                 0x00000274   Section        8  entry9a.o(.ARM.Collect$$$$0000000B)
    .ARM.Collect$$$$0000000D                 0x0000027c   Section        0  entry10a.o(.ARM.Collect$$$$0000000D)
    .ARM.Collect$$$$0000000F                 0x0000027c   Section        0  entry11a.o(.ARM.Collect$$$$0000000F)
    .ARM.Collect$$$$00002712                 0x0000027c   Section        4  entry2.o(.ARM.Collect$$$$00002712)
    __lit__00000000                          0x0000027c   Data           4  entry2.o(.ARM.Collect$$$$00002712)
    .text                                    0x00000280   Section        0  main.o(.text)
    .text                                    0x00000298   Section        0  gpio_port.o(.text)
    verify_base_addr                         0x00000299   Thumb Code    64  gpio_port.o(.text)
    .text                                    0x0000055c   Section        0  i2c.o(.text)
    .text                                    0x00000764   Section        0  pc_buffer.o(.text)
    .text                                    0x000007e0   Section        0  uart.o(.text)
    .text                                    0x00000a70   Section        0  serial_debug.o(.text)
    .text                                    0x00000c8c   Section        0  io_expander.o(.text)
    .text                                    0x00000d80   Section      252  startup_tm4c123.o(.text)
    $v0                                      0x00000d80   Number         0  startup_tm4c123.o(.text)
    .text                                    0x00000e7c   Section        0  system_tm4c123.o(.text)
    getOscClk                                0x00000e7d   Thumb Code   182  system_tm4c123.o(.text)
    .text                                    0x000010cc   Section       36  init.o(.text)
    i.__scatterload_copy                     0x000010f0   Section       14  handlers.o(i.__scatterload_copy)
    i.__scatterload_null                     0x000010fe   Section        2  handlers.o(i.__scatterload_null)
    i.__scatterload_zeroinit                 0x00001100   Section       14  handlers.o(i.__scatterload_zeroinit)
    i.malloc                                 0x00001110   Section        0  malloc.o(i.malloc)
    .data                                    0x20000000   Section        2  serial_debug.o(.data)
    Rx_Interrupts_Enabled                    0x20000000   Data           1  serial_debug.o(.data)
    Tx_Interrupts_Enabled                    0x20000001   Data           1  serial_debug.o(.data)
    .data                                    0x20000004   Section        4  system_tm4c123.o(.data)
    .data                                    0x20000008   Section        4  stdout.o(.data)
    .data                                    0x2000000c   Section        4  mvars.o(.data)
    .data                                    0x20000010   Section        4  mvars.o(.data)
    .bss                                     0x20000014   Section       28  serial_debug.o(.bss)
    HEAP                                     0x20000030   Section        0  startup_tm4c123.o(HEAP)
    STACK                                    0x20000030   Section     4096  startup_tm4c123.o(STACK)

    Global Symbols

    Symbol Name                              Value     Ov Type        Size  Object(Section)

    BuildAttributes$$THM_ISAv4$E$P$D$K$B$S$7EM$VFPi3$EXTD16$VFPS$VFMA$PE$A:L22UL41UL21$X:L11$S22US41US21$IEEE1$IW$USESV6$~STKCKD$USESV7$~SHL$OSPACE$EBA8$MICROLIB$REQ8$PRES8$EABIv2 0x00000000   Number         0  anon$$obj.o ABSOLUTE
    __ARM_use_no_argv                        0x00000000   Number         0  main.o ABSOLUTE
    __Vectors                                0x00000000   Data           4  startup_tm4c123.o(RESET)
    __cpp_initialize__aeabi_                  - Undefined Weak Reference
    __cxa_finalize                            - Undefined Weak Reference
    __decompress                              - Undefined Weak Reference
    _clock_init                               - Undefined Weak Reference
    _microlib_exit                            - Undefined Weak Reference
    __Vectors_End                            0x0000026c   Data           0  startup_tm4c123.o(RESET)
    __Vectors_Size                           0x0000026c   Number         0  startup_tm4c123.o ABSOLUTE
    __main                                   0x0000026d   Thumb Code     0  entry.o(.ARM.Collect$$$$00000000)
    _main_stk                                0x0000026d   Thumb Code     0  entry2.o(.ARM.Collect$$$$00000001)
    _main_scatterload                        0x00000271   Thumb Code     0  entry5.o(.ARM.Collect$$$$00000004)
    __main_after_scatterload                 0x00000275   Thumb Code     0  entry5.o(.ARM.Collect$$$$00000004)
    _main_clock                              0x00000275   Thumb Code     0  entry7b.o(.ARM.Collect$$$$00000008)
    _main_cpp_init                           0x00000275   Thumb Code     0  entry8b.o(.ARM.Collect$$$$0000000A)
    _main_init                               0x00000275   Thumb Code     0  entry9a.o(.ARM.Collect$$$$0000000B)
    __rt_final_cpp                           0x0000027d   Thumb Code     0  entry10a.o(.ARM.Collect$$$$0000000D)
    __rt_final_exit                          0x0000027d   Thumb Code     0  entry11a.o(.ARM.Collect$$$$0000000F)
    DisableInterrupts                        0x00000281   Thumb Code     4  main.o(.text)
    EnableInterrupts                         0x00000285   Thumb Code     4  main.o(.text)
    main                                     0x00000289   Thumb Code    16  main.o(.text)
    gpio_get_irq_num                         0x000002d9   Thumb Code    74  gpio_port.o(.text)
    gpio_enable_port                         0x00000323   Thumb Code   156  gpio_port.o(.text)
    gpio_config_digital_enable               0x000003bf   Thumb Code    34  gpio_port.o(.text)
    gpio_config_enable_output                0x000003e1   Thumb Code    34  gpio_port.o(.text)
    gpio_config_enable_input                 0x00000403   Thumb Code    34  gpio_port.o(.text)
    gpio_config_enable_pullup                0x00000425   Thumb Code    34  gpio_port.o(.text)
    gpio_config_enable_pulldown              0x00000447   Thumb Code    34  gpio_port.o(.text)
    gpio_config_analog_enable                0x00000469   Thumb Code    34  gpio_port.o(.text)
    gpio_config_alternate_function           0x0000048b   Thumb Code    34  gpio_port.o(.text)
    gpio_config_port_control                 0x000004ad   Thumb Code    54  gpio_port.o(.text)
    gpio_config_open_drain                   0x000004e3   Thumb Code    34  gpio_port.o(.text)
    gpio_config_falling_edge_irq             0x00000505   Thumb Code    56  gpio_port.o(.text)
    initializeI2CMaster                      0x0000055d   Thumb Code   160  i2c.o(.text)
    i2cVerifyBaseAddr                        0x000005fd   Thumb Code    36  i2c.o(.text)
    i2cSetSlaveAddr                          0x00000621   Thumb Code    30  i2c.o(.text)
    i2cStop                                  0x0000063f   Thumb Code    26  i2c.o(.text)
    I2CMasterBusy                            0x00000659   Thumb Code    34  i2c.o(.text)
    I2CMasterAdrAck                          0x0000067b   Thumb Code    34  i2c.o(.text)
    I2CMasterDatAck                          0x0000069d   Thumb Code    34  i2c.o(.text)
    i2cSendByte                              0x000006bf   Thumb Code    82  i2c.o(.text)
    i2cGetByte                               0x00000711   Thumb Code    60  i2c.o(.text)
    pc_buffer_init                           0x00000765   Thumb Code    26  pc_buffer.o(.text)
    pc_buffer_add                            0x0000077f   Thumb Code    28  pc_buffer.o(.text)
    pc_buffer_remove                         0x0000079b   Thumb Code    30  pc_buffer.o(.text)
    pc_buffer_empty                          0x000007b9   Thumb Code    18  pc_buffer.o(.text)
    pc_buffer_full                           0x000007cb   Thumb Code    22  pc_buffer.o(.text)
    verify_uart_base                         0x000007e1   Thumb Code    54  uart.o(.text)
    uart_get_rcgc_mask                       0x00000817   Thumb Code    68  uart.o(.text)
    uart_get_pr_mask                         0x0000085b   Thumb Code    68  uart.o(.text)
    uart_get_irq_num                         0x0000089f   Thumb Code    68  uart.o(.text)
    uart_tx_poll                             0x000008e3   Thumb Code    38  uart.o(.text)
    uart_tx_poll_string                      0x00000909   Thumb Code    50  uart.o(.text)
    uart_rx_poll                             0x0000093b   Thumb Code    70  uart.o(.text)
    uart_init                                0x00000981   Thumb Code   218  uart.o(.text)
    serial_debug_rx                          0x00000a71   Thumb Code    46  serial_debug.o(.text)
    serial_debug_tx                          0x00000a9f   Thumb Code    72  serial_debug.o(.text)
    fputc                                    0x00000ae7   Thumb Code    66  serial_debug.o(.text)
    fgetc                                    0x00000b29   Thumb Code    50  serial_debug.o(.text)
    init_serial_debug                        0x00000b5b   Thumb Code   144  serial_debug.o(.text)
    UART0_Handler                            0x00000beb   Thumb Code   136  serial_debug.o(.text)
    io_expander_write_reg                    0x00000c8d   Thumb Code    62  io_expander.o(.text)
    io_expander_init                         0x00000ccb   Thumb Code   172  io_expander.o(.text)
    io_expander_read_reg                     0x00000d77   Thumb Code     6  io_expander.o(.text)
    Reset_Handler                            0x00000d81   Thumb Code     8  startup_tm4c123.o(.text)
    NMI_Handler                              0x00000d89   Thumb Code     2  startup_tm4c123.o(.text)
    HardFault_Handler                        0x00000d8b   Thumb Code     2  startup_tm4c123.o(.text)
    MemManage_Handler                        0x00000d8d   Thumb Code     2  startup_tm4c123.o(.text)
    BusFault_Handler                         0x00000d8f   Thumb Code     2  startup_tm4c123.o(.text)
    UsageFault_Handler                       0x00000d91   Thumb Code     2  startup_tm4c123.o(.text)
    SVC_Handler                              0x00000d93   Thumb Code     2  startup_tm4c123.o(.text)
    DebugMon_Handler                         0x00000d95   Thumb Code     2  startup_tm4c123.o(.text)
    PendSV_Handler                           0x00000d97   Thumb Code     2  startup_tm4c123.o(.text)
    SysTick_Handler                          0x00000d99   Thumb Code     2  startup_tm4c123.o(.text)
    GPIOA_Handler                            0x00000d9b   Thumb Code     2  startup_tm4c123.o(.text)
    GPIOB_Handler                            0x00000d9d   Thumb Code     2  startup_tm4c123.o(.text)
    GPIOC_Handler                            0x00000d9f   Thumb Code     2  startup_tm4c123.o(.text)
    GPIOD_Handler                            0x00000da1   Thumb Code     2  startup_tm4c123.o(.text)
    GPIOE_Handler                            0x00000da3   Thumb Code     2  startup_tm4c123.o(.text)
    UART1_Handler                            0x00000da7   Thumb Code     2  startup_tm4c123.o(.text)
    SSI0_Handler                             0x00000da9   Thumb Code     2  startup_tm4c123.o(.text)
    I2C0_Handler                             0x00000dab   Thumb Code     2  startup_tm4c123.o(.text)
    PMW0_FAULT_Handler                       0x00000dad   Thumb Code     2  startup_tm4c123.o(.text)
    PWM0_0_Handler                           0x00000daf   Thumb Code     2  startup_tm4c123.o(.text)
    PWM0_1_Handler                           0x00000db1   Thumb Code     2  startup_tm4c123.o(.text)
    PWM0_2_Handler                           0x00000db3   Thumb Code     2  startup_tm4c123.o(.text)
    QEI0_Handler                             0x00000db5   Thumb Code     2  startup_tm4c123.o(.text)
    ADC0SS0_Handler                          0x00000db7   Thumb Code     2  startup_tm4c123.o(.text)
    ADC0SS1_Handler                          0x00000db9   Thumb Code     2  startup_tm4c123.o(.text)
    ADC0SS2_Handler                          0x00000dbb   Thumb Code     2  startup_tm4c123.o(.text)
    ADC0SS3_Handler                          0x00000dbd   Thumb Code     2  startup_tm4c123.o(.text)
    WDT0_Handler                             0x00000dbf   Thumb Code     2  startup_tm4c123.o(.text)
    TIMER0A_Handler                          0x00000dc1   Thumb Code     2  startup_tm4c123.o(.text)
    TIMER0B_Handler                          0x00000dc3   Thumb Code     2  startup_tm4c123.o(.text)
    TIMER1A_Handler                          0x00000dc5   Thumb Code     2  startup_tm4c123.o(.text)
    TIMER1B_Handler                          0x00000dc7   Thumb Code     2  startup_tm4c123.o(.text)
    TIMER2A_Handler                          0x00000dc9   Thumb Code     2  startup_tm4c123.o(.text)
    TIMER2B_Handler                          0x00000dcb   Thumb Code     2  startup_tm4c123.o(.text)
    COMP0_Handler                            0x00000dcd   Thumb Code     2  startup_tm4c123.o(.text)
    COMP1_Handler                            0x00000dcf   Thumb Code     2  startup_tm4c123.o(.text)
    COMP2_Handler                            0x00000dd1   Thumb Code     2  startup_tm4c123.o(.text)
    SYSCTL_Handler                           0x00000dd3   Thumb Code     2  startup_tm4c123.o(.text)
    FLASH_Handler                            0x00000dd5   Thumb Code     2  startup_tm4c123.o(.text)
    GPIOF_Handler                            0x00000dd7   Thumb Code     2  startup_tm4c123.o(.text)
    GPIOG_Handler                            0x00000dd9   Thumb Code     2  startup_tm4c123.o(.text)
    GPIOH_Handler                            0x00000ddb   Thumb Code     2  startup_tm4c123.o(.text)
    UART2_Handler                            0x00000ddd   Thumb Code     2  startup_tm4c123.o(.text)
    SSI1_Handler                             0x00000ddf   Thumb Code     2  startup_tm4c123.o(.text)
    TIMER3A_Handler                          0x00000de1   Thumb Code     2  startup_tm4c123.o(.text)
    TIMER3B_Handler                          0x00000de3   Thumb Code     2  startup_tm4c123.o(.text)
    I2C1_Handler                             0x00000de5   Thumb Code     2  startup_tm4c123.o(.text)
    QEI1_Handler                             0x00000de7   Thumb Code     2  startup_tm4c123.o(.text)
    CAN0_Handler                             0x00000de9   Thumb Code     2  startup_tm4c123.o(.text)
    CAN1_Handler                             0x00000deb   Thumb Code     2  startup_tm4c123.o(.text)
    CAN2_Handler                             0x00000ded   Thumb Code     2  startup_tm4c123.o(.text)
    HIB_Handler                              0x00000def   Thumb Code     2  startup_tm4c123.o(.text)
    USB0_Handler                             0x00000df1   Thumb Code     2  startup_tm4c123.o(.text)
    PWM0_3_Handler                           0x00000df3   Thumb Code     2  startup_tm4c123.o(.text)
    UDMA_Handler                             0x00000df5   Thumb Code     2  startup_tm4c123.o(.text)
    UDMAERR_Handler                          0x00000df7   Thumb Code     2  startup_tm4c123.o(.text)
    ADC1SS0_Handler                          0x00000df9   Thumb Code     2  startup_tm4c123.o(.text)
    ADC1SS1_Handler                          0x00000dfb   Thumb Code     2  startup_tm4c123.o(.text)
    ADC1SS2_Handler                          0x00000dfd   Thumb Code     2  startup_tm4c123.o(.text)
    ADC1SS3_Handler                          0x00000dff   Thumb Code     2  startup_tm4c123.o(.text)
    GPIOJ_Handler                            0x00000e01   Thumb Code     2  startup_tm4c123.o(.text)
    GPIOK_Handler                            0x00000e03   Thumb Code     2  startup_tm4c123.o(.text)
    GPIOL_Handler                            0x00000e05   Thumb Code     2  startup_tm4c123.o(.text)
    SSI2_Handler                             0x00000e07   Thumb Code     2  startup_tm4c123.o(.text)
    SSI3_Handler                             0x00000e09   Thumb Code     2  startup_tm4c123.o(.text)
    UART3_Handler                            0x00000e0b   Thumb Code     2  startup_tm4c123.o(.text)
    UART4_Handler                            0x00000e0d   Thumb Code     2  startup_tm4c123.o(.text)
    UART5_Handler                            0x00000e0f   Thumb Code     2  startup_tm4c123.o(.text)
    UART6_Handler                            0x00000e11   Thumb Code     2  startup_tm4c123.o(.text)
    UART7_Handler                            0x00000e13   Thumb Code     2  startup_tm4c123.o(.text)
    I2C2_Handler                             0x00000e15   Thumb Code     2  startup_tm4c123.o(.text)
    I2C3_Handler                             0x00000e17   Thumb Code     2  startup_tm4c123.o(.text)
    TIMER4A_Handler                          0x00000e19   Thumb Code     2  startup_tm4c123.o(.text)
    TIMER4B_Handler                          0x00000e1b   Thumb Code     2  startup_tm4c123.o(.text)
    TIMER5A_Handler                          0x00000e1d   Thumb Code     2  startup_tm4c123.o(.text)
    TIMER5B_Handler                          0x00000e1f   Thumb Code     2  startup_tm4c123.o(.text)
    WTIMER0A_Handler                         0x00000e21   Thumb Code     2  startup_tm4c123.o(.text)
    WTIMER0B_Handler                         0x00000e23   Thumb Code     2  startup_tm4c123.o(.text)
    WTIMER1A_Handler                         0x00000e25   Thumb Code     2  startup_tm4c123.o(.text)
    WTIMER1B_Handler                         0x00000e27   Thumb Code     2  startup_tm4c123.o(.text)
    WTIMER2A_Handler                         0x00000e29   Thumb Code     2  startup_tm4c123.o(.text)
    WTIMER2B_Handler                         0x00000e2b   Thumb Code     2  startup_tm4c123.o(.text)
    WTIMER3A_Handler                         0x00000e2d   Thumb Code     2  startup_tm4c123.o(.text)
    WTIMER3B_Handler                         0x00000e2f   Thumb Code     2  startup_tm4c123.o(.text)
    WTIMER4A_Handler                         0x00000e31   Thumb Code     2  startup_tm4c123.o(.text)
    WTIMER4B_Handler                         0x00000e33   Thumb Code     2  startup_tm4c123.o(.text)
    WTIMER5A_Handler                         0x00000e35   Thumb Code     2  startup_tm4c123.o(.text)
    WTIMER5B_Handler                         0x00000e37   Thumb Code     2  startup_tm4c123.o(.text)
    FPU_Handler                              0x00000e39   Thumb Code     2  startup_tm4c123.o(.text)
    I2C4_Handler                             0x00000e3b   Thumb Code     2  startup_tm4c123.o(.text)
    I2C5_Handler                             0x00000e3d   Thumb Code     2  startup_tm4c123.o(.text)
    GPIOM_Handler                            0x00000e3f   Thumb Code     2  startup_tm4c123.o(.text)
    GPION_Handler                            0x00000e41   Thumb Code     2  startup_tm4c123.o(.text)
    QEI2_Handler                             0x00000e43   Thumb Code     2  startup_tm4c123.o(.text)
    GPIOP0_Handler                           0x00000e45   Thumb Code     2  startup_tm4c123.o(.text)
    GPIOP1_Handler                           0x00000e47   Thumb Code     2  startup_tm4c123.o(.text)
    GPIOP2_Handler                           0x00000e49   Thumb Code     2  startup_tm4c123.o(.text)
    GPIOP3_Handler                           0x00000e4b   Thumb Code     2  startup_tm4c123.o(.text)
    GPIOP4_Handler                           0x00000e4d   Thumb Code     2  startup_tm4c123.o(.text)
    GPIOP5_Handler                           0x00000e4f   Thumb Code     2  startup_tm4c123.o(.text)
    GPIOP6_Handler                           0x00000e51   Thumb Code     2  startup_tm4c123.o(.text)
    GPIOP7_Handler                           0x00000e53   Thumb Code     2  startup_tm4c123.o(.text)
    GPIOQ0_Handler                           0x00000e55   Thumb Code     2  startup_tm4c123.o(.text)
    GPIOQ1_Handler                           0x00000e57   Thumb Code     2  startup_tm4c123.o(.text)
    GPIOQ2_Handler                           0x00000e59   Thumb Code     2  startup_tm4c123.o(.text)
    GPIOQ3_Handler                           0x00000e5b   Thumb Code     2  startup_tm4c123.o(.text)
    GPIOQ4_Handler                           0x00000e5d   Thumb Code     2  startup_tm4c123.o(.text)
    GPIOQ5_Handler                           0x00000e5f   Thumb Code     2  startup_tm4c123.o(.text)
    GPIOQ6_Handler                           0x00000e61   Thumb Code     2  startup_tm4c123.o(.text)
    GPIOQ7_Handler                           0x00000e63   Thumb Code     2  startup_tm4c123.o(.text)
    GPIOR_Handler                            0x00000e65   Thumb Code     2  startup_tm4c123.o(.text)
    GPIOS_Handler                            0x00000e67   Thumb Code     2  startup_tm4c123.o(.text)
    PMW1_0_Handler                           0x00000e69   Thumb Code     2  startup_tm4c123.o(.text)
    PWM1_1_Handler                           0x00000e6b   Thumb Code     2  startup_tm4c123.o(.text)
    PWM1_2_Handler                           0x00000e6d   Thumb Code     2  startup_tm4c123.o(.text)
    PWM1_3_Handler                           0x00000e6f   Thumb Code     2  startup_tm4c123.o(.text)
    PWM1_FAULT_Handler                       0x00000e71   Thumb Code     2  startup_tm4c123.o(.text)
    SystemCoreClockUpdate                    0x00000f33   Thumb Code   184  system_tm4c123.o(.text)
    SystemInit                               0x00000feb   Thumb Code   112  system_tm4c123.o(.text)
    __scatterload                            0x000010cd   Thumb Code    28  init.o(.text)
    __scatterload_rt2                        0x000010cd   Thumb Code     0  init.o(.text)
    __scatterload_copy                       0x000010f1   Thumb Code    14  handlers.o(i.__scatterload_copy)
    __scatterload_null                       0x000010ff   Thumb Code     2  handlers.o(i.__scatterload_null)
    __scatterload_zeroinit                   0x00001101   Thumb Code    14  handlers.o(i.__scatterload_zeroinit)
    malloc                                   0x00001111   Thumb Code    92  malloc.o(i.malloc)
    Region$$Table$$Base                      0x0000117c   Number         0  anon$$obj.o(Region$$Table)
    Region$$Table$$Limit                     0x0000119c   Number         0  anon$$obj.o(Region$$Table)
    SystemCoreClock                          0x20000004   Data           4  system_tm4c123.o(.data)
    __stdout                                 0x20000008   Data           4  stdout.o(.data)
    __microlib_freelist                      0x2000000c   Data           4  mvars.o(.data)
    __microlib_freelist_initialised          0x20000010   Data           4  mvars.o(.data)
    UART0_Tx_Buffer                          0x20000014   Data          14  serial_debug.o(.bss)
    UART0_Rx_Buffer                          0x20000022   Data          14  serial_debug.o(.bss)
    __heap_base                              0x20000030   Data           0  startup_tm4c123.o(HEAP)
    __heap_limit                             0x20000030   Data           0  startup_tm4c123.o(HEAP)
    __initial_sp                             0x20001030   Data           0  startup_tm4c123.o(STACK)



==============================================================================

Memory Map of the image

  Image Entry point : 0x00000d81

  Load Region LR_1 (Base: 0x00000000, Size: 0x000011b0, Max: 0xffffffff, ABSOLUTE)

    Execution Region ER_RO (Exec base: 0x00000000, Load base: 0x00000000, Size: 0x0000119c, Max: 0xffffffff, ABSOLUTE)

    Exec Addr    Load Addr    Size         Type   Attr      Idx    E Section Name        Object

    0x00000000   0x00000000   0x0000026c   Data   RO          489    RESET               startup_tm4c123.o
    0x0000026c   0x0000026c   0x00000000   Code   RO          524  * .ARM.Collect$$$$00000000  mc_w.l(entry.o)
    0x0000026c   0x0000026c   0x00000004   Code   RO          556    .ARM.Collect$$$$00000001  mc_w.l(entry2.o)
    0x00000270   0x00000270   0x00000004   Code   RO          559    .ARM.Collect$$$$00000004  mc_w.l(entry5.o)
    0x00000274   0x00000274   0x00000000   Code   RO          561    .ARM.Collect$$$$00000008  mc_w.l(entry7b.o)
    0x00000274   0x00000274   0x00000000   Code   RO          563    .ARM.Collect$$$$0000000A  mc_w.l(entry8b.o)
    0x00000274   0x00000274   0x00000008   Code   RO          564    .ARM.Collect$$$$0000000B  mc_w.l(entry9a.o)
    0x0000027c   0x0000027c   0x00000000   Code   RO          566    .ARM.Collect$$$$0000000D  mc_w.l(entry10a.o)
    0x0000027c   0x0000027c   0x00000000   Code   RO          568    .ARM.Collect$$$$0000000F  mc_w.l(entry11a.o)
    0x0000027c   0x0000027c   0x00000004   Code   RO          557    .ARM.Collect$$$$00002712  mc_w.l(entry2.o)
    0x00000280   0x00000280   0x00000018   Code   RO            4    .text               main.o
    0x00000298   0x00000298   0x000002c4   Code   RO          173    .text               gpio_port.o
    0x0000055c   0x0000055c   0x00000208   Code   RO          197    .text               i2c.o
    0x00000764   0x00000764   0x0000007c   Code   RO          218    .text               pc_buffer.o
    0x000007e0   0x000007e0   0x00000290   Code   RO          267    .text               uart.o
    0x00000a70   0x00000a70   0x0000021c   Code   RO          420    .text               serial_debug.o
    0x00000c8c   0x00000c8c   0x000000f4   Code   RO          459    .text               io_expander.o
    0x00000d80   0x00000d80   0x000000fc   Code   RO          490  * .text               startup_tm4c123.o
    0x00000e7c   0x00000e7c   0x00000250   Code   RO          497    .text               system_tm4c123.o
    0x000010cc   0x000010cc   0x00000024   Code   RO          576    .text               mc_w.l(init.o)
    0x000010f0   0x000010f0   0x0000000e   Code   RO          580    i.__scatterload_copy  mc_w.l(handlers.o)
    0x000010fe   0x000010fe   0x00000002   Code   RO          581    i.__scatterload_null  mc_w.l(handlers.o)
    0x00001100   0x00001100   0x0000000e   Code   RO          582    i.__scatterload_zeroinit  mc_w.l(handlers.o)
    0x0000110e   0x0000110e   0x00000002   PAD
    0x00001110   0x00001110   0x0000006c   Code   RO          529    i.malloc            mc_w.l(malloc.o)
    0x0000117c   0x0000117c   0x00000020   Data   RO          578    Region$$Table       anon$$obj.o


    Execution Region ER_RW (Exec base: 0x20000000, Load base: 0x0000119c, Size: 0x00000014, Max: 0xffffffff, ABSOLUTE)

    Exec Addr    Load Addr    Size         Type   Attr      Idx    E Section Name        Object

    0x20000000   0x0000119c   0x00000002   Data   RW          422    .data               serial_debug.o
    0x20000002   0x0000119e   0x00000002   PAD
    0x20000004   0x000011a0   0x00000004   Data   RW          498    .data               system_tm4c123.o
    0x20000008   0x000011a4   0x00000004   Data   RW          527    .data               mc_w.l(stdout.o)
    0x2000000c   0x000011a8   0x00000004   Data   RW          574    .data               mc_w.l(mvars.o)
    0x20000010   0x000011ac   0x00000004   Data   RW          575    .data               mc_w.l(mvars.o)


    Execution Region ER_ZI (Exec base: 0x20000014, Load base: 0x000011b0, Size: 0x0000101c, Max: 0xffffffff, ABSOLUTE)

    Exec Addr    Load Addr    Size         Type   Attr      Idx    E Section Name        Object

    0x20000014        -       0x0000001c   Zero   RW          421    .bss                serial_debug.o
    0x20000030        -       0x00000000   Zero   RW          488    HEAP                startup_tm4c123.o
    0x20000030        -       0x00001000   Zero   RW          487    STACK               startup_tm4c123.o


==============================================================================

Image component sizes


      Code (inc. data)   RO Data    RW Data    ZI Data      Debug   Object Name

       708         32          0          0          0       5198   gpio_port.o
       520         24          0          0          0       3713   i2c.o
       244          4          0          0          0       1310   io_expander.o
        24          0          0          0          0      28126   main.o
       124          0          0          0          0       2483   pc_buffer.o
       540         26          0          2         28       5625   serial_debug.o
       252         10        620          0       4096       5460   startup_tm4c123.o
       592        138          0          4          0       1593   system_tm4c123.o
         0          0          0          0          0      30039   timers.o
       656         54          0          0          0       3500   uart.o

    ----------------------------------------------------------------------
      3660        288        652          8       4124      87047   Object Totals
         0          0         32          0          0          0   (incl. Generated)
         0          0          0          2          0          0   (incl. Padding)

    ----------------------------------------------------------------------

      Code (inc. data)   RO Data    RW Data    ZI Data      Debug   Library Member Name

         0          0          0          0          0          0   entry.o
         0          0          0          0          0          0   entry10a.o
         0          0          0          0          0          0   entry11a.o
         8          4          0          0          0          0   entry2.o
         4          0          0          0          0          0   entry5.o
         0          0          0          0          0          0   entry7b.o
         0          0          0          0          0          0   entry8b.o
         8          4          0          0          0          0   entry9a.o
        30          0          0          0          0          0   handlers.o
        36          8          0          0          0         68   init.o
       108         16          0          0          0         84   malloc.o
         0          0          0          8          0          0   mvars.o
         0          0          0          4          0          0   stdout.o

    ----------------------------------------------------------------------
       196         32          0         12          0        152   Library Totals
         2          0          0          0          0          0   (incl. Padding)

    ----------------------------------------------------------------------

      Code (inc. data)   RO Data    RW Data    ZI Data      Debug   Library Name

       194         32          0         12          0        152   mc_w.l

    ----------------------------------------------------------------------
       196         32          0         12          0        152   Library Totals

    ----------------------------------------------------------------------

==============================================================================


      Code (inc. data)   RO Data    RW Data    ZI Data      Debug   

      3856        320        652         20       4124      86303   Grand Totals
      3856        320        652         20       4124      86303   ELF Image Totals
      3856        320        652         20          0          0   ROM Totals

==============================================================================

    Total RO  Size (Code + RO Data)                 4508 (   4.40kB)
    Total RW  Size (RW Data + ZI Data)              4144 (   4.05kB)
    Total ROM Size (Code + RO Data + RW Data)       4528 (   4.42kB)

==============================================================================

